===================================================================
k1q COMPILE SWEEP  jobs=1 (-j 1)  started 2026-05-20T05:37:34Z
shard layout: p0=22pt/9256f p1=2pt/9320f p2=5pt/9273f p3=3pt/8493f p4=7pt/9612f p5=13pt/8919f p6=61pt/5108f ; facade kxc_pol=20pt
===================================================================

----- STEP 1 CANARY: p6 (61 parts — part-count RSS driver) -----
   Compiling libxc-kernel-mgga_c_revtpss_p6 v0.1.0 (/home/user/Documents/workspace/libxc_rs/crates/kernels/mgga/mgga_c_revtpss_p6)
    Finished `dev` profile [unoptimized] target(s) in 7m 58s
	Command being timed: "cargo build -j 1 -p libxc-kernel-mgga_c_revtpss_p6"
	User time (seconds): 462.50
	System time (seconds): 15.13
	Percent of CPU this job got: 99%
	Elapsed (wall clock) time (h:mm:ss or m:ss): 7:58.98
	Average shared text size (kbytes): 0
	Average unshared data size (kbytes): 0
	Average stack size (kbytes): 0
	Average total size (kbytes): 0
	Maximum resident set size (kbytes): 15995820
	Average resident set size (kbytes): 0
	Major (requiring I/O) page faults: 1397
	Minor (reclaiming a frame) page faults: 18800410
	Voluntary context switches: 5751
	Involuntary context switches: 5865
	Swaps: 0
	File system inputs: 307672
	File system outputs: 3058208
	Socket messages sent: 0
	Socket messages received: 0
	Signals delivered: 0
	Page size (bytes): 4096
	Exit status: 0

----- STEP 2: p4 (9612 files — file-count canary; 7 parts) -----
   Compiling libxc-kernel-mgga_c_revtpss_p4 v0.1.0 (/home/user/Documents/workspace/libxc_rs/crates/kernels/mgga/mgga_c_revtpss_p4)
    Finished `dev` profile [unoptimized] target(s) in 2m 06s
	Command being timed: "cargo build -j 1 -p libxc-kernel-mgga_c_revtpss_p4"
	User time (seconds): 120.89
	System time (seconds): 5.29
	Percent of CPU this job got: 99%
	Elapsed (wall clock) time (h:mm:ss or m:ss): 2:06.34
	Average shared text size (kbytes): 0
	Average unshared data size (kbytes): 0
	Average stack size (kbytes): 0
	Average total size (kbytes): 0
	Maximum resident set size (kbytes): 7856072
	Average resident set size (kbytes): 0
	Major (requiring I/O) page faults: 10
	Minor (reclaiming a frame) page faults: 5953811
	Voluntary context switches: 327
	Involuntary context switches: 2300
	Swaps: 0
	File system inputs: 1840
	File system outputs: 2931824
	Socket messages sent: 0
	Socket messages received: 0
	Signals delivered: 0
	Page size (bytes): 4096
	Exit status: 0

----- STEP 3: remaining shards p0 p1 p2 p3 p5 (in order) -----

===== shard p0 =====
   Compiling libxc-kernel-mgga_c_revtpss_p0 v0.1.0 (/home/user/Documents/workspace/libxc_rs/crates/kernels/mgga/mgga_c_revtpss_p0)
    Finished `dev` profile [unoptimized] target(s) in 3m 39s
	Command being timed: "cargo build -j 1 -p libxc-kernel-mgga_c_revtpss_p0"
	User time (seconds): 211.99
	System time (seconds): 7.49
	Percent of CPU this job got: 99%
	Elapsed (wall clock) time (h:mm:ss or m:ss): 3:39.61
	Average shared text size (kbytes): 0
	Average unshared data size (kbytes): 0
	Average stack size (kbytes): 0
	Average total size (kbytes): 0
	Maximum resident set size (kbytes): 11009368
	Average resident set size (kbytes): 0
	Major (requiring I/O) page faults: 3
	Minor (reclaiming a frame) page faults: 9026436
	Voluntary context switches: 508
	Involuntary context switches: 2975
	Swaps: 0
	File system inputs: 232
	File system outputs: 3240376
	Socket messages sent: 0
	Socket messages received: 0
	Signals delivered: 0
	Page size (bytes): 4096
	Exit status: 0
>>> shard p0 exit=0

===== shard p1 =====
   Compiling libxc-kernel-mgga_c_revtpss_p1 v0.1.0 (/home/user/Documents/workspace/libxc_rs/crates/kernels/mgga/mgga_c_revtpss_p1)
    Finished `dev` profile [unoptimized] target(s) in 2m 07s
	Command being timed: "cargo build -j 1 -p libxc-kernel-mgga_c_revtpss_p1"
	User time (seconds): 122.32
	System time (seconds): 5.54
	Percent of CPU this job got: 99%
	Elapsed (wall clock) time (h:mm:ss or m:ss): 2:07.97
	Average shared text size (kbytes): 0
	Average unshared data size (kbytes): 0
	Average stack size (kbytes): 0
	Average total size (kbytes): 0
	Maximum resident set size (kbytes): 7864904
	Average resident set size (kbytes): 0
	Major (requiring I/O) page faults: 2
	Minor (reclaiming a frame) page faults: 6156010
	Voluntary context switches: 311
	Involuntary context switches: 1702
	Swaps: 0
	File system inputs: 512
	File system outputs: 2824752
	Socket messages sent: 0
	Socket messages received: 0
	Signals delivered: 0
	Page size (bytes): 4096
	Exit status: 0
>>> shard p1 exit=0

===== shard p2 =====
   Compiling libxc-kernel-mgga_c_revtpss_p2 v0.1.0 (/home/user/Documents/workspace/libxc_rs/crates/kernels/mgga/mgga_c_revtpss_p2)
    Finished `dev` profile [unoptimized] target(s) in 1m 41s
	Command being timed: "cargo build -j 1 -p libxc-kernel-mgga_c_revtpss_p2"
	User time (seconds): 97.00
	System time (seconds): 4.40
	Percent of CPU this job got: 99%
	Elapsed (wall clock) time (h:mm:ss or m:ss): 1:41.47
	Average shared text size (kbytes): 0
	Average unshared data size (kbytes): 0
	Average stack size (kbytes): 0
	Average total size (kbytes): 0
	Maximum resident set size (kbytes): 7043372
	Average resident set size (kbytes): 0
	Major (requiring I/O) page faults: 0
	Minor (reclaiming a frame) page faults: 4568194
	Voluntary context switches: 268
	Involuntary context switches: 1373
	Swaps: 0
	File system inputs: 0
	File system outputs: 2752824
	Socket messages sent: 0
	Socket messages received: 0
	Signals delivered: 0
	Page size (bytes): 4096
	Exit status: 0
>>> shard p2 exit=0

===== shard p3 =====
   Compiling libxc-kernel-mgga_c_revtpss_p3 v0.1.0 (/home/user/Documents/workspace/libxc_rs/crates/kernels/mgga/mgga_c_revtpss_p3)
    Finished `dev` profile [unoptimized] target(s) in 1m 32s
	Command being timed: "cargo build -j 1 -p libxc-kernel-mgga_c_revtpss_p3"
	User time (seconds): 88.63
	System time (seconds): 4.18
	Percent of CPU this job got: 99%
	Elapsed (wall clock) time (h:mm:ss or m:ss): 1:32.86
	Average shared text size (kbytes): 0
	Average unshared data size (kbytes): 0
	Average stack size (kbytes): 0
	Average total size (kbytes): 0
	Maximum resident set size (kbytes): 6616640
	Average resident set size (kbytes): 0
	Major (requiring I/O) page faults: 0
	Minor (reclaiming a frame) page faults: 4424338
	Voluntary context switches: 247
	Involuntary context switches: 1278
	Swaps: 0
	File system inputs: 0
	File system outputs: 2538448
	Socket messages sent: 0
	Socket messages received: 0
	Signals delivered: 0
	Page size (bytes): 4096
	Exit status: 0
>>> shard p3 exit=0

===== shard p5 =====
   Compiling libxc-kernel-mgga_c_revtpss_p5 v0.1.0 (/home/user/Documents/workspace/libxc_rs/crates/kernels/mgga/mgga_c_revtpss_p5)
    Finished `dev` profile [unoptimized] target(s) in 2m 46s
	Command being timed: "cargo build -j 1 -p libxc-kernel-mgga_c_revtpss_p5"
	User time (seconds): 159.77
	System time (seconds): 6.59
	Percent of CPU this job got: 99%
	Elapsed (wall clock) time (h:mm:ss or m:ss): 2:46.43
	Average shared text size (kbytes): 0
	Average unshared data size (kbytes): 0
	Average stack size (kbytes): 0
	Average total size (kbytes): 0
	Maximum resident set size (kbytes): 8891784
	Average resident set size (kbytes): 0
	Major (requiring I/O) page faults: 2
	Minor (reclaiming a frame) page faults: 7699473
	Voluntary context switches: 389
	Involuntary context switches: 2305
	Swaps: 0
	File system inputs: 72
	File system outputs: 2937896
	Socket messages sent: 0
	Socket messages received: 0
	Signals delivered: 0
	Page size (bytes): 4096
	Exit status: 0
>>> shard p5 exit=0

----- STEP 4: FACADE libxc-kernel-mgga_c_revtpss (kxc_pol 20pt in-facade + links 113 lxc_pol cross-crate) — WATCHED RISK -----
   Compiling libxc-kernel-mgga_c_revtpss v0.1.0 (/home/user/Documents/workspace/libxc_rs/crates/kernels/mgga/mgga_c_revtpss)
    Finished `dev` profile [unoptimized] target(s) in 4m 03s
	Command being timed: "cargo build -j 1 -p libxc-kernel-mgga_c_revtpss"
	User time (seconds): 234.89
	System time (seconds): 8.21
	Percent of CPU this job got: 99%
	Elapsed (wall clock) time (h:mm:ss or m:ss): 4:03.27
	Average shared text size (kbytes): 0
	Average unshared data size (kbytes): 0
	Average stack size (kbytes): 0
	Average total size (kbytes): 0
	Maximum resident set size (kbytes): 9945100
	Average resident set size (kbytes): 0
	Major (requiring I/O) page faults: 11
	Minor (reclaiming a frame) page faults: 10389115
	Voluntary context switches: 561
	Involuntary context switches: 3278
	Swaps: 0
	File system inputs: 1976
	File system outputs: 1683184
	Socket messages sent: 0
	Socket messages received: 0
	Signals delivered: 0
	Page size (bytes): 4096
	Exit status: 0
>>> facade exit=0

===================================================================
k1q COMPILE SWEEP DISPOSITION  finished 2026-05-20T06:29:18Z
===================================================================
build   parts  files  peakRSS    wall    exit
p6(can) 61     5108   15.3 GB    7:58    0   <- part-count canary (RSS driver)
p4(can) 7      9612    7.5 GB    2:06    0   <- file-count canary
p0      22     9256   11.0 GB    3:39    0
p1      2      9320    7.5 GB    2:07    0
p2      5      9273    6.7 GB    1:41    0
p3      3      8493    6.3 GB    1:32    0
p5      13     8919    8.5 GB    2:46    0
facade  links113(+kxc_pol 20pt in-crate)  9.5 GB  4:03  0  <- watched risk: PASSED
-------------------------------------------------------------------
BOTTOM LINE: cargo build -p libxc-kernel-mgga_c_revtpss SUCCEEDS under jobs=1.
kxc_pol-in-facade contingency NOT triggered. Single-pass, no retry, no re-shard.
Cached re-run: Finished in 0.26s. Confirms eem precedent (facade 9.0 GB analog).
Worst RSS = p6 @ 15.3 GB (61 parts) — confirms RSS-scales-with-PART-COUNT finding.
===================================================================
