    Checking libxc-kernel-mgga-14j v0.1.0 (/home/chemtech/workspace/libxc_rs/crates/kernel-mgga-14j)
    Checking libxc-kernel-mgga-12b v0.1.0 (/home/chemtech/workspace/libxc_rs/crates/kernel-mgga-12b)
    Checking libxc-kernel-mgga-19g v0.1.0 (/home/chemtech/workspace/libxc_rs/crates/kernel-mgga-19g)
    Checking libxc-kernel-gga-1a v0.1.0 (/home/chemtech/workspace/libxc_rs/crates/kernel-gga-1a)
    Checking libxc-kernel-mgga-35 v0.1.0 (/home/chemtech/workspace/libxc_rs/crates/kernel-mgga-35)
    Checking libxc-kernel-mgga-19a v0.1.0 (/home/chemtech/workspace/libxc_rs/crates/kernel-mgga-19a)
    Checking libxc-kernel-gga-4g v0.1.0 (/home/chemtech/workspace/libxc_rs/crates/kernel-gga-4g)
    Checking libxc-kernel-mgga-5 v0.1.0 (/home/chemtech/workspace/libxc_rs/crates/kernel-mgga-5)
    Checking libxc-kernel-gga-22 v0.1.0 (/home/chemtech/workspace/libxc_rs/crates/kernel-gga-22)
    Checking libxc-kernel-gga-7a v0.1.0 (/home/chemtech/workspace/libxc_rs/crates/kernel-gga-7a)
    Checking libxc-kernel-mgga-14c v0.1.0 (/home/chemtech/workspace/libxc_rs/crates/kernel-mgga-14c)
    Checking libxc-kernel-mgga-22c v0.1.0 (/home/chemtech/workspace/libxc_rs/crates/kernel-mgga-22c)
    Checking libxc-kernel-mgga-28 v0.1.0 (/home/chemtech/workspace/libxc_rs/crates/kernel-mgga-28)
    Checking libxc-kernel-mgga-20k v0.1.0 (/home/chemtech/workspace/libxc_rs/crates/kernel-mgga-20k)
    Checking libxc-kernel-mgga-17 v0.1.0 (/home/chemtech/workspace/libxc_rs/crates/kernel-mgga-17)
    Checking libxc-kernel-gga-6d v0.1.0 (/home/chemtech/workspace/libxc_rs/crates/kernel-gga-6d)
    Checking libxc-kernel-mgga-34 v0.1.0 (/home/chemtech/workspace/libxc_rs/crates/kernel-mgga-34)
    Checking libxc-kernel-gga-10a v0.1.0 (/home/chemtech/workspace/libxc_rs/crates/kernel-gga-10a)
    Checking libxc-kernel-mgga-22a v0.1.0 (/home/chemtech/workspace/libxc_rs/crates/kernel-mgga-22a)
    Checking libxc-kernel-mgga-3a v0.1.0 (/home/chemtech/workspace/libxc_rs/crates/kernel-mgga-3a)
    Checking libxc-kernel-gga-3d v0.1.0 (/home/chemtech/workspace/libxc_rs/crates/kernel-gga-3d)
    Checking libxc-kernel-mgga-8f v0.1.0 (/home/chemtech/workspace/libxc_rs/crates/kernel-mgga-8f)
    Checking libxc-kernel-mgga-9a v0.1.0 (/home/chemtech/workspace/libxc_rs/crates/kernel-mgga-9a)
    Checking libxc-kernel-mgga-14i v0.1.0 (/home/chemtech/workspace/libxc_rs/crates/kernel-mgga-14i)
    Checking libxc-kernel-gga-7d v0.1.0 (/home/chemtech/workspace/libxc_rs/crates/kernel-gga-7d)
    Checking libxc-kernel-mgga-15c v0.1.0 (/home/chemtech/workspace/libxc_rs/crates/kernel-mgga-15c)
    Checking libxc-kernel-gga-11 v0.1.0 (/home/chemtech/workspace/libxc_rs/crates/kernel-gga-11)
    Checking libxc-kernel-mgga-37b v0.1.0 (/home/chemtech/workspace/libxc_rs/crates/kernel-mgga-37b)
    Checking libxc-kernel-mgga-15g v0.1.0 (/home/chemtech/workspace/libxc_rs/crates/kernel-mgga-15g)
    Checking libxc-kernel-mgga-20d v0.1.0 (/home/chemtech/workspace/libxc_rs/crates/kernel-mgga-20d)
    Checking libxc-kernel-gga-6a v0.1.0 (/home/chemtech/workspace/libxc_rs/crates/kernel-gga-6a)
    Checking libxc-kernel-mgga-14f v0.1.0 (/home/chemtech/workspace/libxc_rs/crates/kernel-mgga-14f)
    Checking libxc-kernel-mgga-20l v0.1.0 (/home/chemtech/workspace/libxc_rs/crates/kernel-mgga-20l)
    Checking libxc-kernel-gga-17 v0.1.0 (/home/chemtech/workspace/libxc_rs/crates/kernel-gga-17)
    Checking libxc-kernel-mgga-20i v0.1.0 (/home/chemtech/workspace/libxc_rs/crates/kernel-mgga-20i)
    Checking libxc-kernel-mgga-8c v0.1.0 (/home/chemtech/workspace/libxc_rs/crates/kernel-mgga-8c)
    Checking libxc-kernel-mgga-8a v0.1.0 (/home/chemtech/workspace/libxc_rs/crates/kernel-mgga-8a)
    Checking libxc-kernel-gga-4e v0.1.0 (/home/chemtech/workspace/libxc_rs/crates/kernel-gga-4e)
    Checking libxc-kernel-gga-8a v0.1.0 (/home/chemtech/workspace/libxc_rs/crates/kernel-gga-8a)
    Checking libxc-kernel-mgga-11a v0.1.0 (/home/chemtech/workspace/libxc_rs/crates/kernel-mgga-11a)
    Checking libxc-kernel-gga-5c v0.1.0 (/home/chemtech/workspace/libxc_rs/crates/kernel-gga-5c)
    Checking libxc-kernel-mgga-36b v0.1.0 (/home/chemtech/workspace/libxc_rs/crates/kernel-mgga-36b)
    Checking libxc-kernel-gga-1d v0.1.0 (/home/chemtech/workspace/libxc_rs/crates/kernel-gga-1d)
    Checking libxc-kernel-mgga-15b v0.1.0 (/home/chemtech/workspace/libxc_rs/crates/kernel-mgga-15b)
    Checking libxc-kernel-mgga-15e v0.1.0 (/home/chemtech/workspace/libxc_rs/crates/kernel-mgga-15e)
    Checking libxc-kernel-mgga-7d v0.1.0 (/home/chemtech/workspace/libxc_rs/crates/kernel-mgga-7d)
    Checking libxc-kernel-gga-2a v0.1.0 (/home/chemtech/workspace/libxc_rs/crates/kernel-gga-2a)
    Checking libxc-kernel-gga-4c v0.1.0 (/home/chemtech/workspace/libxc_rs/crates/kernel-gga-4c)
    Checking libxc-kernel-mgga-7c v0.1.0 (/home/chemtech/workspace/libxc_rs/crates/kernel-mgga-7c)
    Checking libxc-kernel-mgga-2a v0.1.0 (/home/chemtech/workspace/libxc_rs/crates/kernel-mgga-2a)
    Checking libxc-kernel-gga-9c v0.1.0 (/home/chemtech/workspace/libxc_rs/crates/kernel-gga-9c)
    Checking libxc-kernel-gga-4b v0.1.0 (/home/chemtech/workspace/libxc_rs/crates/kernel-gga-4b)
    Checking libxc-kernel-mgga-20j v0.1.0 (/home/chemtech/workspace/libxc_rs/crates/kernel-mgga-20j)
    Checking libxc-kernel-mgga-10a v0.1.0 (/home/chemtech/workspace/libxc_rs/crates/kernel-mgga-10a)
    Checking libxc-kernel-mgga-14h v0.1.0 (/home/chemtech/workspace/libxc_rs/crates/kernel-mgga-14h)
    Checking libxc-kernel-mgga-32a v0.1.0 (/home/chemtech/workspace/libxc_rs/crates/kernel-mgga-32a)
    Checking libxc-kernel-gga-21 v0.1.0 (/home/chemtech/workspace/libxc_rs/crates/kernel-gga-21)
    Checking libxc-kernel-mgga-14b v0.1.0 (/home/chemtech/workspace/libxc_rs/crates/kernel-mgga-14b)
    Checking libxc-kernel-mgga-14d v0.1.0 (/home/chemtech/workspace/libxc_rs/crates/kernel-mgga-14d)
    Checking libxc-kernel-mgga-1b v0.1.0 (/home/chemtech/workspace/libxc_rs/crates/kernel-mgga-1b)
    Checking libxc-kernel-mgga-20a v0.1.0 (/home/chemtech/workspace/libxc_rs/crates/kernel-mgga-20a)
    Checking libxc-kernel-mgga-20b v0.1.0 (/home/chemtech/workspace/libxc_rs/crates/kernel-mgga-20b)
    Checking libxc-kernel-mgga-20f v0.1.0 (/home/chemtech/workspace/libxc_rs/crates/kernel-mgga-20f)
    Checking libxc-kernel-gga-1b v0.1.0 (/home/chemtech/workspace/libxc_rs/crates/kernel-gga-1b)
    Checking libxc-kernel-mgga-22d v0.1.0 (/home/chemtech/workspace/libxc_rs/crates/kernel-mgga-22d)
    Checking libxc-kernel-mgga-25a v0.1.0 (/home/chemtech/workspace/libxc_rs/crates/kernel-mgga-25a)
    Checking libxc-kernel-gga-2b v0.1.0 (/home/chemtech/workspace/libxc_rs/crates/kernel-gga-2b)
    Checking libxc-kernel-mgga-24b v0.1.0 (/home/chemtech/workspace/libxc_rs/crates/kernel-mgga-24b)
    Checking libxc-kernel-mgga-6 v0.1.0 (/home/chemtech/workspace/libxc_rs/crates/kernel-mgga-6)
    Checking libxc-kernel-mgga-1c v0.1.0 (/home/chemtech/workspace/libxc_rs/crates/kernel-mgga-1c)
    Checking libxc-kernel-mgga-19f v0.1.0 (/home/chemtech/workspace/libxc_rs/crates/kernel-mgga-19f)
    Checking libxc-kernel-mgga-12d v0.1.0 (/home/chemtech/workspace/libxc_rs/crates/kernel-mgga-12d)
    Checking libxc-kernel-gga-10c v0.1.0 (/home/chemtech/workspace/libxc_rs/crates/kernel-gga-10c)
    Checking libxc-kernel-gga-1c v0.1.0 (/home/chemtech/workspace/libxc_rs/crates/kernel-gga-1c)
    Checking libxc-kernel-gga-8c v0.1.0 (/home/chemtech/workspace/libxc_rs/crates/kernel-gga-8c)
    Checking libxc-kernel-gga-5d v0.1.0 (/home/chemtech/workspace/libxc_rs/crates/kernel-gga-5d)
    Checking libxc-kernel-gga-5a v0.1.0 (/home/chemtech/workspace/libxc_rs/crates/kernel-gga-5a)
    Checking libxc-kernel-gga-2c v0.1.0 (/home/chemtech/workspace/libxc_rs/crates/kernel-gga-2c)
    Checking libxc-kernel-gga-7c v0.1.0 (/home/chemtech/workspace/libxc_rs/crates/kernel-gga-7c)
    Checking libxc-kernel-gga-5e v0.1.0 (/home/chemtech/workspace/libxc_rs/crates/kernel-gga-5e)
    Checking libxc-kernel-mgga-37a v0.1.0 (/home/chemtech/workspace/libxc_rs/crates/kernel-mgga-37a)
    Checking libxc-kernel-mgga-4b v0.1.0 (/home/chemtech/workspace/libxc_rs/crates/kernel-mgga-4b)
    Checking libxc-kernel-mgga-7e v0.1.0 (/home/chemtech/workspace/libxc_rs/crates/kernel-mgga-7e)
    Checking libxc-kernel-mgga-11c v0.1.0 (/home/chemtech/workspace/libxc_rs/crates/kernel-mgga-11c)
    Checking libxc-kernel-mgga-18b v0.1.0 (/home/chemtech/workspace/libxc_rs/crates/kernel-mgga-18b)
    Checking libxc-kernel-mgga-1d v0.1.0 (/home/chemtech/workspace/libxc_rs/crates/kernel-mgga-1d)
    Checking libxc-kernel-mgga-9b v0.1.0 (/home/chemtech/workspace/libxc_rs/crates/kernel-mgga-9b)
    Checking libxc-kernel-mgga-36a v0.1.0 (/home/chemtech/workspace/libxc_rs/crates/kernel-mgga-36a)
    Checking libxc-kernel-mgga-15h v0.1.0 (/home/chemtech/workspace/libxc_rs/crates/kernel-mgga-15h)
    Checking libxc-kernel-gga-13 v0.1.0 (/home/chemtech/workspace/libxc_rs/crates/kernel-gga-13)
    Checking libxc-kernel-mgga-8e v0.1.0 (/home/chemtech/workspace/libxc_rs/crates/kernel-mgga-8e)
    Checking libxc-kernel-mgga-31 v0.1.0 (/home/chemtech/workspace/libxc_rs/crates/kernel-mgga-31)
    Checking libxc-kernel-mgga-21 v0.1.0 (/home/chemtech/workspace/libxc_rs/crates/kernel-mgga-21)
    Checking libxc-kernel-gga-16 v0.1.0 (/home/chemtech/workspace/libxc_rs/crates/kernel-gga-16)
    Checking libxc-kernel-gga-6b v0.1.0 (/home/chemtech/workspace/libxc_rs/crates/kernel-gga-6b)
    Checking libxc-kernel-mgga-19e v0.1.0 (/home/chemtech/workspace/libxc_rs/crates/kernel-mgga-19e)
    Checking libxc-kernel-gga-8b v0.1.0 (/home/chemtech/workspace/libxc_rs/crates/kernel-gga-8b)
    Checking libxc-kernel-mgga-11b v0.1.0 (/home/chemtech/workspace/libxc_rs/crates/kernel-mgga-11b)
    Checking libxc-kernel-mgga-19d v0.1.0 (/home/chemtech/workspace/libxc_rs/crates/kernel-mgga-19d)
    Checking libxc-kernel-mgga-13b v0.1.0 (/home/chemtech/workspace/libxc_rs/crates/kernel-mgga-13b)
    Checking libxc-kernel-mgga-18a v0.1.0 (/home/chemtech/workspace/libxc_rs/crates/kernel-mgga-18a)
    Checking libxc-kernel-mgga-18c v0.1.0 (/home/chemtech/workspace/libxc_rs/crates/kernel-mgga-18c)
    Checking libxc-kernel-gga-5b v0.1.0 (/home/chemtech/workspace/libxc_rs/crates/kernel-gga-5b)
    Checking libxc-kernel-mgga-14k v0.1.0 (/home/chemtech/workspace/libxc_rs/crates/kernel-mgga-14k)
    Checking libxc-kernel-mgga-26a v0.1.0 (/home/chemtech/workspace/libxc_rs/crates/kernel-mgga-26a)
    Checking libxc-kernel-mgga-20h v0.1.0 (/home/chemtech/workspace/libxc_rs/crates/kernel-mgga-20h)
    Checking libxc-kernel-mgga-10b v0.1.0 (/home/chemtech/workspace/libxc_rs/crates/kernel-mgga-10b)
    Checking libxc-kernel-mgga-20c v0.1.0 (/home/chemtech/workspace/libxc_rs/crates/kernel-mgga-20c)
    Checking libxc-kernel-mgga-27c v0.1.0 (/home/chemtech/workspace/libxc_rs/crates/kernel-mgga-27c)
    Checking libxc-kernel-gga-5f v0.1.0 (/home/chemtech/workspace/libxc_rs/crates/kernel-gga-5f)
    Checking libxc-kernel-mgga-27a v0.1.0 (/home/chemtech/workspace/libxc_rs/crates/kernel-mgga-27a)
    Checking libxc-kernel-mgga-19c v0.1.0 (/home/chemtech/workspace/libxc_rs/crates/kernel-mgga-19c)
    Checking libxc-kernel-gga-3e v0.1.0 (/home/chemtech/workspace/libxc_rs/crates/kernel-gga-3e)
    Checking libxc-kernel-gga-9a v0.1.0 (/home/chemtech/workspace/libxc_rs/crates/kernel-gga-9a)
    Checking libxc-kernel-gga-7b v0.1.0 (/home/chemtech/workspace/libxc_rs/crates/kernel-gga-7b)
    Checking libxc-kernel-gga-2d v0.1.0 (/home/chemtech/workspace/libxc_rs/crates/kernel-gga-2d)
    Checking libxc-kernel-mgga-26b v0.1.0 (/home/chemtech/workspace/libxc_rs/crates/kernel-mgga-26b)
    Checking libxc-kernel-mgga-12c v0.1.0 (/home/chemtech/workspace/libxc_rs/crates/kernel-mgga-12c)
    Checking libxc-kernel-mgga-14l v0.1.0 (/home/chemtech/workspace/libxc_rs/crates/kernel-mgga-14l)
    Checking libxc-kernel-mgga-12a v0.1.0 (/home/chemtech/workspace/libxc_rs/crates/kernel-mgga-12a)
    Checking libxc-kernel-mgga-27b v0.1.0 (/home/chemtech/workspace/libxc_rs/crates/kernel-mgga-27b)
    Checking libxc-kernel-gga-8d v0.1.0 (/home/chemtech/workspace/libxc_rs/crates/kernel-gga-8d)
    Checking libxc-kernel-mgga-16 v0.1.0 (/home/chemtech/workspace/libxc_rs/crates/kernel-mgga-16)
    Checking libxc-kernel-mgga-32b v0.1.0 (/home/chemtech/workspace/libxc_rs/crates/kernel-mgga-32b)
    Checking libxc-kernel-mgga-33 v0.1.0 (/home/chemtech/workspace/libxc_rs/crates/kernel-mgga-33)
    Checking libxc-kernel-mgga-4a v0.1.0 (/home/chemtech/workspace/libxc_rs/crates/kernel-mgga-4a)
    Checking libxc-kernel-gga-4a v0.1.0 (/home/chemtech/workspace/libxc_rs/crates/kernel-gga-4a)
    Checking libxc-kernel-gga-10b v0.1.0 (/home/chemtech/workspace/libxc_rs/crates/kernel-gga-10b)
    Checking libxc-kernel-mgga-29 v0.1.0 (/home/chemtech/workspace/libxc_rs/crates/kernel-mgga-29)
    Checking libxc-kernel-mgga-1a v0.1.0 (/home/chemtech/workspace/libxc_rs/crates/kernel-mgga-1a)
    Checking libxc-kernel-gga-20 v0.1.0 (/home/chemtech/workspace/libxc_rs/crates/kernel-gga-20)
    Checking libxc-kernel-mgga-3b v0.1.0 (/home/chemtech/workspace/libxc_rs/crates/kernel-mgga-3b)
    Checking libxc-kernel-mgga-22b v0.1.0 (/home/chemtech/workspace/libxc_rs/crates/kernel-mgga-22b)
    Checking libxc-kernel-gga-4f v0.1.0 (/home/chemtech/workspace/libxc_rs/crates/kernel-gga-4f)
    Checking libxc-kernel-mgga-24a v0.1.0 (/home/chemtech/workspace/libxc_rs/crates/kernel-mgga-24a)
    Checking libxc-kernel-gga-3a v0.1.0 (/home/chemtech/workspace/libxc_rs/crates/kernel-gga-3a)
    Checking libxc-kernel-gga-5g v0.1.0 (/home/chemtech/workspace/libxc_rs/crates/kernel-gga-5g)
    Checking libxc-kernel-gga-3b v0.1.0 (/home/chemtech/workspace/libxc_rs/crates/kernel-gga-3b)
    Checking libxc-kernel-mgga-23 v0.1.0 (/home/chemtech/workspace/libxc_rs/crates/kernel-mgga-23)
    Checking libxc-kernel-mgga-8d v0.1.0 (/home/chemtech/workspace/libxc_rs/crates/kernel-mgga-8d)
    Checking libxc-kernel-mgga-20g v0.1.0 (/home/chemtech/workspace/libxc_rs/crates/kernel-mgga-20g)
    Checking libxc-kernel-mgga-8b v0.1.0 (/home/chemtech/workspace/libxc_rs/crates/kernel-mgga-8b)
    Checking libxc-kernel-gga-3c v0.1.0 (/home/chemtech/workspace/libxc_rs/crates/kernel-gga-3c)
    Checking libxc-kernel-mgga-7b v0.1.0 (/home/chemtech/workspace/libxc_rs/crates/kernel-mgga-7b)
    Checking libxc-kernel-gga-14 v0.1.0 (/home/chemtech/workspace/libxc_rs/crates/kernel-gga-14)
    Checking libxc-kernel-gga-12 v0.1.0 (/home/chemtech/workspace/libxc_rs/crates/kernel-gga-12)
    Checking libxc-kernel-mgga-14g v0.1.0 (/home/chemtech/workspace/libxc_rs/crates/kernel-mgga-14g)
    Checking libxc-kernel-gga-4d v0.1.0 (/home/chemtech/workspace/libxc_rs/crates/kernel-gga-4d)
    Checking libxc-kernel-mgga-14e v0.1.0 (/home/chemtech/workspace/libxc_rs/crates/kernel-mgga-14e)
    Checking libxc-kernel-gga-6c v0.1.0 (/home/chemtech/workspace/libxc_rs/crates/kernel-gga-6c)
    Checking libxc-kernel-mgga-13a v0.1.0 (/home/chemtech/workspace/libxc_rs/crates/kernel-mgga-13a)
    Checking libxc-kernel-mgga-15f v0.1.0 (/home/chemtech/workspace/libxc_rs/crates/kernel-mgga-15f)
    Checking libxc-kernel-mgga-14a v0.1.0 (/home/chemtech/workspace/libxc_rs/crates/kernel-mgga-14a)
    Checking libxc-kernel-gga-9b v0.1.0 (/home/chemtech/workspace/libxc_rs/crates/kernel-gga-9b)
    Checking libxc-kernel-mgga-30 v0.1.0 (/home/chemtech/workspace/libxc_rs/crates/kernel-mgga-30)
    Checking libxc-kernel-mgga-15a v0.1.0 (/home/chemtech/workspace/libxc_rs/crates/kernel-mgga-15a)
    Checking libxc-kernel-mgga-15d v0.1.0 (/home/chemtech/workspace/libxc_rs/crates/kernel-mgga-15d)
    Checking libxc-kernel-gga-18 v0.1.0 (/home/chemtech/workspace/libxc_rs/crates/kernel-gga-18)
    Checking libxc-kernel-mgga-2b v0.1.0 (/home/chemtech/workspace/libxc_rs/crates/kernel-mgga-2b)
    Checking libxc-kernel-mgga-25b v0.1.0 (/home/chemtech/workspace/libxc_rs/crates/kernel-mgga-25b)
    Checking libxc-kernel-gga-10d v0.1.0 (/home/chemtech/workspace/libxc_rs/crates/kernel-gga-10d)
    Checking libxc-kernel-gga-15 v0.1.0 (/home/chemtech/workspace/libxc_rs/crates/kernel-gga-15)
    Checking libxc-kernel-mgga-19b v0.1.0 (/home/chemtech/workspace/libxc_rs/crates/kernel-mgga-19b)
    Checking libxc-kernel-mgga-7a v0.1.0 (/home/chemtech/workspace/libxc_rs/crates/kernel-mgga-7a)
    Checking libxc-kernel-mgga-20e v0.1.0 (/home/chemtech/workspace/libxc_rs/crates/kernel-mgga-20e)
    Checking libxc-kernel-gga-19 v0.1.0 (/home/chemtech/workspace/libxc_rs/crates/kernel-gga-19)
    Checking libxc-kernel-lda v0.1.0 (/home/chemtech/workspace/libxc_rs/crates/kernel-lda)
    Checking libxc-kernel-mgga v0.1.0 (/home/chemtech/workspace/libxc_rs/crates/kernel-mgga)
    Checking libxc-kernel-gga v0.1.0 (/home/chemtech/workspace/libxc_rs/crates/kernel-gga)
sccache: warning: The server looks like it shut down unexpectedly, compiling locally instead
    Checking libxc_rs v0.1.0 (/home/chemtech/workspace/libxc_rs)
    Checking xtask v0.1.0 (/home/chemtech/workspace/libxc_rs/xtask)
warning: field `libxc_name` is never read
  --> xtask/src/generate_metadata.rs:73:5
   |
70 | struct Snapshot {
   |        -------- field in this struct
...
73 |     libxc_name: String,   // human-readable display name from xc_func_info
   |     ^^^^^^^^^^
   |
   = note: `Snapshot` has derived impls for the traits `Clone` and `Debug`, but these are intentionally ignored during dead code analysis
   = note: `#[warn(dead_code)]` (part of `#[warn(unused)]`) on by default

warning: `xtask` (bin "xtask") generated 1 warning
    Finished `dev` profile [unoptimized] target(s) in 237m 05s
