    Checking serde_core v1.0.228
    Checking libc v0.2.184
    Checking libm v0.2.16
    Checking cfg-if v1.0.4
    Checking num-traits v0.2.19
    Checking zerocopy v0.8.48
    Checking pin-project-lite v0.2.17
    Checking memchr v2.8.0
    Checking parking v2.2.1
    Checking getrandom v0.3.4
    Checking equivalent v1.0.2
    Checking scopeguard v1.2.0
    Checking regex-syntax v0.8.10
    Checking regex-automata v0.4.14
    Checking ppv-lite86 v0.2.21
    Checking lock_api v0.4.14
    Checking rand_core v0.9.5
    Checking crossbeam-utils v0.8.21
    Checking bytemuck v1.25.0
    Checking option-ext v0.2.0
    Checking futures-core v0.3.32
    Checking smallvec v1.15.1
    Checking gimli v0.32.3
    Checking adler2 v2.0.1
    Checking miniz_oxide v0.8.9
    Checking parking_lot_core v0.9.12
    Checking dirs-sys v0.5.0
    Checking zmij v1.0.21
    Checking addr2line v0.25.1
    Checking concurrent-queue v2.5.0
    Checking rand_chacha v0.9.0
    Checking regex v1.12.3
    Checking object v0.37.3
    Checking allocator-api2 v0.2.21
    Checking futures-io v0.3.32
    Checking serde v1.0.228
    Checking fastrand v2.4.1
    Checking rustc-demangle v0.1.27
    Checking foldhash v0.1.5
    Checking itoa v1.0.18
    Checking backtrace v0.3.76
    Checking serde_json v1.0.149
    Checking futures-lite v2.6.1
    Checking half v2.7.1
    Checking hashbrown v0.15.5
    Checking float8 v0.4.2
    Checking serde_bytes v0.11.19
    Checking sanitize-filename v0.6.0
    Checking rand v0.9.2
    Checking event-listener v5.4.1
    Checking dirs v6.0.0
    Checking parking_lot v0.12.5
    Checking spin v0.10.0
    Checking derive_more v2.1.1
    Checking web-time v1.1.0
    Checking log v0.4.29
    Checking winnow v1.0.1
    Checking embassy-futures v0.1.2
    Checking float4 v0.1.0
    Checking enumset v1.1.10
    Checking toml_parser v1.1.2+spec-1.1.0
    Checking cubecl-common v0.9.0
    Checking event-listener-strategy v0.5.4
    Checking portable-atomic v1.13.1
    Checking toml_datetime v0.7.5+spec-1.1.0
    Checking serde_spanned v1.1.1
    Checking num-integer v0.1.46
    Checking toml_writer v1.1.1+spec-1.1.0
    Checking winnow v0.7.15
    Checking fnv v1.0.7
    Checking float-ord v0.3.2
    Checking async-channel v2.5.0
    Checking cubecl-ir v0.9.0
    Checking toml v0.9.12+spec-1.1.0
    Checking thiserror v2.0.18
    Checking md5 v0.8.0
    Checking num-bigint v0.4.6
    Checking bitflags v2.11.0
    Checking hashbrown v0.16.1
    Checking indexmap v2.13.1
    Checking num-rational v0.4.2
    Checking tracel-mlir-sys v20.1.4-7
    Checking num-iter v0.1.45
    Checking num-complex v0.4.6
    Checking rustc-hash v2.1.2
    Checking fixedbitset v0.4.2
    Checking petgraph v0.6.5
    Checking tracel-mlir-rs v20.1.4-7
    Checking type-map v0.5.1
    Checking num v0.4.3
    Checking stable-vec v0.4.2
    Checking sysinfo v0.36.1
    Checking cubecl-runtime v0.9.0
    Checking cubecl-core v0.9.0
    Checking cubecl-opt v0.9.0
    Checking cubecl-std v0.9.0
    Checking tracel-llvm v20.1.4-7
    Checking cubecl-cpu v0.9.0
    Checking cubecl v0.9.0
    Checking libxc-kernel-math v0.1.0 (/home/chemtech/workspace/libxc_rs/crates/kernel-math)
    Checking libxc-kernel-mgga-29 v0.1.0 (/home/chemtech/workspace/libxc_rs/crates/kernel-mgga-29)
    Finished `dev` profile [unoptimized] target(s) in 2m 59s
exit_code=0
