# Phase 9 Plan 09-04: regen LDA (single-sub-crate functionals)
# Threshold: 100000 lines per #[cube] function
# Mode: live
#
OK: hyb_lda_xc_bn05 → kernel-lda-1 pre=10 post=10 added=0 removed=0
OK: lda_c_1d_csc → kernel-lda-2 pre=10 post=10 added=0 removed=0
OK: lda_c_1d_loos → kernel-lda-2 pre=10 post=10 added=0 removed=0
OK: lda_c_2d_amgb → kernel-lda-2 pre=10 post=10 added=0 removed=0
OK: lda_c_2d_prm → kernel-lda-2 pre=10 post=10 added=0 removed=0
OK: lda_c_chachiyo → kernel-lda-2 pre=10 post=10 added=0 removed=0
OK: lda_c_chachiyo_mod → kernel-lda-2 pre=10 post=10 added=0 removed=0
OK: lda_c_gk72 → kernel-lda-2 pre=10 post=10 added=0 removed=0
OK: lda_c_gombas → kernel-lda-2 pre=10 post=10 added=0 removed=0
OK: lda_c_hl → kernel-lda-2 pre=10 post=10 added=0 removed=0
OK: lda_c_lp96 → kernel-lda-2 pre=10 post=10 added=0 removed=0
OK: lda_c_ml1 → kernel-lda-1 pre=10 post=10 added=0 removed=0
OK: lda_c_pk09 → kernel-lda-3 pre=8 post=8 added=0 removed=0
OK: lda_c_pmgb06 → kernel-lda-3 pre=10 post=10 added=0 removed=0
OK: lda_c_pw → kernel-lda-2 pre=10 post=10 added=0 removed=0
OK: lda_c_pw_erf → kernel-lda-4 pre=10 post=10 added=0 removed=0
OK: lda_c_pz → kernel-lda-2 pre=10 post=10 added=0 removed=0
OK: lda_c_rc04 → kernel-lda-2 pre=10 post=10 added=0 removed=0
OK: lda_c_rpa → kernel-lda-2 pre=10 post=10 added=0 removed=0
OK: lda_c_vwn → kernel-lda-1 pre=10 post=10 added=0 removed=0
OK: lda_c_vwn_1 → kernel-lda-3 pre=10 post=10 added=0 removed=0
OK: lda_c_vwn_2 → kernel-lda-1 pre=10 post=10 added=0 removed=0
OK: lda_c_vwn_3 → kernel-lda-1 pre=10 post=10 added=0 removed=0
OK: lda_c_vwn_4 → kernel-lda-1 pre=10 post=10 added=0 removed=0
OK: lda_c_vwn_rpa → kernel-lda-1 pre=10 post=10 added=0 removed=0
OK: lda_c_w20 → kernel-lda-1 pre=10 post=10 added=0 removed=0
OK: lda_c_wigner → kernel-lda-2 pre=10 post=10 added=0 removed=0
OK: lda_k_gds08_worker → kernel-lda-2 pre=10 post=10 added=0 removed=0
OK: lda_k_tf → kernel-lda-2 pre=10 post=10 added=0 removed=0
OK: lda_k_zlp → kernel-lda-2 pre=10 post=10 added=0 removed=0
OK: lda_x → kernel-lda-2 pre=10 post=10 added=0 removed=0
OK: lda_x_2d → kernel-lda-2 pre=10 post=10 added=0 removed=0
OK: lda_x_erf → kernel-lda-2 pre=10 post=10 added=0 removed=0
OK: lda_x_rel → kernel-lda-2 pre=10 post=10 added=0 removed=0
OK: lda_x_sloc → kernel-lda-2 pre=10 post=10 added=0 removed=0
OK: lda_x_yukawa → kernel-lda-1 pre=10 post=10 added=0 removed=0
OK: lda_xc_1d_ehwlrg → kernel-lda-4 pre=10 post=10 added=0 removed=0
OK: lda_xc_ksdt → kernel-lda-4 pre=10 post=10 added=0 removed=0
OK: lda_xc_teter93 → kernel-lda-2 pre=10 post=10 added=0 removed=0
OK: lda_xc_tih → kernel-lda-2 pre=8 post=8 added=0 removed=0
OK: lda_xc_zlp → kernel-lda-2 pre=10 post=10 added=0 removed=0
