  7247733 total
    17555 crates/kernel-lda/src/lda_c_pk09/kxc_pol.rs
    16703 crates/kernel-mgga-5/src/mgga_c_b94/kxc_pol.rs
    16138 crates/kernel-mgga-8f/src/mgga_c_kcisk/lxc_pol_part15.rs
    15378 crates/kernel-mgga-6/src/mgga_c_ccalda/lxc_pol.rs
    15232 crates/kernel-mgga-23/src/mgga_x_br89_explicit/lxc_pol_part0.rs
    14127 crates/kernel-mgga-7b/src/mgga_c_kcis/lxc_pol_part13.rs
    13969 crates/kernel-lda/src/lda_xc_ksdt/lxc_pol.rs
    13913 crates/kernel-mgga-8f/src/mgga_c_kcisk/lxc_pol_part16.rs
    13719 crates/kernel-mgga-8f/src/mgga_c_kcisk/lxc_pol_part14.rs
    13238 crates/kernel-mgga-16/src/mgga_c_rppscan/lxc_pol.rs
    12723 crates/kernel-mgga-23/src/mgga_x_br89_explicit/lxc_pol_part1.rs
    12648 crates/kernel-mgga-14k/src/mgga_c_revtpss/lxc_pol_part20.rs
    12598 crates/kernel-mgga-16/src/mgga_c_scan/lxc_pol.rs
    12596 crates/kernel-mgga-17/src/mgga_c_rregtm/lxc_pol.rs
    12164 crates/kernel-mgga-7b/src/mgga_c_kcis/lxc_pol_part14.rs
    11988 crates/kernel-mgga-7b/src/mgga_c_kcis/lxc_pol_part12.rs
    11263 crates/kernel-lda/src/lda_c_pw_erf/lxc_pol.rs
    11177 crates/kernel-gga-9c/src/gga_c_acgga/lxc_pol.rs
    10955 crates/kernel-mgga-14k/src/mgga_c_revtpss/lxc_pol_part21.rs
    10906 crates/kernel-gga-1b/src/gga_c_ft97/lxc_pol_part12_v4rho4_2.rs
    10889 crates/kernel-mgga-14k/src/mgga_c_revtpss/lxc_pol_part19.rs
    10785 crates/kernel-gga-3b/src/gga_c_pbe_erf_gws/lxc_pol_part8_v4rho4_2.rs
    10130 crates/kernel-mgga-31/src/mgga_x_r4scan/lxc_pol.rs
    10088 crates/kernel-mgga-20k/src/mgga_c_tpssloc/lxc_pol_part21.rs
     9854 crates/kernel-lda/src/lda_c_pmgb06/lxc_pol.rs
     9841 crates/kernel-gga-12/src/gga_c_sogga11/lxc_pol.rs
     9769 crates/kernel-mgga-17/src/mgga_k_pc07/lxc_pol.rs
     9571 crates/kernel-gga-6c/src/gga_c_optc/lxc_pol_part9_v4rho4_2.rs
     9338 crates/kernel-gga-1b/src/gga_c_ft97/lxc_pol_part13_v4rho4_3.rs
     9197 crates/kernel-gga-3b/src/gga_c_pbe_erf_gws/lxc_pol_part9_v4rho4_3.rs
     9124 crates/kernel-mgga-20k/src/mgga_c_tpssloc/lxc_pol_part32.rs
     9113 crates/kernel-gga-3b/src/gga_c_pbe_erf_gws/lxc_pol_part7_v4rho4_1.rs
     9092 crates/kernel-mgga-20k/src/mgga_c_tpssloc/lxc_pol_part27.rs
     9077 crates/kernel-mgga-20k/src/mgga_c_tpssloc/lxc_pol_part30.rs
     9045 crates/kernel-mgga-20k/src/mgga_c_tpssloc/lxc_pol_part29.rs
     9030 crates/kernel-mgga-6/src/mgga_x_mcml/lxc_pol.rs
     9014 crates/kernel-mgga-31/src/mgga_x_vcml/lxc_pol.rs
     8980 crates/kernel-gga-1b/src/gga_c_ft97/lxc_pol_part11_v4rho4_1.rs
     8878 crates/kernel-mgga-23/src/mgga_x_br89_explicit/lxc_unpol.rs
     8828 crates/kernel-mgga-14k/src/mgga_c_revtpss/lxc_pol_part31.rs
     8812 crates/kernel-mgga-14b/src/mgga_c_revtpss/lxc_pol_part29.rs
     8808 crates/kernel-mgga-20j/src/mgga_c_tpssloc/lxc_pol_part22.rs
     8803 crates/kernel-mgga-14b/src/mgga_c_revtpss/lxc_pol_part26.rs
     8783 crates/kernel-mgga-14b/src/mgga_c_revtpss/lxc_pol_part28.rs
     8734 crates/kernel-mgga-20j/src/mgga_c_tpssloc/lxc_pol_part20.rs
     8324 crates/kernel-gga-6c/src/gga_c_optc/lxc_pol_part10_v4rho4_3.rs
     8296 crates/kernel-gga-11/src/gga_c_zvpbeint/lxc_pol.rs
     8285 crates/kernel-gga-4a/src/gga_c_gapc/lxc_pol_part13_v4rho3sigma_8.rs
     8284 crates/kernel-gga-4a/src/gga_c_gapc/lxc_pol_part12_v4rho3sigma_7.rs
