   Compiling foldhash v0.2.0
   Compiling serde v1.0.228
   Compiling hashbrown v0.16.1
   Compiling indexmap v2.13.1
   Compiling derive_more-impl v2.1.1
   Compiling h2 v0.4.13
   Compiling hyper v1.9.0
   Compiling hyper-util v0.1.20
   Compiling hyper-rustls v0.27.7
   Compiling reqwest v0.12.28
   Compiling darling_core v0.23.0
   Compiling tracel-llvm-bundler v20.1.4-7
    Checking smallvec v1.15.1
   Compiling darling_core v0.21.3
   Compiling getrandom v0.4.2
    Checking rand_core v0.10.1
   Compiling darling_macro v0.23.0
    Checking cpufeatures v0.3.0
    Checking chacha20 v0.10.0
    Checking half v2.7.1
   Compiling darling v0.23.0
    Checking parking_lot_core v0.9.12
    Checking nom v8.0.0
   Compiling cubecl-common v0.10.0
    Checking toml_datetime v1.1.1+spec-1.1.0
    Checking toml v1.1.2+spec-1.1.0
    Checking tynm v0.2.0
    Checking parking_lot v0.12.5
    Checking rand v0.10.1
    Checking float8 v0.7.0
    Checking derive_more v2.1.1
   Compiling ahash v0.8.12
    Checking float4 v0.2.0
    Checking oneshot v0.2.1
    Checking xxhash-rust v0.8.15
   Compiling darling_macro v0.21.3
    Checking portable-atomic v1.13.1
   Compiling tracel-tblgen-rs v20.1.4-7
   Compiling cubecl-macros-internal v0.10.0
   Compiling darling v0.21.3
   Compiling enumset_derive v0.15.0
   Compiling cubecl-runtime v0.10.0
   Compiling cubecl-macros v0.10.0
    Checking enumset v1.1.12
    Checking once_cell v1.21.4
    Checking cubecl-ir v0.10.0
    Checking cubecl-zspace v0.10.0
   Compiling tracel-mlir-rs-macros v20.1.4-7
   Compiling tracel-mlir-sys v20.1.4-7
   Compiling inflections v1.1.1
    Checking hashbrown v0.15.5
    Checking fixedbitset v0.5.7
    Checking petgraph v0.8.3
    Checking tracel-mlir-rs v20.1.4-7
   Compiling cubecl-cpu v0.10.0
    Checking tracel-llvm v20.1.4-7
    Checking sysinfo v0.38.4
   Compiling cubecl v0.10.0
    Checking cubecl-core v0.10.0
    Checking cubecl-std v0.10.0
    Checking cubecl-opt v0.10.0
    Checking libxc-kernel-math v0.1.0 (/home/user/Documents/workspace/libxc_rs/crates/kernel-math)
    Checking libxc-kernel-mgga-23 v0.1.0 (/home/user/Documents/workspace/libxc_rs/crates/kernel-mgga-23)
