   Compiling libxc-kernel-gga_k_vt84f v0.1.0 (/home/user/Documents/workspace/libxc_rs/crates/kernels/gga/gga_k_vt84f)
   Compiling libxc-kernel-gga_x_lcgau v0.1.0 (/home/user/Documents/workspace/libxc_rs/crates/kernels/gga/gga_x_lcgau)
   Compiling libxc-kernel-gga_c_w94 v0.1.0 (/home/user/Documents/workspace/libxc_rs/crates/kernels/gga/gga_c_w94)
   Compiling libxc-kernel-gga_k_rational_p v0.1.0 (/home/user/Documents/workspace/libxc_rs/crates/kernels/gga/gga_k_rational_p)
   Compiling libxc-kernel-gga_x_b86 v0.1.0 (/home/user/Documents/workspace/libxc_rs/crates/kernels/gga/gga_x_b86)
   Compiling libxc-kernel-gga_x_fd_lb94 v0.1.0 (/home/user/Documents/workspace/libxc_rs/crates/kernels/gga/gga_x_fd_lb94)
   Compiling libxc-kernel-gga_c_op_pw91 v0.1.0 (/home/user/Documents/workspace/libxc_rs/crates/kernels/gga/gga_c_op_pw91)
   Compiling libxc-kernel-gga_x_ssb_sw v0.1.0 (/home/user/Documents/workspace/libxc_rs/crates/kernels/gga/gga_x_ssb_sw)
   Compiling libxc-kernel-gga_k_lc94 v0.1.0 (/home/user/Documents/workspace/libxc_rs/crates/kernels/gga/gga_k_lc94)
   Compiling libxc-kernel-gga_c_revtca v0.1.0 (/home/user/Documents/workspace/libxc_rs/crates/kernels/gga/gga_c_revtca)
   Compiling libxc-kernel-gga_c_am05 v0.1.0 (/home/user/Documents/workspace/libxc_rs/crates/kernels/gga/gga_c_am05)
   Compiling libxc-kernel-gga_xc_th2 v0.1.0 (/home/user/Documents/workspace/libxc_rs/crates/kernels/gga/gga_xc_th2)
   Compiling libxc-kernel-gga_k_ol1 v0.1.0 (/home/user/Documents/workspace/libxc_rs/crates/kernels/gga/gga_k_ol1)
   Compiling libxc-kernel-gga_c_zvpbeloc v0.1.0 (/home/user/Documents/workspace/libxc_rs/crates/kernels/gga/gga_c_zvpbeloc)
   Compiling libxc-kernel-gga_k_meyer v0.1.0 (/home/user/Documents/workspace/libxc_rs/crates/kernels/gga/gga_k_meyer)
   Compiling libxc-kernel-gga_x_dk87 v0.1.0 (/home/user/Documents/workspace/libxc_rs/crates/kernels/gga/gga_x_dk87)
   Compiling libxc-kernel-gga_x_2d_pbe v0.1.0 (/home/user/Documents/workspace/libxc_rs/crates/kernels/gga/gga_x_2d_pbe)
   Compiling libxc-kernel-gga_x_airy v0.1.0 (/home/user/Documents/workspace/libxc_rs/crates/kernels/gga/gga_x_airy)
   Compiling libxc-kernel-gga_c_cs1 v0.1.0 (/home/user/Documents/workspace/libxc_rs/crates/kernels/gga/gga_c_cs1)
   Compiling libxc-kernel-gga_x_n12 v0.1.0 (/home/user/Documents/workspace/libxc_rs/crates/kernels/gga/gga_x_n12)
   Compiling libxc-kernel-gga_c_op_xalpha v0.1.0 (/home/user/Documents/workspace/libxc_rs/crates/kernels/gga/gga_c_op_xalpha)
   Compiling libxc-kernel-gga_x_lag v0.1.0 (/home/user/Documents/workspace/libxc_rs/crates/kernels/gga/gga_x_lag)
   Compiling libxc-kernel-gga_x_htbs v0.1.0 (/home/user/Documents/workspace/libxc_rs/crates/kernels/gga/gga_x_htbs)
   Compiling libxc-kernel-gga_k_lgap v0.1.0 (/home/user/Documents/workspace/libxc_rs/crates/kernels/gga/gga_k_lgap)
   Compiling libxc-kernel-gga_c_ft97 v0.1.0 (/home/user/Documents/workspace/libxc_rs/crates/kernels/gga/gga_c_ft97)
   Compiling libxc-kernel-gga_c_q2d v0.1.0 (/home/user/Documents/workspace/libxc_rs/crates/kernels/gga/gga_c_q2d)
   Compiling libxc-kernel-gga_k_exp4 v0.1.0 (/home/user/Documents/workspace/libxc_rs/crates/kernels/gga/gga_k_exp4)
   Compiling libxc-kernel-gga_x_bpccac v0.1.0 (/home/user/Documents/workspace/libxc_rs/crates/kernels/gga/gga_x_bpccac)
   Compiling libxc-kernel-gga_x_lspbe v0.1.0 (/home/user/Documents/workspace/libxc_rs/crates/kernels/gga/gga_x_lspbe)
   Compiling libxc-kernel-gga_x_pw91 v0.1.0 (/home/user/Documents/workspace/libxc_rs/crates/kernels/gga/gga_x_pw91)
   Compiling libxc-kernel-gga_x_lg93 v0.1.0 (/home/user/Documents/workspace/libxc_rs/crates/kernels/gga/gga_x_lg93)
   Compiling libxc-kernel-gga_x_ityh v0.1.0 (/home/user/Documents/workspace/libxc_rs/crates/kernels/gga/gga_x_ityh)
   Compiling libxc-kernel-gga_k_thakkar v0.1.0 (/home/user/Documents/workspace/libxc_rs/crates/kernels/gga/gga_k_thakkar)
   Compiling libxc-kernel-gga_x_wpbeh v0.1.0 (/home/user/Documents/workspace/libxc_rs/crates/kernels/gga/gga_x_wpbeh)
   Compiling libxc-kernel-gga_c_op_b88 v0.1.0 (/home/user/Documents/workspace/libxc_rs/crates/kernels/gga/gga_c_op_b88)
   Compiling libxc-kernel-gga_x_pw86 v0.1.0 (/home/user/Documents/workspace/libxc_rs/crates/kernels/gga/gga_x_pw86)
   Compiling libxc-kernel-gga_x_sfat_pbe v0.1.0 (/home/user/Documents/workspace/libxc_rs/crates/kernels/gga/gga_x_sfat_pbe)
   Compiling libxc-kernel-gga_x_ev93 v0.1.0 (/home/user/Documents/workspace/libxc_rs/crates/kernels/gga/gga_x_ev93)
   Compiling libxc-kernel-gga_x_lv_rpw86 v0.1.0 (/home/user/Documents/workspace/libxc_rs/crates/kernels/gga/gga_x_lv_rpw86)
   Compiling libxc-kernel-gga_x_gg99 v0.1.0 (/home/user/Documents/workspace/libxc_rs/crates/kernels/gga/gga_x_gg99)
   Compiling libxc-kernel-gga_x_ol2 v0.1.0 (/home/user/Documents/workspace/libxc_rs/crates/kernels/gga/gga_x_ol2)
   Compiling libxc-kernel-gga_c_gaploc v0.1.0 (/home/user/Documents/workspace/libxc_rs/crates/kernels/gga/gga_c_gaploc)
   Compiling libxc-kernel-gga_c_tca v0.1.0 (/home/user/Documents/workspace/libxc_rs/crates/kernels/gga/gga_c_tca)
   Compiling libxc-kernel-gga_x_rpbe v0.1.0 (/home/user/Documents/workspace/libxc_rs/crates/kernels/gga/gga_x_rpbe)
   Compiling libxc-kernel-gga_x_lsrpbe v0.1.0 (/home/user/Documents/workspace/libxc_rs/crates/kernels/gga/gga_x_lsrpbe)
   Compiling libxc-kernel-gga_c_regtpss v0.1.0 (/home/user/Documents/workspace/libxc_rs/crates/kernels/gga/gga_c_regtpss)
   Compiling libxc-kernel-gga_xc_b97 v0.1.0 (/home/user/Documents/workspace/libxc_rs/crates/kernels/gga/gga_xc_b97)
   Compiling libxc-kernel-gga_c_lypr v0.1.0 (/home/user/Documents/workspace/libxc_rs/crates/kernels/gga/gga_c_lypr)
   Compiling libxc-kernel-gga_x_lb v0.1.0 (/home/user/Documents/workspace/libxc_rs/crates/kernels/gga/gga_x_lb)
   Compiling libxc-kernel-gga_k_llp v0.1.0 (/home/user/Documents/workspace/libxc_rs/crates/kernels/gga/gga_k_llp)
   Compiling libxc-kernel-gga_x_kt v0.1.0 (/home/user/Documents/workspace/libxc_rs/crates/kernels/gga/gga_x_kt)
   Compiling libxc-kernel-gga_x_s12 v0.1.0 (/home/user/Documents/workspace/libxc_rs/crates/kernels/gga/gga_x_s12)
   Compiling libxc-kernel-gga_c_wi v0.1.0 (/home/user/Documents/workspace/libxc_rs/crates/kernels/gga/gga_c_wi)
   Compiling libxc-kernel-gga_x_2d_b86 v0.1.0 (/home/user/Documents/workspace/libxc_rs/crates/kernels/gga/gga_x_2d_b86)
   Compiling libxc-kernel-gga_x_q2d v0.1.0 (/home/user/Documents/workspace/libxc_rs/crates/kernels/gga/gga_x_q2d)
   Compiling libxc-kernel-gga_x_sfat v0.1.0 (/home/user/Documents/workspace/libxc_rs/crates/kernels/gga/gga_x_sfat)
   Compiling libxc-kernel-gga_k_pw86 v0.1.0 (/home/user/Documents/workspace/libxc_rs/crates/kernels/gga/gga_k_pw86)
   Compiling libxc-kernel-gga_c_gapc v0.1.0 (/home/user/Documents/workspace/libxc_rs/crates/kernels/gga/gga_c_gapc)
   Compiling libxc-kernel-gga_x_pbeint v0.1.0 (/home/user/Documents/workspace/libxc_rs/crates/kernels/gga/gga_x_pbeint)
   Compiling libxc-kernel-gga_x_ncap v0.1.0 (/home/user/Documents/workspace/libxc_rs/crates/kernels/gga/gga_x_ncap)
   Compiling libxc-kernel-gga_x_g96 v0.1.0 (/home/user/Documents/workspace/libxc_rs/crates/kernels/gga/gga_x_g96)
   Compiling libxc-kernel-gga_x_sg4 v0.1.0 (/home/user/Documents/workspace/libxc_rs/crates/kernels/gga/gga_x_sg4)
   Compiling libxc-kernel-gga_c_sg4 v0.1.0 (/home/user/Documents/workspace/libxc_rs/crates/kernels/gga/gga_c_sg4)
   Compiling libxc-kernel-gga_x_2d_b88 v0.1.0 (/home/user/Documents/workspace/libxc_rs/crates/kernels/gga/gga_x_2d_b88)
   Compiling libxc-kernel-hyb_gga_x_cam_s12 v0.1.0 (/home/user/Documents/workspace/libxc_rs/crates/kernels/gga/hyb_gga_x_cam_s12)
   Compiling libxc-kernel-gga_c_hcth_a v0.1.0 (/home/user/Documents/workspace/libxc_rs/crates/kernels/gga/gga_c_hcth_a)
   Compiling libxc-kernel-gga_c_scan_e0 v0.1.0 (/home/user/Documents/workspace/libxc_rs/crates/kernels/gga/gga_c_scan_e0)
   Compiling libxc-kernel-gga_x_ak13 v0.1.0 (/home/user/Documents/workspace/libxc_rs/crates/kernels/gga/gga_x_ak13)
   Compiling libxc-kernel-gga_k_pg v0.1.0 (/home/user/Documents/workspace/libxc_rs/crates/kernels/gga/gga_k_pg)
   Compiling libxc-kernel-gga_xc_th3 v0.1.0 (/home/user/Documents/workspace/libxc_rs/crates/kernels/gga/gga_xc_th3)
   Compiling libxc-kernel-gga_k_lgap_ge v0.1.0 (/home/user/Documents/workspace/libxc_rs/crates/kernels/gga/gga_k_lgap_ge)
   Compiling libxc-kernel-gga_x_rge2 v0.1.0 (/home/user/Documents/workspace/libxc_rs/crates/kernels/gga/gga_x_rge2)
   Compiling libxc-kernel-gga_c_lyp v0.1.0 (/home/user/Documents/workspace/libxc_rs/crates/kernels/gga/gga_c_lyp)
   Compiling libxc-kernel-gga_x_vmt v0.1.0 (/home/user/Documents/workspace/libxc_rs/crates/kernels/gga/gga_x_vmt)
   Compiling libxc-kernel-gga_c_p86 v0.1.0 (/home/user/Documents/workspace/libxc_rs/crates/kernels/gga/gga_c_p86)
   Compiling libxc-kernel-gga_x_q1d v0.1.0 (/home/user/Documents/workspace/libxc_rs/crates/kernels/gga/gga_x_q1d)
   Compiling libxc-kernel-gga_x_ityh_optx v0.1.0 (/home/user/Documents/workspace/libxc_rs/crates/kernels/gga/gga_x_ityh_optx)
   Compiling libxc-kernel-gga_x_sogga11 v0.1.0 (/home/user/Documents/workspace/libxc_rs/crates/kernels/gga/gga_x_sogga11)
   Compiling libxc-kernel-gga_x_vmt84 v0.1.0 (/home/user/Documents/workspace/libxc_rs/crates/kernels/gga/gga_x_vmt84)
   Compiling libxc_rs-verify v0.1.0 (/home/user/Documents/workspace/libxc_rs/verify)
   Compiling libxc_rs v0.1.0 (/home/user/Documents/workspace/libxc_rs)
    Finished `test` profile [unoptimized] target(s) in 86m 30s
     Running tests/gga_oracle.rs (.cache/cargo-target/debug/deps/gga_oracle-b6aa9ea3271bd279)

running 2 tests
test test_all_gga_oracle_pol has been running for over 60 seconds
test test_all_gga_oracle_unpol has been running for over 60 seconds
test test_all_gga_oracle_unpol ... ok
test test_all_gga_oracle_pol ... ok

test result: ok. 2 passed; 0 failed; 0 ignored; 0 measured; 0 filtered out; finished in 869.07s

