warning: unnecessary parentheses around assigned value
   --> crates/kernels/mgga/mgga_x_regtpss/src/fxc_unpol.rs:287:20
    |
287 |         let t457 = (t24);
    |                    ^   ^
    |
    = note: `#[warn(unused_parens)]` (part of `#[warn(unused)]`) on by default
help: remove these parentheses
    |
287 -         let t457 = (t24);
287 +         let t457 = t24;
    |

warning: unnecessary parentheses around assigned value
   --> crates/kernels/mgga/mgga_x_regtpss/src/kxc_unpol.rs:307:20
    |
307 |         let t457 = (t24);
    |                    ^   ^
    |
help: remove these parentheses
    |
307 -         let t457 = (t24);
307 +         let t457 = t24;
    |

warning: unnecessary parentheses around assigned value
   --> crates/kernels/mgga/mgga_x_regtpss/src/lxc_unpol.rs:342:20
    |
342 |         let t457 = (t24);
    |                    ^   ^
    |
help: remove these parentheses
    |
342 -         let t457 = (t24);
342 +         let t457 = t24;
    |

warning: unnecessary parentheses around assigned value
   --> crates/kernels/mgga/mgga_x_regtpss/src/fxc_pol.rs:525:20
    |
525 |         let t913 = (t32);
    |                    ^   ^
    |
help: remove these parentheses
    |
525 -         let t913 = (t32);
525 +         let t913 = t32;
    |

warning: unnecessary parentheses around assigned value
   --> crates/kernels/mgga/mgga_x_regtpss/src/fxc_pol.rs:679:21
    |
679 |         let t1287 = (t166);
    |                     ^    ^
    |
help: remove these parentheses
    |
679 -         let t1287 = (t166);
679 +         let t1287 = t166;
    |

warning: unnecessary parentheses around assigned value
   --> crates/kernels/mgga/mgga_x_regtpss/src/kxc_pol.rs:545:20
    |
545 |         let t913 = (t32);
    |                    ^   ^
    |
help: remove these parentheses
    |
545 -         let t913 = (t32);
545 +         let t913 = t32;
    |

warning: unnecessary parentheses around assigned value
   --> crates/kernels/mgga/mgga_x_regtpss/src/kxc_pol.rs:699:21
    |
699 |         let t1287 = (t166);
    |                     ^    ^
    |
help: remove these parentheses
    |
699 -         let t1287 = (t166);
699 +         let t1287 = t166;
    |

warning: unnecessary parentheses around assigned value
   --> crates/kernels/mgga/mgga_x_regtpss/src/lxc_pol/part0.rs:541:20
    |
541 |         let t913 = (t32);
    |                    ^   ^
    |
help: remove these parentheses
    |
541 -         let t913 = (t32);
541 +         let t913 = t32;
    |

warning: unnecessary parentheses around assigned value
   --> crates/kernels/mgga/mgga_x_regtpss/src/lxc_pol/part0.rs:695:21
    |
695 |         let t1287 = (t166);
    |                     ^    ^
    |
help: remove these parentheses
    |
695 -         let t1287 = (t166);
695 +         let t1287 = t166;
    |

warning: unnecessary parentheses around assigned value
   --> crates/kernels/mgga/mgga_x_regtpss/src/lxc_pol/part1.rs:361:20
    |
361 |         let t913 = (t32);
    |                    ^   ^
    |
help: remove these parentheses
    |
361 -         let t913 = (t32);
361 +         let t913 = t32;
    |

warning: unnecessary parentheses around assigned value
   --> crates/kernels/mgga/mgga_x_regtpss/src/lxc_pol/part1.rs:395:21
    |
395 |         let t1287 = (t166);
    |                     ^    ^
    |
help: remove these parentheses
    |
395 -         let t1287 = (t166);
395 +         let t1287 = t166;
    |

warning: unnecessary parentheses around assigned value
   --> crates/kernels/mgga/mgga_x_regtpss/src/lxc_pol/part2.rs:432:20
    |
432 |         let t913 = (t32);
    |                    ^   ^
    |
help: remove these parentheses
    |
432 -         let t913 = (t32);
432 +         let t913 = t32;
    |

warning: unnecessary parentheses around assigned value
   --> crates/kernels/mgga/mgga_x_regtpss/src/lxc_pol/part2.rs:566:21
    |
566 |         let t1287 = (t166);
    |                     ^    ^
    |
help: remove these parentheses
    |
566 -         let t1287 = (t166);
566 +         let t1287 = t166;
    |

warning: unnecessary parentheses around assigned value
   --> crates/kernels/mgga/mgga_x_regtpss/src/lxc_pol/part3.rs:454:20
    |
454 |         let t913 = (t32);
    |                    ^   ^
    |
help: remove these parentheses
    |
454 -         let t913 = (t32);
454 +         let t913 = t32;
    |

warning: unnecessary parentheses around assigned value
   --> crates/kernels/mgga/mgga_x_regtpss/src/lxc_pol/part3.rs:587:21
    |
587 |         let t1287 = (t166);
    |                     ^    ^
    |
help: remove these parentheses
    |
587 -         let t1287 = (t166);
587 +         let t1287 = t166;
    |

warning: unnecessary parentheses around assigned value
   --> crates/kernels/mgga/mgga_x_regtpss/src/lxc_pol/part4.rs:420:20
    |
420 |         let t913 = (t32);
    |                    ^   ^
    |
help: remove these parentheses
    |
420 -         let t913 = (t32);
420 +         let t913 = t32;
    |

warning: unnecessary parentheses around assigned value
   --> crates/kernels/mgga/mgga_x_regtpss/src/lxc_pol/part4.rs:548:21
    |
548 |         let t1287 = (t166);
    |                     ^    ^
    |
help: remove these parentheses
    |
548 -         let t1287 = (t166);
548 +         let t1287 = t166;
    |

warning: unnecessary parentheses around assigned value
   --> crates/kernels/mgga/mgga_x_regtpss/src/lxc_pol/part5.rs:440:20
    |
440 |         let t913 = (t32);
    |                    ^   ^
    |
help: remove these parentheses
    |
440 -         let t913 = (t32);
440 +         let t913 = t32;
    |

warning: unnecessary parentheses around assigned value
   --> crates/kernels/mgga/mgga_x_regtpss/src/lxc_pol/part5.rs:497:21
    |
497 |         let t1287 = (t166);
    |                     ^    ^
    |
help: remove these parentheses
    |
497 -         let t1287 = (t166);
497 +         let t1287 = t166;
    |

warning: unnecessary parentheses around assigned value
   --> crates/kernels/mgga/mgga_x_regtpss/src/lxc_pol/part6.rs:445:20
    |
445 |         let t913 = (t32);
    |                    ^   ^
    |
help: remove these parentheses
    |
445 -         let t913 = (t32);
445 +         let t913 = t32;
    |

warning: unnecessary parentheses around assigned value
   --> crates/kernels/mgga/mgga_x_regtpss/src/lxc_pol/part6.rs:498:21
    |
498 |         let t1287 = (t166);
    |                     ^    ^
    |
help: remove these parentheses
    |
498 -         let t1287 = (t166);
498 +         let t1287 = t166;
    |

warning: unnecessary parentheses around assigned value
   --> crates/kernels/mgga/mgga_x_regtpss/src/lxc_pol/part7.rs:365:20
    |
365 |         let t913 = (t32);
    |                    ^   ^
    |
help: remove these parentheses
    |
365 -         let t913 = (t32);
365 +         let t913 = t32;
    |

warning: unnecessary parentheses around assigned value
   --> crates/kernels/mgga/mgga_x_regtpss/src/lxc_pol/part7.rs:410:21
    |
410 |         let t1287 = (t166);
    |                     ^    ^
    |
help: remove these parentheses
    |
410 -         let t1287 = (t166);
410 +         let t1287 = t166;
    |

warning: `libxc-kernel-mgga_x_regtpss` (lib) generated 23 warnings (run `cargo fix --lib -p libxc-kernel-mgga_x_regtpss` to apply 23 suggestions)
   Compiling libxc-compat v0.1.0 (/home/user/Documents/workspace/libxc_rs/crates/libxc-compat)
   Compiling libxc_rs-verify v0.1.0 (/home/user/Documents/workspace/libxc_rs/verify)
   Compiling libxc_rs v0.1.0 (/home/user/Documents/workspace/libxc_rs)
warning: variant `SkippedDeferred` is never constructed
   --> verify/tests/mgga_oracle.rs:364:5
    |
356 | enum CompareResult {
    |      ------------- variant in this enum
...
364 |     SkippedDeferred,
    |     ^^^^^^^^^^^^^^^
    |
    = note: `#[warn(dead_code)]` (part of `#[warn(unused)]`) on by default

warning: `libxc_rs-verify` (test "mgga_oracle") generated 1 warning
    Finished `test` profile [unoptimized] target(s) in 16.89s
     Running tests/mgga_oracle.rs (.cache/cargo-target/debug/deps/mgga_oracle-f13b3b552b23976e)

running 2 tests
test test_all_mgga_oracle_pol ... ok
test test_all_mgga_oracle_unpol ... ok

test result: ok. 2 passed; 0 failed; 0 ignored; 0 measured; 0 filtered out; finished in 0.89s

