   Compiling libxc-kernel-gga_x_lsrpbe v0.1.0 (/home/user/Documents/workspace/libxc_rs/crates/kernels/gga/gga_x_lsrpbe)
   Compiling libxc-kernel-gga_k_apbe v0.1.0 (/home/user/Documents/workspace/libxc_rs/crates/kernels/gga/gga_k_apbe)
   Compiling libxc-kernel-gga_k_lgap_ge v0.1.0 (/home/user/Documents/workspace/libxc_rs/crates/kernels/gga/gga_k_lgap_ge)
   Compiling libxc-kernel-gga_x_bayesian v0.1.0 (/home/user/Documents/workspace/libxc_rs/crates/kernels/gga/gga_x_bayesian)
   Compiling libxc-kernel-gga_c_zpbeint v0.1.0 (/home/user/Documents/workspace/libxc_rs/crates/kernels/gga/gga_c_zpbeint)
   Compiling libxc-kernel-gga_x_dk87 v0.1.0 (/home/user/Documents/workspace/libxc_rs/crates/kernels/gga/gga_x_dk87)
   Compiling libxc-kernel-gga_c_pw91 v0.1.0 (/home/user/Documents/workspace/libxc_rs/crates/kernels/gga/gga_c_pw91)
   Compiling libxc-kernel-gga_c_hcth_a v0.1.0 (/home/user/Documents/workspace/libxc_rs/crates/kernels/gga/gga_c_hcth_a)
   Compiling libxc-kernel-gga_c_cs1 v0.1.0 (/home/user/Documents/workspace/libxc_rs/crates/kernels/gga/gga_c_cs1)
   Compiling libxc-kernel-gga_c_zvpbeloc v0.1.0 (/home/user/Documents/workspace/libxc_rs/crates/kernels/gga/gga_c_zvpbeloc)
   Compiling libxc-kernel-gga_c_acgga v0.1.0 (/home/user/Documents/workspace/libxc_rs/crates/kernels/gga/gga_c_acgga)
   Compiling libxc-kernel-gga_x_vmt84 v0.1.0 (/home/user/Documents/workspace/libxc_rs/crates/kernels/gga/gga_x_vmt84)
   Compiling libxc-kernel-gga_c_am05 v0.1.0 (/home/user/Documents/workspace/libxc_rs/crates/kernels/gga/gga_c_am05)
   Compiling libxc-kernel-gga_c_wi v0.1.0 (/home/user/Documents/workspace/libxc_rs/crates/kernels/gga/gga_c_wi)
   Compiling libxc-kernel-gga_x_hjs v0.1.0 (/home/user/Documents/workspace/libxc_rs/crates/kernels/gga/gga_x_hjs)
   Compiling libxc-kernel-hyb_gga_xc_case21 v0.1.0 (/home/user/Documents/workspace/libxc_rs/crates/kernels/gga/hyb_gga_xc_case21)
   Compiling libxc-kernel-gga_k_ol1 v0.1.0 (/home/user/Documents/workspace/libxc_rs/crates/kernels/gga/gga_k_ol1)
   Compiling libxc-kernel-gga_x_optx v0.1.0 (/home/user/Documents/workspace/libxc_rs/crates/kernels/gga/gga_x_optx)
   Compiling libxc-kernel-gga_x_sg4 v0.1.0 (/home/user/Documents/workspace/libxc_rs/crates/kernels/gga/gga_x_sg4)
   Compiling libxc-kernel-gga_k_pw86 v0.1.0 (/home/user/Documents/workspace/libxc_rs/crates/kernels/gga/gga_k_pw86)
   Compiling libxc-kernel-gga_x_wc v0.1.0 (/home/user/Documents/workspace/libxc_rs/crates/kernels/gga/gga_x_wc)
   Compiling libxc-kernel-gga_x_gg99 v0.1.0 (/home/user/Documents/workspace/libxc_rs/crates/kernels/gga/gga_x_gg99)
   Compiling libxc-kernel-gga_c_scan_e0 v0.1.0 (/home/user/Documents/workspace/libxc_rs/crates/kernels/gga/gga_c_scan_e0)
   Compiling libxc-kernel-gga_x_lcgau v0.1.0 (/home/user/Documents/workspace/libxc_rs/crates/kernels/gga/gga_x_lcgau)
   Compiling libxc-kernel-gga_k_lgap v0.1.0 (/home/user/Documents/workspace/libxc_rs/crates/kernels/gga/gga_k_lgap)
   Compiling libxc-kernel-gga_x_2d_b88 v0.1.0 (/home/user/Documents/workspace/libxc_rs/crates/kernels/gga/gga_x_2d_b88)
   Compiling libxc-kernel-gga_c_lypr v0.1.0 (/home/user/Documents/workspace/libxc_rs/crates/kernels/gga/gga_c_lypr)
   Compiling libxc-kernel-gga_c_op_xalpha v0.1.0 (/home/user/Documents/workspace/libxc_rs/crates/kernels/gga/gga_c_op_xalpha)
   Compiling libxc-kernel-gga_x_q2d v0.1.0 (/home/user/Documents/workspace/libxc_rs/crates/kernels/gga/gga_x_q2d)
   Compiling libxc-kernel-gga_k_ol2 v0.1.0 (/home/user/Documents/workspace/libxc_rs/crates/kernels/gga/gga_k_ol2)
   Compiling libxc-kernel-gga_c_pbe_erf_gws v0.1.0 (/home/user/Documents/workspace/libxc_rs/crates/kernels/gga/gga_c_pbe_erf_gws)
   Compiling libxc-kernel-gga_x_airy v0.1.0 (/home/user/Documents/workspace/libxc_rs/crates/kernels/gga/gga_x_airy)
   Compiling libxc-kernel-gga_c_wl v0.1.0 (/home/user/Documents/workspace/libxc_rs/crates/kernels/gga/gga_c_wl)
   Compiling libxc-kernel-gga_x_lag v0.1.0 (/home/user/Documents/workspace/libxc_rs/crates/kernels/gga/gga_x_lag)
   Compiling libxc-kernel-gga_x_ak13 v0.1.0 (/home/user/Documents/workspace/libxc_rs/crates/kernels/gga/gga_x_ak13)
   Compiling libxc-kernel-gga_c_regtpss v0.1.0 (/home/user/Documents/workspace/libxc_rs/crates/kernels/gga/gga_c_regtpss)
   Compiling libxc-kernel-gga_k_tflw v0.1.0 (/home/user/Documents/workspace/libxc_rs/crates/kernels/gga/gga_k_tflw)
   Compiling libxc-kernel-gga_k_thakkar v0.1.0 (/home/user/Documents/workspace/libxc_rs/crates/kernels/gga/gga_k_thakkar)
   Compiling libxc-kernel-gga_x_ityh_pbe v0.1.0 (/home/user/Documents/workspace/libxc_rs/crates/kernels/gga/gga_x_ityh_pbe)
   Compiling libxc-kernel-gga_x_lv_rpw86 v0.1.0 (/home/user/Documents/workspace/libxc_rs/crates/kernels/gga/gga_x_lv_rpw86)
   Compiling libxc-kernel-gga_c_lyp v0.1.0 (/home/user/Documents/workspace/libxc_rs/crates/kernels/gga/gga_c_lyp)
   Compiling libxc-kernel-gga_x_vmt v0.1.0 (/home/user/Documents/workspace/libxc_rs/crates/kernels/gga/gga_x_vmt)
   Compiling libxc-kernel-gga_x_q1d v0.1.0 (/home/user/Documents/workspace/libxc_rs/crates/kernels/gga/gga_x_q1d)
   Compiling libxc-kernel-gga_x_ft97 v0.1.0 (/home/user/Documents/workspace/libxc_rs/crates/kernels/gga/gga_x_ft97)
   Compiling libxc-kernel-gga_x_n12 v0.1.0 (/home/user/Documents/workspace/libxc_rs/crates/kernels/gga/gga_x_n12)
   Compiling libxc-kernel-gga_x_sfat v0.1.0 (/home/user/Documents/workspace/libxc_rs/crates/kernels/gga/gga_x_sfat)
   Compiling libxc-kernel-gga_c_gapc v0.1.0 (/home/user/Documents/workspace/libxc_rs/crates/kernels/gga/gga_c_gapc)
   Compiling libxc-kernel-gga_c_w94 v0.1.0 (/home/user/Documents/workspace/libxc_rs/crates/kernels/gga/gga_c_w94)
   Compiling libxc-kernel-gga_x_lspbe v0.1.0 (/home/user/Documents/workspace/libxc_rs/crates/kernels/gga/gga_x_lspbe)
   Compiling libxc-kernel-gga_k_meyer v0.1.0 (/home/user/Documents/workspace/libxc_rs/crates/kernels/gga/gga_k_meyer)
   Compiling libxc-kernel-gga_x_ityh_optx v0.1.0 (/home/user/Documents/workspace/libxc_rs/crates/kernels/gga/gga_x_ityh_optx)
   Compiling libxc-kernel-gga_k_lc94 v0.1.0 (/home/user/Documents/workspace/libxc_rs/crates/kernels/gga/gga_k_lc94)
   Compiling libxc-kernel-gga_x_kt v0.1.0 (/home/user/Documents/workspace/libxc_rs/crates/kernels/gga/gga_x_kt)
   Compiling libxc-kernel-gga_x_sogga11 v0.1.0 (/home/user/Documents/workspace/libxc_rs/crates/kernels/gga/gga_x_sogga11)
   Compiling libxc-kernel-hyb_gga_xc_wb97 v0.1.0 (/home/user/Documents/workspace/libxc_rs/crates/kernels/gga/hyb_gga_xc_wb97)
   Compiling libxc-kernel-gga_c_tca v0.1.0 (/home/user/Documents/workspace/libxc_rs/crates/kernels/gga/gga_c_tca)
   Compiling libxc-kernel-gga_c_sg4 v0.1.0 (/home/user/Documents/workspace/libxc_rs/crates/kernels/gga/gga_c_sg4)
   Compiling libxc-kernel-gga_x_cap v0.1.0 (/home/user/Documents/workspace/libxc_rs/crates/kernels/gga/gga_x_cap)
   Compiling libxc-kernel-gga_x_pbetrans v0.1.0 (/home/user/Documents/workspace/libxc_rs/crates/kernels/gga/gga_x_pbetrans)
   Compiling libxc-eval v0.1.0 (/home/user/Documents/workspace/libxc_rs/crates/libxc-eval)
   Compiling libxc-compat v0.1.0 (/home/user/Documents/workspace/libxc_rs/crates/libxc-compat)
   Compiling libxc_rs-verify v0.1.0 (/home/user/Documents/workspace/libxc_rs/verify)
   Compiling libxc_rs v0.1.0 (/home/user/Documents/workspace/libxc_rs)
    Finished `test` profile [unoptimized] target(s) in 55m 03s
     Running tests/gga_oracle.rs (.cache/cargo-target/debug/deps/gga_oracle-c46fddd0eac302d8)

running 2 tests
test test_all_gga_oracle_pol has been running for over 60 seconds
test test_all_gga_oracle_unpol has been running for over 60 seconds
test test_all_gga_oracle_unpol ... ok
test test_all_gga_oracle_pol ... ok

test result: ok. 2 passed; 0 failed; 0 ignored; 0 measured; 0 filtered out; finished in 865.62s

