use libxc_rs::LibxcRsError;
use libxc_rs::eval::EvaluationWorkspace;
use libxc_rs::eval::dispatch_gga;
use libxc_rs::eval::dispatch_mgga;
use libxc_rs::eval::{dispatch_gga, dispatch_mgga};
use libxc_rs::eval::{dispatch_lda, LdaFunctionalParams};
use libxc_rs::functional::Functional;
use libxc_rs::functional::classify_hybrid;
use libxc_rs::input::GgaInput;
use libxc_rs::input::LdaInput;
use libxc_rs::input::MggaInput;
use libxc_rs::input::{GgaInput, MggaInput};
use libxc_rs::kernel::launch::{
use libxc_rs::kernel::lda::lda_x::*;
use libxc_rs::math::constants::{KF_CONST, RS_CONST};
use libxc_rs::math::dft_quantities::{reduced_gradient_s, tf_kinetic, wigner_seitz_rs};
use libxc_rs::math::erf::erf_approx;
use libxc_rs::math::powers::pow_1_3;
use libxc_rs::math::spin::spin_scaling;
use libxc_rs::meta::{ExtParamSpec, FunctionalMeta, HybridTerm, Reference};
use libxc_rs::model::HybridType;
use libxc_rs::model::{
use libxc_rs::model::{DerivativeOrder, FunctionalId, GgaFunctional, Spin, Thresholds};
use libxc_rs::model::{DerivativeOrder, FunctionalId, LdaFunctional, Spin, Thresholds};
use libxc_rs::model::{DerivativeOrder, FunctionalId, MggaFunctional, Spin, Thresholds};
use libxc_rs::model::{DerivativeOrder, Spin};
use libxc_rs::model::{FunctionalFlags, FunctionalId, HybridTermKind, HybridType};
use libxc_rs::model::{HybridType, Spin};
use libxc_rs::output::GgaOutput;
use libxc_rs::output::LdaOutput;
use libxc_rs::output::MggaOutput;
use libxc_rs::output::{GgaOutput, MggaOutput};
use libxc_rs::registry::all_functional_ids;
use libxc_rs::registry::lookup_by_name;
use libxc_rs::registry::{all_functional_ids, lookup_by_id};
