use libxc_rs::LibxcRsError
use libxc_rs::deferred::lda::is_deferred
use libxc_rs::deferred::mgga::is_deferred
use libxc_rs::eval::
use libxc_rs::eval::EvaluationWorkspace
use libxc_rs::eval::dispatch_gga
use libxc_rs::eval::dispatch_mgga
use libxc_rs::functional::Functional
use libxc_rs::functional::classify_hybrid
use libxc_rs::input::
use libxc_rs::input::GgaInput
use libxc_rs::input::LdaInput
use libxc_rs::input::MggaInput
use libxc_rs::kernel::launch::
use libxc_rs::kernel::lda::lda_x::
use libxc_rs::math::constants::
use libxc_rs::math::dft_quantities::
use libxc_rs::math::erf::erf_approx
use libxc_rs::math::powers::pow_1_3
use libxc_rs::math::spin::spin_scaling
use libxc_rs::meta::
use libxc_rs::model::
use libxc_rs::model::HybridType
use libxc_rs::output::
use libxc_rs::output::GgaOutput
use libxc_rs::output::LdaOutput
use libxc_rs::output::MggaOutput
use libxc_rs::registry::
use libxc_rs::registry::all_functional_ids
use libxc_rs::registry::lookup_by_name
