Wrote crates/kernels/mgga-2/src/mgga_c_b94/exc_unpol.rs
Wrote crates/kernels/mgga-2/src/mgga_c_b94/vxc_unpol.rs
Wrote crates/kernels/mgga-2/src/mgga_c_b94/fxc_unpol.rs
Wrote crates/kernels/mgga-2/src/mgga_c_b94/kxc_unpol_part0.rs
Wrote crates/kernels/mgga-2/src/mgga_c_b94/kxc_unpol_part1.rs
Wrote crates/kernels/mgga-2/src/mgga_c_b94/kxc_unpol_part2.rs
Wrote crates/kernels/mgga-2/src/mgga_c_b94/exc_pol.rs
Wrote crates/kernels/mgga-2/src/mgga_c_b94/vxc_pol.rs
Wrote crates/kernels/mgga-2/src/mgga_c_b94/fxc_pol.rs
Wrote crates/kernels/mgga-2/src/mgga_c_b94/kxc_pol_part0.rs
Wrote crates/kernels/mgga-2/src/mgga_c_b94/kxc_pol_part1.rs
Wrote crates/kernels/mgga-2/src/mgga_c_b94/kxc_pol_part2.rs
Wrote crates/kernels/mgga-2/src/mgga_c_b94/kxc_pol_part3.rs
Wrote crates/kernels/mgga-2/src/mgga_c_b94/kxc_pol_part4.rs
Wrote crates/kernels/mgga-2/src/mgga_c_b94/kxc_pol_part5.rs
Wrote crates/kernels/mgga-2/src/mgga_c_b94/kxc_pol_part6.rs
Wrote crates/kernels/mgga-2/src/mgga_c_b94/kxc_pol_part7.rs
Wrote crates/kernels/mgga-2/src/mgga_c_b94/kxc_pol_part8.rs
Wrote crates/kernels/mgga-2/src/mgga_c_b94/kxc_pol_part9.rs
Wrote crates/kernels/mgga-2/src/mgga_c_b94/kxc_pol_part10.rs
Wrote crates/kernels/mgga-2/src/mgga_c_b94/kxc_pol_part11.rs
Wrote crates/kernels/mgga-2/src/mgga_c_b94/kxc_pol_part12.rs
Wrote crates/kernels/mgga-2/src/mgga_c_b94/kxc_pol_part13.rs
Wrote crates/kernels/mgga-2/src/mgga_c_b94/kxc_pol_part14.rs
Wrote crates/kernels/mgga-2/src/mgga_c_b94/kxc_pol_part15.rs
Wrote crates/kernels/mgga-2/src/mgga_c_b94/mod.rs
Wrote crates/kernels/mgga-2/src/mgga_c_rppscan/exc_unpol.rs
Wrote crates/kernels/mgga-2/src/mgga_c_rppscan/vxc_unpol.rs
Wrote crates/kernels/mgga-2/src/mgga_c_rppscan/fxc_unpol.rs
Wrote crates/kernels/mgga-2/src/mgga_c_rppscan/kxc_unpol.rs
Wrote crates/kernels/mgga-2/src/mgga_c_rppscan/lxc_unpol.rs
Wrote crates/kernels/mgga-2/src/mgga_c_rppscan/exc_pol.rs
Wrote crates/kernels/mgga-2/src/mgga_c_rppscan/vxc_pol.rs
Wrote crates/kernels/mgga-2/src/mgga_c_rppscan/fxc_pol.rs
Wrote crates/kernels/mgga-2/src/mgga_c_rppscan/kxc_pol.rs
Wrote crates/kernels/mgga-2/src/mgga_c_rppscan/lxc_pol_part0.rs
Wrote crates/kernels/mgga-2/src/mgga_c_rppscan/lxc_pol_part1.rs
Wrote crates/kernels/mgga-2/src/mgga_c_rppscan/lxc_pol_part2.rs
Wrote crates/kernels/mgga-2/src/mgga_c_rppscan/lxc_pol_part3.rs
Wrote crates/kernels/mgga-2/src/mgga_c_rppscan/lxc_pol_part4.rs
Wrote crates/kernels/mgga-2/src/mgga_c_rppscan/lxc_pol_part5.rs
Wrote crates/kernels/mgga-2/src/mgga_c_rppscan/lxc_pol_part6.rs
Wrote crates/kernels/mgga-2/src/mgga_c_rppscan/mod.rs
Wrote crates/kernels/mgga-2/src/mgga_c_rregtm/exc_unpol.rs
Wrote crates/kernels/mgga-2/src/mgga_c_rregtm/vxc_unpol.rs
Wrote crates/kernels/mgga-2/src/mgga_c_rregtm/fxc_unpol.rs
Wrote crates/kernels/mgga-2/src/mgga_c_rregtm/kxc_unpol.rs
Wrote crates/kernels/mgga-2/src/mgga_c_rregtm/lxc_unpol.rs
Wrote crates/kernels/mgga-2/src/mgga_c_rregtm/exc_pol.rs
Wrote crates/kernels/mgga-2/src/mgga_c_rregtm/vxc_pol.rs
Wrote crates/kernels/mgga-2/src/mgga_c_rregtm/fxc_pol.rs
Wrote crates/kernels/mgga-2/src/mgga_c_rregtm/kxc_pol.rs
Wrote crates/kernels/mgga-2/src/mgga_c_rregtm/lxc_pol_part0.rs
Wrote crates/kernels/mgga-2/src/mgga_c_rregtm/lxc_pol_part1.rs
Wrote crates/kernels/mgga-2/src/mgga_c_rregtm/lxc_pol_part2.rs
Wrote crates/kernels/mgga-2/src/mgga_c_rregtm/lxc_pol_part3.rs
Wrote crates/kernels/mgga-2/src/mgga_c_rregtm/lxc_pol_part4.rs
Wrote crates/kernels/mgga-2/src/mgga_c_rregtm/lxc_pol_part5.rs
Wrote crates/kernels/mgga-2/src/mgga_c_rregtm/lxc_pol_part6.rs
Wrote crates/kernels/mgga-2/src/mgga_c_rregtm/mod.rs
Wrote crates/kernels/mgga-2/src/mgga_c_scan/exc_unpol.rs
Wrote crates/kernels/mgga-2/src/mgga_c_scan/vxc_unpol.rs
Wrote crates/kernels/mgga-2/src/mgga_c_scan/fxc_unpol.rs
Wrote crates/kernels/mgga-2/src/mgga_c_scan/kxc_unpol.rs
Wrote crates/kernels/mgga-2/src/mgga_c_scan/lxc_unpol.rs
Wrote crates/kernels/mgga-2/src/mgga_c_scan/exc_pol.rs
Wrote crates/kernels/mgga-2/src/mgga_c_scan/vxc_pol.rs
Wrote crates/kernels/mgga-2/src/mgga_c_scan/fxc_pol.rs
Wrote crates/kernels/mgga-2/src/mgga_c_scan/kxc_pol.rs
Wrote crates/kernels/mgga-2/src/mgga_c_scan/lxc_pol_part0.rs
Wrote crates/kernels/mgga-2/src/mgga_c_scan/lxc_pol_part1.rs
Wrote crates/kernels/mgga-2/src/mgga_c_scan/lxc_pol_part2.rs
Wrote crates/kernels/mgga-2/src/mgga_c_scan/lxc_pol_part3.rs
Wrote crates/kernels/mgga-2/src/mgga_c_scan/lxc_pol_part4.rs
Wrote crates/kernels/mgga-2/src/mgga_c_scan/lxc_pol_part5.rs
Wrote crates/kernels/mgga-2/src/mgga_c_scan/lxc_pol_part6.rs
Wrote crates/kernels/mgga-2/src/mgga_c_scan/mod.rs
Wrote crates/kernels/mgga-2/src/mgga_k_csk_loc/exc_unpol.rs
Wrote crates/kernels/mgga-2/src/mgga_k_csk_loc/vxc_unpol.rs
Wrote crates/kernels/mgga-2/src/mgga_k_csk_loc/fxc_unpol.rs
Wrote crates/kernels/mgga-2/src/mgga_k_csk_loc/kxc_unpol.rs
Wrote crates/kernels/mgga-2/src/mgga_k_csk_loc/lxc_unpol.rs
Wrote crates/kernels/mgga-2/src/mgga_k_csk_loc/exc_pol.rs
Wrote crates/kernels/mgga-2/src/mgga_k_csk_loc/vxc_pol.rs
Wrote crates/kernels/mgga-2/src/mgga_k_csk_loc/fxc_pol.rs
Wrote crates/kernels/mgga-2/src/mgga_k_csk_loc/kxc_pol.rs
Wrote crates/kernels/mgga-2/src/mgga_k_csk_loc/lxc_pol_part0.rs
Wrote crates/kernels/mgga-2/src/mgga_k_csk_loc/lxc_pol_part1.rs
Wrote crates/kernels/mgga-2/src/mgga_k_csk_loc/mod.rs
Wrote crates/kernels/mgga-2/src/mgga_k_pc07/exc_unpol.rs
Wrote crates/kernels/mgga-2/src/mgga_k_pc07/vxc_unpol.rs
Wrote crates/kernels/mgga-2/src/mgga_k_pc07/fxc_unpol.rs
Wrote crates/kernels/mgga-2/src/mgga_k_pc07/kxc_unpol.rs
Wrote crates/kernels/mgga-2/src/mgga_k_pc07/lxc_unpol.rs
Wrote crates/kernels/mgga-2/src/mgga_k_pc07/exc_pol.rs
Wrote crates/kernels/mgga-2/src/mgga_k_pc07/vxc_pol.rs
Wrote crates/kernels/mgga-2/src/mgga_k_pc07/fxc_pol.rs
Wrote crates/kernels/mgga-2/src/mgga_k_pc07/kxc_pol.rs
Wrote crates/kernels/mgga-2/src/mgga_k_pc07/lxc_pol_part0.rs
Wrote crates/kernels/mgga-2/src/mgga_k_pc07/lxc_pol_part1.rs
Wrote crates/kernels/mgga-2/src/mgga_k_pc07/lxc_pol_part2.rs
Wrote crates/kernels/mgga-2/src/mgga_k_pc07/lxc_pol_part3.rs
Wrote crates/kernels/mgga-2/src/mgga_k_pc07/lxc_pol_part4.rs
Wrote crates/kernels/mgga-2/src/mgga_k_pc07/lxc_pol_part5.rs
Wrote crates/kernels/mgga-2/src/mgga_k_pc07/lxc_pol_part6.rs
Wrote crates/kernels/mgga-2/src/mgga_k_pc07/mod.rs
Wrote crates/kernels/mgga-2/src/mgga_x_edmgga/exc_unpol.rs
Wrote crates/kernels/mgga-2/src/mgga_x_edmgga/vxc_unpol.rs
Wrote crates/kernels/mgga-2/src/mgga_x_edmgga/fxc_unpol.rs
Wrote crates/kernels/mgga-2/src/mgga_x_edmgga/kxc_unpol.rs
Wrote crates/kernels/mgga-2/src/mgga_x_edmgga/lxc_unpol.rs
Wrote crates/kernels/mgga-2/src/mgga_x_edmgga/exc_pol.rs
Wrote crates/kernels/mgga-2/src/mgga_x_edmgga/vxc_pol.rs
Wrote crates/kernels/mgga-2/src/mgga_x_edmgga/fxc_pol.rs
Wrote crates/kernels/mgga-2/src/mgga_x_edmgga/kxc_pol.rs
Wrote crates/kernels/mgga-2/src/mgga_x_edmgga/lxc_pol_part0.rs
Wrote crates/kernels/mgga-2/src/mgga_x_edmgga/mod.rs
Wrote crates/kernels/mgga-2/src/mgga_x_m11/exc_unpol.rs
Wrote crates/kernels/mgga-2/src/mgga_x_m11/vxc_unpol.rs
Wrote crates/kernels/mgga-2/src/mgga_x_m11/fxc_unpol.rs
Wrote crates/kernels/mgga-2/src/mgga_x_m11/kxc_unpol.rs
Wrote crates/kernels/mgga-2/src/mgga_x_m11/lxc_unpol.rs
Wrote crates/kernels/mgga-2/src/mgga_x_m11/exc_pol.rs
Wrote crates/kernels/mgga-2/src/mgga_x_m11/vxc_pol.rs
Wrote crates/kernels/mgga-2/src/mgga_x_m11/fxc_pol.rs
Wrote crates/kernels/mgga-2/src/mgga_x_m11/kxc_pol.rs
Wrote crates/kernels/mgga-2/src/mgga_x_m11/lxc_pol_part0.rs
Wrote crates/kernels/mgga-2/src/mgga_x_m11/lxc_pol_part1.rs
Wrote crates/kernels/mgga-2/src/mgga_x_m11/mod.rs
Wrote crates/kernels/mgga-2/src/mgga_x_mcml/exc_unpol.rs
Wrote crates/kernels/mgga-2/src/mgga_x_mcml/vxc_unpol.rs
Wrote crates/kernels/mgga-2/src/mgga_x_mcml/fxc_unpol.rs
Wrote crates/kernels/mgga-2/src/mgga_x_mcml/kxc_unpol.rs
Wrote crates/kernels/mgga-2/src/mgga_x_mcml/lxc_unpol.rs
Wrote crates/kernels/mgga-2/src/mgga_x_mcml/exc_pol.rs
Wrote crates/kernels/mgga-2/src/mgga_x_mcml/vxc_pol.rs
Wrote crates/kernels/mgga-2/src/mgga_x_mcml/fxc_pol.rs
Wrote crates/kernels/mgga-2/src/mgga_x_mcml/kxc_pol.rs
Wrote crates/kernels/mgga-2/src/mgga_x_mcml/lxc_pol_part0.rs
Wrote crates/kernels/mgga-2/src/mgga_x_mcml/lxc_pol_part1.rs
Wrote crates/kernels/mgga-2/src/mgga_x_mcml/lxc_pol_part2.rs
Wrote crates/kernels/mgga-2/src/mgga_x_mcml/lxc_pol_part3.rs
Wrote crates/kernels/mgga-2/src/mgga_x_mcml/lxc_pol_part4.rs
Wrote crates/kernels/mgga-2/src/mgga_x_mcml/mod.rs
Wrote crates/kernels/mgga-2/src/mgga_x_mn12/exc_unpol.rs
Wrote crates/kernels/mgga-2/src/mgga_x_mn12/vxc_unpol.rs
Wrote crates/kernels/mgga-2/src/mgga_x_mn12/fxc_unpol.rs
Wrote crates/kernels/mgga-2/src/mgga_x_mn12/kxc_unpol.rs
Wrote crates/kernels/mgga-2/src/mgga_x_mn12/lxc_unpol.rs
Wrote crates/kernels/mgga-2/src/mgga_x_mn12/exc_pol.rs
Wrote crates/kernels/mgga-2/src/mgga_x_mn12/vxc_pol.rs
Wrote crates/kernels/mgga-2/src/mgga_x_mn12/fxc_pol.rs
Wrote crates/kernels/mgga-2/src/mgga_x_mn12/kxc_pol.rs
Wrote crates/kernels/mgga-2/src/mgga_x_mn12/lxc_pol_part0.rs
Wrote crates/kernels/mgga-2/src/mgga_x_mn12/lxc_pol_part1.rs
Wrote crates/kernels/mgga-2/src/mgga_x_mn12/mod.rs
Wrote crates/kernels/mgga-2/src/mgga_x_r2scan/exc_unpol.rs
Wrote crates/kernels/mgga-2/src/mgga_x_r2scan/vxc_unpol.rs
Wrote crates/kernels/mgga-2/src/mgga_x_r2scan/fxc_unpol.rs
Wrote crates/kernels/mgga-2/src/mgga_x_r2scan/kxc_unpol.rs
Wrote crates/kernels/mgga-2/src/mgga_x_r2scan/lxc_unpol.rs
Wrote crates/kernels/mgga-2/src/mgga_x_r2scan/exc_pol.rs
Wrote crates/kernels/mgga-2/src/mgga_x_r2scan/vxc_pol.rs
Wrote crates/kernels/mgga-2/src/mgga_x_r2scan/fxc_pol.rs
Wrote crates/kernels/mgga-2/src/mgga_x_r2scan/kxc_pol.rs
Wrote crates/kernels/mgga-2/src/mgga_x_r2scan/lxc_pol_part0.rs
Wrote crates/kernels/mgga-2/src/mgga_x_r2scan/lxc_pol_part1.rs
Wrote crates/kernels/mgga-2/src/mgga_x_r2scan/mod.rs
Wrote crates/kernels/mgga-2/src/mgga_x_rppscan/exc_unpol.rs
Wrote crates/kernels/mgga-2/src/mgga_x_rppscan/vxc_unpol.rs
Wrote crates/kernels/mgga-2/src/mgga_x_rppscan/fxc_unpol.rs
Wrote crates/kernels/mgga-2/src/mgga_x_rppscan/kxc_unpol.rs
Wrote crates/kernels/mgga-2/src/mgga_x_rppscan/lxc_unpol.rs
Wrote crates/kernels/mgga-2/src/mgga_x_rppscan/exc_pol.rs
Wrote crates/kernels/mgga-2/src/mgga_x_rppscan/vxc_pol.rs
Wrote crates/kernels/mgga-2/src/mgga_x_rppscan/fxc_pol.rs
Wrote crates/kernels/mgga-2/src/mgga_x_rppscan/kxc_pol.rs
Wrote crates/kernels/mgga-2/src/mgga_x_rppscan/lxc_pol_part0.rs
Wrote crates/kernels/mgga-2/src/mgga_x_rppscan/lxc_pol_part1.rs
Wrote crates/kernels/mgga-2/src/mgga_x_rppscan/mod.rs
Wrote crates/kernels/mgga-2/src/mgga_x_rtpss/exc_unpol.rs
Wrote crates/kernels/mgga-2/src/mgga_x_rtpss/vxc_unpol.rs
Wrote crates/kernels/mgga-2/src/mgga_x_rtpss/fxc_unpol.rs
Wrote crates/kernels/mgga-2/src/mgga_x_rtpss/kxc_unpol.rs
Wrote crates/kernels/mgga-2/src/mgga_x_rtpss/lxc_unpol.rs
Wrote crates/kernels/mgga-2/src/mgga_x_rtpss/exc_pol.rs
Wrote crates/kernels/mgga-2/src/mgga_x_rtpss/vxc_pol.rs
Wrote crates/kernels/mgga-2/src/mgga_x_rtpss/fxc_pol.rs
Wrote crates/kernels/mgga-2/src/mgga_x_rtpss/kxc_pol.rs
Wrote crates/kernels/mgga-2/src/mgga_x_rtpss/lxc_pol.rs
Wrote crates/kernels/mgga-2/src/mgga_x_rtpss/mod.rs
Wrote crates/kernels/mgga-2/src/mgga_x_task/exc_unpol.rs
Wrote crates/kernels/mgga-2/src/mgga_x_task/vxc_unpol.rs
Wrote crates/kernels/mgga-2/src/mgga_x_task/fxc_unpol.rs
Wrote crates/kernels/mgga-2/src/mgga_x_task/kxc_unpol.rs
Wrote crates/kernels/mgga-2/src/mgga_x_task/lxc_unpol.rs
Wrote crates/kernels/mgga-2/src/mgga_x_task/exc_pol.rs
Wrote crates/kernels/mgga-2/src/mgga_x_task/vxc_pol.rs
Wrote crates/kernels/mgga-2/src/mgga_x_task/fxc_pol.rs
Wrote crates/kernels/mgga-2/src/mgga_x_task/kxc_pol.rs
Wrote crates/kernels/mgga-2/src/mgga_x_task/lxc_pol.rs
Wrote crates/kernels/mgga-2/src/mgga_x_task/mod.rs
Wrote crates/kernels/mgga-2/src/mgga_x_tm/exc_unpol.rs
Wrote crates/kernels/mgga-2/src/mgga_x_tm/vxc_unpol.rs
Wrote crates/kernels/mgga-2/src/mgga_x_tm/fxc_unpol.rs
Wrote crates/kernels/mgga-2/src/mgga_x_tm/kxc_unpol.rs
Wrote crates/kernels/mgga-2/src/mgga_x_tm/lxc_unpol.rs
Wrote crates/kernels/mgga-2/src/mgga_x_tm/exc_pol.rs
Wrote crates/kernels/mgga-2/src/mgga_x_tm/vxc_pol.rs
Wrote crates/kernels/mgga-2/src/mgga_x_tm/fxc_pol.rs
Wrote crates/kernels/mgga-2/src/mgga_x_tm/kxc_pol.rs
Wrote crates/kernels/mgga-2/src/mgga_x_tm/lxc_pol.rs
Wrote crates/kernels/mgga-2/src/mgga_x_tm/mod.rs
Wrote crates/kernels/mgga-2/src/mgga_x_tpss/exc_unpol.rs
Wrote crates/kernels/mgga-2/src/mgga_x_tpss/vxc_unpol.rs
Wrote crates/kernels/mgga-2/src/mgga_x_tpss/fxc_unpol.rs
Wrote crates/kernels/mgga-2/src/mgga_x_tpss/kxc_unpol.rs
Wrote crates/kernels/mgga-2/src/mgga_x_tpss/lxc_unpol.rs
Wrote crates/kernels/mgga-2/src/mgga_x_tpss/exc_pol.rs
Wrote crates/kernels/mgga-2/src/mgga_x_tpss/vxc_pol.rs
Wrote crates/kernels/mgga-2/src/mgga_x_tpss/fxc_pol.rs
Wrote crates/kernels/mgga-2/src/mgga_x_tpss/kxc_pol.rs
Wrote crates/kernels/mgga-2/src/mgga_x_tpss/lxc_pol.rs
Wrote crates/kernels/mgga-2/src/mgga_x_tpss/mod.rs
Wrote crates/kernels/mgga-2/src/mgga_x_vcml/exc_unpol.rs
Wrote crates/kernels/mgga-2/src/mgga_x_vcml/vxc_unpol.rs
Wrote crates/kernels/mgga-2/src/mgga_x_vcml/fxc_unpol.rs
Wrote crates/kernels/mgga-2/src/mgga_x_vcml/kxc_unpol.rs
Wrote crates/kernels/mgga-2/src/mgga_x_vcml/lxc_unpol.rs
Wrote crates/kernels/mgga-2/src/mgga_x_vcml/exc_pol.rs
Wrote crates/kernels/mgga-2/src/mgga_x_vcml/vxc_pol.rs
Wrote crates/kernels/mgga-2/src/mgga_x_vcml/fxc_pol.rs
Wrote crates/kernels/mgga-2/src/mgga_x_vcml/kxc_pol.rs
Wrote crates/kernels/mgga-2/src/mgga_x_vcml/lxc_pol_part0.rs
Wrote crates/kernels/mgga-2/src/mgga_x_vcml/lxc_pol_part1.rs
Wrote crates/kernels/mgga-2/src/mgga_x_vcml/lxc_pol_part2.rs
Wrote crates/kernels/mgga-2/src/mgga_x_vcml/lxc_pol_part3.rs
Wrote crates/kernels/mgga-2/src/mgga_x_vcml/lxc_pol_part4.rs
Wrote crates/kernels/mgga-2/src/mgga_x_vcml/mod.rs
