Wrote /tmp/libxc_mgga2_probe_b94/mgga_c_b94/exc_unpol.rs
Wrote /tmp/libxc_mgga2_probe_b94/mgga_c_b94/vxc_unpol.rs
Wrote /tmp/libxc_mgga2_probe_b94/mgga_c_b94/fxc_unpol.rs
Wrote /tmp/libxc_mgga2_probe_b94/mgga_c_b94/kxc_unpol_part0.rs
Wrote /tmp/libxc_mgga2_probe_b94/mgga_c_b94/kxc_unpol_part1.rs
Wrote /tmp/libxc_mgga2_probe_b94/mgga_c_b94/kxc_unpol_part2.rs
Wrote /tmp/libxc_mgga2_probe_b94/mgga_c_b94/exc_pol.rs
Wrote /tmp/libxc_mgga2_probe_b94/mgga_c_b94/vxc_pol.rs
Wrote /tmp/libxc_mgga2_probe_b94/mgga_c_b94/fxc_pol.rs
Wrote /tmp/libxc_mgga2_probe_b94/mgga_c_b94/kxc_pol_part0.rs
Wrote /tmp/libxc_mgga2_probe_b94/mgga_c_b94/kxc_pol_part1.rs
Wrote /tmp/libxc_mgga2_probe_b94/mgga_c_b94/kxc_pol_part2.rs
Wrote /tmp/libxc_mgga2_probe_b94/mgga_c_b94/kxc_pol_part3.rs
Wrote /tmp/libxc_mgga2_probe_b94/mgga_c_b94/kxc_pol_part4.rs
Wrote /tmp/libxc_mgga2_probe_b94/mgga_c_b94/kxc_pol_part5.rs
Wrote /tmp/libxc_mgga2_probe_b94/mgga_c_b94/kxc_pol_part6.rs
Wrote /tmp/libxc_mgga2_probe_b94/mgga_c_b94/kxc_pol_part7.rs
Wrote /tmp/libxc_mgga2_probe_b94/mgga_c_b94/kxc_pol_part8.rs
Wrote /tmp/libxc_mgga2_probe_b94/mgga_c_b94/kxc_pol_part9.rs
Wrote /tmp/libxc_mgga2_probe_b94/mgga_c_b94/kxc_pol_part10.rs
Wrote /tmp/libxc_mgga2_probe_b94/mgga_c_b94/kxc_pol_part11.rs
Wrote /tmp/libxc_mgga2_probe_b94/mgga_c_b94/kxc_pol_part12.rs
Wrote /tmp/libxc_mgga2_probe_b94/mgga_c_b94/kxc_pol_part13.rs
Wrote /tmp/libxc_mgga2_probe_b94/mgga_c_b94/kxc_pol_part14.rs
Wrote /tmp/libxc_mgga2_probe_b94/mgga_c_b94/kxc_pol_part15.rs
Wrote /tmp/libxc_mgga2_probe_b94/mgga_c_b94/mod.rs
