Wrote crates/kernels/mgga-2/src/mgga_c_rppscan/exc_unpol.rs
Wrote crates/kernels/mgga-2/src/mgga_c_rppscan/vxc_unpol.rs
Wrote crates/kernels/mgga-2/src/mgga_c_rppscan/fxc_unpol.rs
Wrote crates/kernels/mgga-2/src/mgga_c_rppscan/kxc_unpol.rs
Wrote crates/kernels/mgga-2/src/mgga_c_rppscan/lxc_unpol.rs
Wrote crates/kernels/mgga-2/src/mgga_c_rppscan/exc_pol.rs
Wrote crates/kernels/mgga-2/src/mgga_c_rppscan/vxc_pol.rs
Wrote crates/kernels/mgga-2/src/mgga_c_rppscan/fxc_pol.rs
Wrote crates/kernels/mgga-2/src/mgga_c_rppscan/kxc_pol_part0.rs
Wrote crates/kernels/mgga-2/src/mgga_c_rppscan/kxc_pol_part1.rs
Wrote crates/kernels/mgga-2/src/mgga_c_rppscan/lxc_pol_part0.rs
Wrote crates/kernels/mgga-2/src/mgga_c_rppscan/lxc_pol_part1.rs
Wrote crates/kernels/mgga-2/src/mgga_c_rppscan/lxc_pol_part2.rs
Wrote crates/kernels/mgga-2/src/mgga_c_rppscan/lxc_pol_part3.rs
Wrote crates/kernels/mgga-2/src/mgga_c_rppscan/lxc_pol_part4.rs
Wrote crates/kernels/mgga-2/src/mgga_c_rppscan/lxc_pol_part5.rs
Wrote crates/kernels/mgga-2/src/mgga_c_rppscan/lxc_pol_part6.rs
Wrote crates/kernels/mgga-2/src/mgga_c_rppscan/lxc_pol_part7.rs
Wrote crates/kernels/mgga-2/src/mgga_c_rppscan/lxc_pol_part8.rs
Wrote crates/kernels/mgga-2/src/mgga_c_rppscan/lxc_pol_part9.rs
Wrote crates/kernels/mgga-2/src/mgga_c_rppscan/lxc_pol_part10.rs
Wrote crates/kernels/mgga-2/src/mgga_c_rppscan/lxc_pol_part11.rs
Wrote crates/kernels/mgga-2/src/mgga_c_rppscan/lxc_pol_part12.rs
Wrote crates/kernels/mgga-2/src/mgga_c_rppscan/lxc_pol_part13.rs
Wrote crates/kernels/mgga-2/src/mgga_c_rppscan/lxc_pol_part14.rs
Wrote crates/kernels/mgga-2/src/mgga_c_rppscan/mod.rs
Wrote crates/kernels/mgga-2/src/mgga_x_edmgga/exc_unpol.rs
Wrote crates/kernels/mgga-2/src/mgga_x_edmgga/vxc_unpol.rs
Wrote crates/kernels/mgga-2/src/mgga_x_edmgga/fxc_unpol.rs
Wrote crates/kernels/mgga-2/src/mgga_x_edmgga/kxc_unpol.rs
Wrote crates/kernels/mgga-2/src/mgga_x_edmgga/lxc_unpol.rs
Wrote crates/kernels/mgga-2/src/mgga_x_edmgga/exc_pol.rs
Wrote crates/kernels/mgga-2/src/mgga_x_edmgga/vxc_pol.rs
Wrote crates/kernels/mgga-2/src/mgga_x_edmgga/fxc_pol.rs
Wrote crates/kernels/mgga-2/src/mgga_x_edmgga/kxc_pol.rs
Wrote crates/kernels/mgga-2/src/mgga_x_edmgga/lxc_pol_part0.rs
Wrote crates/kernels/mgga-2/src/mgga_x_edmgga/lxc_pol_part1.rs
Wrote crates/kernels/mgga-2/src/mgga_x_edmgga/mod.rs
Wrote crates/kernels/mgga-2/src/mgga_x_mn12/exc_unpol.rs
Wrote crates/kernels/mgga-2/src/mgga_x_mn12/vxc_unpol.rs
Wrote crates/kernels/mgga-2/src/mgga_x_mn12/fxc_unpol.rs
Wrote crates/kernels/mgga-2/src/mgga_x_mn12/kxc_unpol.rs
Wrote crates/kernels/mgga-2/src/mgga_x_mn12/lxc_unpol.rs
Wrote crates/kernels/mgga-2/src/mgga_x_mn12/exc_pol.rs
Wrote crates/kernels/mgga-2/src/mgga_x_mn12/vxc_pol.rs
Wrote crates/kernels/mgga-2/src/mgga_x_mn12/fxc_pol.rs
Wrote crates/kernels/mgga-2/src/mgga_x_mn12/kxc_pol.rs
Wrote crates/kernels/mgga-2/src/mgga_x_mn12/lxc_pol_part0.rs
Wrote crates/kernels/mgga-2/src/mgga_x_mn12/lxc_pol_part1.rs
Wrote crates/kernels/mgga-2/src/mgga_x_mn12/lxc_pol_part2.rs
Wrote crates/kernels/mgga-2/src/mgga_x_mn12/mod.rs
Wrote crates/kernels/mgga-2/src/mgga_x_tm/exc_unpol.rs
Wrote crates/kernels/mgga-2/src/mgga_x_tm/vxc_unpol.rs
Wrote crates/kernels/mgga-2/src/mgga_x_tm/fxc_unpol.rs
Wrote crates/kernels/mgga-2/src/mgga_x_tm/kxc_unpol.rs
Wrote crates/kernels/mgga-2/src/mgga_x_tm/lxc_unpol.rs
Wrote crates/kernels/mgga-2/src/mgga_x_tm/exc_pol.rs
Wrote crates/kernels/mgga-2/src/mgga_x_tm/vxc_pol.rs
Wrote crates/kernels/mgga-2/src/mgga_x_tm/fxc_pol.rs
Wrote crates/kernels/mgga-2/src/mgga_x_tm/kxc_pol.rs
Wrote crates/kernels/mgga-2/src/mgga_x_tm/lxc_pol_part0.rs
Wrote crates/kernels/mgga-2/src/mgga_x_tm/lxc_pol_part1.rs
Wrote crates/kernels/mgga-2/src/mgga_x_tm/mod.rs
