Wrote /tmp/libxc_mgga_probe_kcisk/mgga_c_kcisk/exc_unpol.rs
Wrote /tmp/libxc_mgga_probe_kcisk/mgga_c_kcisk/vxc_unpol.rs
Wrote /tmp/libxc_mgga_probe_kcisk/mgga_c_kcisk/fxc_unpol.rs
Wrote /tmp/libxc_mgga_probe_kcisk/mgga_c_kcisk/kxc_unpol.rs
Wrote /tmp/libxc_mgga_probe_kcisk/mgga_c_kcisk/lxc_unpol.rs
Wrote /tmp/libxc_mgga_probe_kcisk/mgga_c_kcisk/exc_pol.rs
Wrote /tmp/libxc_mgga_probe_kcisk/mgga_c_kcisk/vxc_pol.rs
Wrote /tmp/libxc_mgga_probe_kcisk/mgga_c_kcisk/fxc_pol_part0.rs
Wrote /tmp/libxc_mgga_probe_kcisk/mgga_c_kcisk/fxc_pol_part1.rs
Wrote /tmp/libxc_mgga_probe_kcisk/mgga_c_kcisk/fxc_pol_part2.rs
Wrote /tmp/libxc_mgga_probe_kcisk/mgga_c_kcisk/kxc_pol_part0.rs
Wrote /tmp/libxc_mgga_probe_kcisk/mgga_c_kcisk/kxc_pol_part1.rs
Wrote /tmp/libxc_mgga_probe_kcisk/mgga_c_kcisk/kxc_pol_part2.rs
Wrote /tmp/libxc_mgga_probe_kcisk/mgga_c_kcisk/kxc_pol_part3.rs
Wrote /tmp/libxc_mgga_probe_kcisk/mgga_c_kcisk/kxc_pol_part4.rs
Wrote /tmp/libxc_mgga_probe_kcisk/mgga_c_kcisk/kxc_pol_part5.rs
Wrote /tmp/libxc_mgga_probe_kcisk/mgga_c_kcisk/kxc_pol_part6.rs
Wrote /tmp/libxc_mgga_probe_kcisk/mgga_c_kcisk/kxc_pol_part7.rs
Wrote /tmp/libxc_mgga_probe_kcisk/mgga_c_kcisk/kxc_pol_part8.rs
Wrote /tmp/libxc_mgga_probe_kcisk/mgga_c_kcisk/kxc_pol_part9.rs
Wrote /tmp/libxc_mgga_probe_kcisk/mgga_c_kcisk/kxc_pol_part10.rs
Wrote /tmp/libxc_mgga_probe_kcisk/mgga_c_kcisk/kxc_pol_part11.rs
Wrote /tmp/libxc_mgga_probe_kcisk/mgga_c_kcisk/kxc_pol_part12.rs
Wrote /tmp/libxc_mgga_probe_kcisk/mgga_c_kcisk/lxc_pol_part0.rs
Wrote /tmp/libxc_mgga_probe_kcisk/mgga_c_kcisk/lxc_pol_part1.rs
Wrote /tmp/libxc_mgga_probe_kcisk/mgga_c_kcisk/lxc_pol_part2.rs
Wrote /tmp/libxc_mgga_probe_kcisk/mgga_c_kcisk/lxc_pol_part3.rs
Wrote /tmp/libxc_mgga_probe_kcisk/mgga_c_kcisk/lxc_pol_part4.rs
Wrote /tmp/libxc_mgga_probe_kcisk/mgga_c_kcisk/lxc_pol_part5.rs
Wrote /tmp/libxc_mgga_probe_kcisk/mgga_c_kcisk/lxc_pol_part6.rs
Wrote /tmp/libxc_mgga_probe_kcisk/mgga_c_kcisk/lxc_pol_part7.rs
Wrote /tmp/libxc_mgga_probe_kcisk/mgga_c_kcisk/lxc_pol_part8.rs
Wrote /tmp/libxc_mgga_probe_kcisk/mgga_c_kcisk/lxc_pol_part9.rs
Wrote /tmp/libxc_mgga_probe_kcisk/mgga_c_kcisk/lxc_pol_part10.rs
Wrote /tmp/libxc_mgga_probe_kcisk/mgga_c_kcisk/lxc_pol_part11.rs
Wrote /tmp/libxc_mgga_probe_kcisk/mgga_c_kcisk/lxc_pol_part12.rs
Wrote /tmp/libxc_mgga_probe_kcisk/mgga_c_kcisk/lxc_pol_part13.rs
Wrote /tmp/libxc_mgga_probe_kcisk/mgga_c_kcisk/lxc_pol_part14.rs
Wrote /tmp/libxc_mgga_probe_kcisk/mgga_c_kcisk/lxc_pol_part15.rs
Wrote /tmp/libxc_mgga_probe_kcisk/mgga_c_kcisk/lxc_pol_part16.rs
Wrote /tmp/libxc_mgga_probe_kcisk/mgga_c_kcisk/lxc_pol_part17.rs
Wrote /tmp/libxc_mgga_probe_kcisk/mgga_c_kcisk/lxc_pol_part18.rs
Wrote /tmp/libxc_mgga_probe_kcisk/mgga_c_kcisk/lxc_pol_part19.rs
Wrote /tmp/libxc_mgga_probe_kcisk/mgga_c_kcisk/lxc_pol_part20.rs
Wrote /tmp/libxc_mgga_probe_kcisk/mgga_c_kcisk/lxc_pol_part21.rs
Wrote /tmp/libxc_mgga_probe_kcisk/mgga_c_kcisk/lxc_pol_part22.rs
Wrote /tmp/libxc_mgga_probe_kcisk/mgga_c_kcisk/lxc_pol_part23.rs
Wrote /tmp/libxc_mgga_probe_kcisk/mgga_c_kcisk/lxc_pol_part24.rs
Wrote /tmp/libxc_mgga_probe_kcisk/mgga_c_kcisk/lxc_pol_part25.rs
Wrote /tmp/libxc_mgga_probe_kcisk/mgga_c_kcisk/lxc_pol_part26.rs
Wrote /tmp/libxc_mgga_probe_kcisk/mgga_c_kcisk/lxc_pol_part27.rs
Wrote /tmp/libxc_mgga_probe_kcisk/mgga_c_kcisk/lxc_pol_part28.rs
Wrote /tmp/libxc_mgga_probe_kcisk/mgga_c_kcisk/lxc_pol_part29.rs
Wrote /tmp/libxc_mgga_probe_kcisk/mgga_c_kcisk/lxc_pol_part30.rs
Wrote /tmp/libxc_mgga_probe_kcisk/mgga_c_kcisk/lxc_pol_part31.rs
Wrote /tmp/libxc_mgga_probe_kcisk/mgga_c_kcisk/lxc_pol_part32.rs
Wrote /tmp/libxc_mgga_probe_kcisk/mgga_c_kcisk/lxc_pol_part33.rs
Wrote /tmp/libxc_mgga_probe_kcisk/mgga_c_kcisk/lxc_pol_part34.rs
Wrote /tmp/libxc_mgga_probe_kcisk/mgga_c_kcisk/lxc_pol_part35.rs
Wrote /tmp/libxc_mgga_probe_kcisk/mgga_c_kcisk/lxc_pol_part36.rs
Wrote /tmp/libxc_mgga_probe_kcisk/mgga_c_kcisk/lxc_pol_part37.rs
Wrote /tmp/libxc_mgga_probe_kcisk/mgga_c_kcisk/lxc_pol_part38.rs
Wrote /tmp/libxc_mgga_probe_kcisk/mgga_c_kcisk/lxc_pol_part39.rs
Wrote /tmp/libxc_mgga_probe_kcisk/mgga_c_kcisk/lxc_pol_part40.rs
Wrote /tmp/libxc_mgga_probe_kcisk/mgga_c_kcisk/lxc_pol_part41.rs
Wrote /tmp/libxc_mgga_probe_kcisk/mgga_c_kcisk/lxc_pol_part42.rs
Wrote /tmp/libxc_mgga_probe_kcisk/mgga_c_kcisk/lxc_pol_part43.rs
Wrote /tmp/libxc_mgga_probe_kcisk/mgga_c_kcisk/lxc_pol_part44.rs
Wrote /tmp/libxc_mgga_probe_kcisk/mgga_c_kcisk/lxc_pol_part45.rs
Wrote /tmp/libxc_mgga_probe_kcisk/mgga_c_kcisk/lxc_pol_part46.rs
Wrote /tmp/libxc_mgga_probe_kcisk/mgga_c_kcisk/lxc_pol_part47.rs
Wrote /tmp/libxc_mgga_probe_kcisk/mgga_c_kcisk/mod.rs
