   Compiling libxc_rs v0.1.0 (/workspace)
error: rustc interrupted by SIGSEGV, printing backtrace

/home/vscode/.rustup/toolchains/stable-x86_64-unknown-linux-gnu/lib/librustc_driver-83018425804cb0fc.so(+0x3c16eec) [0x7aeac4416eec]
/usr/lib/x86_64-linux-gnu/libc.so.6(+0x45cb0) [0x7aeac0624cb0]
/workspace/target/debug/deps/libcubecl_macros-c12a4d1a3ce214dd.so(+0x363d1d) [0x7aea90963d1d]
/workspace/target/debug/deps/libcubecl_macros-c12a4d1a3ce214dd.so(+0x3218b1) [0x7aea909218b1]

### cycle encountered after 4 frames with period 8
/workspace/target/debug/deps/libcubecl_macros-c12a4d1a3ce214dd.so(+0x31f15c) [0x7aea9091f15c]
/workspace/target/debug/deps/libcubecl_macros-c12a4d1a3ce214dd.so(+0x330bcc) [0x7aea90930bcc]
/workspace/target/debug/deps/libcubecl_macros-c12a4d1a3ce214dd.so(+0x3daab6) [0x7aea909daab6]
/workspace/target/debug/deps/libcubecl_macros-c12a4d1a3ce214dd.so(+0x3218c3) [0x7aea909218c3]
/workspace/target/debug/deps/libcubecl_macros-c12a4d1a3ce214dd.so(+0x31f15c) [0x7aea9091f15c]
/workspace/target/debug/deps/libcubecl_macros-c12a4d1a3ce214dd.so(+0x330bcc) [0x7aea90930bcc]
/workspace/target/debug/deps/libcubecl_macros-c12a4d1a3ce214dd.so(+0x3daab6) [0x7aea909daab6]
/workspace/target/debug/deps/libcubecl_macros-c12a4d1a3ce214dd.so(+0x3218c3) [0x7aea909218c3]
### recursed 22 times

/workspace/target/debug/deps/libcubecl_macros-c12a4d1a3ce214dd.so(+0x173a46) [0x7aea90773a46]
/workspace/target/debug/deps/libcubecl_macros-c12a4d1a3ce214dd.so(+0x173a46) [0x7aea90773a46]
/workspace/target/debug/deps/libcubecl_macros-c12a4d1a3ce214dd.so(+0x173a46) [0x7aea90773a46]
/workspace/target/debug/deps/libcubecl_macros-c12a4d1a3ce214dd.so(+0x173a46) [0x7aea90773a46]
/workspace/target/debug/deps/libcubecl_macros-c12a4d1a3ce214dd.so(+0x173a46) [0x7aea90773a46]
/workspace/target/debug/deps/libcubecl_macros-c12a4d1a3ce214dd.so(+0x173a46) [0x7aea90773a46]
/workspace/target/debug/deps/libcubecl_macros-c12a4d1a3ce214dd.so(+0x173a46) [0x7aea90773a46]
/workspace/target/debug/deps/libcubecl_macros-c12a4d1a3ce214dd.so(+0x173a46) [0x7aea90773a46]
/workspace/target/debug/deps/libcubecl_macros-c12a4d1a3ce214dd.so(+0x173a46) [0x7aea90773a46]
/workspace/target/debug/deps/libcubecl_macros-c12a4d1a3ce214dd.so(+0x173a46) [0x7aea90773a46]
/workspace/target/debug/deps/libcubecl_macros-c12a4d1a3ce214dd.so(+0x173a46) [0x7aea90773a46]
/workspace/target/debug/deps/libcubecl_macros-c12a4d1a3ce214dd.so(+0x173a46) [0x7aea90773a46]
/workspace/target/debug/deps/libcubecl_macros-c12a4d1a3ce214dd.so(+0x173a46) [0x7aea90773a46]
/workspace/target/debug/deps/libcubecl_macros-c12a4d1a3ce214dd.so(+0x173a46) [0x7aea90773a46]
/workspace/target/debug/deps/libcubecl_macros-c12a4d1a3ce214dd.so(+0x173a46) [0x7aea90773a46]
/workspace/target/debug/deps/libcubecl_macros-c12a4d1a3ce214dd.so(+0x173a46) [0x7aea90773a46]
/workspace/target/debug/deps/libcubecl_macros-c12a4d1a3ce214dd.so(+0x173a46) [0x7aea90773a46]
/workspace/target/debug/deps/libcubecl_macros-c12a4d1a3ce214dd.so(+0x173a46) [0x7aea90773a46]
/workspace/target/debug/deps/libcubecl_macros-c12a4d1a3ce214dd.so(+0x173a46) [0x7aea90773a46]
/workspace/target/debug/deps/libcubecl_macros-c12a4d1a3ce214dd.so(+0x173a46) [0x7aea90773a46]
/workspace/target/debug/deps/libcubecl_macros-c12a4d1a3ce214dd.so(+0x173a46) [0x7aea90773a46]
/workspace/target/debug/deps/libcubecl_macros-c12a4d1a3ce214dd.so(+0x179fa6) [0x7aea90779fa6]
/workspace/target/debug/deps/libcubecl_macros-c12a4d1a3ce214dd.so(+0x173bbd) [0x7aea90773bbd]
/workspace/target/debug/deps/libcubecl_macros-c12a4d1a3ce214dd.so(+0x173a46) [0x7aea90773a46]
/workspace/target/debug/deps/libcubecl_macros-c12a4d1a3ce214dd.so(+0x173a46) [0x7aea90773a46]
/workspace/target/debug/deps/libcubecl_macros-c12a4d1a3ce214dd.so(+0x173a46) [0x7aea90773a46]
/workspace/target/debug/deps/libcubecl_macros-c12a4d1a3ce214dd.so(+0x173a46) [0x7aea90773a46]
/workspace/target/debug/deps/libcubecl_macros-c12a4d1a3ce214dd.so(+0x173a46) [0x7aea90773a46]
/workspace/target/debug/deps/libcubecl_macros-c12a4d1a3ce214dd.so(+0x173a46) [0x7aea90773a46]
/workspace/target/debug/deps/libcubecl_macros-c12a4d1a3ce214dd.so(+0x173a46) [0x7aea90773a46]
/workspace/target/debug/deps/libcubecl_macros-c12a4d1a3ce214dd.so(+0x173a46) [0x7aea90773a46]
/workspace/target/debug/deps/libcubecl_macros-c12a4d1a3ce214dd.so(+0x173a46) [0x7aea90773a46]
/workspace/target/debug/deps/libcubecl_macros-c12a4d1a3ce214dd.so(+0x173a46) [0x7aea90773a46]
/workspace/target/debug/deps/libcubecl_macros-c12a4d1a3ce214dd.so(+0x173a46) [0x7aea90773a46]
/workspace/target/debug/deps/libcubecl_macros-c12a4d1a3ce214dd.so(+0x173a46) [0x7aea90773a46]
/workspace/target/debug/deps/libcubecl_macros-c12a4d1a3ce214dd.so(+0x2033ab) [0x7aea908033ab]
/workspace/target/debug/deps/libcubecl_macros-c12a4d1a3ce214dd.so(+0x250f0c) [0x7aea90850f0c]
/workspace/target/debug/deps/libcubecl_macros-c12a4d1a3ce214dd.so(+0x2591f5) [0x7aea908591f5]
/workspace/target/debug/deps/libcubecl_macros-c12a4d1a3ce214dd.so(+0x1d9c69) [0x7aea907d9c69]
/workspace/target/debug/deps/libcubecl_macros-c12a4d1a3ce214dd.so(+0x1fa026) [0x7aea907fa026]
/workspace/target/debug/deps/libcubecl_macros-c12a4d1a3ce214dd.so(+0x190884) [0x7aea90790884]
/workspace/target/debug/deps/libcubecl_macros-c12a4d1a3ce214dd.so(+0x1f633c) [0x7aea907f633c]
/workspace/target/debug/deps/libcubecl_macros-c12a4d1a3ce214dd.so(+0x1c1038) [0x7aea907c1038]
/workspace/target/debug/deps/libcubecl_macros-c12a4d1a3ce214dd.so(+0x1d0326) [0x7aea907d0326]
/workspace/target/debug/deps/libcubecl_macros-c12a4d1a3ce214dd.so(+0x1bb7d5) [0x7aea907bb7d5]
/workspace/target/debug/deps/libcubecl_macros-c12a4d1a3ce214dd.so(+0x14472d) [0x7aea9074472d]
/workspace/target/debug/deps/libcubecl_macros-c12a4d1a3ce214dd.so(+0x146c37) [0x7aea90746c37]
/workspace/target/debug/deps/libcubecl_macros-c12a4d1a3ce214dd.so(+0x258310) [0x7aea90858310]
/workspace/target/debug/deps/libcubecl_macros-c12a4d1a3ce214dd.so(+0x1ce9f9) [0x7aea907ce9f9]
/workspace/target/debug/deps/libcubecl_macros-c12a4d1a3ce214dd.so(+0x258135) [0x7aea90858135]
/workspace/target/debug/deps/libcubecl_macros-c12a4d1a3ce214dd.so(+0x1f88ad) [0x7aea907f88ad]
/workspace/target/debug/deps/libcubecl_macros-c12a4d1a3ce214dd.so(+0x17d292) [0x7aea9077d292]
/workspace/target/debug/deps/libcubecl_macros-c12a4d1a3ce214dd.so(+0x1da8b6) [0x7aea907da8b6]
/workspace/target/debug/deps/libcubecl_macros-c12a4d1a3ce214dd.so(+0x21e135) [0x7aea9081e135]
/workspace/target/debug/deps/libcubecl_macros-c12a4d1a3ce214dd.so(+0x1d9f67) [0x7aea907d9f67]
/workspace/target/debug/deps/libcubecl_macros-c12a4d1a3ce214dd.so(+0x172666) [0x7aea90772666]
/workspace/target/debug/deps/libcubecl_macros-c12a4d1a3ce214dd.so(+0x2592a3) [0x7aea908592a3]
/workspace/target/debug/deps/libcubecl_macros-c12a4d1a3ce214dd.so(+0x1d9c69) [0x7aea907d9c69]
/workspace/target/debug/deps/libcubecl_macros-c12a4d1a3ce214dd.so(+0x1fa026) [0x7aea907fa026]
/workspace/target/debug/deps/libcubecl_macros-c12a4d1a3ce214dd.so(+0x190884) [0x7aea90790884]
/workspace/target/debug/deps/libcubecl_macros-c12a4d1a3ce214dd.so(+0x1f633c) [0x7aea907f633c]
/workspace/target/debug/deps/libcubecl_macros-c12a4d1a3ce214dd.so(+0x1c1038) [0x7aea907c1038]
/workspace/target/debug/deps/libcubecl_macros-c12a4d1a3ce214dd.so(+0x1d0326) [0x7aea907d0326]
/workspace/target/debug/deps/libcubecl_macros-c12a4d1a3ce214dd.so(+0x1bb7d5) [0x7aea907bb7d5]
/workspace/target/debug/deps/libcubecl_macros-c12a4d1a3ce214dd.so(+0x14472d) [0x7aea9074472d]
/workspace/target/debug/deps/libcubecl_macros-c12a4d1a3ce214dd.so(+0x146c37) [0x7aea90746c37]
/workspace/target/debug/deps/libcubecl_macros-c12a4d1a3ce214dd.so(+0x258310) [0x7aea90858310]
/workspace/target/debug/deps/libcubecl_macros-c12a4d1a3ce214dd.so(+0x1ce9f9) [0x7aea907ce9f9]
/workspace/target/debug/deps/libcubecl_macros-c12a4d1a3ce214dd.so(+0x258135) [0x7aea90858135]
/workspace/target/debug/deps/libcubecl_macros-c12a4d1a3ce214dd.so(+0x1f88ad) [0x7aea907f88ad]
/workspace/target/debug/deps/libcubecl_macros-c12a4d1a3ce214dd.so(+0x17d292) [0x7aea9077d292]
/workspace/target/debug/deps/libcubecl_macros-c12a4d1a3ce214dd.so(+0x19bdf6) [0x7aea9079bdf6]
/workspace/target/debug/deps/libcubecl_macros-c12a4d1a3ce214dd.so(+0x21ce85) [0x7aea9081ce85]
/workspace/target/debug/deps/libcubecl_macros-c12a4d1a3ce214dd.so(+0x19b8ab) [0x7aea9079b8ab]
/workspace/target/debug/deps/libcubecl_macros-c12a4d1a3ce214dd.so(+0x19a72f) [0x7aea9079a72f]
/workspace/target/debug/deps/libcubecl_macros-c12a4d1a3ce214dd.so(+0x25c19f) [0x7aea9085c19f]

note: rustc unexpectedly overflowed its stack! this is a bug
note: maximum backtrace depth reached, frames may have been lost
note: we would appreciate a report at https://github.com/rust-lang/rust
help: you can increase rustc's stack size by setting RUST_MIN_STACK=16777216
note: backtrace dumped due to SIGSEGV! resuming signal
error: could not compile `libxc_rs` (lib)

Caused by:
  process didn't exit successfully: `/home/vscode/.rustup/toolchains/stable-x86_64-unknown-linux-gnu/bin/rustc --crate-name libxc_rs --edition=2024 src/lib.rs --error-format=json --json=diagnostic-rendered-ansi,artifacts,future-incompat --crate-type lib --emit=dep-info,metadata,link -C embed-bitcode=no -C debuginfo=2 --check-cfg 'cfg(docsrs,test)' --check-cfg 'cfg(feature, values())' -C metadata=b4ea9ba426ec25d9 -C extra-filename=-47be1f67779b1b2c --out-dir /workspace/target/debug/deps -C linker=clang -C incremental=/workspace/target/debug/incremental -L dependency=/workspace/target/debug/deps --extern bitflags=/workspace/target/debug/deps/libbitflags-a9492541ec333643.rmeta --extern bytemuck=/workspace/target/debug/deps/libbytemuck-88d75ee8991cf298.rmeta --extern cubecl=/workspace/target/debug/deps/libcubecl-f313bf8e3f1a9e87.rmeta --extern thiserror=/workspace/target/debug/deps/libthiserror-146249504c7bc201.rmeta -C link-arg=-fuse-ld=mold -L native=/home/vscode/.local/share/tracel/tracel-llvm-20.1.4-7/lib` (signal: 11, SIGSEGV: invalid memory reference)
