    Checking serde_core v1.0.228
    Checking libc v0.2.184
    Checking libm v0.2.16
    Checking cfg-if v1.0.4
    Checking zerocopy v0.8.48
    Checking memchr v2.8.0
    Checking pin-project-lite v0.2.17
    Checking parking v2.2.1
    Checking scopeguard v1.2.0
    Checking equivalent v1.0.2
    Checking regex-syntax v0.8.10
    Checking crossbeam-utils v0.8.21
    Checking bytemuck v1.25.0
    Checking option-ext v0.2.0
    Checking adler2 v2.0.1
    Checking gimli v0.32.3
    Checking smallvec v1.15.1
    Checking futures-core v0.3.32
    Checking zmij v1.0.21
    Checking allocator-api2 v0.2.21
    Checking lock_api v0.4.14
    Checking rustc-demangle v0.1.27
    Checking miniz_oxide v0.8.9
    Checking futures-io v0.3.32
    Checking fastrand v2.4.1
    Checking itoa v1.0.18
    Checking foldhash v0.1.5
    Checking spin v0.10.0
    Checking derive_more v2.1.1
    Checking embassy-futures v0.1.2
    Checking winnow v1.0.1
    Checking concurrent-queue v2.5.0
    Checking log v0.4.29
    Checking float4 v0.1.0
    Checking web-time v1.1.0
    Checking toml_writer v1.1.1+spec-1.1.0
    Checking futures-lite v2.6.1
    Checking fnv v1.0.7
    Checking float-ord v0.3.2
    Checking winnow v0.7.15
    Checking event-listener v5.4.1
    Checking thiserror v2.0.18
    Checking md5 v0.8.0
    Checking hashbrown v0.16.1
    Checking tracel-mlir-sys v20.1.4-7
    Checking object v0.37.3
    Checking rustc-hash v2.1.2
    Checking fixedbitset v0.4.2
    Checking type-map v0.5.1
    Checking stable-vec v0.4.2
    Checking tracel-mlir-rs v20.1.4-7
    Checking toml_parser v1.1.2+spec-1.1.0
    Checking event-listener-strategy v0.5.4
    Checking async-channel v2.5.0
    Checking indexmap v2.13.1
    Checking num-traits v0.2.19
    Checking getrandom v0.3.4
    Checking parking_lot_core v0.9.12
    Checking dirs-sys v0.5.0
    Checking sysinfo v0.36.1
    Checking regex-automata v0.4.14
    Checking dirs v6.0.0
    Checking rand_core v0.9.5
    Checking parking_lot v0.12.5
    Checking num-integer v0.1.46
    Checking num-complex v0.4.6
    Checking petgraph v0.6.5
    Checking num-bigint v0.4.6
    Checking num-iter v0.1.45
    Checking addr2line v0.25.1
    Checking serde v1.0.228
    Checking serde_bytes v0.11.19
    Checking serde_json v1.0.149
    Checking serde_spanned v1.1.1
    Checking toml_datetime v0.7.5+spec-1.1.0
    Checking bitflags v2.11.0
    Checking toml v0.9.12+spec-1.1.0
    Checking regex v1.12.3
    Checking hashbrown v0.15.5
    Checking portable-atomic v1.13.1
    Checking enumset v1.1.10
    Checking sanitize-filename v0.6.0
    Checking num-rational v0.4.2
    Checking num v0.4.3
    Checking backtrace v0.3.76
    Checking ppv-lite86 v0.2.21
    Checking half v2.7.1
    Checking rand_chacha v0.9.0
    Checking float8 v0.4.2
    Checking rand v0.9.2
    Checking cubecl-common v0.9.0
    Checking cubecl-ir v0.9.0
    Checking cubecl-runtime v0.9.0
    Checking cubecl-core v0.9.0
    Checking cubecl-std v0.9.0
    Checking cubecl-opt v0.9.0
    Checking tracel-llvm v20.1.4-7
    Checking cubecl-cpu v0.9.0
    Checking cubecl v0.9.0
    Checking libxc_rs v0.1.0 (/workspace)
error: could not compile `libxc_rs` (lib)

Caused by:
  process didn't exit successfully: `/home/vscode/.rustup/toolchains/stable-x86_64-unknown-linux-gnu/bin/rustc --crate-name libxc_rs --edition=2024 src/lib.rs --error-format=json --json=diagnostic-rendered-ansi,artifacts,future-incompat --crate-type lib --emit=dep-info,metadata -C embed-bitcode=no -C codegen-units=32 -C debuginfo=2 --check-cfg 'cfg(docsrs,test)' --check-cfg 'cfg(feature, values())' -C metadata=2c773a7ef5bfa951 -C extra-filename=-4ae5b71c5173ca13 --out-dir /workspace/target/debug/deps -C linker=clang -C incremental=/workspace/target/debug/incremental -L dependency=/workspace/target/debug/deps --extern bitflags=/workspace/target/debug/deps/libbitflags-7beb98be662d2643.rmeta --extern bytemuck=/workspace/target/debug/deps/libbytemuck-f0046aac48f6fa2d.rmeta --extern cubecl=/workspace/target/debug/deps/libcubecl-4cf63f8ce553b543.rmeta --extern thiserror=/workspace/target/debug/deps/libthiserror-3cffa3272221771e.rmeta -C link-arg=-fuse-ld=mold -L native=/home/vscode/.local/share/tracel/tracel-llvm-20.1.4-7/lib` (signal: 15, SIGTERM: termination signal)
