   Compiling serde_core v1.0.228
   Compiling libc v0.2.184
   Compiling libm v0.2.16
   Compiling cfg-if v1.0.4
   Compiling num-traits v0.2.19
   Compiling serde v1.0.228
   Compiling zerocopy v0.8.48
   Compiling parking v2.2.1
   Compiling memchr v2.8.0
   Compiling pin-project-lite v0.2.17
   Compiling getrandom v0.3.4
   Compiling scopeguard v1.2.0
   Compiling regex-syntax v0.8.10
   Compiling equivalent v1.0.2
   Compiling regex-automata v0.4.14
   Compiling lock_api v0.4.14
   Compiling rand_core v0.9.5
   Compiling crossbeam-utils v0.8.21
   Compiling ppv-lite86 v0.2.21
   Compiling bytemuck v1.25.0
   Compiling smallvec v1.15.1
   Compiling gimli v0.32.3
   Compiling futures-core v0.3.32
   Compiling option-ext v0.2.0
   Compiling adler2 v2.0.1
   Compiling miniz_oxide v0.8.9
   Compiling dirs-sys v0.5.0
   Compiling addr2line v0.25.1
   Compiling parking_lot_core v0.9.12
   Compiling half v2.7.1
   Compiling rand_chacha v0.9.0
   Compiling concurrent-queue v2.5.0
   Compiling regex v1.12.3
   Compiling object v0.37.3
   Compiling zmij v1.0.21
   Compiling fastrand v2.4.1
   Compiling rustc-demangle v0.1.27
   Compiling itoa v1.0.18
   Compiling allocator-api2 v0.2.21
   Compiling foldhash v0.1.5
   Compiling futures-io v0.3.32
   Compiling futures-lite v2.6.1
   Compiling hashbrown v0.15.5
   Compiling serde_json v1.0.149
   Compiling backtrace v0.3.76
   Compiling sanitize-filename v0.6.0
   Compiling event-listener v5.4.1
   Compiling rand v0.9.2
   Compiling float8 v0.4.2
   Compiling parking_lot v0.12.5
   Compiling dirs v6.0.0
   Compiling spin v0.10.0
   Compiling derive_more v2.1.1
   Compiling serde_bytes v0.11.19
   Compiling float4 v0.1.0
   Compiling web-time v1.1.0
   Compiling winnow v1.0.1
   Compiling embassy-futures v0.1.2
   Compiling log v0.4.29
   Compiling cubecl-common v0.9.0
   Compiling toml_parser v1.1.2+spec-1.1.0
   Compiling enumset v1.1.10
   Compiling event-listener-strategy v0.5.4
   Compiling portable-atomic v1.13.1
   Compiling num-integer v0.1.46
   Compiling toml_datetime v0.7.5+spec-1.1.0
   Compiling serde_spanned v1.1.1
   Compiling toml_writer v1.1.1+spec-1.1.0
   Compiling winnow v0.7.15
   Compiling float-ord v0.3.2
   Compiling fnv v1.0.7
   Compiling cubecl-ir v0.9.0
   Compiling toml v0.9.12+spec-1.1.0
   Compiling async-channel v2.5.0
   Compiling thiserror v2.0.18
   Compiling md5 v0.8.0
   Compiling cubecl-runtime v0.9.0
   Compiling num-bigint v0.4.6
   Compiling bitflags v2.11.0
   Compiling hashbrown v0.16.1
   Compiling indexmap v2.13.1
   Compiling cubecl-core v0.9.0
   Compiling num-rational v0.4.2
   Compiling tracel-mlir-sys v20.1.4-7
   Compiling num-iter v0.1.45
   Compiling num-complex v0.4.6
   Compiling rustc-hash v2.1.2
   Compiling fixedbitset v0.4.2
   Compiling petgraph v0.6.5
   Compiling type-map v0.5.1
   Compiling num v0.4.3
   Compiling tracel-mlir-rs v20.1.4-7
   Compiling stable-vec v0.4.2
   Compiling cubecl-opt v0.9.0
   Compiling tracel-llvm v20.1.4-7
   Compiling cubecl-std v0.9.0
   Compiling sysinfo v0.36.1
   Compiling cubecl-cpu v0.9.0
   Compiling cubecl v0.9.0
   Compiling libxc-kernel-math v0.1.0 (/home/chemtech/workspace/libxc_rs/crates/kernel-math)
   Compiling libxc-kernel-mgga-2a v0.1.0 (/home/chemtech/workspace/libxc_rs/crates/kernel-mgga-2a)
   Compiling libxc-kernel-mgga-20a v0.1.0 (/home/chemtech/workspace/libxc_rs/crates/kernel-mgga-20a)
   Compiling libxc-kernel-gga-10a v0.1.0 (/home/chemtech/workspace/libxc_rs/crates/kernel-gga-10a)
   Compiling libxc-kernel-mgga-17 v0.1.0 (/home/chemtech/workspace/libxc_rs/crates/kernel-mgga-17)
