warning: profiles for the non root package will be ignored, specify profiles at the workspace root:
package:   /workspace/crates/kernel-mgga-10a/Cargo.toml
workspace: /workspace/Cargo.toml
warning: profiles for the non root package will be ignored, specify profiles at the workspace root:
package:   /workspace/crates/kernel-mgga-10b/Cargo.toml
workspace: /workspace/Cargo.toml
warning: profiles for the non root package will be ignored, specify profiles at the workspace root:
package:   /workspace/crates/kernel-mgga-11a/Cargo.toml
workspace: /workspace/Cargo.toml
warning: profiles for the non root package will be ignored, specify profiles at the workspace root:
package:   /workspace/crates/kernel-mgga-11b/Cargo.toml
workspace: /workspace/Cargo.toml
warning: profiles for the non root package will be ignored, specify profiles at the workspace root:
package:   /workspace/crates/kernel-mgga-11c/Cargo.toml
workspace: /workspace/Cargo.toml
warning: profiles for the non root package will be ignored, specify profiles at the workspace root:
package:   /workspace/crates/kernel-mgga-12a/Cargo.toml
workspace: /workspace/Cargo.toml
warning: profiles for the non root package will be ignored, specify profiles at the workspace root:
package:   /workspace/crates/kernel-mgga-12b/Cargo.toml
workspace: /workspace/Cargo.toml
warning: profiles for the non root package will be ignored, specify profiles at the workspace root:
package:   /workspace/crates/kernel-mgga-12c/Cargo.toml
workspace: /workspace/Cargo.toml
warning: profiles for the non root package will be ignored, specify profiles at the workspace root:
package:   /workspace/crates/kernel-mgga-12d/Cargo.toml
workspace: /workspace/Cargo.toml
warning: profiles for the non root package will be ignored, specify profiles at the workspace root:
package:   /workspace/crates/kernel-mgga-13a/Cargo.toml
workspace: /workspace/Cargo.toml
warning: profiles for the non root package will be ignored, specify profiles at the workspace root:
package:   /workspace/crates/kernel-mgga-13b/Cargo.toml
workspace: /workspace/Cargo.toml
warning: profiles for the non root package will be ignored, specify profiles at the workspace root:
package:   /workspace/crates/kernel-mgga-14a/Cargo.toml
workspace: /workspace/Cargo.toml
warning: profiles for the non root package will be ignored, specify profiles at the workspace root:
package:   /workspace/crates/kernel-mgga-14b/Cargo.toml
workspace: /workspace/Cargo.toml
warning: profiles for the non root package will be ignored, specify profiles at the workspace root:
package:   /workspace/crates/kernel-mgga-14c/Cargo.toml
workspace: /workspace/Cargo.toml
warning: profiles for the non root package will be ignored, specify profiles at the workspace root:
package:   /workspace/crates/kernel-mgga-14d/Cargo.toml
workspace: /workspace/Cargo.toml
warning: profiles for the non root package will be ignored, specify profiles at the workspace root:
package:   /workspace/crates/kernel-mgga-14e/Cargo.toml
workspace: /workspace/Cargo.toml
warning: profiles for the non root package will be ignored, specify profiles at the workspace root:
package:   /workspace/crates/kernel-mgga-14f/Cargo.toml
workspace: /workspace/Cargo.toml
warning: profiles for the non root package will be ignored, specify profiles at the workspace root:
package:   /workspace/crates/kernel-mgga-14g/Cargo.toml
workspace: /workspace/Cargo.toml
warning: profiles for the non root package will be ignored, specify profiles at the workspace root:
package:   /workspace/crates/kernel-mgga-14h/Cargo.toml
workspace: /workspace/Cargo.toml
warning: profiles for the non root package will be ignored, specify profiles at the workspace root:
package:   /workspace/crates/kernel-mgga-14i/Cargo.toml
workspace: /workspace/Cargo.toml
warning: profiles for the non root package will be ignored, specify profiles at the workspace root:
package:   /workspace/crates/kernel-mgga-14j/Cargo.toml
workspace: /workspace/Cargo.toml
warning: profiles for the non root package will be ignored, specify profiles at the workspace root:
package:   /workspace/crates/kernel-mgga-14k/Cargo.toml
workspace: /workspace/Cargo.toml
warning: profiles for the non root package will be ignored, specify profiles at the workspace root:
package:   /workspace/crates/kernel-mgga-14l/Cargo.toml
workspace: /workspace/Cargo.toml
warning: profiles for the non root package will be ignored, specify profiles at the workspace root:
package:   /workspace/crates/kernel-mgga-15a/Cargo.toml
workspace: /workspace/Cargo.toml
warning: profiles for the non root package will be ignored, specify profiles at the workspace root:
package:   /workspace/crates/kernel-mgga-15b/Cargo.toml
workspace: /workspace/Cargo.toml
warning: profiles for the non root package will be ignored, specify profiles at the workspace root:
package:   /workspace/crates/kernel-mgga-15c/Cargo.toml
workspace: /workspace/Cargo.toml
warning: profiles for the non root package will be ignored, specify profiles at the workspace root:
package:   /workspace/crates/kernel-mgga-15d/Cargo.toml
workspace: /workspace/Cargo.toml
warning: profiles for the non root package will be ignored, specify profiles at the workspace root:
package:   /workspace/crates/kernel-mgga-15e/Cargo.toml
workspace: /workspace/Cargo.toml
warning: profiles for the non root package will be ignored, specify profiles at the workspace root:
package:   /workspace/crates/kernel-mgga-15f/Cargo.toml
workspace: /workspace/Cargo.toml
warning: profiles for the non root package will be ignored, specify profiles at the workspace root:
package:   /workspace/crates/kernel-mgga-15g/Cargo.toml
workspace: /workspace/Cargo.toml
warning: profiles for the non root package will be ignored, specify profiles at the workspace root:
package:   /workspace/crates/kernel-mgga-15h/Cargo.toml
workspace: /workspace/Cargo.toml
warning: profiles for the non root package will be ignored, specify profiles at the workspace root:
package:   /workspace/crates/kernel-mgga-18a/Cargo.toml
workspace: /workspace/Cargo.toml
warning: profiles for the non root package will be ignored, specify profiles at the workspace root:
package:   /workspace/crates/kernel-mgga-18b/Cargo.toml
workspace: /workspace/Cargo.toml
warning: profiles for the non root package will be ignored, specify profiles at the workspace root:
package:   /workspace/crates/kernel-mgga-18c/Cargo.toml
workspace: /workspace/Cargo.toml
warning: profiles for the non root package will be ignored, specify profiles at the workspace root:
package:   /workspace/crates/kernel-mgga-19a/Cargo.toml
workspace: /workspace/Cargo.toml
warning: profiles for the non root package will be ignored, specify profiles at the workspace root:
package:   /workspace/crates/kernel-mgga-19b/Cargo.toml
workspace: /workspace/Cargo.toml
warning: profiles for the non root package will be ignored, specify profiles at the workspace root:
package:   /workspace/crates/kernel-mgga-19c/Cargo.toml
workspace: /workspace/Cargo.toml
warning: profiles for the non root package will be ignored, specify profiles at the workspace root:
package:   /workspace/crates/kernel-mgga-19d/Cargo.toml
workspace: /workspace/Cargo.toml
warning: profiles for the non root package will be ignored, specify profiles at the workspace root:
package:   /workspace/crates/kernel-mgga-19e/Cargo.toml
workspace: /workspace/Cargo.toml
warning: profiles for the non root package will be ignored, specify profiles at the workspace root:
package:   /workspace/crates/kernel-mgga-19f/Cargo.toml
workspace: /workspace/Cargo.toml
warning: profiles for the non root package will be ignored, specify profiles at the workspace root:
package:   /workspace/crates/kernel-mgga-19g/Cargo.toml
workspace: /workspace/Cargo.toml
warning: profiles for the non root package will be ignored, specify profiles at the workspace root:
package:   /workspace/crates/kernel-mgga-1a/Cargo.toml
workspace: /workspace/Cargo.toml
warning: profiles for the non root package will be ignored, specify profiles at the workspace root:
package:   /workspace/crates/kernel-mgga-1b/Cargo.toml
workspace: /workspace/Cargo.toml
warning: profiles for the non root package will be ignored, specify profiles at the workspace root:
package:   /workspace/crates/kernel-mgga-1c/Cargo.toml
workspace: /workspace/Cargo.toml
warning: profiles for the non root package will be ignored, specify profiles at the workspace root:
package:   /workspace/crates/kernel-mgga-1d/Cargo.toml
workspace: /workspace/Cargo.toml
warning: profiles for the non root package will be ignored, specify profiles at the workspace root:
package:   /workspace/crates/kernel-mgga-20a/Cargo.toml
workspace: /workspace/Cargo.toml
warning: profiles for the non root package will be ignored, specify profiles at the workspace root:
package:   /workspace/crates/kernel-mgga-20b/Cargo.toml
workspace: /workspace/Cargo.toml
warning: profiles for the non root package will be ignored, specify profiles at the workspace root:
package:   /workspace/crates/kernel-mgga-20c/Cargo.toml
workspace: /workspace/Cargo.toml
warning: profiles for the non root package will be ignored, specify profiles at the workspace root:
package:   /workspace/crates/kernel-mgga-20d/Cargo.toml
workspace: /workspace/Cargo.toml
warning: profiles for the non root package will be ignored, specify profiles at the workspace root:
package:   /workspace/crates/kernel-mgga-20e/Cargo.toml
workspace: /workspace/Cargo.toml
warning: profiles for the non root package will be ignored, specify profiles at the workspace root:
package:   /workspace/crates/kernel-mgga-20f/Cargo.toml
workspace: /workspace/Cargo.toml
warning: profiles for the non root package will be ignored, specify profiles at the workspace root:
package:   /workspace/crates/kernel-mgga-20g/Cargo.toml
workspace: /workspace/Cargo.toml
warning: profiles for the non root package will be ignored, specify profiles at the workspace root:
package:   /workspace/crates/kernel-mgga-20h/Cargo.toml
workspace: /workspace/Cargo.toml
warning: profiles for the non root package will be ignored, specify profiles at the workspace root:
package:   /workspace/crates/kernel-mgga-20i/Cargo.toml
workspace: /workspace/Cargo.toml
warning: profiles for the non root package will be ignored, specify profiles at the workspace root:
package:   /workspace/crates/kernel-mgga-20j/Cargo.toml
workspace: /workspace/Cargo.toml
warning: profiles for the non root package will be ignored, specify profiles at the workspace root:
package:   /workspace/crates/kernel-mgga-20k/Cargo.toml
workspace: /workspace/Cargo.toml
warning: profiles for the non root package will be ignored, specify profiles at the workspace root:
package:   /workspace/crates/kernel-mgga-20l/Cargo.toml
workspace: /workspace/Cargo.toml
warning: profiles for the non root package will be ignored, specify profiles at the workspace root:
package:   /workspace/crates/kernel-mgga-22a/Cargo.toml
workspace: /workspace/Cargo.toml
warning: profiles for the non root package will be ignored, specify profiles at the workspace root:
package:   /workspace/crates/kernel-mgga-22b/Cargo.toml
workspace: /workspace/Cargo.toml
warning: profiles for the non root package will be ignored, specify profiles at the workspace root:
package:   /workspace/crates/kernel-mgga-22c/Cargo.toml
workspace: /workspace/Cargo.toml
warning: profiles for the non root package will be ignored, specify profiles at the workspace root:
package:   /workspace/crates/kernel-mgga-22d/Cargo.toml
workspace: /workspace/Cargo.toml
warning: profiles for the non root package will be ignored, specify profiles at the workspace root:
package:   /workspace/crates/kernel-mgga-24a/Cargo.toml
workspace: /workspace/Cargo.toml
warning: profiles for the non root package will be ignored, specify profiles at the workspace root:
package:   /workspace/crates/kernel-mgga-24b/Cargo.toml
workspace: /workspace/Cargo.toml
warning: profiles for the non root package will be ignored, specify profiles at the workspace root:
package:   /workspace/crates/kernel-mgga-25a/Cargo.toml
workspace: /workspace/Cargo.toml
warning: profiles for the non root package will be ignored, specify profiles at the workspace root:
package:   /workspace/crates/kernel-mgga-25b/Cargo.toml
workspace: /workspace/Cargo.toml
warning: profiles for the non root package will be ignored, specify profiles at the workspace root:
package:   /workspace/crates/kernel-mgga-26a/Cargo.toml
workspace: /workspace/Cargo.toml
warning: profiles for the non root package will be ignored, specify profiles at the workspace root:
package:   /workspace/crates/kernel-mgga-26b/Cargo.toml
workspace: /workspace/Cargo.toml
warning: profiles for the non root package will be ignored, specify profiles at the workspace root:
package:   /workspace/crates/kernel-mgga-27a/Cargo.toml
workspace: /workspace/Cargo.toml
warning: profiles for the non root package will be ignored, specify profiles at the workspace root:
package:   /workspace/crates/kernel-mgga-27b/Cargo.toml
workspace: /workspace/Cargo.toml
warning: profiles for the non root package will be ignored, specify profiles at the workspace root:
package:   /workspace/crates/kernel-mgga-27c/Cargo.toml
workspace: /workspace/Cargo.toml
warning: profiles for the non root package will be ignored, specify profiles at the workspace root:
package:   /workspace/crates/kernel-mgga-2a/Cargo.toml
workspace: /workspace/Cargo.toml
warning: profiles for the non root package will be ignored, specify profiles at the workspace root:
package:   /workspace/crates/kernel-mgga-2b/Cargo.toml
workspace: /workspace/Cargo.toml
warning: profiles for the non root package will be ignored, specify profiles at the workspace root:
package:   /workspace/crates/kernel-mgga-32a/Cargo.toml
workspace: /workspace/Cargo.toml
warning: profiles for the non root package will be ignored, specify profiles at the workspace root:
package:   /workspace/crates/kernel-mgga-32b/Cargo.toml
workspace: /workspace/Cargo.toml
warning: profiles for the non root package will be ignored, specify profiles at the workspace root:
package:   /workspace/crates/kernel-mgga-36a/Cargo.toml
workspace: /workspace/Cargo.toml
warning: profiles for the non root package will be ignored, specify profiles at the workspace root:
package:   /workspace/crates/kernel-mgga-36b/Cargo.toml
workspace: /workspace/Cargo.toml
warning: profiles for the non root package will be ignored, specify profiles at the workspace root:
package:   /workspace/crates/kernel-mgga-37a/Cargo.toml
workspace: /workspace/Cargo.toml
warning: profiles for the non root package will be ignored, specify profiles at the workspace root:
package:   /workspace/crates/kernel-mgga-37b/Cargo.toml
workspace: /workspace/Cargo.toml
warning: profiles for the non root package will be ignored, specify profiles at the workspace root:
package:   /workspace/crates/kernel-mgga-3a/Cargo.toml
workspace: /workspace/Cargo.toml
warning: profiles for the non root package will be ignored, specify profiles at the workspace root:
package:   /workspace/crates/kernel-mgga-3b/Cargo.toml
workspace: /workspace/Cargo.toml
warning: profiles for the non root package will be ignored, specify profiles at the workspace root:
package:   /workspace/crates/kernel-mgga-4a/Cargo.toml
workspace: /workspace/Cargo.toml
warning: profiles for the non root package will be ignored, specify profiles at the workspace root:
package:   /workspace/crates/kernel-mgga-4b/Cargo.toml
workspace: /workspace/Cargo.toml
warning: profiles for the non root package will be ignored, specify profiles at the workspace root:
package:   /workspace/crates/kernel-mgga-7a/Cargo.toml
workspace: /workspace/Cargo.toml
warning: profiles for the non root package will be ignored, specify profiles at the workspace root:
package:   /workspace/crates/kernel-mgga-7b/Cargo.toml
workspace: /workspace/Cargo.toml
warning: profiles for the non root package will be ignored, specify profiles at the workspace root:
package:   /workspace/crates/kernel-mgga-7c/Cargo.toml
workspace: /workspace/Cargo.toml
warning: profiles for the non root package will be ignored, specify profiles at the workspace root:
package:   /workspace/crates/kernel-mgga-7d/Cargo.toml
workspace: /workspace/Cargo.toml
warning: profiles for the non root package will be ignored, specify profiles at the workspace root:
package:   /workspace/crates/kernel-mgga-7e/Cargo.toml
workspace: /workspace/Cargo.toml
warning: profiles for the non root package will be ignored, specify profiles at the workspace root:
package:   /workspace/crates/kernel-mgga-8a/Cargo.toml
workspace: /workspace/Cargo.toml
warning: profiles for the non root package will be ignored, specify profiles at the workspace root:
package:   /workspace/crates/kernel-mgga-8b/Cargo.toml
workspace: /workspace/Cargo.toml
warning: profiles for the non root package will be ignored, specify profiles at the workspace root:
package:   /workspace/crates/kernel-mgga-8c/Cargo.toml
workspace: /workspace/Cargo.toml
warning: profiles for the non root package will be ignored, specify profiles at the workspace root:
package:   /workspace/crates/kernel-mgga-8d/Cargo.toml
workspace: /workspace/Cargo.toml
warning: profiles for the non root package will be ignored, specify profiles at the workspace root:
package:   /workspace/crates/kernel-mgga-8e/Cargo.toml
workspace: /workspace/Cargo.toml
warning: profiles for the non root package will be ignored, specify profiles at the workspace root:
package:   /workspace/crates/kernel-mgga-8f/Cargo.toml
workspace: /workspace/Cargo.toml
warning: profiles for the non root package will be ignored, specify profiles at the workspace root:
package:   /workspace/crates/kernel-mgga-9a/Cargo.toml
workspace: /workspace/Cargo.toml
warning: profiles for the non root package will be ignored, specify profiles at the workspace root:
package:   /workspace/crates/kernel-mgga-9b/Cargo.toml
workspace: /workspace/Cargo.toml
    Checking libxc-kernel-math v0.1.0 (/workspace/crates/kernel-math)
warning: value assigned to `result` is never read
  --> crates/kernel-math/src/lambert_w.rs:26:22
   |
26 |     let mut result = 0.0f64;
   |                      ^^^^^^
   |
   = help: maybe it is overwritten before being read?
   = note: `#[warn(unused_assignments)]` (part of `#[warn(unused)]`) on by default

warning: value assigned to `w0` is never read
  --> crates/kernel-math/src/lambert_w.rs:36:22
   |
36 |         let mut w0 = 0.0f64;
   |                      ^^^^^^
   |
   = help: maybe it is overwritten before being read?

warning: value assigned to `b2` is never read
  --> crates/kernel-math/src/expint_e1.rs:22:23
   |
22 |     let mut b2: f64 = 0.0;
   |                       ^^^
   |
   = help: maybe it is overwritten before being read?

warning: value assigned to `b2` is never read
  --> crates/kernel-math/src/expint_e1.rs:72:23
   |
72 |     let mut b2: f64 = 0.0;
   |                       ^^^
   |
   = help: maybe it is overwritten before being read?

warning: value assigned to `b2` is never read
   --> crates/kernel-math/src/expint_e1.rs:107:23
    |
107 |     let mut b2: f64 = 0.0;
    |                       ^^^
    |
    = help: maybe it is overwritten before being read?

warning: value assigned to `b2` is never read
   --> crates/kernel-math/src/expint_e1.rs:136:23
    |
136 |     let mut b2: f64 = 0.0;
    |                       ^^^
    |
    = help: maybe it is overwritten before being read?

warning: value assigned to `b2` is never read
   --> crates/kernel-math/src/expint_e1.rs:162:23
    |
162 |     let mut b2: f64 = 0.0;
    |                       ^^^
    |
    = help: maybe it is overwritten before being read?

warning: value assigned to `b2` is never read
   --> crates/kernel-math/src/expint_e1.rs:197:23
    |
197 |     let mut b2: f64 = 0.0;
    |                       ^^^
    |
    = help: maybe it is overwritten before being read?

warning: value assigned to `e1` is never read
   --> crates/kernel-math/src/expint_e1.rs:233:18
    |
233 |     let mut e1 = 0.0f64;
    |                  ^^^^^^
    |
    = help: maybe it is overwritten before being read?

warning: value assigned to `b2` is never read
  --> crates/kernel-math/src/special.rs:36:18
   |
36 |     let mut b2 = 0.0f64;
   |                  ^^^^^^
   |
   = help: maybe it is overwritten before being read?

warning: value assigned to `dspenc` is never read
   --> crates/kernel-math/src/special.rs:139:22
    |
139 |     let mut dspenc = 0.0f64;
    |                      ^^^^^^
    |
    = help: maybe it is overwritten before being read?

warning: value assigned to `result` is never read
   --> crates/kernel-math/src/special.rs:208:22
    |
208 |     let mut result = 0.0f64;
    |                      ^^^^^^
    |
    = help: maybe it is overwritten before being read?

warning: value assigned to `result` is never read
   --> crates/kernel-math/src/special.rs:242:22
    |
242 |     let mut result = 0.0f64;
    |                      ^^^^^^
    |
    = help: maybe it is overwritten before being read?

warning: value assigned to `fa` is never read
   --> crates/kernel-math/src/br89.rs:223:830
    |
223 | ...et tfa = fa; let tfb = fb; a = select(sw, tb, ta); fa = select(sw, tfb, tfa); b = select(sw, ta, tb); fb = select(sw, tfa, tfb);
    |                                                       ^^^^^^^^^^^^^^^^^^^^^^^^^
    |
    = help: maybe it is overwritten before being read?

warning: value assigned to `fb` is never read
   --> crates/kernel-math/src/br89.rs:223:881
    |
223 | ...fa = select(sw, tfb, tfa); b = select(sw, ta, tb); fb = select(sw, tfa, tfb);
    |                                                       ^^^^^^^^^^^^^^^^^^^^^^^^^
    |
    = help: maybe it is overwritten before being read?

warning: value assigned to `c` is never read
   --> crates/kernel-math/src/br89.rs:223:584
    |
223 | ...ct(do_bi, 1.0f64, 0.0f64); let fs = br89_obj(s, rhs); d = c; c = b; fc = fb; let rl = fa*fs < 0.0; b = select(rl, s, b); fb = se...
    |                                                                 ^^^^^
    |
    = help: maybe it is overwritten before being read?

warning: value assigned to `fc` is never read
   --> crates/kernel-math/src/br89.rs:223:591
    |
223 | ..., 1.0f64, 0.0f64); let fs = br89_obj(s, rhs); d = c; c = b; fc = fb; let rl = fa*fs < 0.0; b = select(rl, s, b); fb = select(rl,...
    |                                                                ^^^^^^^
    |
    = help: maybe it is overwritten before being read?

warning: value assigned to `d` is never read
   --> crates/kernel-math/src/br89.rs:223:577
    |
223 | ... = select(do_bi, 1.0f64, 0.0f64); let fs = br89_obj(s, rhs); d = c; c = b; fc = fb; let rl = fa*fs < 0.0; b = select(rl, s, b); ...
    |                                                                 ^^^^^
    |
    = help: maybe it is overwritten before being read?

warning: value assigned to `mf` is never read
   --> crates/kernel-math/src/br89.rs:223:514
    |
223 | ...||c3||c4||c5; s = select(do_bi, (a+b)*0.5, s); mf = select(do_bi, 1.0f64, 0.0f64); let fs = br89_obj(s, rhs); d = c; c = b; fc =...
    |                                                   ^^^^^^^^^^^^^^^^^^^^^^^^^^^^^^^^^^
    |
    = help: maybe it is overwritten before being read?

warning: value assigned to `fa` is never read
   --> crates/kernel-math/src/mbrxc.rs:129:831
    |
129 | ...et tfa = fa; let tfb = fb; a = select(sw, tb, ta); fa = select(sw, tfb, tfa); b = select(sw, ta, tb); fb = select(sw, tfa, tfb);
    |                                                       ^^^^^^^^^^^^^^^^^^^^^^^^^
    |
    = help: maybe it is overwritten before being read?

warning: value assigned to `fb` is never read
   --> crates/kernel-math/src/mbrxc.rs:129:882
    |
129 | ...fa = select(sw, tfb, tfa); b = select(sw, ta, tb); fb = select(sw, tfa, tfb);
    |                                                       ^^^^^^^^^^^^^^^^^^^^^^^^^
    |
    = help: maybe it is overwritten before being read?

warning: value assigned to `c` is never read
   --> crates/kernel-math/src/mbrxc.rs:129:585
    |
129 | ...t(do_bi, 1.0f64, 0.0f64); let fs = mbrxc_obj(s, rhs); d = c; c = b; fc = fb; let rl = fa*fs < 0.0; b = select(rl, s, b); fb = se...
    |                                                                 ^^^^^
    |
    = help: maybe it is overwritten before being read?

warning: value assigned to `fc` is never read
   --> crates/kernel-math/src/mbrxc.rs:129:592
    |
129 | ... 1.0f64, 0.0f64); let fs = mbrxc_obj(s, rhs); d = c; c = b; fc = fb; let rl = fa*fs < 0.0; b = select(rl, s, b); fb = select(rl,...
    |                                                                ^^^^^^^
    |
    = help: maybe it is overwritten before being read?

warning: value assigned to `d` is never read
   --> crates/kernel-math/src/mbrxc.rs:129:578
    |
129 | ...= select(do_bi, 1.0f64, 0.0f64); let fs = mbrxc_obj(s, rhs); d = c; c = b; fc = fb; let rl = fa*fs < 0.0; b = select(rl, s, b); ...
    |                                                                 ^^^^^
    |
    = help: maybe it is overwritten before being read?

warning: value assigned to `mf` is never read
   --> crates/kernel-math/src/mbrxc.rs:129:514
    |
129 | ...||c3||c4||c5; s = select(do_bi, (a+b)*0.5, s); mf = select(do_bi, 1.0f64, 0.0f64); let fs = mbrxc_obj(s, rhs); d = c; c = b; fc ...
    |                                                   ^^^^^^^^^^^^^^^^^^^^^^^^^^^^^^^^^^
    |
    = help: maybe it is overwritten before being read?

warning: value assigned to `s` is never read
  --> crates/kernel-math/src/mbrxc.rs:67:21
   |
67 |         let mut s = 0.0f64;
   |                     ^^^^^^
   |
   = help: maybe it is overwritten before being read?

warning: module `Heaviside` should have a snake case name
  --> crates/kernel-math/src/piecewise.rs:22:8
   |
22 | pub fn Heaviside(x: f64) -> f64 {
   |        ^^^^^^^^^ help: convert the identifier to snake case: `heaviside`
   |
   = note: `#[warn(non_snake_case)]` (part of `#[warn(nonstandard_style)]`) on by default

warning: `libxc-kernel-math` (lib) generated 27 warnings
    Checking libxc-kernel-mgga-27b v0.1.0 (/workspace/crates/kernel-mgga-27b)
    Checking libxc-kernel-mgga-27c v0.1.0 (/workspace/crates/kernel-mgga-27c)
warning: ignoring -C extra-filename flag due to -o flag

error: rustc interrupted by SIGSEGV, printing backtrace

/home/vscode/.rustup/toolchains/stable-x86_64-unknown-linux-gnu/lib/librustc_driver-83018425804cb0fc.so(+0x3c16eec) [0x76bd13c16eec]
/usr/lib/x86_64-linux-gnu/libc.so.6(+0x45cb0) [0x76bd0fe24cb0]
/workspace/target/debug/deps/libcubecl_macros-ee10198a14d4bf15.so(+0x321e87) [0x76bced321e87]

### cycle encountered after 3 frames with period 4
/workspace/target/debug/deps/libcubecl_macros-ee10198a14d4bf15.so(+0x3339fc) [0x76bced3339fc]
/workspace/target/debug/deps/libcubecl_macros-ee10198a14d4bf15.so(+0x3de016) [0x76bced3de016]
/workspace/target/debug/deps/libcubecl_macros-ee10198a14d4bf15.so(+0x324733) [0x76bced324733]
/workspace/target/debug/deps/libcubecl_macros-ee10198a14d4bf15.so(+0x321fcc) [0x76bced321fcc]
### recursed 63 times

/workspace/target/debug/deps/libcubecl_macros-ee10198a14d4bf15.so(+0x3339fc) [0x76bced3339fc]

note: rustc unexpectedly overflowed its stack! this is a bug
note: maximum backtrace depth reached, frames may have been lost
note: we would appreciate a report at https://github.com/rust-lang/rust
help: you can increase rustc's stack size by setting RUST_MIN_STACK=16777216
warning: `libxc-kernel-mgga-27c` (lib) generated 1 warning
error: could not compile `libxc-kernel-mgga-27c` (lib); 1 warning emitted

Caused by:
  process didn't exit successfully: `sccache /home/vscode/.rustup/toolchains/stable-x86_64-unknown-linux-gnu/bin/rustc --crate-name libxc_kernel_mgga_27c --edition=2024 crates/kernel-mgga-27c/src/lib.rs --error-format=json --json=diagnostic-rendered-ansi,artifacts,future-incompat --crate-type lib --emit=dep-info,metadata -C embed-bitcode=no -C codegen-units=16 --check-cfg 'cfg(docsrs,test)' --check-cfg 'cfg(feature, values())' -C metadata=796bff09ec727ffc -C extra-filename=-45f29a7295f6ac9b --out-dir /workspace/target/debug/deps -C linker=clang -C strip=debuginfo -L dependency=/workspace/target/debug/deps --extern cubecl=/workspace/target/debug/deps/libcubecl-9f408060472e7ce0.rmeta --extern libxc_kernel_math=/workspace/target/debug/deps/liblibxc_kernel_math-5924e770261ad0da.rmeta -C link-arg=-fuse-ld=mold -L native=/home/vscode/.local/share/tracel/tracel-llvm-20.1.4-7/lib` (exit status: 254)
warning: build failed, waiting for other jobs to finish...
error: rustc interrupted by SIGSEGV, printing backtrace

/home/vscode/.rustup/toolchains/stable-x86_64-unknown-linux-gnu/lib/librustc_driver-83018425804cb0fc.so(+0x3c16eec) [0x73b457216eec]
/usr/lib/x86_64-linux-gnu/libc.so.6(+0x45cb0) [0x73b453424cb0]
/workspace/target/debug/deps/libcubecl_macros-ee10198a14d4bf15.so(+0x3839c7) [0x73b4309839c7]
/workspace/target/debug/deps/libcubecl_macros-ee10198a14d4bf15.so(+0x366609) [0x73b430966609]
/workspace/target/debug/deps/libcubecl_macros-ee10198a14d4bf15.so(+0x324721) [0x73b430924721]

### cycle encountered after 5 frames with period 8
/workspace/target/debug/deps/libcubecl_macros-ee10198a14d4bf15.so(+0x321fcc) [0x73b430921fcc]
/workspace/target/debug/deps/libcubecl_macros-ee10198a14d4bf15.so(+0x3339fc) [0x73b4309339fc]
/workspace/target/debug/deps/libcubecl_macros-ee10198a14d4bf15.so(+0x3de016) [0x73b4309de016]
/workspace/target/debug/deps/libcubecl_macros-ee10198a14d4bf15.so(+0x324733) [0x73b430924733]
/workspace/target/debug/deps/libcubecl_macros-ee10198a14d4bf15.so(+0x321fcc) [0x73b430921fcc]
/workspace/target/debug/deps/libcubecl_macros-ee10198a14d4bf15.so(+0x3339fc) [0x73b4309339fc]
/workspace/target/debug/deps/libcubecl_macros-ee10198a14d4bf15.so(+0x3de016) [0x73b4309de016]
/workspace/target/debug/deps/libcubecl_macros-ee10198a14d4bf15.so(+0x324733) [0x73b430924733]
### recursed 22 times

/workspace/target/debug/deps/libcubecl_macros-ee10198a14d4bf15.so(+0x174e86) [0x73b430774e86]
/workspace/target/debug/deps/libcubecl_macros-ee10198a14d4bf15.so(+0x174e86) [0x73b430774e86]
/workspace/target/debug/deps/libcubecl_macros-ee10198a14d4bf15.so(+0x174e86) [0x73b430774e86]
/workspace/target/debug/deps/libcubecl_macros-ee10198a14d4bf15.so(+0x174e86) [0x73b430774e86]
/workspace/target/debug/deps/libcubecl_macros-ee10198a14d4bf15.so(+0x174e86) [0x73b430774e86]
/workspace/target/debug/deps/libcubecl_macros-ee10198a14d4bf15.so(+0x174e86) [0x73b430774e86]
/workspace/target/debug/deps/libcubecl_macros-ee10198a14d4bf15.so(+0x174e86) [0x73b430774e86]
/workspace/target/debug/deps/libcubecl_macros-ee10198a14d4bf15.so(+0x174e86) [0x73b430774e86]
/workspace/target/debug/deps/libcubecl_macros-ee10198a14d4bf15.so(+0x174e86) [0x73b430774e86]
/workspace/target/debug/deps/libcubecl_macros-ee10198a14d4bf15.so(+0x174e86) [0x73b430774e86]
/workspace/target/debug/deps/libcubecl_macros-ee10198a14d4bf15.so(+0x174e86) [0x73b430774e86]
/workspace/target/debug/deps/libcubecl_macros-ee10198a14d4bf15.so(+0x174e86) [0x73b430774e86]
/workspace/target/debug/deps/libcubecl_macros-ee10198a14d4bf15.so(+0x174e86) [0x73b430774e86]
/workspace/target/debug/deps/libcubecl_macros-ee10198a14d4bf15.so(+0x174e86) [0x73b430774e86]
/workspace/target/debug/deps/libcubecl_macros-ee10198a14d4bf15.so(+0x174e86) [0x73b430774e86]
/workspace/target/debug/deps/libcubecl_macros-ee10198a14d4bf15.so(+0x174e86) [0x73b430774e86]
/workspace/target/debug/deps/libcubecl_macros-ee10198a14d4bf15.so(+0x174e86) [0x73b430774e86]
/workspace/target/debug/deps/libcubecl_macros-ee10198a14d4bf15.so(+0x174e86) [0x73b430774e86]
/workspace/target/debug/deps/libcubecl_macros-ee10198a14d4bf15.so(+0x174e86) [0x73b430774e86]
/workspace/target/debug/deps/libcubecl_macros-ee10198a14d4bf15.so(+0x174e86) [0x73b430774e86]
/workspace/target/debug/deps/libcubecl_macros-ee10198a14d4bf15.so(+0x174e86) [0x73b430774e86]
/workspace/target/debug/deps/libcubecl_macros-ee10198a14d4bf15.so(+0x174e86) [0x73b430774e86]
/workspace/target/debug/deps/libcubecl_macros-ee10198a14d4bf15.so(+0x21ad79) [0x73b43081ad79]
/workspace/target/debug/deps/libcubecl_macros-ee10198a14d4bf15.so(+0x1f99c6) [0x73b4307f99c6]
/workspace/target/debug/deps/libcubecl_macros-ee10198a14d4bf15.so(+0x1b9761) [0x73b4307b9761]
/workspace/target/debug/deps/libcubecl_macros-ee10198a14d4bf15.so(+0x1f604c) [0x73b4307f604c]
/workspace/target/debug/deps/libcubecl_macros-ee10198a14d4bf15.so(+0x1c18c3) [0x73b4307c18c3]
/workspace/target/debug/deps/libcubecl_macros-ee10198a14d4bf15.so(+0x1c079b) [0x73b4307c079b]
/workspace/target/debug/deps/libcubecl_macros-ee10198a14d4bf15.so(+0x1418a0) [0x73b4307418a0]
/workspace/target/debug/deps/libcubecl_macros-ee10198a14d4bf15.so(+0x1490b6) [0x73b4307490b6]
/workspace/target/debug/deps/libcubecl_macros-ee10198a14d4bf15.so(+0x133ebd) [0x73b430733ebd]
/workspace/target/debug/deps/libcubecl_macros-ee10198a14d4bf15.so(+0x149b5d) [0x73b430749b5d]
/workspace/target/debug/deps/libcubecl_macros-ee10198a14d4bf15.so(+0x148647) [0x73b430748647]
/workspace/target/debug/deps/libcubecl_macros-ee10198a14d4bf15.so(+0x2597b0) [0x73b4308597b0]
/workspace/target/debug/deps/libcubecl_macros-ee10198a14d4bf15.so(+0x1cfa39) [0x73b4307cfa39]
/workspace/target/debug/deps/libcubecl_macros-ee10198a14d4bf15.so(+0x259515) [0x73b430859515]
/workspace/target/debug/deps/libcubecl_macros-ee10198a14d4bf15.so(+0x1f879d) [0x73b4307f879d]
/workspace/target/debug/deps/libcubecl_macros-ee10198a14d4bf15.so(+0x175fcf) [0x73b430775fcf]
/workspace/target/debug/deps/libcubecl_macros-ee10198a14d4bf15.so(+0x2033fb) [0x73b4308033fb]
/workspace/target/debug/deps/libcubecl_macros-ee10198a14d4bf15.so(+0x25364c) [0x73b43085364c]
/workspace/target/debug/deps/libcubecl_macros-ee10198a14d4bf15.so(+0x25a6d5) [0x73b43085a6d5]
/workspace/target/debug/deps/libcubecl_macros-ee10198a14d4bf15.so(+0x1d9689) [0x73b4307d9689]
/workspace/target/debug/deps/libcubecl_macros-ee10198a14d4bf15.so(+0x1f9de6) [0x73b4307f9de6]
/workspace/target/debug/deps/libcubecl_macros-ee10198a14d4bf15.so(+0x1915d4) [0x73b4307915d4]
/workspace/target/debug/deps/libcubecl_macros-ee10198a14d4bf15.so(+0x1f640c) [0x73b4307f640c]
/workspace/target/debug/deps/libcubecl_macros-ee10198a14d4bf15.so(+0x1c1768) [0x73b4307c1768]
/workspace/target/debug/deps/libcubecl_macros-ee10198a14d4bf15.so(+0x1d0766) [0x73b4307d0766]
/workspace/target/debug/deps/libcubecl_macros-ee10198a14d4bf15.so(+0x1baf45) [0x73b4307baf45]
/workspace/target/debug/deps/libcubecl_macros-ee10198a14d4bf15.so(+0x145b2d) [0x73b430745b2d]
/workspace/target/debug/deps/libcubecl_macros-ee10198a14d4bf15.so(+0x1486b7) [0x73b4307486b7]
/workspace/target/debug/deps/libcubecl_macros-ee10198a14d4bf15.so(+0x259870) [0x73b430859870]
/workspace/target/debug/deps/libcubecl_macros-ee10198a14d4bf15.so(+0x1ce229) [0x73b4307ce229]
/workspace/target/debug/deps/libcubecl_macros-ee10198a14d4bf15.so(+0x259675) [0x73b430859675]
/workspace/target/debug/deps/libcubecl_macros-ee10198a14d4bf15.so(+0x1f8a3d) [0x73b4307f8a3d]
/workspace/target/debug/deps/libcubecl_macros-ee10198a14d4bf15.so(+0x17e6d2) [0x73b43077e6d2]
/workspace/target/debug/deps/libcubecl_macros-ee10198a14d4bf15.so(+0x1da1f6) [0x73b4307da1f6]
/workspace/target/debug/deps/libcubecl_macros-ee10198a14d4bf15.so(+0x21e465) [0x73b43081e465]
/workspace/target/debug/deps/libcubecl_macros-ee10198a14d4bf15.so(+0x1d9a07) [0x73b4307d9a07]
/workspace/target/debug/deps/libcubecl_macros-ee10198a14d4bf15.so(+0x173aa6) [0x73b430773aa6]
/workspace/target/debug/deps/libcubecl_macros-ee10198a14d4bf15.so(+0x25a783) [0x73b43085a783]
/workspace/target/debug/deps/libcubecl_macros-ee10198a14d4bf15.so(+0x1d9689) [0x73b4307d9689]
/workspace/target/debug/deps/libcubecl_macros-ee10198a14d4bf15.so(+0x1f9de6) [0x73b4307f9de6]
/workspace/target/debug/deps/libcubecl_macros-ee10198a14d4bf15.so(+0x1915d4) [0x73b4307915d4]
/workspace/target/debug/deps/libcubecl_macros-ee10198a14d4bf15.so(+0x1f640c) [0x73b4307f640c]
/workspace/target/debug/deps/libcubecl_macros-ee10198a14d4bf15.so(+0x1c1768) [0x73b4307c1768]
/workspace/target/debug/deps/libcubecl_macros-ee10198a14d4bf15.so(+0x1d0766) [0x73b4307d0766]
/workspace/target/debug/deps/libcubecl_macros-ee10198a14d4bf15.so(+0x1baf45) [0x73b4307baf45]
/workspace/target/debug/deps/libcubecl_macros-ee10198a14d4bf15.so(+0x145b2d) [0x73b430745b2d]
/workspace/target/debug/deps/libcubecl_macros-ee10198a14d4bf15.so(+0x1486b7) [0x73b4307486b7]
/workspace/target/debug/deps/libcubecl_macros-ee10198a14d4bf15.so(+0x259870) [0x73b430859870]
/workspace/target/debug/deps/libcubecl_macros-ee10198a14d4bf15.so(+0x1ce229) [0x73b4307ce229]
/workspace/target/debug/deps/libcubecl_macros-ee10198a14d4bf15.so(+0x259675) [0x73b430859675]
/workspace/target/debug/deps/libcubecl_macros-ee10198a14d4bf15.so(+0x1f8a3d) [0x73b4307f8a3d]
/workspace/target/debug/deps/libcubecl_macros-ee10198a14d4bf15.so(+0x17e6d2) [0x73b43077e6d2]
/workspace/target/debug/deps/libcubecl_macros-ee10198a14d4bf15.so(+0x19d236) [0x73b43079d236]

note: rustc unexpectedly overflowed its stack! this is a bug
note: maximum backtrace depth reached, frames may have been lost
note: we would appreciate a report at https://github.com/rust-lang/rust
help: you can increase rustc's stack size by setting RUST_MIN_STACK=16777216
note: backtrace dumped due to SIGSEGV! resuming signal
warning: `libxc-kernel-mgga-27b` (lib) generated 1 warning (1 duplicate)
error: could not compile `libxc-kernel-mgga-27b` (lib); 1 warning emitted

Caused by:
  process didn't exit successfully: `sccache /home/vscode/.rustup/toolchains/stable-x86_64-unknown-linux-gnu/bin/rustc --crate-name libxc_kernel_mgga_27b --edition=2024 crates/kernel-mgga-27b/src/lib.rs --error-format=json --json=diagnostic-rendered-ansi,artifacts,future-incompat --crate-type lib --emit=dep-info,metadata -C embed-bitcode=no -C codegen-units=16 --check-cfg 'cfg(docsrs,test)' --check-cfg 'cfg(feature, values())' -C metadata=e86c8cacd7272b24 -C extra-filename=-c401d75d4d10658f --out-dir /workspace/target/debug/deps -C linker=clang -C strip=debuginfo -L dependency=/workspace/target/debug/deps --extern cubecl=/workspace/target/debug/deps/libcubecl-9f408060472e7ce0.rmeta --extern libxc_kernel_math=/workspace/target/debug/deps/liblibxc_kernel_math-5924e770261ad0da.rmeta -C link-arg=-fuse-ld=mold -L native=/home/vscode/.local/share/tracel/tracel-llvm-20.1.4-7/lib` (exit status: 254)
cargo build (0 crates compiled)
[full output: ~/.local/share/rtk/tee/1776461034_cargo_check.log]
