   Compiling cfg-if v1.0.4
   Compiling fnv v1.0.7
   Compiling memchr v2.8.0
   Compiling pin-project-lite v0.2.17
   Compiling equivalent v1.0.2
   Compiling itoa v1.0.18
   Compiling libc v0.2.184
   Compiling log v0.4.29
   Compiling hashbrown v0.16.1
    Checking serde_core v1.0.228
   Compiling option-ext v0.2.0
   Compiling zmij v1.0.21
   Compiling sha2 v0.10.9
   Compiling tracing v0.1.44
    Checking libm v0.2.16
   Compiling darling_core v0.21.3
    Checking zerocopy v0.8.48
    Checking parking v2.2.1
   Compiling http v1.4.0
   Compiling serde_urlencoded v0.7.1
    Checking scopeguard v1.2.0
    Checking regex-syntax v0.8.10
    Checking lock_api v0.4.14
    Checking crossbeam-utils v0.8.21
    Checking bytemuck v1.25.0
   Compiling libloading v0.8.9
    Checking futures-core v0.3.32
   Compiling indexmap v2.13.1
    Checking gimli v0.32.3
    Checking smallvec v1.15.1
   Compiling futures-util v0.3.32
   Compiling aho-corasick v1.1.4
   Compiling serde_json v1.0.149
   Compiling nom v7.1.3
    Checking adler2 v2.0.1
   Compiling http-body v1.0.1
    Checking getrandom v0.3.4
    Checking num-traits v0.2.19
   Compiling jobserver v0.1.34
   Compiling socket2 v0.6.3
   Compiling mio v1.2.0
   Compiling getrandom v0.2.17
   Compiling cc v1.2.59
   Compiling http-body-util v0.1.3
   Compiling tokio v1.51.1
   Compiling dirs-sys v0.5.0
   Compiling num_cpus v1.17.0
   Compiling filetime v0.2.27
   Compiling dirs v6.0.0
    Checking regex-automata v0.4.14
    Checking rand_core v0.9.5
   Compiling tar v0.4.45
   Compiling clang-sys v1.8.1
    Checking parking_lot_core v0.9.12
    Checking miniz_oxide v0.8.9
    Checking concurrent-queue v2.5.0
    Checking object v0.37.3
    Checking serde v1.0.228
   Compiling cexpr v0.6.0
    Checking futures-io v0.3.32
    Checking regex v1.12.3
   Compiling rustc-hash v2.1.2
    Checking allocator-api2 v0.2.21
    Checking fastrand v2.4.1
    Checking addr2line v0.25.1
    Checking rustc-demangle v0.1.27
    Checking foldhash v0.1.5
    Checking sanitize-filename v0.6.0
    Checking futures-lite v2.6.1
    Checking hashbrown v0.15.5
    Checking serde_bytes v0.11.19
    Checking event-listener v5.4.1
   Compiling ring v0.17.14
   Compiling liblzma-sys v0.4.6
   Compiling darling_macro v0.21.3
    Checking parking_lot v0.12.5
    Checking spin v0.10.0
    Checking derive_more v2.1.1
   Compiling darling v0.21.3
   Compiling ppv-lite86 v0.2.21
    Checking winnow v1.0.1
   Compiling enumset_derive v0.14.0
    Checking embassy-futures v0.1.2
    Checking half v2.7.1
    Checking web-time v1.1.0
    Checking float4 v0.1.0
    Checking toml_parser v1.1.2+spec-1.1.0
   Compiling cubecl-macros-internal v0.9.0
   Compiling rand_chacha v0.9.0
    Checking event-listener-strategy v0.5.4
    Checking portable-atomic v1.13.1
    Checking float8 v0.4.2
   Compiling rand v0.9.2
    Checking serde_spanned v1.1.1
    Checking toml_datetime v0.7.5+spec-1.1.0
    Checking num-integer v0.1.46
    Checking float-ord v0.3.2
    Checking winnow v0.7.15
    Checking toml_writer v1.1.1+spec-1.1.0
    Checking async-channel v2.5.0
   Compiling thiserror v2.0.18
    Checking md5 v0.8.0
   Compiling comrak v0.39.1
    Checking num-bigint v0.4.6
    Checking bitflags v2.11.0
   Compiling bindgen v0.71.1
    Checking num-iter v0.1.45
    Checking num-complex v0.4.6
   Compiling cubecl-common v0.9.0
    Checking fixedbitset v0.4.2
    Checking enumset v1.1.10
    Checking type-map v0.5.1
    Checking stable-vec v0.4.2
    Checking sysinfo v0.36.1
   Compiling tokio-util v0.7.18
   Compiling tower v0.5.3
   Compiling cubecl-macros v0.9.0
    Checking backtrace v0.3.76
   Compiling tower-http v0.6.8
    Checking num-rational v0.4.2
   Compiling h2 v0.4.13
    Checking petgraph v0.6.5
    Checking num v0.4.3
    Checking toml v0.9.12+spec-1.1.0
   Compiling rustls v0.23.37
    Checking cubecl-ir v0.9.0
   Compiling liblzma v0.4.6
   Compiling rustls-webpki v0.103.10
   Compiling hyper v1.9.0
   Compiling hyper-util v0.1.20
    Checking cubecl-runtime v0.9.0
    Checking cubecl-core v0.9.0
   Compiling tokio-rustls v0.26.4
   Compiling hyper-rustls v0.27.7
   Compiling reqwest v0.12.28
    Checking cubecl-std v0.9.0
    Checking cubecl-opt v0.9.0
   Compiling tracel-llvm-bundler v20.1.4-7
   Compiling tracel-tblgen-rs v20.1.4-7
   Compiling tracel-mlir-sys v20.1.4-7
   Compiling tracel-mlir-rs-macros v20.1.4-7
   Compiling cubecl-cpu v0.9.0
    Checking tracel-mlir-rs v20.1.4-7
    Checking tracel-llvm v20.1.4-7
    Checking cubecl v0.9.0
    Checking libxc_rs v0.1.0 (/tmp/libxc_rs_debug2)
    Finished `dev` profile [unoptimized + debuginfo] target(s) in 1m 11s
