warning: value assigned to `result` is never read
  --> crates/kernel-math/src/lambert_w.rs:26:22
   |
26 |     let mut result = 0.0f64;
   |                      ^^^^^^
   |
   = help: maybe it is overwritten before being read?
   = note: `#[warn(unused_assignments)]` (part of `#[warn(unused)]`) on by default

warning: value assigned to `w0` is never read
  --> crates/kernel-math/src/lambert_w.rs:36:22
   |
36 |         let mut w0 = 0.0f64;
   |                      ^^^^^^
   |
   = help: maybe it is overwritten before being read?

warning: value assigned to `b2` is never read
  --> crates/kernel-math/src/expint_e1.rs:22:23
   |
22 |     let mut b2: f64 = 0.0;
   |                       ^^^
   |
   = help: maybe it is overwritten before being read?

warning: value assigned to `b2` is never read
  --> crates/kernel-math/src/expint_e1.rs:72:23
   |
72 |     let mut b2: f64 = 0.0;
   |                       ^^^
   |
   = help: maybe it is overwritten before being read?

warning: value assigned to `b2` is never read
   --> crates/kernel-math/src/expint_e1.rs:107:23
    |
107 |     let mut b2: f64 = 0.0;
    |                       ^^^
    |
    = help: maybe it is overwritten before being read?

warning: value assigned to `b2` is never read
   --> crates/kernel-math/src/expint_e1.rs:136:23
    |
136 |     let mut b2: f64 = 0.0;
    |                       ^^^
    |
    = help: maybe it is overwritten before being read?

warning: value assigned to `b2` is never read
   --> crates/kernel-math/src/expint_e1.rs:162:23
    |
162 |     let mut b2: f64 = 0.0;
    |                       ^^^
    |
    = help: maybe it is overwritten before being read?

warning: value assigned to `b2` is never read
   --> crates/kernel-math/src/expint_e1.rs:197:23
    |
197 |     let mut b2: f64 = 0.0;
    |                       ^^^
    |
    = help: maybe it is overwritten before being read?

warning: value assigned to `e1` is never read
   --> crates/kernel-math/src/expint_e1.rs:233:18
    |
233 |     let mut e1 = 0.0f64;
    |                  ^^^^^^
    |
    = help: maybe it is overwritten before being read?

warning: value assigned to `b2` is never read
  --> crates/kernel-math/src/special.rs:36:18
   |
36 |     let mut b2 = 0.0f64;
   |                  ^^^^^^
   |
   = help: maybe it is overwritten before being read?

warning: value assigned to `dspenc` is never read
   --> crates/kernel-math/src/special.rs:139:22
    |
139 |     let mut dspenc = 0.0f64;
    |                      ^^^^^^
    |
    = help: maybe it is overwritten before being read?

warning: value assigned to `result` is never read
   --> crates/kernel-math/src/special.rs:208:22
    |
208 |     let mut result = 0.0f64;
    |                      ^^^^^^
    |
    = help: maybe it is overwritten before being read?

warning: value assigned to `result` is never read
   --> crates/kernel-math/src/special.rs:242:22
    |
242 |     let mut result = 0.0f64;
    |                      ^^^^^^
    |
    = help: maybe it is overwritten before being read?

warning: `libxc-kernel-math` (lib) generated 13 warnings
    Checking libxc-kernel-gga-7 v0.1.0 (/workspace/crates/kernel-gga-7)
    Checking libxc-kernel-gga-6 v0.1.0 (/workspace/crates/kernel-gga-6)
    Checking libxc-kernel-gga-11 v0.1.0 (/workspace/crates/kernel-gga-11)
    Checking libxc-kernel-gga-16 v0.1.0 (/workspace/crates/kernel-gga-16)
    Checking libxc-kernel-gga-17 v0.1.0 (/workspace/crates/kernel-gga-17)
    Checking libxc-kernel-gga-9 v0.1.0 (/workspace/crates/kernel-gga-9)
    Checking libxc-kernel-gga-13 v0.1.0 (/workspace/crates/kernel-gga-13)
    Checking libxc-kernel-gga-19 v0.1.0 (/workspace/crates/kernel-gga-19)
    Checking libxc-kernel-gga-14 v0.1.0 (/workspace/crates/kernel-gga-14)
warning: ignoring -C extra-filename flag due to -o flag

error: rustc interrupted by SIGSEGV, printing backtrace

/home/vscode/.rustup/toolchains/stable-x86_64-unknown-linux-gnu/lib/librustc_driver-83018425804cb0fc.so(+0x3c16eec) [0x774b74a16eec]
/usr/lib/x86_64-linux-gnu/libc.so.6(+0x45cb0) [0x774b70c24cb0]
/workspace/target/debug/deps/libcubecl_macros-ee10198a14d4bf15.so(+0x173141) [0x774b4fd73141]

### cycle encountered after 3 frames with period 4
/workspace/target/debug/deps/libcubecl_macros-ee10198a14d4bf15.so(+0x174e86) [0x774b4fd74e86]
/workspace/target/debug/deps/libcubecl_macros-ee10198a14d4bf15.so(+0x174e86) [0x774b4fd74e86]
/workspace/target/debug/deps/libcubecl_macros-ee10198a14d4bf15.so(+0x174e86) [0x774b4fd74e86]
/workspace/target/debug/deps/libcubecl_macros-ee10198a14d4bf15.so(+0x174e86) [0x774b4fd74e86]
### recursed 17 times

/workspace/target/debug/deps/libcubecl_macros-ee10198a14d4bf15.so(+0x174e86) [0x774b4fd74e86]
/workspace/target/debug/deps/libcubecl_macros-ee10198a14d4bf15.so(+0x17b3e6) [0x774b4fd7b3e6]
/workspace/target/debug/deps/libcubecl_macros-ee10198a14d4bf15.so(+0x174ffd) [0x774b4fd74ffd]
/workspace/target/debug/deps/libcubecl_macros-ee10198a14d4bf15.so(+0x174ffd) [0x774b4fd74ffd]
/workspace/target/debug/deps/libcubecl_macros-ee10198a14d4bf15.so(+0x174e86) [0x774b4fd74e86]
/workspace/target/debug/deps/libcubecl_macros-ee10198a14d4bf15.so(+0x174e86) [0x774b4fd74e86]
/workspace/target/debug/deps/libcubecl_macros-ee10198a14d4bf15.so(+0x174e86) [0x774b4fd74e86]
/workspace/target/debug/deps/libcubecl_macros-ee10198a14d4bf15.so(+0x2033fb) [0x774b4fe033fb]
/workspace/target/debug/deps/libcubecl_macros-ee10198a14d4bf15.so(+0x25364c) [0x774b4fe5364c]
/workspace/target/debug/deps/libcubecl_macros-ee10198a14d4bf15.so(+0x25a6d5) [0x774b4fe5a6d5]
/workspace/target/debug/deps/libcubecl_macros-ee10198a14d4bf15.so(+0x1d9689) [0x774b4fdd9689]
/workspace/target/debug/deps/libcubecl_macros-ee10198a14d4bf15.so(+0x1f9de6) [0x774b4fdf9de6]
/workspace/target/debug/deps/libcubecl_macros-ee10198a14d4bf15.so(+0x1915d4) [0x774b4fd915d4]
/workspace/target/debug/deps/libcubecl_macros-ee10198a14d4bf15.so(+0x1f640c) [0x774b4fdf640c]
/workspace/target/debug/deps/libcubecl_macros-ee10198a14d4bf15.so(+0x1c1768) [0x774b4fdc1768]
/workspace/target/debug/deps/libcubecl_macros-ee10198a14d4bf15.so(+0x1d0766) [0x774b4fdd0766]
/workspace/target/debug/deps/libcubecl_macros-ee10198a14d4bf15.so(+0x1baf45) [0x774b4fdbaf45]
/workspace/target/debug/deps/libcubecl_macros-ee10198a14d4bf15.so(+0x145b2d) [0x774b4fd45b2d]
/workspace/target/debug/deps/libcubecl_macros-ee10198a14d4bf15.so(+0x1486b7) [0x774b4fd486b7]
/workspace/target/debug/deps/libcubecl_macros-ee10198a14d4bf15.so(+0x259870) [0x774b4fe59870]
/workspace/target/debug/deps/libcubecl_macros-ee10198a14d4bf15.so(+0x1ce229) [0x774b4fdce229]
/workspace/target/debug/deps/libcubecl_macros-ee10198a14d4bf15.so(+0x259675) [0x774b4fe59675]
/workspace/target/debug/deps/libcubecl_macros-ee10198a14d4bf15.so(+0x1f8a3d) [0x774b4fdf8a3d]
/workspace/target/debug/deps/libcubecl_macros-ee10198a14d4bf15.so(+0x17e6d2) [0x774b4fd7e6d2]
/workspace/target/debug/deps/libcubecl_macros-ee10198a14d4bf15.so(+0x1da1f6) [0x774b4fdda1f6]
/workspace/target/debug/deps/libcubecl_macros-ee10198a14d4bf15.so(+0x21e465) [0x774b4fe1e465]
/workspace/target/debug/deps/libcubecl_macros-ee10198a14d4bf15.so(+0x1d9a07) [0x774b4fdd9a07]
/workspace/target/debug/deps/libcubecl_macros-ee10198a14d4bf15.so(+0x173aa6) [0x774b4fd73aa6]
/workspace/target/debug/deps/libcubecl_macros-ee10198a14d4bf15.so(+0x25a783) [0x774b4fe5a783]
/workspace/target/debug/deps/libcubecl_macros-ee10198a14d4bf15.so(+0x1d9689) [0x774b4fdd9689]
/workspace/target/debug/deps/libcubecl_macros-ee10198a14d4bf15.so(+0x1f9de6) [0x774b4fdf9de6]
/workspace/target/debug/deps/libcubecl_macros-ee10198a14d4bf15.so(+0x1915d4) [0x774b4fd915d4]
/workspace/target/debug/deps/libcubecl_macros-ee10198a14d4bf15.so(+0x1f640c) [0x774b4fdf640c]
/workspace/target/debug/deps/libcubecl_macros-ee10198a14d4bf15.so(+0x1c1768) [0x774b4fdc1768]
/workspace/target/debug/deps/libcubecl_macros-ee10198a14d4bf15.so(+0x1d0766) [0x774b4fdd0766]
/workspace/target/debug/deps/libcubecl_macros-ee10198a14d4bf15.so(+0x1baf45) [0x774b4fdbaf45]
/workspace/target/debug/deps/libcubecl_macros-ee10198a14d4bf15.so(+0x145b2d) [0x774b4fd45b2d]
/workspace/target/debug/deps/libcubecl_macros-ee10198a14d4bf15.so(+0x1486b7) [0x774b4fd486b7]
/workspace/target/debug/deps/libcubecl_macros-ee10198a14d4bf15.so(+0x259870) [0x774b4fe59870]
/workspace/target/debug/deps/libcubecl_macros-ee10198a14d4bf15.so(+0x1ce229) [0x774b4fdce229]
/workspace/target/debug/deps/libcubecl_macros-ee10198a14d4bf15.so(+0x259675) [0x774b4fe59675]
/workspace/target/debug/deps/libcubecl_macros-ee10198a14d4bf15.so(+0x1f8a3d) [0x774b4fdf8a3d]
/workspace/target/debug/deps/libcubecl_macros-ee10198a14d4bf15.so(+0x17e6d2) [0x774b4fd7e6d2]
/workspace/target/debug/deps/libcubecl_macros-ee10198a14d4bf15.so(+0x19d236) [0x774b4fd9d236]
/workspace/target/debug/deps/libcubecl_macros-ee10198a14d4bf15.so(+0x21dc65) [0x774b4fe1dc65]
/workspace/target/debug/deps/libcubecl_macros-ee10198a14d4bf15.so(+0x19cceb) [0x774b4fd9cceb]
/workspace/target/debug/deps/libcubecl_macros-ee10198a14d4bf15.so(+0x19bb6f) [0x774b4fd9bb6f]
/workspace/target/debug/deps/libcubecl_macros-ee10198a14d4bf15.so(+0x25d67f) [0x774b4fe5d67f]
/workspace/target/debug/deps/libcubecl_macros-ee10198a14d4bf15.so(+0x25a2aa) [0x774b4fe5a2aa]
/workspace/target/debug/deps/libcubecl_macros-ee10198a14d4bf15.so(+0x2604e4) [0x774b4fe604e4]
/workspace/target/debug/deps/libcubecl_macros-ee10198a14d4bf15.so(+0x1e45c6) [0x774b4fde45c6]
/workspace/target/debug/deps/libcubecl_macros-ee10198a14d4bf15.so(+0x1e4332) [0x774b4fde4332]
/workspace/target/debug/deps/libcubecl_macros-ee10198a14d4bf15.so(+0x2592e6) [0x774b4fe592e6]
/workspace/target/debug/deps/libcubecl_macros-ee10198a14d4bf15.so(+0x1e2df0) [0x774b4fde2df0]
/workspace/target/debug/deps/libcubecl_macros-ee10198a14d4bf15.so(+0x1c5ca0) [0x774b4fdc5ca0]
/workspace/target/debug/deps/libcubecl_macros-ee10198a14d4bf15.so(+0x1b44ec) [0x774b4fdb44ec]
/workspace/target/debug/deps/libcubecl_macros-ee10198a14d4bf15.so(+0x1f192b) [0x774b4fdf192b]
/workspace/target/debug/deps/libcubecl_macros-ee10198a14d4bf15.so(+0x1e17d7) [0x774b4fde17d7]
/workspace/target/debug/deps/libcubecl_macros-ee10198a14d4bf15.so(+0x1e457e) [0x774b4fde457e]
/workspace/target/debug/deps/libcubecl_macros-ee10198a14d4bf15.so(+0x1f6cc2) [0x774b4fdf6cc2]
/home/vscode/.rustup/toolchains/stable-x86_64-unknown-linux-gnu/lib/librustc_driver-83018425804cb0fc.so(+0x604367e) [0x774b76e4367e]
/home/vscode/.rustup/toolchains/stable-x86_64-unknown-linux-gnu/lib/librustc_driver-83018425804cb0fc.so(_RNvXs0_NtCsiviWpKasGV0_12rustc_expand10proc_macroNtB5_13AttrProcMacroNtNtB7_4base13AttrProcMacro6expand+0x1f0) [0x774b76e42cb0]
/home/vscode/.rustup/toolchains/stable-x86_64-unknown-linux-gnu/lib/librustc_driver-83018425804cb0fc.so(+0x6042979) [0x774b76e42979]
/home/vscode/.rustup/toolchains/stable-x86_64-unknown-linux-gnu/lib/librustc_driver-83018425804cb0fc.so(_RNvMs1_NtCsiviWpKasGV0_12rustc_expand6expandNtB5_13MacroExpander21fully_expand_fragment+0x95b1) [0x774b7760abb3]
/home/vscode/.rustup/toolchains/stable-x86_64-unknown-linux-gnu/lib/librustc_driver-83018425804cb0fc.so(_RNvMs1_NtCsiviWpKasGV0_12rustc_expand6expandNtB5_13MacroExpander12expand_crate+0x384) [0x774b776011d2]
/home/vscode/.rustup/toolchains/stable-x86_64-unknown-linux-gnu/lib/librustc_driver-83018425804cb0fc.so(+0x59c4df4) [0x774b767c4df4]
/home/vscode/.rustup/toolchains/stable-x86_64-unknown-linux-gnu/lib/librustc_driver-83018425804cb0fc.so(_RNvNtCsgbGAOEN9ykS_15rustc_interface6passes25resolver_for_lowering_raw+0x27f) [0x774b77212195]
/home/vscode/.rustup/toolchains/stable-x86_64-unknown-linux-gnu/lib/librustc_driver-83018425804cb0fc.so(+0x6411f0d) [0x774b77211f0d]
/home/vscode/.rustup/toolchains/stable-x86_64-unknown-linux-gnu/lib/librustc_driver-83018425804cb0fc.so(+0x6411ee7) [0x774b77211ee7]
/home/vscode/.rustup/toolchains/stable-x86_64-unknown-linux-gnu/lib/librustc_driver-83018425804cb0fc.so(_RINvNtNtCsgHa9A6Md9v_18rustc_query_system5query8plumbing17try_execute_queryINtCsefoSHKFzx0E_16rustc_query_impl13DynamicConfigINtNtB4_6caches11SingleCacheINtNtNtCsk30s2LStKIs_12rustc_middle5query5erase6ErasedAhj10_EEKb0_KB3s_KB3s_ENtNtB1e_8plumbing9QueryCtxtKB3s_EB1e_+0x21c) [0x774b772115dc]
/home/vscode/.rustup/toolchains/stable-x86_64-unknown-linux-gnu/lib/librustc_driver-83018425804cb0fc.so(+0x6411146) [0x774b77211146]
/home/vscode/.rustup/toolchains/stable-x86_64-unknown-linux-gnu/lib/librustc_driver-83018425804cb0fc.so(+0x659f3f8) [0x774b7739f3f8]
/home/vscode/.rustup/toolchains/stable-x86_64-unknown-linux-gnu/lib/librustc_driver-83018425804cb0fc.so(+0x63e1e74) [0x774b771e1e74]
/home/vscode/.rustup/toolchains/stable-x86_64-unknown-linux-gnu/lib/librustc_driver-83018425804cb0fc.so(+0x6344e4e) [0x774b77144e4e]
/home/vscode/.rustup/toolchains/stable-x86_64-unknown-linux-gnu/lib/librustc_driver-83018425804cb0fc.so(+0x6344c20) [0x774b77144c20]
/home/vscode/.rustup/toolchains/stable-x86_64-unknown-linux-gnu/lib/librustc_driver-83018425804cb0fc.so(+0x6346dc6) [0x774b77146dc6]
/usr/lib/x86_64-linux-gnu/libc.so.6(+0xa40da) [0x774b70c830da]
/usr/lib/x86_64-linux-gnu/libc.so.6(+0x1377ac) [0x774b70d167ac]

note: rustc unexpectedly overflowed its stack! this is a bug
note: we would appreciate a report at https://github.com/rust-lang/rust
help: you can increase rustc's stack size by setting RUST_MIN_STACK=16777216
note: backtrace dumped due to SIGSEGV! resuming signal
sccache: Compiler killed by signal 11
warning: `libxc-kernel-gga-14` (lib) generated 1 warning
error: could not compile `libxc-kernel-gga-14` (lib); 1 warning emitted

Caused by:
  process didn't exit successfully: `sccache /home/vscode/.rustup/toolchains/stable-x86_64-unknown-linux-gnu/bin/rustc --crate-name libxc_kernel_gga_14 --edition=2024 crates/kernel-gga-14/src/lib.rs --error-format=json --json=diagnostic-rendered-ansi,artifacts,future-incompat --crate-type lib --emit=dep-info,metadata -C embed-bitcode=no -C codegen-units=16 --check-cfg 'cfg(docsrs,test)' --check-cfg 'cfg(feature, values())' -C metadata=16c3ba9c797a7a37 -C extra-filename=-baa69bd5e367beea --out-dir /workspace/target/debug/deps -C linker=clang -C strip=debuginfo -L dependency=/workspace/target/debug/deps --extern cubecl=/workspace/target/debug/deps/libcubecl-9f408060472e7ce0.rmeta --extern libxc_kernel_math=/workspace/target/debug/deps/liblibxc_kernel_math-5924e770261ad0da.rmeta -C link-arg=-fuse-ld=mold -L native=/home/vscode/.local/share/tracel/tracel-llvm-20.1.4-7/lib` (exit status: 254)
warning: build failed, waiting for other jobs to finish...
error: rustc interrupted by SIGSEGV, printing backtrace

/home/vscode/.rustup/toolchains/stable-x86_64-unknown-linux-gnu/lib/librustc_driver-83018425804cb0fc.so(+0x3c16eec) [0x78f26a816eec]
/usr/lib/x86_64-linux-gnu/libc.so.6(+0x45cb0) [0x78f266a24cb0]
/workspace/target/debug/deps/libcubecl_macros-ee10198a14d4bf15.so(+0x321e87) [0x78f244721e87]

### cycle encountered after 3 frames with period 4
/workspace/target/debug/deps/libcubecl_macros-ee10198a14d4bf15.so(+0x3339fc) [0x78f2447339fc]
/workspace/target/debug/deps/libcubecl_macros-ee10198a14d4bf15.so(+0x3de016) [0x78f2447de016]
/workspace/target/debug/deps/libcubecl_macros-ee10198a14d4bf15.so(+0x324733) [0x78f244724733]
/workspace/target/debug/deps/libcubecl_macros-ee10198a14d4bf15.so(+0x321fcc) [0x78f244721fcc]
### recursed 18 times

/workspace/target/debug/deps/libcubecl_macros-ee10198a14d4bf15.so(+0x174e86) [0x78f244574e86]
/workspace/target/debug/deps/libcubecl_macros-ee10198a14d4bf15.so(+0x17b3e6) [0x78f24457b3e6]
/workspace/target/debug/deps/libcubecl_macros-ee10198a14d4bf15.so(+0x174ffd) [0x78f244574ffd]
/workspace/target/debug/deps/libcubecl_macros-ee10198a14d4bf15.so(+0x174ffd) [0x78f244574ffd]
/workspace/target/debug/deps/libcubecl_macros-ee10198a14d4bf15.so(+0x174e86) [0x78f244574e86]
/workspace/target/debug/deps/libcubecl_macros-ee10198a14d4bf15.so(+0x174e86) [0x78f244574e86]
/workspace/target/debug/deps/libcubecl_macros-ee10198a14d4bf15.so(+0x174e86) [0x78f244574e86]
/workspace/target/debug/deps/libcubecl_macros-ee10198a14d4bf15.so(+0x174e86) [0x78f244574e86]
/workspace/target/debug/deps/libcubecl_macros-ee10198a14d4bf15.so(+0x174e86) [0x78f244574e86]
/workspace/target/debug/deps/libcubecl_macros-ee10198a14d4bf15.so(+0x174e86) [0x78f244574e86]
/workspace/target/debug/deps/libcubecl_macros-ee10198a14d4bf15.so(+0x174e86) [0x78f244574e86]
/workspace/target/debug/deps/libcubecl_macros-ee10198a14d4bf15.so(+0x174e86) [0x78f244574e86]
/workspace/target/debug/deps/libcubecl_macros-ee10198a14d4bf15.so(+0x174e86) [0x78f244574e86]
/workspace/target/debug/deps/libcubecl_macros-ee10198a14d4bf15.so(+0x174e86) [0x78f244574e86]
/workspace/target/debug/deps/libcubecl_macros-ee10198a14d4bf15.so(+0x174e86) [0x78f244574e86]
/workspace/target/debug/deps/libcubecl_macros-ee10198a14d4bf15.so(+0x174e86) [0x78f244574e86]
/workspace/target/debug/deps/libcubecl_macros-ee10198a14d4bf15.so(+0x174e86) [0x78f244574e86]
/workspace/target/debug/deps/libcubecl_macros-ee10198a14d4bf15.so(+0x174e86) [0x78f244574e86]
/workspace/target/debug/deps/libcubecl_macros-ee10198a14d4bf15.so(+0x174e86) [0x78f244574e86]
/workspace/target/debug/deps/libcubecl_macros-ee10198a14d4bf15.so(+0x2033fb) [0x78f2446033fb]
/workspace/target/debug/deps/libcubecl_macros-ee10198a14d4bf15.so(+0x25364c) [0x78f24465364c]
/workspace/target/debug/deps/libcubecl_macros-ee10198a14d4bf15.so(+0x25a6d5) [0x78f24465a6d5]
/workspace/target/debug/deps/libcubecl_macros-ee10198a14d4bf15.so(+0x1d9689) [0x78f2445d9689]
/workspace/target/debug/deps/libcubecl_macros-ee10198a14d4bf15.so(+0x1f9de6) [0x78f2445f9de6]
/workspace/target/debug/deps/libcubecl_macros-ee10198a14d4bf15.so(+0x1915d4) [0x78f2445915d4]
/workspace/target/debug/deps/libcubecl_macros-ee10198a14d4bf15.so(+0x1f640c) [0x78f2445f640c]
/workspace/target/debug/deps/libcubecl_macros-ee10198a14d4bf15.so(+0x1c1768) [0x78f2445c1768]
/workspace/target/debug/deps/libcubecl_macros-ee10198a14d4bf15.so(+0x1d0766) [0x78f2445d0766]
/workspace/target/debug/deps/libcubecl_macros-ee10198a14d4bf15.so(+0x1baf45) [0x78f2445baf45]
/workspace/target/debug/deps/libcubecl_macros-ee10198a14d4bf15.so(+0x145b2d) [0x78f244545b2d]
/workspace/target/debug/deps/libcubecl_macros-ee10198a14d4bf15.so(+0x1486b7) [0x78f2445486b7]
/workspace/target/debug/deps/libcubecl_macros-ee10198a14d4bf15.so(+0x259870) [0x78f244659870]
/workspace/target/debug/deps/libcubecl_macros-ee10198a14d4bf15.so(+0x1ce229) [0x78f2445ce229]
/workspace/target/debug/deps/libcubecl_macros-ee10198a14d4bf15.so(+0x259675) [0x78f244659675]
/workspace/target/debug/deps/libcubecl_macros-ee10198a14d4bf15.so(+0x1f8a3d) [0x78f2445f8a3d]
/workspace/target/debug/deps/libcubecl_macros-ee10198a14d4bf15.so(+0x17e6d2) [0x78f24457e6d2]
/workspace/target/debug/deps/libcubecl_macros-ee10198a14d4bf15.so(+0x1da1f6) [0x78f2445da1f6]
/workspace/target/debug/deps/libcubecl_macros-ee10198a14d4bf15.so(+0x21e465) [0x78f24461e465]
/workspace/target/debug/deps/libcubecl_macros-ee10198a14d4bf15.so(+0x1d9a07) [0x78f2445d9a07]
/workspace/target/debug/deps/libcubecl_macros-ee10198a14d4bf15.so(+0x173aa6) [0x78f244573aa6]
/workspace/target/debug/deps/libcubecl_macros-ee10198a14d4bf15.so(+0x25a783) [0x78f24465a783]
/workspace/target/debug/deps/libcubecl_macros-ee10198a14d4bf15.so(+0x1d9689) [0x78f2445d9689]
/workspace/target/debug/deps/libcubecl_macros-ee10198a14d4bf15.so(+0x1f9de6) [0x78f2445f9de6]
/workspace/target/debug/deps/libcubecl_macros-ee10198a14d4bf15.so(+0x1915d4) [0x78f2445915d4]
/workspace/target/debug/deps/libcubecl_macros-ee10198a14d4bf15.so(+0x1f640c) [0x78f2445f640c]
/workspace/target/debug/deps/libcubecl_macros-ee10198a14d4bf15.so(+0x1c1768) [0x78f2445c1768]
/workspace/target/debug/deps/libcubecl_macros-ee10198a14d4bf15.so(+0x1d0766) [0x78f2445d0766]
/workspace/target/debug/deps/libcubecl_macros-ee10198a14d4bf15.so(+0x1baf45) [0x78f2445baf45]
/workspace/target/debug/deps/libcubecl_macros-ee10198a14d4bf15.so(+0x145b2d) [0x78f244545b2d]
/workspace/target/debug/deps/libcubecl_macros-ee10198a14d4bf15.so(+0x1486b7) [0x78f2445486b7]
/workspace/target/debug/deps/libcubecl_macros-ee10198a14d4bf15.so(+0x259870) [0x78f244659870]
/workspace/target/debug/deps/libcubecl_macros-ee10198a14d4bf15.so(+0x1ce229) [0x78f2445ce229]
/workspace/target/debug/deps/libcubecl_macros-ee10198a14d4bf15.so(+0x259675) [0x78f244659675]
/workspace/target/debug/deps/libcubecl_macros-ee10198a14d4bf15.so(+0x1f8a3d) [0x78f2445f8a3d]
/workspace/target/debug/deps/libcubecl_macros-ee10198a14d4bf15.so(+0x17e6d2) [0x78f24457e6d2]
/workspace/target/debug/deps/libcubecl_macros-ee10198a14d4bf15.so(+0x19d236) [0x78f24459d236]
/workspace/target/debug/deps/libcubecl_macros-ee10198a14d4bf15.so(+0x21dc65) [0x78f24461dc65]
/workspace/target/debug/deps/libcubecl_macros-ee10198a14d4bf15.so(+0x19cceb) [0x78f24459cceb]
/workspace/target/debug/deps/libcubecl_macros-ee10198a14d4bf15.so(+0x19bb6f) [0x78f24459bb6f]
/workspace/target/debug/deps/libcubecl_macros-ee10198a14d4bf15.so(+0x25d67f) [0x78f24465d67f]
/workspace/target/debug/deps/libcubecl_macros-ee10198a14d4bf15.so(+0x25a2aa) [0x78f24465a2aa]
/workspace/target/debug/deps/libcubecl_macros-ee10198a14d4bf15.so(+0x2604e4) [0x78f2446604e4]
/workspace/target/debug/deps/libcubecl_macros-ee10198a14d4bf15.so(+0x1e45c6) [0x78f2445e45c6]
/workspace/target/debug/deps/libcubecl_macros-ee10198a14d4bf15.so(+0x1e4332) [0x78f2445e4332]
/workspace/target/debug/deps/libcubecl_macros-ee10198a14d4bf15.so(+0x2592e6) [0x78f2446592e6]
/workspace/target/debug/deps/libcubecl_macros-ee10198a14d4bf15.so(+0x1e2df0) [0x78f2445e2df0]
/workspace/target/debug/deps/libcubecl_macros-ee10198a14d4bf15.so(+0x1c5ca0) [0x78f2445c5ca0]
/workspace/target/debug/deps/libcubecl_macros-ee10198a14d4bf15.so(+0x1b44ec) [0x78f2445b44ec]
/workspace/target/debug/deps/libcubecl_macros-ee10198a14d4bf15.so(+0x1f192b) [0x78f2445f192b]
/workspace/target/debug/deps/libcubecl_macros-ee10198a14d4bf15.so(+0x1e17d7) [0x78f2445e17d7]
/workspace/target/debug/deps/libcubecl_macros-ee10198a14d4bf15.so(+0x1e457e) [0x78f2445e457e]
/workspace/target/debug/deps/libcubecl_macros-ee10198a14d4bf15.so(+0x1f6cc2) [0x78f2445f6cc2]
/home/vscode/.rustup/toolchains/stable-x86_64-unknown-linux-gnu/lib/librustc_driver-83018425804cb0fc.so(+0x604367e) [0x78f26cc4367e]
/home/vscode/.rustup/toolchains/stable-x86_64-unknown-linux-gnu/lib/librustc_driver-83018425804cb0fc.so(_RNvXs0_NtCsiviWpKasGV0_12rustc_expand10proc_macroNtB5_13AttrProcMacroNtNtB7_4base13AttrProcMacro6expand+0x1f0) [0x78f26cc42cb0]
/home/vscode/.rustup/toolchains/stable-x86_64-unknown-linux-gnu/lib/librustc_driver-83018425804cb0fc.so(+0x6042979) [0x78f26cc42979]
/home/vscode/.rustup/toolchains/stable-x86_64-unknown-linux-gnu/lib/librustc_driver-83018425804cb0fc.so(_RNvMs1_NtCsiviWpKasGV0_12rustc_expand6expandNtB5_13MacroExpander21fully_expand_fragment+0x95b1) [0x78f26d40abb3]
/home/vscode/.rustup/toolchains/stable-x86_64-unknown-linux-gnu/lib/librustc_driver-83018425804cb0fc.so(_RNvMs1_NtCsiviWpKasGV0_12rustc_expand6expandNtB5_13MacroExpander12expand_crate+0x384) [0x78f26d4011d2]
/home/vscode/.rustup/toolchains/stable-x86_64-unknown-linux-gnu/lib/librustc_driver-83018425804cb0fc.so(+0x59c4df4) [0x78f26c5c4df4]
/home/vscode/.rustup/toolchains/stable-x86_64-unknown-linux-gnu/lib/librustc_driver-83018425804cb0fc.so(_RNvNtCsgbGAOEN9ykS_15rustc_interface6passes25resolver_for_lowering_raw+0x27f) [0x78f26d012195]
/home/vscode/.rustup/toolchains/stable-x86_64-unknown-linux-gnu/lib/librustc_driver-83018425804cb0fc.so(+0x6411f0d) [0x78f26d011f0d]
/home/vscode/.rustup/toolchains/stable-x86_64-unknown-linux-gnu/lib/librustc_driver-83018425804cb0fc.so(+0x6411ee7) [0x78f26d011ee7]
/home/vscode/.rustup/toolchains/stable-x86_64-unknown-linux-gnu/lib/librustc_driver-83018425804cb0fc.so(_RINvNtNtCsgHa9A6Md9v_18rustc_query_system5query8plumbing17try_execute_queryINtCsefoSHKFzx0E_16rustc_query_impl13DynamicConfigINtNtB4_6caches11SingleCacheINtNtNtCsk30s2LStKIs_12rustc_middle5query5erase6ErasedAhj10_EEKb0_KB3s_KB3s_ENtNtB1e_8plumbing9QueryCtxtKB3s_EB1e_+0x21c) [0x78f26d0115dc]
/home/vscode/.rustup/toolchains/stable-x86_64-unknown-linux-gnu/lib/librustc_driver-83018425804cb0fc.so(+0x6411146) [0x78f26d011146]
/home/vscode/.rustup/toolchains/stable-x86_64-unknown-linux-gnu/lib/librustc_driver-83018425804cb0fc.so(+0x659f3f8) [0x78f26d19f3f8]
/home/vscode/.rustup/toolchains/stable-x86_64-unknown-linux-gnu/lib/librustc_driver-83018425804cb0fc.so(+0x63e1e74) [0x78f26cfe1e74]
/home/vscode/.rustup/toolchains/stable-x86_64-unknown-linux-gnu/lib/librustc_driver-83018425804cb0fc.so(+0x6344e4e) [0x78f26cf44e4e]
/home/vscode/.rustup/toolchains/stable-x86_64-unknown-linux-gnu/lib/librustc_driver-83018425804cb0fc.so(+0x6344c20) [0x78f26cf44c20]
/home/vscode/.rustup/toolchains/stable-x86_64-unknown-linux-gnu/lib/librustc_driver-83018425804cb0fc.so(+0x6346dc6) [0x78f26cf46dc6]
/usr/lib/x86_64-linux-gnu/libc.so.6(+0xa40da) [0x78f266a830da]
/usr/lib/x86_64-linux-gnu/libc.so.6(+0x1377ac) [0x78f266b167ac]

note: rustc unexpectedly overflowed its stack! this is a bug
note: we would appreciate a report at https://github.com/rust-lang/rust
help: you can increase rustc's stack size by setting RUST_MIN_STACK=16777216
note: backtrace dumped due to SIGSEGV! resuming signal
sccache: Compiler killed by signal 11
warning: `libxc-kernel-gga-16` (lib) generated 1 warning (1 duplicate)
error: could not compile `libxc-kernel-gga-16` (lib); 1 warning emitted

Caused by:
  process didn't exit successfully: `sccache /home/vscode/.rustup/toolchains/stable-x86_64-unknown-linux-gnu/bin/rustc --crate-name libxc_kernel_gga_16 --edition=2024 crates/kernel-gga-16/src/lib.rs --error-format=json --json=diagnostic-rendered-ansi,artifacts,future-incompat --crate-type lib --emit=dep-info,metadata -C embed-bitcode=no -C codegen-units=16 --check-cfg 'cfg(docsrs,test)' --check-cfg 'cfg(feature, values())' -C metadata=d370dd0a15488505 -C extra-filename=-265a391eeff57547 --out-dir /workspace/target/debug/deps -C linker=clang -C strip=debuginfo -L dependency=/workspace/target/debug/deps --extern cubecl=/workspace/target/debug/deps/libcubecl-9f408060472e7ce0.rmeta --extern libxc_kernel_math=/workspace/target/debug/deps/liblibxc_kernel_math-5924e770261ad0da.rmeta -C link-arg=-fuse-ld=mold -L native=/home/vscode/.local/share/tracel/tracel-llvm-20.1.4-7/lib` (exit status: 254)
