warning: value assigned to `result` is never read
  --> crates/kernel-math/src/lambert_w.rs:26:22
   |
26 |     let mut result = 0.0f64;
   |                      ^^^^^^
   |
   = help: maybe it is overwritten before being read?
   = note: `#[warn(unused_assignments)]` (part of `#[warn(unused)]`) on by default

warning: value assigned to `w0` is never read
  --> crates/kernel-math/src/lambert_w.rs:36:22
   |
36 |         let mut w0 = 0.0f64;
   |                      ^^^^^^
   |
   = help: maybe it is overwritten before being read?

warning: value assigned to `b2` is never read
  --> crates/kernel-math/src/expint_e1.rs:22:23
   |
22 |     let mut b2: f64 = 0.0;
   |                       ^^^
   |
   = help: maybe it is overwritten before being read?

warning: value assigned to `b2` is never read
  --> crates/kernel-math/src/expint_e1.rs:72:23
   |
72 |     let mut b2: f64 = 0.0;
   |                       ^^^
   |
   = help: maybe it is overwritten before being read?

warning: value assigned to `b2` is never read
   --> crates/kernel-math/src/expint_e1.rs:107:23
    |
107 |     let mut b2: f64 = 0.0;
    |                       ^^^
    |
    = help: maybe it is overwritten before being read?

warning: value assigned to `b2` is never read
   --> crates/kernel-math/src/expint_e1.rs:136:23
    |
136 |     let mut b2: f64 = 0.0;
    |                       ^^^
    |
    = help: maybe it is overwritten before being read?

warning: value assigned to `b2` is never read
   --> crates/kernel-math/src/expint_e1.rs:162:23
    |
162 |     let mut b2: f64 = 0.0;
    |                       ^^^
    |
    = help: maybe it is overwritten before being read?

warning: value assigned to `b2` is never read
   --> crates/kernel-math/src/expint_e1.rs:197:23
    |
197 |     let mut b2: f64 = 0.0;
    |                       ^^^
    |
    = help: maybe it is overwritten before being read?

warning: value assigned to `e1` is never read
   --> crates/kernel-math/src/expint_e1.rs:233:18
    |
233 |     let mut e1 = 0.0f64;
    |                  ^^^^^^
    |
    = help: maybe it is overwritten before being read?

warning: value assigned to `b2` is never read
  --> crates/kernel-math/src/special.rs:36:18
   |
36 |     let mut b2 = 0.0f64;
   |                  ^^^^^^
   |
   = help: maybe it is overwritten before being read?

warning: value assigned to `dspenc` is never read
   --> crates/kernel-math/src/special.rs:139:22
    |
139 |     let mut dspenc = 0.0f64;
    |                      ^^^^^^
    |
    = help: maybe it is overwritten before being read?

warning: value assigned to `result` is never read
   --> crates/kernel-math/src/special.rs:208:22
    |
208 |     let mut result = 0.0f64;
    |                      ^^^^^^
    |
    = help: maybe it is overwritten before being read?

warning: value assigned to `result` is never read
   --> crates/kernel-math/src/special.rs:242:22
    |
242 |     let mut result = 0.0f64;
    |                      ^^^^^^
    |
    = help: maybe it is overwritten before being read?

warning: `libxc-kernel-math` (lib) generated 13 warnings
    Checking libxc-kernel-gga-13 v0.1.0 (/workspace/crates/kernel-gga-13)
    Checking libxc-kernel-gga-22 v0.1.0 (/workspace/crates/kernel-gga-22)
    Checking libxc-kernel-gga-11 v0.1.0 (/workspace/crates/kernel-gga-11)
    Checking libxc-kernel-gga-19 v0.1.0 (/workspace/crates/kernel-gga-19)
    Checking libxc-kernel-gga-17 v0.1.0 (/workspace/crates/kernel-gga-17)
    Checking libxc-kernel-gga-2 v0.1.0 (/workspace/crates/kernel-gga-2)
warning: ignoring -C extra-filename flag due to -o flag

error: rustc interrupted by SIGSEGV, printing backtrace

/home/vscode/.rustup/toolchains/stable-x86_64-unknown-linux-gnu/lib/librustc_driver-83018425804cb0fc.so(+0x3c16eec) [0x71df0a616eec]
/usr/lib/x86_64-linux-gnu/libc.so.6(+0x45cb0) [0x71df06824cb0]
/workspace/target/debug/deps/libcubecl_macros-ee10198a14d4bf15.so(+0x321e87) [0x71dee5b21e87]

### cycle encountered after 3 frames with period 4
/workspace/target/debug/deps/libcubecl_macros-ee10198a14d4bf15.so(+0x3339fc) [0x71dee5b339fc]
/workspace/target/debug/deps/libcubecl_macros-ee10198a14d4bf15.so(+0x3de016) [0x71dee5bde016]
/workspace/target/debug/deps/libcubecl_macros-ee10198a14d4bf15.so(+0x324733) [0x71dee5b24733]
/workspace/target/debug/deps/libcubecl_macros-ee10198a14d4bf15.so(+0x321fcc) [0x71dee5b21fcc]
### recursed 17 times

/workspace/target/debug/deps/libcubecl_macros-ee10198a14d4bf15.so(+0x174e86) [0x71dee5974e86]
/workspace/target/debug/deps/libcubecl_macros-ee10198a14d4bf15.so(+0x174e86) [0x71dee5974e86]
/workspace/target/debug/deps/libcubecl_macros-ee10198a14d4bf15.so(+0x174e86) [0x71dee5974e86]
/workspace/target/debug/deps/libcubecl_macros-ee10198a14d4bf15.so(+0x174e86) [0x71dee5974e86]
/workspace/target/debug/deps/libcubecl_macros-ee10198a14d4bf15.so(+0x174e86) [0x71dee5974e86]
/workspace/target/debug/deps/libcubecl_macros-ee10198a14d4bf15.so(+0x174e86) [0x71dee5974e86]
/workspace/target/debug/deps/libcubecl_macros-ee10198a14d4bf15.so(+0x174e86) [0x71dee5974e86]
/workspace/target/debug/deps/libcubecl_macros-ee10198a14d4bf15.so(+0x174e86) [0x71dee5974e86]
/workspace/target/debug/deps/libcubecl_macros-ee10198a14d4bf15.so(+0x174e86) [0x71dee5974e86]
/workspace/target/debug/deps/libcubecl_macros-ee10198a14d4bf15.so(+0x174e86) [0x71dee5974e86]
/workspace/target/debug/deps/libcubecl_macros-ee10198a14d4bf15.so(+0x174e86) [0x71dee5974e86]
/workspace/target/debug/deps/libcubecl_macros-ee10198a14d4bf15.so(+0x17b3e6) [0x71dee597b3e6]
/workspace/target/debug/deps/libcubecl_macros-ee10198a14d4bf15.so(+0x174ffd) [0x71dee5974ffd]
/workspace/target/debug/deps/libcubecl_macros-ee10198a14d4bf15.so(+0x174e86) [0x71dee5974e86]
/workspace/target/debug/deps/libcubecl_macros-ee10198a14d4bf15.so(+0x174e86) [0x71dee5974e86]
/workspace/target/debug/deps/libcubecl_macros-ee10198a14d4bf15.so(+0x174e86) [0x71dee5974e86]
/workspace/target/debug/deps/libcubecl_macros-ee10198a14d4bf15.so(+0x174e86) [0x71dee5974e86]
/workspace/target/debug/deps/libcubecl_macros-ee10198a14d4bf15.so(+0x174e86) [0x71dee5974e86]
/workspace/target/debug/deps/libcubecl_macros-ee10198a14d4bf15.so(+0x174e86) [0x71dee5974e86]
/workspace/target/debug/deps/libcubecl_macros-ee10198a14d4bf15.so(+0x174e86) [0x71dee5974e86]
/workspace/target/debug/deps/libcubecl_macros-ee10198a14d4bf15.so(+0x174e86) [0x71dee5974e86]
/workspace/target/debug/deps/libcubecl_macros-ee10198a14d4bf15.so(+0x174e86) [0x71dee5974e86]
/workspace/target/debug/deps/libcubecl_macros-ee10198a14d4bf15.so(+0x174e86) [0x71dee5974e86]
/workspace/target/debug/deps/libcubecl_macros-ee10198a14d4bf15.so(+0x2033fb) [0x71dee5a033fb]
/workspace/target/debug/deps/libcubecl_macros-ee10198a14d4bf15.so(+0x25364c) [0x71dee5a5364c]
/workspace/target/debug/deps/libcubecl_macros-ee10198a14d4bf15.so(+0x25a6d5) [0x71dee5a5a6d5]
/workspace/target/debug/deps/libcubecl_macros-ee10198a14d4bf15.so(+0x1d9689) [0x71dee59d9689]
/workspace/target/debug/deps/libcubecl_macros-ee10198a14d4bf15.so(+0x1f9de6) [0x71dee59f9de6]
/workspace/target/debug/deps/libcubecl_macros-ee10198a14d4bf15.so(+0x1915d4) [0x71dee59915d4]
/workspace/target/debug/deps/libcubecl_macros-ee10198a14d4bf15.so(+0x1f640c) [0x71dee59f640c]
/workspace/target/debug/deps/libcubecl_macros-ee10198a14d4bf15.so(+0x1c1768) [0x71dee59c1768]
/workspace/target/debug/deps/libcubecl_macros-ee10198a14d4bf15.so(+0x1d0766) [0x71dee59d0766]
/workspace/target/debug/deps/libcubecl_macros-ee10198a14d4bf15.so(+0x1baf45) [0x71dee59baf45]
/workspace/target/debug/deps/libcubecl_macros-ee10198a14d4bf15.so(+0x145b2d) [0x71dee5945b2d]
/workspace/target/debug/deps/libcubecl_macros-ee10198a14d4bf15.so(+0x1486b7) [0x71dee59486b7]
/workspace/target/debug/deps/libcubecl_macros-ee10198a14d4bf15.so(+0x259870) [0x71dee5a59870]
/workspace/target/debug/deps/libcubecl_macros-ee10198a14d4bf15.so(+0x1ce229) [0x71dee59ce229]
/workspace/target/debug/deps/libcubecl_macros-ee10198a14d4bf15.so(+0x259675) [0x71dee5a59675]
/workspace/target/debug/deps/libcubecl_macros-ee10198a14d4bf15.so(+0x1f8a3d) [0x71dee59f8a3d]
/workspace/target/debug/deps/libcubecl_macros-ee10198a14d4bf15.so(+0x17e6d2) [0x71dee597e6d2]
/workspace/target/debug/deps/libcubecl_macros-ee10198a14d4bf15.so(+0x1da1f6) [0x71dee59da1f6]
/workspace/target/debug/deps/libcubecl_macros-ee10198a14d4bf15.so(+0x21e465) [0x71dee5a1e465]
/workspace/target/debug/deps/libcubecl_macros-ee10198a14d4bf15.so(+0x1d9a07) [0x71dee59d9a07]
/workspace/target/debug/deps/libcubecl_macros-ee10198a14d4bf15.so(+0x173aa6) [0x71dee5973aa6]
/workspace/target/debug/deps/libcubecl_macros-ee10198a14d4bf15.so(+0x25a783) [0x71dee5a5a783]
/workspace/target/debug/deps/libcubecl_macros-ee10198a14d4bf15.so(+0x1d9689) [0x71dee59d9689]
/workspace/target/debug/deps/libcubecl_macros-ee10198a14d4bf15.so(+0x1f9de6) [0x71dee59f9de6]
/workspace/target/debug/deps/libcubecl_macros-ee10198a14d4bf15.so(+0x1915d4) [0x71dee59915d4]
/workspace/target/debug/deps/libcubecl_macros-ee10198a14d4bf15.so(+0x1f640c) [0x71dee59f640c]
/workspace/target/debug/deps/libcubecl_macros-ee10198a14d4bf15.so(+0x1c1768) [0x71dee59c1768]
/workspace/target/debug/deps/libcubecl_macros-ee10198a14d4bf15.so(+0x1d0766) [0x71dee59d0766]
/workspace/target/debug/deps/libcubecl_macros-ee10198a14d4bf15.so(+0x1baf45) [0x71dee59baf45]
/workspace/target/debug/deps/libcubecl_macros-ee10198a14d4bf15.so(+0x145b2d) [0x71dee5945b2d]
/workspace/target/debug/deps/libcubecl_macros-ee10198a14d4bf15.so(+0x1486b7) [0x71dee59486b7]
/workspace/target/debug/deps/libcubecl_macros-ee10198a14d4bf15.so(+0x259870) [0x71dee5a59870]
/workspace/target/debug/deps/libcubecl_macros-ee10198a14d4bf15.so(+0x1ce229) [0x71dee59ce229]
/workspace/target/debug/deps/libcubecl_macros-ee10198a14d4bf15.so(+0x259675) [0x71dee5a59675]
/workspace/target/debug/deps/libcubecl_macros-ee10198a14d4bf15.so(+0x1f8a3d) [0x71dee59f8a3d]
/workspace/target/debug/deps/libcubecl_macros-ee10198a14d4bf15.so(+0x17e6d2) [0x71dee597e6d2]
/workspace/target/debug/deps/libcubecl_macros-ee10198a14d4bf15.so(+0x19d236) [0x71dee599d236]
/workspace/target/debug/deps/libcubecl_macros-ee10198a14d4bf15.so(+0x21dc65) [0x71dee5a1dc65]
/workspace/target/debug/deps/libcubecl_macros-ee10198a14d4bf15.so(+0x19cceb) [0x71dee599cceb]
/workspace/target/debug/deps/libcubecl_macros-ee10198a14d4bf15.so(+0x19bb6f) [0x71dee599bb6f]
/workspace/target/debug/deps/libcubecl_macros-ee10198a14d4bf15.so(+0x25d67f) [0x71dee5a5d67f]
/workspace/target/debug/deps/libcubecl_macros-ee10198a14d4bf15.so(+0x25a2aa) [0x71dee5a5a2aa]
/workspace/target/debug/deps/libcubecl_macros-ee10198a14d4bf15.so(+0x2604e4) [0x71dee5a604e4]
/workspace/target/debug/deps/libcubecl_macros-ee10198a14d4bf15.so(+0x1e45c6) [0x71dee59e45c6]
/workspace/target/debug/deps/libcubecl_macros-ee10198a14d4bf15.so(+0x1e4332) [0x71dee59e4332]
/workspace/target/debug/deps/libcubecl_macros-ee10198a14d4bf15.so(+0x2592e6) [0x71dee5a592e6]
/workspace/target/debug/deps/libcubecl_macros-ee10198a14d4bf15.so(+0x1e2df0) [0x71dee59e2df0]
/workspace/target/debug/deps/libcubecl_macros-ee10198a14d4bf15.so(+0x1c5ca0) [0x71dee59c5ca0]
/workspace/target/debug/deps/libcubecl_macros-ee10198a14d4bf15.so(+0x1b44ec) [0x71dee59b44ec]
/workspace/target/debug/deps/libcubecl_macros-ee10198a14d4bf15.so(+0x1f192b) [0x71dee59f192b]
/workspace/target/debug/deps/libcubecl_macros-ee10198a14d4bf15.so(+0x1e17d7) [0x71dee59e17d7]
/workspace/target/debug/deps/libcubecl_macros-ee10198a14d4bf15.so(+0x1e457e) [0x71dee59e457e]
/workspace/target/debug/deps/libcubecl_macros-ee10198a14d4bf15.so(+0x1f6cc2) [0x71dee59f6cc2]
/home/vscode/.rustup/toolchains/stable-x86_64-unknown-linux-gnu/lib/librustc_driver-83018425804cb0fc.so(+0x604367e) [0x71df0ca4367e]
/home/vscode/.rustup/toolchains/stable-x86_64-unknown-linux-gnu/lib/librustc_driver-83018425804cb0fc.so(_RNvXs0_NtCsiviWpKasGV0_12rustc_expand10proc_macroNtB5_13AttrProcMacroNtNtB7_4base13AttrProcMacro6expand+0x1f0) [0x71df0ca42cb0]
/home/vscode/.rustup/toolchains/stable-x86_64-unknown-linux-gnu/lib/librustc_driver-83018425804cb0fc.so(+0x6042979) [0x71df0ca42979]
/home/vscode/.rustup/toolchains/stable-x86_64-unknown-linux-gnu/lib/librustc_driver-83018425804cb0fc.so(_RNvMs1_NtCsiviWpKasGV0_12rustc_expand6expandNtB5_13MacroExpander21fully_expand_fragment+0x95b1) [0x71df0d20abb3]
/home/vscode/.rustup/toolchains/stable-x86_64-unknown-linux-gnu/lib/librustc_driver-83018425804cb0fc.so(_RNvMs1_NtCsiviWpKasGV0_12rustc_expand6expandNtB5_13MacroExpander12expand_crate+0x384) [0x71df0d2011d2]
/home/vscode/.rustup/toolchains/stable-x86_64-unknown-linux-gnu/lib/librustc_driver-83018425804cb0fc.so(+0x59c4df4) [0x71df0c3c4df4]
/home/vscode/.rustup/toolchains/stable-x86_64-unknown-linux-gnu/lib/librustc_driver-83018425804cb0fc.so(_RNvNtCsgbGAOEN9ykS_15rustc_interface6passes25resolver_for_lowering_raw+0x27f) [0x71df0ce12195]
/home/vscode/.rustup/toolchains/stable-x86_64-unknown-linux-gnu/lib/librustc_driver-83018425804cb0fc.so(+0x6411f0d) [0x71df0ce11f0d]
/home/vscode/.rustup/toolchains/stable-x86_64-unknown-linux-gnu/lib/librustc_driver-83018425804cb0fc.so(+0x6411ee7) [0x71df0ce11ee7]
/home/vscode/.rustup/toolchains/stable-x86_64-unknown-linux-gnu/lib/librustc_driver-83018425804cb0fc.so(_RINvNtNtCsgHa9A6Md9v_18rustc_query_system5query8plumbing17try_execute_queryINtCsefoSHKFzx0E_16rustc_query_impl13DynamicConfigINtNtB4_6caches11SingleCacheINtNtNtCsk30s2LStKIs_12rustc_middle5query5erase6ErasedAhj10_EEKb0_KB3s_KB3s_ENtNtB1e_8plumbing9QueryCtxtKB3s_EB1e_+0x21c) [0x71df0ce115dc]
/home/vscode/.rustup/toolchains/stable-x86_64-unknown-linux-gnu/lib/librustc_driver-83018425804cb0fc.so(+0x6411146) [0x71df0ce11146]
/home/vscode/.rustup/toolchains/stable-x86_64-unknown-linux-gnu/lib/librustc_driver-83018425804cb0fc.so(+0x659f3f8) [0x71df0cf9f3f8]
/home/vscode/.rustup/toolchains/stable-x86_64-unknown-linux-gnu/lib/librustc_driver-83018425804cb0fc.so(+0x63e1e74) [0x71df0cde1e74]
/home/vscode/.rustup/toolchains/stable-x86_64-unknown-linux-gnu/lib/librustc_driver-83018425804cb0fc.so(+0x6344e4e) [0x71df0cd44e4e]
/home/vscode/.rustup/toolchains/stable-x86_64-unknown-linux-gnu/lib/librustc_driver-83018425804cb0fc.so(+0x6344c20) [0x71df0cd44c20]
/home/vscode/.rustup/toolchains/stable-x86_64-unknown-linux-gnu/lib/librustc_driver-83018425804cb0fc.so(+0x6346dc6) [0x71df0cd46dc6]
/usr/lib/x86_64-linux-gnu/libc.so.6(+0xa40da) [0x71df068830da]
/usr/lib/x86_64-linux-gnu/libc.so.6(+0x1377ac) [0x71df069167ac]

note: rustc unexpectedly overflowed its stack! this is a bug
note: we would appreciate a report at https://github.com/rust-lang/rust
help: you can increase rustc's stack size by setting RUST_MIN_STACK=16777216
note: backtrace dumped due to SIGSEGV! resuming signal
sccache: Compiler killed by signal 11
warning: `libxc-kernel-gga-13` (lib) generated 1 warning
error: could not compile `libxc-kernel-gga-13` (lib); 1 warning emitted

Caused by:
  process didn't exit successfully: `sccache /home/vscode/.rustup/toolchains/stable-x86_64-unknown-linux-gnu/bin/rustc --crate-name libxc_kernel_gga_13 --edition=2024 crates/kernel-gga-13/src/lib.rs --error-format=json --json=diagnostic-rendered-ansi,artifacts,future-incompat --crate-type lib --emit=dep-info,metadata -C embed-bitcode=no -C codegen-units=16 --check-cfg 'cfg(docsrs,test)' --check-cfg 'cfg(feature, values())' -C metadata=840cf2ce9e683d78 -C extra-filename=-81eace1a502b4ac7 --out-dir /workspace/target/debug/deps -C linker=clang -C strip=debuginfo -L dependency=/workspace/target/debug/deps --extern cubecl=/workspace/target/debug/deps/libcubecl-9f408060472e7ce0.rmeta --extern libxc_kernel_math=/workspace/target/debug/deps/liblibxc_kernel_math-5924e770261ad0da.rmeta -C link-arg=-fuse-ld=mold -L native=/home/vscode/.local/share/tracel/tracel-llvm-20.1.4-7/lib` (exit status: 254)
warning: build failed, waiting for other jobs to finish...
error: rustc interrupted by SIGSEGV, printing backtrace

/home/vscode/.rustup/toolchains/stable-x86_64-unknown-linux-gnu/lib/librustc_driver-83018425804cb0fc.so(+0x3c16eec) [0x721df1216eec]
/usr/lib/x86_64-linux-gnu/libc.so.6(+0x45cb0) [0x721ded424cb0]
/workspace/target/debug/deps/libcubecl_macros-ee10198a14d4bf15.so(+0x321e87) [0x721dca321e87]

### cycle encountered after 3 frames with period 4
/workspace/target/debug/deps/libcubecl_macros-ee10198a14d4bf15.so(+0x3339fc) [0x721dca3339fc]
/workspace/target/debug/deps/libcubecl_macros-ee10198a14d4bf15.so(+0x3de016) [0x721dca3de016]
/workspace/target/debug/deps/libcubecl_macros-ee10198a14d4bf15.so(+0x324733) [0x721dca324733]
/workspace/target/debug/deps/libcubecl_macros-ee10198a14d4bf15.so(+0x321fcc) [0x721dca321fcc]
### recursed 17 times

/workspace/target/debug/deps/libcubecl_macros-ee10198a14d4bf15.so(+0x174e86) [0x721dca174e86]
/workspace/target/debug/deps/libcubecl_macros-ee10198a14d4bf15.so(+0x174e86) [0x721dca174e86]
/workspace/target/debug/deps/libcubecl_macros-ee10198a14d4bf15.so(+0x174e86) [0x721dca174e86]
/workspace/target/debug/deps/libcubecl_macros-ee10198a14d4bf15.so(+0x174e86) [0x721dca174e86]
/workspace/target/debug/deps/libcubecl_macros-ee10198a14d4bf15.so(+0x174e86) [0x721dca174e86]
/workspace/target/debug/deps/libcubecl_macros-ee10198a14d4bf15.so(+0x174e86) [0x721dca174e86]
/workspace/target/debug/deps/libcubecl_macros-ee10198a14d4bf15.so(+0x174e86) [0x721dca174e86]
/workspace/target/debug/deps/libcubecl_macros-ee10198a14d4bf15.so(+0x174e86) [0x721dca174e86]
/workspace/target/debug/deps/libcubecl_macros-ee10198a14d4bf15.so(+0x174e86) [0x721dca174e86]
/workspace/target/debug/deps/libcubecl_macros-ee10198a14d4bf15.so(+0x174e86) [0x721dca174e86]
/workspace/target/debug/deps/libcubecl_macros-ee10198a14d4bf15.so(+0x174e86) [0x721dca174e86]
/workspace/target/debug/deps/libcubecl_macros-ee10198a14d4bf15.so(+0x17b3e6) [0x721dca17b3e6]
/workspace/target/debug/deps/libcubecl_macros-ee10198a14d4bf15.so(+0x174ffd) [0x721dca174ffd]
/workspace/target/debug/deps/libcubecl_macros-ee10198a14d4bf15.so(+0x174ffd) [0x721dca174ffd]
/workspace/target/debug/deps/libcubecl_macros-ee10198a14d4bf15.so(+0x174e86) [0x721dca174e86]
/workspace/target/debug/deps/libcubecl_macros-ee10198a14d4bf15.so(+0x174e86) [0x721dca174e86]
/workspace/target/debug/deps/libcubecl_macros-ee10198a14d4bf15.so(+0x174e86) [0x721dca174e86]
/workspace/target/debug/deps/libcubecl_macros-ee10198a14d4bf15.so(+0x174e86) [0x721dca174e86]
/workspace/target/debug/deps/libcubecl_macros-ee10198a14d4bf15.so(+0x174e86) [0x721dca174e86]
/workspace/target/debug/deps/libcubecl_macros-ee10198a14d4bf15.so(+0x174e86) [0x721dca174e86]
/workspace/target/debug/deps/libcubecl_macros-ee10198a14d4bf15.so(+0x174e86) [0x721dca174e86]
/workspace/target/debug/deps/libcubecl_macros-ee10198a14d4bf15.so(+0x174e86) [0x721dca174e86]
/workspace/target/debug/deps/libcubecl_macros-ee10198a14d4bf15.so(+0x174e86) [0x721dca174e86]
/workspace/target/debug/deps/libcubecl_macros-ee10198a14d4bf15.so(+0x2033fb) [0x721dca2033fb]
/workspace/target/debug/deps/libcubecl_macros-ee10198a14d4bf15.so(+0x25364c) [0x721dca25364c]
/workspace/target/debug/deps/libcubecl_macros-ee10198a14d4bf15.so(+0x25a6d5) [0x721dca25a6d5]
/workspace/target/debug/deps/libcubecl_macros-ee10198a14d4bf15.so(+0x1d9689) [0x721dca1d9689]
/workspace/target/debug/deps/libcubecl_macros-ee10198a14d4bf15.so(+0x1f9de6) [0x721dca1f9de6]
/workspace/target/debug/deps/libcubecl_macros-ee10198a14d4bf15.so(+0x1915d4) [0x721dca1915d4]
/workspace/target/debug/deps/libcubecl_macros-ee10198a14d4bf15.so(+0x1f640c) [0x721dca1f640c]
/workspace/target/debug/deps/libcubecl_macros-ee10198a14d4bf15.so(+0x1c1768) [0x721dca1c1768]
/workspace/target/debug/deps/libcubecl_macros-ee10198a14d4bf15.so(+0x1d0766) [0x721dca1d0766]
/workspace/target/debug/deps/libcubecl_macros-ee10198a14d4bf15.so(+0x1baf45) [0x721dca1baf45]
/workspace/target/debug/deps/libcubecl_macros-ee10198a14d4bf15.so(+0x145b2d) [0x721dca145b2d]
/workspace/target/debug/deps/libcubecl_macros-ee10198a14d4bf15.so(+0x1486b7) [0x721dca1486b7]
/workspace/target/debug/deps/libcubecl_macros-ee10198a14d4bf15.so(+0x259870) [0x721dca259870]
/workspace/target/debug/deps/libcubecl_macros-ee10198a14d4bf15.so(+0x1ce229) [0x721dca1ce229]
/workspace/target/debug/deps/libcubecl_macros-ee10198a14d4bf15.so(+0x259675) [0x721dca259675]
/workspace/target/debug/deps/libcubecl_macros-ee10198a14d4bf15.so(+0x1f8a3d) [0x721dca1f8a3d]
/workspace/target/debug/deps/libcubecl_macros-ee10198a14d4bf15.so(+0x17e6d2) [0x721dca17e6d2]
/workspace/target/debug/deps/libcubecl_macros-ee10198a14d4bf15.so(+0x1da1f6) [0x721dca1da1f6]
/workspace/target/debug/deps/libcubecl_macros-ee10198a14d4bf15.so(+0x21e465) [0x721dca21e465]
/workspace/target/debug/deps/libcubecl_macros-ee10198a14d4bf15.so(+0x1d9a07) [0x721dca1d9a07]
/workspace/target/debug/deps/libcubecl_macros-ee10198a14d4bf15.so(+0x173aa6) [0x721dca173aa6]
/workspace/target/debug/deps/libcubecl_macros-ee10198a14d4bf15.so(+0x25a783) [0x721dca25a783]
/workspace/target/debug/deps/libcubecl_macros-ee10198a14d4bf15.so(+0x1d9689) [0x721dca1d9689]
/workspace/target/debug/deps/libcubecl_macros-ee10198a14d4bf15.so(+0x1f9de6) [0x721dca1f9de6]
/workspace/target/debug/deps/libcubecl_macros-ee10198a14d4bf15.so(+0x1915d4) [0x721dca1915d4]
/workspace/target/debug/deps/libcubecl_macros-ee10198a14d4bf15.so(+0x1f640c) [0x721dca1f640c]
/workspace/target/debug/deps/libcubecl_macros-ee10198a14d4bf15.so(+0x1c1768) [0x721dca1c1768]
/workspace/target/debug/deps/libcubecl_macros-ee10198a14d4bf15.so(+0x1d0766) [0x721dca1d0766]
/workspace/target/debug/deps/libcubecl_macros-ee10198a14d4bf15.so(+0x1baf45) [0x721dca1baf45]
/workspace/target/debug/deps/libcubecl_macros-ee10198a14d4bf15.so(+0x145b2d) [0x721dca145b2d]
/workspace/target/debug/deps/libcubecl_macros-ee10198a14d4bf15.so(+0x1486b7) [0x721dca1486b7]
/workspace/target/debug/deps/libcubecl_macros-ee10198a14d4bf15.so(+0x259870) [0x721dca259870]
/workspace/target/debug/deps/libcubecl_macros-ee10198a14d4bf15.so(+0x1ce229) [0x721dca1ce229]
/workspace/target/debug/deps/libcubecl_macros-ee10198a14d4bf15.so(+0x259675) [0x721dca259675]
/workspace/target/debug/deps/libcubecl_macros-ee10198a14d4bf15.so(+0x1f8a3d) [0x721dca1f8a3d]
/workspace/target/debug/deps/libcubecl_macros-ee10198a14d4bf15.so(+0x17e6d2) [0x721dca17e6d2]
/workspace/target/debug/deps/libcubecl_macros-ee10198a14d4bf15.so(+0x19d236) [0x721dca19d236]
/workspace/target/debug/deps/libcubecl_macros-ee10198a14d4bf15.so(+0x21dc65) [0x721dca21dc65]
/workspace/target/debug/deps/libcubecl_macros-ee10198a14d4bf15.so(+0x19cceb) [0x721dca19cceb]
/workspace/target/debug/deps/libcubecl_macros-ee10198a14d4bf15.so(+0x19bb6f) [0x721dca19bb6f]
/workspace/target/debug/deps/libcubecl_macros-ee10198a14d4bf15.so(+0x25d67f) [0x721dca25d67f]
/workspace/target/debug/deps/libcubecl_macros-ee10198a14d4bf15.so(+0x25a2aa) [0x721dca25a2aa]
/workspace/target/debug/deps/libcubecl_macros-ee10198a14d4bf15.so(+0x2604e4) [0x721dca2604e4]
/workspace/target/debug/deps/libcubecl_macros-ee10198a14d4bf15.so(+0x1e45c6) [0x721dca1e45c6]
/workspace/target/debug/deps/libcubecl_macros-ee10198a14d4bf15.so(+0x1e4332) [0x721dca1e4332]
/workspace/target/debug/deps/libcubecl_macros-ee10198a14d4bf15.so(+0x2592e6) [0x721dca2592e6]
/workspace/target/debug/deps/libcubecl_macros-ee10198a14d4bf15.so(+0x1e2df0) [0x721dca1e2df0]
/workspace/target/debug/deps/libcubecl_macros-ee10198a14d4bf15.so(+0x1c5ca0) [0x721dca1c5ca0]
/workspace/target/debug/deps/libcubecl_macros-ee10198a14d4bf15.so(+0x1b44ec) [0x721dca1b44ec]
/workspace/target/debug/deps/libcubecl_macros-ee10198a14d4bf15.so(+0x1f192b) [0x721dca1f192b]
/workspace/target/debug/deps/libcubecl_macros-ee10198a14d4bf15.so(+0x1e17d7) [0x721dca1e17d7]
/workspace/target/debug/deps/libcubecl_macros-ee10198a14d4bf15.so(+0x1e457e) [0x721dca1e457e]
/workspace/target/debug/deps/libcubecl_macros-ee10198a14d4bf15.so(+0x1f6cc2) [0x721dca1f6cc2]
/home/vscode/.rustup/toolchains/stable-x86_64-unknown-linux-gnu/lib/librustc_driver-83018425804cb0fc.so(+0x604367e) [0x721df364367e]
/home/vscode/.rustup/toolchains/stable-x86_64-unknown-linux-gnu/lib/librustc_driver-83018425804cb0fc.so(_RNvXs0_NtCsiviWpKasGV0_12rustc_expand10proc_macroNtB5_13AttrProcMacroNtNtB7_4base13AttrProcMacro6expand+0x1f0) [0x721df3642cb0]
/home/vscode/.rustup/toolchains/stable-x86_64-unknown-linux-gnu/lib/librustc_driver-83018425804cb0fc.so(+0x6042979) [0x721df3642979]
/home/vscode/.rustup/toolchains/stable-x86_64-unknown-linux-gnu/lib/librustc_driver-83018425804cb0fc.so(_RNvMs1_NtCsiviWpKasGV0_12rustc_expand6expandNtB5_13MacroExpander21fully_expand_fragment+0x95b1) [0x721df3e0abb3]
/home/vscode/.rustup/toolchains/stable-x86_64-unknown-linux-gnu/lib/librustc_driver-83018425804cb0fc.so(_RNvMs1_NtCsiviWpKasGV0_12rustc_expand6expandNtB5_13MacroExpander12expand_crate+0x384) [0x721df3e011d2]
/home/vscode/.rustup/toolchains/stable-x86_64-unknown-linux-gnu/lib/librustc_driver-83018425804cb0fc.so(+0x59c4df4) [0x721df2fc4df4]
/home/vscode/.rustup/toolchains/stable-x86_64-unknown-linux-gnu/lib/librustc_driver-83018425804cb0fc.so(_RNvNtCsgbGAOEN9ykS_15rustc_interface6passes25resolver_for_lowering_raw+0x27f) [0x721df3a12195]
/home/vscode/.rustup/toolchains/stable-x86_64-unknown-linux-gnu/lib/librustc_driver-83018425804cb0fc.so(+0x6411f0d) [0x721df3a11f0d]
/home/vscode/.rustup/toolchains/stable-x86_64-unknown-linux-gnu/lib/librustc_driver-83018425804cb0fc.so(+0x6411ee7) [0x721df3a11ee7]
/home/vscode/.rustup/toolchains/stable-x86_64-unknown-linux-gnu/lib/librustc_driver-83018425804cb0fc.so(_RINvNtNtCsgHa9A6Md9v_18rustc_query_system5query8plumbing17try_execute_queryINtCsefoSHKFzx0E_16rustc_query_impl13DynamicConfigINtNtB4_6caches11SingleCacheINtNtNtCsk30s2LStKIs_12rustc_middle5query5erase6ErasedAhj10_EEKb0_KB3s_KB3s_ENtNtB1e_8plumbing9QueryCtxtKB3s_EB1e_+0x21c) [0x721df3a115dc]
/home/vscode/.rustup/toolchains/stable-x86_64-unknown-linux-gnu/lib/librustc_driver-83018425804cb0fc.so(+0x6411146) [0x721df3a11146]
/home/vscode/.rustup/toolchains/stable-x86_64-unknown-linux-gnu/lib/librustc_driver-83018425804cb0fc.so(+0x659f3f8) [0x721df3b9f3f8]
/home/vscode/.rustup/toolchains/stable-x86_64-unknown-linux-gnu/lib/librustc_driver-83018425804cb0fc.so(+0x63e1e74) [0x721df39e1e74]
/home/vscode/.rustup/toolchains/stable-x86_64-unknown-linux-gnu/lib/librustc_driver-83018425804cb0fc.so(+0x6344e4e) [0x721df3944e4e]
/home/vscode/.rustup/toolchains/stable-x86_64-unknown-linux-gnu/lib/librustc_driver-83018425804cb0fc.so(+0x6344c20) [0x721df3944c20]
/home/vscode/.rustup/toolchains/stable-x86_64-unknown-linux-gnu/lib/librustc_driver-83018425804cb0fc.so(+0x6346dc6) [0x721df3946dc6]
/usr/lib/x86_64-linux-gnu/libc.so.6(+0xa40da) [0x721ded4830da]
/usr/lib/x86_64-linux-gnu/libc.so.6(+0x1377ac) [0x721ded5167ac]

note: rustc unexpectedly overflowed its stack! this is a bug
note: we would appreciate a report at https://github.com/rust-lang/rust
help: you can increase rustc's stack size by setting RUST_MIN_STACK=16777216
note: backtrace dumped due to SIGSEGV! resuming signal
sccache: Compiler killed by signal 11
warning: `libxc-kernel-gga-11` (lib) generated 1 warning (1 duplicate)
error: could not compile `libxc-kernel-gga-11` (lib); 1 warning emitted

Caused by:
  process didn't exit successfully: `sccache /home/vscode/.rustup/toolchains/stable-x86_64-unknown-linux-gnu/bin/rustc --crate-name libxc_kernel_gga_11 --edition=2024 crates/kernel-gga-11/src/lib.rs --error-format=json --json=diagnostic-rendered-ansi,artifacts,future-incompat --crate-type lib --emit=dep-info,metadata -C embed-bitcode=no -C codegen-units=16 --check-cfg 'cfg(docsrs,test)' --check-cfg 'cfg(feature, values())' -C metadata=73215520b5ec58a4 -C extra-filename=-c4d630a052047300 --out-dir /workspace/target/debug/deps -C linker=clang -C strip=debuginfo -L dependency=/workspace/target/debug/deps --extern cubecl=/workspace/target/debug/deps/libcubecl-9f408060472e7ce0.rmeta --extern libxc_kernel_math=/workspace/target/debug/deps/liblibxc_kernel_math-5924e770261ad0da.rmeta -C link-arg=-fuse-ld=mold -L native=/home/vscode/.local/share/tracel/tracel-llvm-20.1.4-7/lib` (exit status: 254)
error: rustc interrupted by SIGSEGV, printing backtrace

/home/vscode/.rustup/toolchains/stable-x86_64-unknown-linux-gnu/lib/librustc_driver-83018425804cb0fc.so(+0x3c16eec) [0x727163c16eec]
/usr/lib/x86_64-linux-gnu/libc.so.6(+0x45cb0) [0x72715fe24cb0]
/workspace/target/debug/deps/libcubecl_macros-ee10198a14d4bf15.so(+0x321e87) [0x727137f21e87]

### cycle encountered after 3 frames with period 4
/workspace/target/debug/deps/libcubecl_macros-ee10198a14d4bf15.so(+0x3339fc) [0x727137f339fc]
/workspace/target/debug/deps/libcubecl_macros-ee10198a14d4bf15.so(+0x3de016) [0x727137fde016]
/workspace/target/debug/deps/libcubecl_macros-ee10198a14d4bf15.so(+0x324733) [0x727137f24733]
/workspace/target/debug/deps/libcubecl_macros-ee10198a14d4bf15.so(+0x321fcc) [0x727137f21fcc]
### recursed 17 times

/workspace/target/debug/deps/libcubecl_macros-ee10198a14d4bf15.so(+0x174e86) [0x727137d74e86]
/workspace/target/debug/deps/libcubecl_macros-ee10198a14d4bf15.so(+0x174e86) [0x727137d74e86]
/workspace/target/debug/deps/libcubecl_macros-ee10198a14d4bf15.so(+0x174e86) [0x727137d74e86]
/workspace/target/debug/deps/libcubecl_macros-ee10198a14d4bf15.so(+0x174e86) [0x727137d74e86]
/workspace/target/debug/deps/libcubecl_macros-ee10198a14d4bf15.so(+0x174e86) [0x727137d74e86]
/workspace/target/debug/deps/libcubecl_macros-ee10198a14d4bf15.so(+0x174e86) [0x727137d74e86]
/workspace/target/debug/deps/libcubecl_macros-ee10198a14d4bf15.so(+0x174e86) [0x727137d74e86]
/workspace/target/debug/deps/libcubecl_macros-ee10198a14d4bf15.so(+0x174e86) [0x727137d74e86]
/workspace/target/debug/deps/libcubecl_macros-ee10198a14d4bf15.so(+0x174e86) [0x727137d74e86]
/workspace/target/debug/deps/libcubecl_macros-ee10198a14d4bf15.so(+0x174e86) [0x727137d74e86]
/workspace/target/debug/deps/libcubecl_macros-ee10198a14d4bf15.so(+0x174e86) [0x727137d74e86]
/workspace/target/debug/deps/libcubecl_macros-ee10198a14d4bf15.so(+0x17b3e6) [0x727137d7b3e6]
/workspace/target/debug/deps/libcubecl_macros-ee10198a14d4bf15.so(+0x174ffd) [0x727137d74ffd]
/workspace/target/debug/deps/libcubecl_macros-ee10198a14d4bf15.so(+0x174e86) [0x727137d74e86]
/workspace/target/debug/deps/libcubecl_macros-ee10198a14d4bf15.so(+0x174ffd) [0x727137d74ffd]
/workspace/target/debug/deps/libcubecl_macros-ee10198a14d4bf15.so(+0x174e86) [0x727137d74e86]
/workspace/target/debug/deps/libcubecl_macros-ee10198a14d4bf15.so(+0x174e86) [0x727137d74e86]
/workspace/target/debug/deps/libcubecl_macros-ee10198a14d4bf15.so(+0x174e86) [0x727137d74e86]
/workspace/target/debug/deps/libcubecl_macros-ee10198a14d4bf15.so(+0x174e86) [0x727137d74e86]
/workspace/target/debug/deps/libcubecl_macros-ee10198a14d4bf15.so(+0x174e86) [0x727137d74e86]
/workspace/target/debug/deps/libcubecl_macros-ee10198a14d4bf15.so(+0x174e86) [0x727137d74e86]
/workspace/target/debug/deps/libcubecl_macros-ee10198a14d4bf15.so(+0x174e86) [0x727137d74e86]
/workspace/target/debug/deps/libcubecl_macros-ee10198a14d4bf15.so(+0x174e86) [0x727137d74e86]
/workspace/target/debug/deps/libcubecl_macros-ee10198a14d4bf15.so(+0x2033fb) [0x727137e033fb]
/workspace/target/debug/deps/libcubecl_macros-ee10198a14d4bf15.so(+0x25364c) [0x727137e5364c]
/workspace/target/debug/deps/libcubecl_macros-ee10198a14d4bf15.so(+0x25a6d5) [0x727137e5a6d5]
/workspace/target/debug/deps/libcubecl_macros-ee10198a14d4bf15.so(+0x1d9689) [0x727137dd9689]
/workspace/target/debug/deps/libcubecl_macros-ee10198a14d4bf15.so(+0x1f9de6) [0x727137df9de6]
/workspace/target/debug/deps/libcubecl_macros-ee10198a14d4bf15.so(+0x1915d4) [0x727137d915d4]
/workspace/target/debug/deps/libcubecl_macros-ee10198a14d4bf15.so(+0x1f640c) [0x727137df640c]
/workspace/target/debug/deps/libcubecl_macros-ee10198a14d4bf15.so(+0x1c1768) [0x727137dc1768]
/workspace/target/debug/deps/libcubecl_macros-ee10198a14d4bf15.so(+0x1d0766) [0x727137dd0766]
/workspace/target/debug/deps/libcubecl_macros-ee10198a14d4bf15.so(+0x1baf45) [0x727137dbaf45]
/workspace/target/debug/deps/libcubecl_macros-ee10198a14d4bf15.so(+0x145b2d) [0x727137d45b2d]
/workspace/target/debug/deps/libcubecl_macros-ee10198a14d4bf15.so(+0x1486b7) [0x727137d486b7]
/workspace/target/debug/deps/libcubecl_macros-ee10198a14d4bf15.so(+0x259870) [0x727137e59870]
/workspace/target/debug/deps/libcubecl_macros-ee10198a14d4bf15.so(+0x1ce229) [0x727137dce229]
/workspace/target/debug/deps/libcubecl_macros-ee10198a14d4bf15.so(+0x259675) [0x727137e59675]
/workspace/target/debug/deps/libcubecl_macros-ee10198a14d4bf15.so(+0x1f8a3d) [0x727137df8a3d]
/workspace/target/debug/deps/libcubecl_macros-ee10198a14d4bf15.so(+0x17e6d2) [0x727137d7e6d2]
/workspace/target/debug/deps/libcubecl_macros-ee10198a14d4bf15.so(+0x1da1f6) [0x727137dda1f6]
/workspace/target/debug/deps/libcubecl_macros-ee10198a14d4bf15.so(+0x21e465) [0x727137e1e465]
/workspace/target/debug/deps/libcubecl_macros-ee10198a14d4bf15.so(+0x1d9a07) [0x727137dd9a07]
/workspace/target/debug/deps/libcubecl_macros-ee10198a14d4bf15.so(+0x173aa6) [0x727137d73aa6]
/workspace/target/debug/deps/libcubecl_macros-ee10198a14d4bf15.so(+0x25a783) [0x727137e5a783]
/workspace/target/debug/deps/libcubecl_macros-ee10198a14d4bf15.so(+0x1d9689) [0x727137dd9689]
/workspace/target/debug/deps/libcubecl_macros-ee10198a14d4bf15.so(+0x1f9de6) [0x727137df9de6]
/workspace/target/debug/deps/libcubecl_macros-ee10198a14d4bf15.so(+0x1915d4) [0x727137d915d4]
/workspace/target/debug/deps/libcubecl_macros-ee10198a14d4bf15.so(+0x1f640c) [0x727137df640c]
/workspace/target/debug/deps/libcubecl_macros-ee10198a14d4bf15.so(+0x1c1768) [0x727137dc1768]
/workspace/target/debug/deps/libcubecl_macros-ee10198a14d4bf15.so(+0x1d0766) [0x727137dd0766]
/workspace/target/debug/deps/libcubecl_macros-ee10198a14d4bf15.so(+0x1baf45) [0x727137dbaf45]
/workspace/target/debug/deps/libcubecl_macros-ee10198a14d4bf15.so(+0x145b2d) [0x727137d45b2d]
/workspace/target/debug/deps/libcubecl_macros-ee10198a14d4bf15.so(+0x1486b7) [0x727137d486b7]
/workspace/target/debug/deps/libcubecl_macros-ee10198a14d4bf15.so(+0x259870) [0x727137e59870]
/workspace/target/debug/deps/libcubecl_macros-ee10198a14d4bf15.so(+0x1ce229) [0x727137dce229]
/workspace/target/debug/deps/libcubecl_macros-ee10198a14d4bf15.so(+0x259675) [0x727137e59675]
/workspace/target/debug/deps/libcubecl_macros-ee10198a14d4bf15.so(+0x1f8a3d) [0x727137df8a3d]
/workspace/target/debug/deps/libcubecl_macros-ee10198a14d4bf15.so(+0x17e6d2) [0x727137d7e6d2]
/workspace/target/debug/deps/libcubecl_macros-ee10198a14d4bf15.so(+0x19d236) [0x727137d9d236]
/workspace/target/debug/deps/libcubecl_macros-ee10198a14d4bf15.so(+0x21dc65) [0x727137e1dc65]
/workspace/target/debug/deps/libcubecl_macros-ee10198a14d4bf15.so(+0x19cceb) [0x727137d9cceb]
/workspace/target/debug/deps/libcubecl_macros-ee10198a14d4bf15.so(+0x19bb6f) [0x727137d9bb6f]
/workspace/target/debug/deps/libcubecl_macros-ee10198a14d4bf15.so(+0x25d67f) [0x727137e5d67f]
/workspace/target/debug/deps/libcubecl_macros-ee10198a14d4bf15.so(+0x25a2aa) [0x727137e5a2aa]
/workspace/target/debug/deps/libcubecl_macros-ee10198a14d4bf15.so(+0x2604e4) [0x727137e604e4]
/workspace/target/debug/deps/libcubecl_macros-ee10198a14d4bf15.so(+0x1e45c6) [0x727137de45c6]
/workspace/target/debug/deps/libcubecl_macros-ee10198a14d4bf15.so(+0x1e4332) [0x727137de4332]
/workspace/target/debug/deps/libcubecl_macros-ee10198a14d4bf15.so(+0x2592e6) [0x727137e592e6]
/workspace/target/debug/deps/libcubecl_macros-ee10198a14d4bf15.so(+0x1e2df0) [0x727137de2df0]
/workspace/target/debug/deps/libcubecl_macros-ee10198a14d4bf15.so(+0x1c5ca0) [0x727137dc5ca0]
/workspace/target/debug/deps/libcubecl_macros-ee10198a14d4bf15.so(+0x1b44ec) [0x727137db44ec]
/workspace/target/debug/deps/libcubecl_macros-ee10198a14d4bf15.so(+0x1f192b) [0x727137df192b]
/workspace/target/debug/deps/libcubecl_macros-ee10198a14d4bf15.so(+0x1e17d7) [0x727137de17d7]
/workspace/target/debug/deps/libcubecl_macros-ee10198a14d4bf15.so(+0x1e457e) [0x727137de457e]
/workspace/target/debug/deps/libcubecl_macros-ee10198a14d4bf15.so(+0x1f6cc2) [0x727137df6cc2]
/home/vscode/.rustup/toolchains/stable-x86_64-unknown-linux-gnu/lib/librustc_driver-83018425804cb0fc.so(+0x604367e) [0x72716604367e]
/home/vscode/.rustup/toolchains/stable-x86_64-unknown-linux-gnu/lib/librustc_driver-83018425804cb0fc.so(_RNvXs0_NtCsiviWpKasGV0_12rustc_expand10proc_macroNtB5_13AttrProcMacroNtNtB7_4base13AttrProcMacro6expand+0x1f0) [0x727166042cb0]
/home/vscode/.rustup/toolchains/stable-x86_64-unknown-linux-gnu/lib/librustc_driver-83018425804cb0fc.so(+0x6042979) [0x727166042979]
/home/vscode/.rustup/toolchains/stable-x86_64-unknown-linux-gnu/lib/librustc_driver-83018425804cb0fc.so(_RNvMs1_NtCsiviWpKasGV0_12rustc_expand6expandNtB5_13MacroExpander21fully_expand_fragment+0x95b1) [0x72716680abb3]
/home/vscode/.rustup/toolchains/stable-x86_64-unknown-linux-gnu/lib/librustc_driver-83018425804cb0fc.so(_RNvMs1_NtCsiviWpKasGV0_12rustc_expand6expandNtB5_13MacroExpander12expand_crate+0x384) [0x7271668011d2]
/home/vscode/.rustup/toolchains/stable-x86_64-unknown-linux-gnu/lib/librustc_driver-83018425804cb0fc.so(+0x59c4df4) [0x7271659c4df4]
/home/vscode/.rustup/toolchains/stable-x86_64-unknown-linux-gnu/lib/librustc_driver-83018425804cb0fc.so(_RNvNtCsgbGAOEN9ykS_15rustc_interface6passes25resolver_for_lowering_raw+0x27f) [0x727166412195]
/home/vscode/.rustup/toolchains/stable-x86_64-unknown-linux-gnu/lib/librustc_driver-83018425804cb0fc.so(+0x6411f0d) [0x727166411f0d]
/home/vscode/.rustup/toolchains/stable-x86_64-unknown-linux-gnu/lib/librustc_driver-83018425804cb0fc.so(+0x6411ee7) [0x727166411ee7]
/home/vscode/.rustup/toolchains/stable-x86_64-unknown-linux-gnu/lib/librustc_driver-83018425804cb0fc.so(_RINvNtNtCsgHa9A6Md9v_18rustc_query_system5query8plumbing17try_execute_queryINtCsefoSHKFzx0E_16rustc_query_impl13DynamicConfigINtNtB4_6caches11SingleCacheINtNtNtCsk30s2LStKIs_12rustc_middle5query5erase6ErasedAhj10_EEKb0_KB3s_KB3s_ENtNtB1e_8plumbing9QueryCtxtKB3s_EB1e_+0x21c) [0x7271664115dc]
/home/vscode/.rustup/toolchains/stable-x86_64-unknown-linux-gnu/lib/librustc_driver-83018425804cb0fc.so(+0x6411146) [0x727166411146]
/home/vscode/.rustup/toolchains/stable-x86_64-unknown-linux-gnu/lib/librustc_driver-83018425804cb0fc.so(+0x659f3f8) [0x72716659f3f8]
/home/vscode/.rustup/toolchains/stable-x86_64-unknown-linux-gnu/lib/librustc_driver-83018425804cb0fc.so(+0x63e1e74) [0x7271663e1e74]
/home/vscode/.rustup/toolchains/stable-x86_64-unknown-linux-gnu/lib/librustc_driver-83018425804cb0fc.so(+0x6344e4e) [0x727166344e4e]
/home/vscode/.rustup/toolchains/stable-x86_64-unknown-linux-gnu/lib/librustc_driver-83018425804cb0fc.so(+0x6344c20) [0x727166344c20]
/home/vscode/.rustup/toolchains/stable-x86_64-unknown-linux-gnu/lib/librustc_driver-83018425804cb0fc.so(+0x6346dc6) [0x727166346dc6]
/usr/lib/x86_64-linux-gnu/libc.so.6(+0xa40da) [0x72715fe830da]
/usr/lib/x86_64-linux-gnu/libc.so.6(+0x1377ac) [0x72715ff167ac]

note: rustc unexpectedly overflowed its stack! this is a bug
note: we would appreciate a report at https://github.com/rust-lang/rust
help: you can increase rustc's stack size by setting RUST_MIN_STACK=16777216
note: backtrace dumped due to SIGSEGV! resuming signal
sccache: Compiler killed by signal 11
warning: `libxc-kernel-gga-2` (lib) generated 1 warning (1 duplicate)
error: could not compile `libxc-kernel-gga-2` (lib); 1 warning emitted

Caused by:
  process didn't exit successfully: `sccache /home/vscode/.rustup/toolchains/stable-x86_64-unknown-linux-gnu/bin/rustc --crate-name libxc_kernel_gga_2 --edition=2024 crates/kernel-gga-2/src/lib.rs --error-format=json --json=diagnostic-rendered-ansi,artifacts,future-incompat --crate-type lib --emit=dep-info,metadata -C embed-bitcode=no -C codegen-units=16 --check-cfg 'cfg(docsrs,test)' --check-cfg 'cfg(feature, values())' -C metadata=7de4cfe3d963020d -C extra-filename=-a490813a0d4857a1 --out-dir /workspace/target/debug/deps -C linker=clang -C strip=debuginfo -L dependency=/workspace/target/debug/deps --extern cubecl=/workspace/target/debug/deps/libcubecl-9f408060472e7ce0.rmeta --extern libxc_kernel_math=/workspace/target/debug/deps/liblibxc_kernel_math-5924e770261ad0da.rmeta -C link-arg=-fuse-ld=mold -L native=/home/vscode/.local/share/tracel/tracel-llvm-20.1.4-7/lib` (exit status: 254)
