   Compiling cfg-if v1.0.4
   Compiling memchr v2.8.0
   Compiling pin-project-lite v0.2.17
   Compiling itoa v1.0.18
   Compiling fnv v1.0.7
   Compiling equivalent v1.0.2
   Compiling log v0.4.29
   Compiling option-ext v0.2.0
   Compiling libc v0.2.184
   Compiling hashbrown v0.16.1
   Compiling zmij v1.0.21
   Compiling libm v0.2.16
   Compiling serde_core v1.0.228
   Compiling anyhow v1.0.102
   Compiling zerocopy v0.8.48
   Compiling scopeguard v1.2.0
   Compiling sha2 v0.10.9
   Compiling tracing v0.1.44
   Compiling darling_core v0.21.3
   Compiling lock_api v0.4.14
   Compiling bytemuck v1.25.0
   Compiling foldhash v0.1.5
   Compiling http v1.4.0
   Compiling serde_urlencoded v0.7.1
   Compiling parking v2.2.1
   Compiling allocator-api2 v0.2.21
   Compiling rustc-hash v2.1.2
   Compiling regex-syntax v0.8.10
   Compiling thiserror v2.0.18
   Compiling crossbeam-utils v0.8.21
   Compiling spin v0.10.0
   Compiling libloading v0.8.9
   Compiling embassy-futures v0.1.2
   Compiling adler2 v2.0.1
   Compiling futures-util v0.3.32
   Compiling aho-corasick v1.1.4
   Compiling serde_json v1.0.149
   Compiling nom v7.1.3
   Compiling indexmap v2.13.1
   Compiling web-time v1.1.0
   Compiling smallvec v1.15.1
   Compiling gimli v0.32.3
   Compiling futures-core v0.3.32
   Compiling concurrent-queue v2.5.0
   Compiling miniz_oxide v0.8.9
   Compiling object v0.37.3
   Compiling jobserver v0.1.34
   Compiling socket2 v0.6.3
   Compiling mio v1.2.0
   Compiling cc v1.2.59
   Compiling dirs-sys v0.5.0
   Compiling http-body v1.0.1
   Compiling dirs v6.0.0
   Compiling getrandom v0.2.17
   Compiling http-body-util v0.1.3
   Compiling tokio v1.51.1
   Compiling num_cpus v1.17.0
   Compiling filetime v0.2.27
   Compiling num-traits v0.2.19
   Compiling regex-automata v0.4.14
   Compiling tar v0.4.45
   Compiling getrandom v0.3.4
   Compiling rand_core v0.9.5
   Compiling cexpr v0.6.0
   Compiling parking_lot_core v0.9.12
   Compiling serde v1.0.228
   Compiling clang-sys v1.8.1
   Compiling rustc-demangle v0.1.27
   Compiling futures-io v0.3.32
   Compiling fastrand v2.4.1
   Compiling hashbrown v0.15.5
   Compiling addr2line v0.25.1
   Compiling futures-lite v2.6.1
   Compiling parking_lot v0.12.5
   Compiling darling_macro v0.21.3
   Compiling ring v0.17.14
   Compiling liblzma-sys v0.4.6
   Compiling serde_bytes v0.11.19
   Compiling event-listener v5.4.1
   Compiling derive_more v2.1.1
   Compiling winnow v1.0.1
   Compiling float4 v0.1.0
   Compiling portable-atomic v1.13.1
   Compiling regex v1.12.3
   Compiling event-listener-strategy v0.5.4
   Compiling toml_datetime v0.7.5+spec-1.1.0
   Compiling serde_spanned v1.1.1
   Compiling num-integer v0.1.46
   Compiling toml_parser v1.1.2+spec-1.1.0
   Compiling darling v0.21.3
   Compiling toml_writer v1.1.1+spec-1.1.0
   Compiling enumset_derive v0.14.0
   Compiling sanitize-filename v0.6.0
   Compiling ppv-lite86 v0.2.21
   Compiling half v2.7.1
   Compiling rand_chacha v0.9.0
   Compiling backtrace v0.3.76
   Compiling rand v0.9.2
   Compiling bindgen v0.71.1
   Compiling float8 v0.4.2
   Compiling cubecl-macros-internal v0.9.0
   Compiling winnow v0.7.15
   Compiling float-ord v0.3.2
   Compiling async-channel v2.5.0
   Compiling md5 v0.8.0
   Compiling comrak v0.39.1
   Compiling num-bigint v0.4.6
   Compiling bitflags v2.11.0
   Compiling num-iter v0.1.45
   Compiling cubecl-common v0.9.0
   Compiling num-complex v0.4.6
   Compiling enumset v1.1.10
   Compiling fixedbitset v0.4.2
   Compiling type-map v0.5.1
   Compiling petgraph v0.6.5
   Compiling stable-vec v0.4.2
   Compiling sysinfo v0.36.1
   Compiling cubecl-macros v0.9.0
   Compiling tokio-util v0.7.18
   Compiling tower v0.5.3
   Compiling cubecl-ir v0.9.0
   Compiling num-rational v0.4.2
   Compiling h2 v0.4.13
   Compiling tower-http v0.6.8
   Compiling toml v0.9.12+spec-1.1.0
   Compiling num v0.4.3
   Compiling liblzma v0.4.6
   Compiling rustls v0.23.37
   Compiling hyper v1.9.0
   Compiling rustls-webpki v0.103.10
   Compiling cubecl-runtime v0.9.0
   Compiling hyper-util v0.1.20
   Compiling cubecl-core v0.9.0
   Compiling tokio-rustls v0.26.4
   Compiling hyper-rustls v0.27.7
   Compiling reqwest v0.12.28
   Compiling cubecl-std v0.9.0
   Compiling cubecl-opt v0.9.0
   Compiling tracel-llvm-bundler v20.1.4-7
   Compiling tracel-tblgen-rs v20.1.4-7
   Compiling tracel-mlir-rs-macros v20.1.4-7
   Compiling tracel-mlir-sys v20.1.4-7
   Compiling cubecl-cpu v0.9.0
   Compiling tracel-mlir-rs v20.1.4-7
   Compiling tracel-llvm v20.1.4-7
   Compiling cubecl v0.9.0
   Compiling libxc_rs v0.1.0 (/workspace)
error: rustc interrupted by SIGSEGV, printing backtrace

/home/vscode/.rustup/toolchains/stable-x86_64-unknown-linux-gnu/lib/librustc_driver-83018425804cb0fc.so(+0x3c16eec) [0x7c6edf016eec]
/usr/lib/x86_64-linux-gnu/libc.so.6(+0x45cb0) [0x7c6edb224cb0]
/workspace/target/debug/deps/libcubecl_macros-c12a4d1a3ce214dd.so(+0x363d1d) [0x7c6eab363d1d]
/workspace/target/debug/deps/libcubecl_macros-c12a4d1a3ce214dd.so(+0x3218b1) [0x7c6eab3218b1]

### cycle encountered after 4 frames with period 8
/workspace/target/debug/deps/libcubecl_macros-c12a4d1a3ce214dd.so(+0x31f15c) [0x7c6eab31f15c]
/workspace/target/debug/deps/libcubecl_macros-c12a4d1a3ce214dd.so(+0x330bcc) [0x7c6eab330bcc]
/workspace/target/debug/deps/libcubecl_macros-c12a4d1a3ce214dd.so(+0x3daab6) [0x7c6eab3daab6]
/workspace/target/debug/deps/libcubecl_macros-c12a4d1a3ce214dd.so(+0x3218c3) [0x7c6eab3218c3]
/workspace/target/debug/deps/libcubecl_macros-c12a4d1a3ce214dd.so(+0x31f15c) [0x7c6eab31f15c]
/workspace/target/debug/deps/libcubecl_macros-c12a4d1a3ce214dd.so(+0x330bcc) [0x7c6eab330bcc]
/workspace/target/debug/deps/libcubecl_macros-c12a4d1a3ce214dd.so(+0x3daab6) [0x7c6eab3daab6]
/workspace/target/debug/deps/libcubecl_macros-c12a4d1a3ce214dd.so(+0x3218c3) [0x7c6eab3218c3]
### recursed 22 times

/workspace/target/debug/deps/libcubecl_macros-c12a4d1a3ce214dd.so(+0x173a46) [0x7c6eab173a46]
/workspace/target/debug/deps/libcubecl_macros-c12a4d1a3ce214dd.so(+0x173a46) [0x7c6eab173a46]
/workspace/target/debug/deps/libcubecl_macros-c12a4d1a3ce214dd.so(+0x173a46) [0x7c6eab173a46]
/workspace/target/debug/deps/libcubecl_macros-c12a4d1a3ce214dd.so(+0x173a46) [0x7c6eab173a46]
/workspace/target/debug/deps/libcubecl_macros-c12a4d1a3ce214dd.so(+0x173a46) [0x7c6eab173a46]
/workspace/target/debug/deps/libcubecl_macros-c12a4d1a3ce214dd.so(+0x173a46) [0x7c6eab173a46]
/workspace/target/debug/deps/libcubecl_macros-c12a4d1a3ce214dd.so(+0x173a46) [0x7c6eab173a46]
/workspace/target/debug/deps/libcubecl_macros-c12a4d1a3ce214dd.so(+0x173a46) [0x7c6eab173a46]
/workspace/target/debug/deps/libcubecl_macros-c12a4d1a3ce214dd.so(+0x173a46) [0x7c6eab173a46]
/workspace/target/debug/deps/libcubecl_macros-c12a4d1a3ce214dd.so(+0x173a46) [0x7c6eab173a46]
/workspace/target/debug/deps/libcubecl_macros-c12a4d1a3ce214dd.so(+0x173a46) [0x7c6eab173a46]
/workspace/target/debug/deps/libcubecl_macros-c12a4d1a3ce214dd.so(+0x173a46) [0x7c6eab173a46]
/workspace/target/debug/deps/libcubecl_macros-c12a4d1a3ce214dd.so(+0x173a46) [0x7c6eab173a46]
/workspace/target/debug/deps/libcubecl_macros-c12a4d1a3ce214dd.so(+0x173a46) [0x7c6eab173a46]
/workspace/target/debug/deps/libcubecl_macros-c12a4d1a3ce214dd.so(+0x173a46) [0x7c6eab173a46]
/workspace/target/debug/deps/libcubecl_macros-c12a4d1a3ce214dd.so(+0x173a46) [0x7c6eab173a46]
/workspace/target/debug/deps/libcubecl_macros-c12a4d1a3ce214dd.so(+0x173a46) [0x7c6eab173a46]
/workspace/target/debug/deps/libcubecl_macros-c12a4d1a3ce214dd.so(+0x173a46) [0x7c6eab173a46]
/workspace/target/debug/deps/libcubecl_macros-c12a4d1a3ce214dd.so(+0x173a46) [0x7c6eab173a46]
/workspace/target/debug/deps/libcubecl_macros-c12a4d1a3ce214dd.so(+0x173a46) [0x7c6eab173a46]
/workspace/target/debug/deps/libcubecl_macros-c12a4d1a3ce214dd.so(+0x173a46) [0x7c6eab173a46]
/workspace/target/debug/deps/libcubecl_macros-c12a4d1a3ce214dd.so(+0x179fa6) [0x7c6eab179fa6]
/workspace/target/debug/deps/libcubecl_macros-c12a4d1a3ce214dd.so(+0x173bbd) [0x7c6eab173bbd]
/workspace/target/debug/deps/libcubecl_macros-c12a4d1a3ce214dd.so(+0x173a46) [0x7c6eab173a46]
/workspace/target/debug/deps/libcubecl_macros-c12a4d1a3ce214dd.so(+0x173a46) [0x7c6eab173a46]
/workspace/target/debug/deps/libcubecl_macros-c12a4d1a3ce214dd.so(+0x173a46) [0x7c6eab173a46]
/workspace/target/debug/deps/libcubecl_macros-c12a4d1a3ce214dd.so(+0x173a46) [0x7c6eab173a46]
/workspace/target/debug/deps/libcubecl_macros-c12a4d1a3ce214dd.so(+0x173a46) [0x7c6eab173a46]
/workspace/target/debug/deps/libcubecl_macros-c12a4d1a3ce214dd.so(+0x173a46) [0x7c6eab173a46]
/workspace/target/debug/deps/libcubecl_macros-c12a4d1a3ce214dd.so(+0x173a46) [0x7c6eab173a46]
/workspace/target/debug/deps/libcubecl_macros-c12a4d1a3ce214dd.so(+0x173a46) [0x7c6eab173a46]
/workspace/target/debug/deps/libcubecl_macros-c12a4d1a3ce214dd.so(+0x173a46) [0x7c6eab173a46]
/workspace/target/debug/deps/libcubecl_macros-c12a4d1a3ce214dd.so(+0x173a46) [0x7c6eab173a46]
/workspace/target/debug/deps/libcubecl_macros-c12a4d1a3ce214dd.so(+0x173a46) [0x7c6eab173a46]
/workspace/target/debug/deps/libcubecl_macros-c12a4d1a3ce214dd.so(+0x173a46) [0x7c6eab173a46]
/workspace/target/debug/deps/libcubecl_macros-c12a4d1a3ce214dd.so(+0x2033ab) [0x7c6eab2033ab]
/workspace/target/debug/deps/libcubecl_macros-c12a4d1a3ce214dd.so(+0x250f0c) [0x7c6eab250f0c]
/workspace/target/debug/deps/libcubecl_macros-c12a4d1a3ce214dd.so(+0x2591f5) [0x7c6eab2591f5]
/workspace/target/debug/deps/libcubecl_macros-c12a4d1a3ce214dd.so(+0x1d9c69) [0x7c6eab1d9c69]
/workspace/target/debug/deps/libcubecl_macros-c12a4d1a3ce214dd.so(+0x1fa026) [0x7c6eab1fa026]
/workspace/target/debug/deps/libcubecl_macros-c12a4d1a3ce214dd.so(+0x190884) [0x7c6eab190884]
/workspace/target/debug/deps/libcubecl_macros-c12a4d1a3ce214dd.so(+0x1f633c) [0x7c6eab1f633c]
/workspace/target/debug/deps/libcubecl_macros-c12a4d1a3ce214dd.so(+0x1c1038) [0x7c6eab1c1038]
/workspace/target/debug/deps/libcubecl_macros-c12a4d1a3ce214dd.so(+0x1d0326) [0x7c6eab1d0326]
/workspace/target/debug/deps/libcubecl_macros-c12a4d1a3ce214dd.so(+0x1bb7d5) [0x7c6eab1bb7d5]
/workspace/target/debug/deps/libcubecl_macros-c12a4d1a3ce214dd.so(+0x14472d) [0x7c6eab14472d]
/workspace/target/debug/deps/libcubecl_macros-c12a4d1a3ce214dd.so(+0x146c37) [0x7c6eab146c37]
/workspace/target/debug/deps/libcubecl_macros-c12a4d1a3ce214dd.so(+0x258310) [0x7c6eab258310]
/workspace/target/debug/deps/libcubecl_macros-c12a4d1a3ce214dd.so(+0x1ce9f9) [0x7c6eab1ce9f9]
/workspace/target/debug/deps/libcubecl_macros-c12a4d1a3ce214dd.so(+0x258135) [0x7c6eab258135]
/workspace/target/debug/deps/libcubecl_macros-c12a4d1a3ce214dd.so(+0x1f88ad) [0x7c6eab1f88ad]
/workspace/target/debug/deps/libcubecl_macros-c12a4d1a3ce214dd.so(+0x17d292) [0x7c6eab17d292]
/workspace/target/debug/deps/libcubecl_macros-c12a4d1a3ce214dd.so(+0x1da8b6) [0x7c6eab1da8b6]
/workspace/target/debug/deps/libcubecl_macros-c12a4d1a3ce214dd.so(+0x21e135) [0x7c6eab21e135]
/workspace/target/debug/deps/libcubecl_macros-c12a4d1a3ce214dd.so(+0x1d9f67) [0x7c6eab1d9f67]
/workspace/target/debug/deps/libcubecl_macros-c12a4d1a3ce214dd.so(+0x172666) [0x7c6eab172666]
/workspace/target/debug/deps/libcubecl_macros-c12a4d1a3ce214dd.so(+0x2592a3) [0x7c6eab2592a3]
/workspace/target/debug/deps/libcubecl_macros-c12a4d1a3ce214dd.so(+0x1d9c69) [0x7c6eab1d9c69]
/workspace/target/debug/deps/libcubecl_macros-c12a4d1a3ce214dd.so(+0x1fa026) [0x7c6eab1fa026]
/workspace/target/debug/deps/libcubecl_macros-c12a4d1a3ce214dd.so(+0x190884) [0x7c6eab190884]
/workspace/target/debug/deps/libcubecl_macros-c12a4d1a3ce214dd.so(+0x1f633c) [0x7c6eab1f633c]
/workspace/target/debug/deps/libcubecl_macros-c12a4d1a3ce214dd.so(+0x1c1038) [0x7c6eab1c1038]
/workspace/target/debug/deps/libcubecl_macros-c12a4d1a3ce214dd.so(+0x1d0326) [0x7c6eab1d0326]
/workspace/target/debug/deps/libcubecl_macros-c12a4d1a3ce214dd.so(+0x1bb7d5) [0x7c6eab1bb7d5]
/workspace/target/debug/deps/libcubecl_macros-c12a4d1a3ce214dd.so(+0x14472d) [0x7c6eab14472d]
/workspace/target/debug/deps/libcubecl_macros-c12a4d1a3ce214dd.so(+0x146c37) [0x7c6eab146c37]
/workspace/target/debug/deps/libcubecl_macros-c12a4d1a3ce214dd.so(+0x258310) [0x7c6eab258310]
/workspace/target/debug/deps/libcubecl_macros-c12a4d1a3ce214dd.so(+0x1ce9f9) [0x7c6eab1ce9f9]
/workspace/target/debug/deps/libcubecl_macros-c12a4d1a3ce214dd.so(+0x258135) [0x7c6eab258135]
/workspace/target/debug/deps/libcubecl_macros-c12a4d1a3ce214dd.so(+0x1f88ad) [0x7c6eab1f88ad]
/workspace/target/debug/deps/libcubecl_macros-c12a4d1a3ce214dd.so(+0x17d292) [0x7c6eab17d292]
/workspace/target/debug/deps/libcubecl_macros-c12a4d1a3ce214dd.so(+0x19bdf6) [0x7c6eab19bdf6]
/workspace/target/debug/deps/libcubecl_macros-c12a4d1a3ce214dd.so(+0x21ce85) [0x7c6eab21ce85]
/workspace/target/debug/deps/libcubecl_macros-c12a4d1a3ce214dd.so(+0x19b8ab) [0x7c6eab19b8ab]
/workspace/target/debug/deps/libcubecl_macros-c12a4d1a3ce214dd.so(+0x19a72f) [0x7c6eab19a72f]
/workspace/target/debug/deps/libcubecl_macros-c12a4d1a3ce214dd.so(+0x25c19f) [0x7c6eab25c19f]

note: rustc unexpectedly overflowed its stack! this is a bug
note: maximum backtrace depth reached, frames may have been lost
note: we would appreciate a report at https://github.com/rust-lang/rust
help: you can increase rustc's stack size by setting RUST_MIN_STACK=16777216
note: backtrace dumped due to SIGSEGV! resuming signal
error: could not compile `libxc_rs` (lib)

Caused by:
  process didn't exit successfully: `/home/vscode/.rustup/toolchains/stable-x86_64-unknown-linux-gnu/bin/rustc --crate-name libxc_rs --edition=2024 src/lib.rs --error-format=json --json=diagnostic-rendered-ansi,artifacts,future-incompat --crate-type lib --emit=dep-info,metadata,link -C embed-bitcode=no -C debuginfo=2 --check-cfg 'cfg(docsrs,test)' --check-cfg 'cfg(feature, values())' -C metadata=b4ea9ba426ec25d9 -C extra-filename=-47be1f67779b1b2c --out-dir /workspace/target/debug/deps -C linker=clang -C incremental=/workspace/target/debug/incremental -L dependency=/workspace/target/debug/deps --extern bitflags=/workspace/target/debug/deps/libbitflags-a9492541ec333643.rmeta --extern bytemuck=/workspace/target/debug/deps/libbytemuck-88d75ee8991cf298.rmeta --extern cubecl=/workspace/target/debug/deps/libcubecl-f313bf8e3f1a9e87.rmeta --extern thiserror=/workspace/target/debug/deps/libthiserror-146249504c7bc201.rmeta -C link-arg=-fuse-ld=mold -L native=/home/vscode/.local/share/tracel/tracel-llvm-20.1.4-7/lib` (signal: 11, SIGSEGV: invalid memory reference)
