warning: profiles for the non root package will be ignored, specify profiles at the workspace root:
package:   /workspace/crates/kernel-mgga-10a/Cargo.toml
workspace: /workspace/Cargo.toml
warning: profiles for the non root package will be ignored, specify profiles at the workspace root:
package:   /workspace/crates/kernel-mgga-10b/Cargo.toml
workspace: /workspace/Cargo.toml
warning: profiles for the non root package will be ignored, specify profiles at the workspace root:
package:   /workspace/crates/kernel-mgga-11a/Cargo.toml
workspace: /workspace/Cargo.toml
warning: profiles for the non root package will be ignored, specify profiles at the workspace root:
package:   /workspace/crates/kernel-mgga-11b/Cargo.toml
workspace: /workspace/Cargo.toml
warning: profiles for the non root package will be ignored, specify profiles at the workspace root:
package:   /workspace/crates/kernel-mgga-11c/Cargo.toml
workspace: /workspace/Cargo.toml
warning: profiles for the non root package will be ignored, specify profiles at the workspace root:
package:   /workspace/crates/kernel-mgga-12a/Cargo.toml
workspace: /workspace/Cargo.toml
warning: profiles for the non root package will be ignored, specify profiles at the workspace root:
package:   /workspace/crates/kernel-mgga-12b/Cargo.toml
workspace: /workspace/Cargo.toml
warning: profiles for the non root package will be ignored, specify profiles at the workspace root:
package:   /workspace/crates/kernel-mgga-12c/Cargo.toml
workspace: /workspace/Cargo.toml
warning: profiles for the non root package will be ignored, specify profiles at the workspace root:
package:   /workspace/crates/kernel-mgga-12d/Cargo.toml
workspace: /workspace/Cargo.toml
warning: profiles for the non root package will be ignored, specify profiles at the workspace root:
package:   /workspace/crates/kernel-mgga-13a/Cargo.toml
workspace: /workspace/Cargo.toml
warning: profiles for the non root package will be ignored, specify profiles at the workspace root:
package:   /workspace/crates/kernel-mgga-13b/Cargo.toml
workspace: /workspace/Cargo.toml
warning: profiles for the non root package will be ignored, specify profiles at the workspace root:
package:   /workspace/crates/kernel-mgga-14a/Cargo.toml
workspace: /workspace/Cargo.toml
warning: profiles for the non root package will be ignored, specify profiles at the workspace root:
package:   /workspace/crates/kernel-mgga-14b/Cargo.toml
workspace: /workspace/Cargo.toml
warning: profiles for the non root package will be ignored, specify profiles at the workspace root:
package:   /workspace/crates/kernel-mgga-14c/Cargo.toml
workspace: /workspace/Cargo.toml
warning: profiles for the non root package will be ignored, specify profiles at the workspace root:
package:   /workspace/crates/kernel-mgga-14d/Cargo.toml
workspace: /workspace/Cargo.toml
warning: profiles for the non root package will be ignored, specify profiles at the workspace root:
package:   /workspace/crates/kernel-mgga-14e/Cargo.toml
workspace: /workspace/Cargo.toml
warning: profiles for the non root package will be ignored, specify profiles at the workspace root:
package:   /workspace/crates/kernel-mgga-14f/Cargo.toml
workspace: /workspace/Cargo.toml
warning: profiles for the non root package will be ignored, specify profiles at the workspace root:
package:   /workspace/crates/kernel-mgga-14g/Cargo.toml
workspace: /workspace/Cargo.toml
warning: profiles for the non root package will be ignored, specify profiles at the workspace root:
package:   /workspace/crates/kernel-mgga-14h/Cargo.toml
workspace: /workspace/Cargo.toml
warning: profiles for the non root package will be ignored, specify profiles at the workspace root:
package:   /workspace/crates/kernel-mgga-14i/Cargo.toml
workspace: /workspace/Cargo.toml
warning: profiles for the non root package will be ignored, specify profiles at the workspace root:
package:   /workspace/crates/kernel-mgga-14j/Cargo.toml
workspace: /workspace/Cargo.toml
warning: profiles for the non root package will be ignored, specify profiles at the workspace root:
package:   /workspace/crates/kernel-mgga-14k/Cargo.toml
workspace: /workspace/Cargo.toml
warning: profiles for the non root package will be ignored, specify profiles at the workspace root:
package:   /workspace/crates/kernel-mgga-14l/Cargo.toml
workspace: /workspace/Cargo.toml
warning: profiles for the non root package will be ignored, specify profiles at the workspace root:
package:   /workspace/crates/kernel-mgga-15a/Cargo.toml
workspace: /workspace/Cargo.toml
warning: profiles for the non root package will be ignored, specify profiles at the workspace root:
package:   /workspace/crates/kernel-mgga-15b/Cargo.toml
workspace: /workspace/Cargo.toml
warning: profiles for the non root package will be ignored, specify profiles at the workspace root:
package:   /workspace/crates/kernel-mgga-15c/Cargo.toml
workspace: /workspace/Cargo.toml
warning: profiles for the non root package will be ignored, specify profiles at the workspace root:
package:   /workspace/crates/kernel-mgga-15d/Cargo.toml
workspace: /workspace/Cargo.toml
warning: profiles for the non root package will be ignored, specify profiles at the workspace root:
package:   /workspace/crates/kernel-mgga-15e/Cargo.toml
workspace: /workspace/Cargo.toml
warning: profiles for the non root package will be ignored, specify profiles at the workspace root:
package:   /workspace/crates/kernel-mgga-15f/Cargo.toml
workspace: /workspace/Cargo.toml
warning: profiles for the non root package will be ignored, specify profiles at the workspace root:
package:   /workspace/crates/kernel-mgga-15g/Cargo.toml
workspace: /workspace/Cargo.toml
warning: profiles for the non root package will be ignored, specify profiles at the workspace root:
package:   /workspace/crates/kernel-mgga-15h/Cargo.toml
workspace: /workspace/Cargo.toml
warning: profiles for the non root package will be ignored, specify profiles at the workspace root:
package:   /workspace/crates/kernel-mgga-18a/Cargo.toml
workspace: /workspace/Cargo.toml
warning: profiles for the non root package will be ignored, specify profiles at the workspace root:
package:   /workspace/crates/kernel-mgga-18b/Cargo.toml
workspace: /workspace/Cargo.toml
warning: profiles for the non root package will be ignored, specify profiles at the workspace root:
package:   /workspace/crates/kernel-mgga-18c/Cargo.toml
workspace: /workspace/Cargo.toml
warning: profiles for the non root package will be ignored, specify profiles at the workspace root:
package:   /workspace/crates/kernel-mgga-19a/Cargo.toml
workspace: /workspace/Cargo.toml
warning: profiles for the non root package will be ignored, specify profiles at the workspace root:
package:   /workspace/crates/kernel-mgga-19b/Cargo.toml
workspace: /workspace/Cargo.toml
warning: profiles for the non root package will be ignored, specify profiles at the workspace root:
package:   /workspace/crates/kernel-mgga-19c/Cargo.toml
workspace: /workspace/Cargo.toml
warning: profiles for the non root package will be ignored, specify profiles at the workspace root:
package:   /workspace/crates/kernel-mgga-19d/Cargo.toml
workspace: /workspace/Cargo.toml
warning: profiles for the non root package will be ignored, specify profiles at the workspace root:
package:   /workspace/crates/kernel-mgga-19e/Cargo.toml
workspace: /workspace/Cargo.toml
warning: profiles for the non root package will be ignored, specify profiles at the workspace root:
package:   /workspace/crates/kernel-mgga-19f/Cargo.toml
workspace: /workspace/Cargo.toml
warning: profiles for the non root package will be ignored, specify profiles at the workspace root:
package:   /workspace/crates/kernel-mgga-19g/Cargo.toml
workspace: /workspace/Cargo.toml
warning: profiles for the non root package will be ignored, specify profiles at the workspace root:
package:   /workspace/crates/kernel-mgga-1a/Cargo.toml
workspace: /workspace/Cargo.toml
warning: profiles for the non root package will be ignored, specify profiles at the workspace root:
package:   /workspace/crates/kernel-mgga-1b/Cargo.toml
workspace: /workspace/Cargo.toml
warning: profiles for the non root package will be ignored, specify profiles at the workspace root:
package:   /workspace/crates/kernel-mgga-1c/Cargo.toml
workspace: /workspace/Cargo.toml
warning: profiles for the non root package will be ignored, specify profiles at the workspace root:
package:   /workspace/crates/kernel-mgga-1d/Cargo.toml
workspace: /workspace/Cargo.toml
warning: profiles for the non root package will be ignored, specify profiles at the workspace root:
package:   /workspace/crates/kernel-mgga-20a/Cargo.toml
workspace: /workspace/Cargo.toml
warning: profiles for the non root package will be ignored, specify profiles at the workspace root:
package:   /workspace/crates/kernel-mgga-20b/Cargo.toml
workspace: /workspace/Cargo.toml
warning: profiles for the non root package will be ignored, specify profiles at the workspace root:
package:   /workspace/crates/kernel-mgga-20c/Cargo.toml
workspace: /workspace/Cargo.toml
warning: profiles for the non root package will be ignored, specify profiles at the workspace root:
package:   /workspace/crates/kernel-mgga-20d/Cargo.toml
workspace: /workspace/Cargo.toml
warning: profiles for the non root package will be ignored, specify profiles at the workspace root:
package:   /workspace/crates/kernel-mgga-20e/Cargo.toml
workspace: /workspace/Cargo.toml
warning: profiles for the non root package will be ignored, specify profiles at the workspace root:
package:   /workspace/crates/kernel-mgga-20f/Cargo.toml
workspace: /workspace/Cargo.toml
warning: profiles for the non root package will be ignored, specify profiles at the workspace root:
package:   /workspace/crates/kernel-mgga-20g/Cargo.toml
workspace: /workspace/Cargo.toml
warning: profiles for the non root package will be ignored, specify profiles at the workspace root:
package:   /workspace/crates/kernel-mgga-20h/Cargo.toml
workspace: /workspace/Cargo.toml
warning: profiles for the non root package will be ignored, specify profiles at the workspace root:
package:   /workspace/crates/kernel-mgga-20i/Cargo.toml
workspace: /workspace/Cargo.toml
warning: profiles for the non root package will be ignored, specify profiles at the workspace root:
package:   /workspace/crates/kernel-mgga-20j/Cargo.toml
workspace: /workspace/Cargo.toml
warning: profiles for the non root package will be ignored, specify profiles at the workspace root:
package:   /workspace/crates/kernel-mgga-20k/Cargo.toml
workspace: /workspace/Cargo.toml
warning: profiles for the non root package will be ignored, specify profiles at the workspace root:
package:   /workspace/crates/kernel-mgga-20l/Cargo.toml
workspace: /workspace/Cargo.toml
warning: profiles for the non root package will be ignored, specify profiles at the workspace root:
package:   /workspace/crates/kernel-mgga-22a/Cargo.toml
workspace: /workspace/Cargo.toml
warning: profiles for the non root package will be ignored, specify profiles at the workspace root:
package:   /workspace/crates/kernel-mgga-22b/Cargo.toml
workspace: /workspace/Cargo.toml
warning: profiles for the non root package will be ignored, specify profiles at the workspace root:
package:   /workspace/crates/kernel-mgga-22c/Cargo.toml
workspace: /workspace/Cargo.toml
warning: profiles for the non root package will be ignored, specify profiles at the workspace root:
package:   /workspace/crates/kernel-mgga-22d/Cargo.toml
workspace: /workspace/Cargo.toml
warning: profiles for the non root package will be ignored, specify profiles at the workspace root:
package:   /workspace/crates/kernel-mgga-24a/Cargo.toml
workspace: /workspace/Cargo.toml
warning: profiles for the non root package will be ignored, specify profiles at the workspace root:
package:   /workspace/crates/kernel-mgga-24b/Cargo.toml
workspace: /workspace/Cargo.toml
warning: profiles for the non root package will be ignored, specify profiles at the workspace root:
package:   /workspace/crates/kernel-mgga-25a/Cargo.toml
workspace: /workspace/Cargo.toml
warning: profiles for the non root package will be ignored, specify profiles at the workspace root:
package:   /workspace/crates/kernel-mgga-25b/Cargo.toml
workspace: /workspace/Cargo.toml
warning: profiles for the non root package will be ignored, specify profiles at the workspace root:
package:   /workspace/crates/kernel-mgga-26a/Cargo.toml
workspace: /workspace/Cargo.toml
warning: profiles for the non root package will be ignored, specify profiles at the workspace root:
package:   /workspace/crates/kernel-mgga-26b/Cargo.toml
workspace: /workspace/Cargo.toml
warning: profiles for the non root package will be ignored, specify profiles at the workspace root:
package:   /workspace/crates/kernel-mgga-27a/Cargo.toml
workspace: /workspace/Cargo.toml
warning: profiles for the non root package will be ignored, specify profiles at the workspace root:
package:   /workspace/crates/kernel-mgga-27b/Cargo.toml
workspace: /workspace/Cargo.toml
warning: profiles for the non root package will be ignored, specify profiles at the workspace root:
package:   /workspace/crates/kernel-mgga-27c/Cargo.toml
workspace: /workspace/Cargo.toml
warning: profiles for the non root package will be ignored, specify profiles at the workspace root:
package:   /workspace/crates/kernel-mgga-2a/Cargo.toml
workspace: /workspace/Cargo.toml
warning: profiles for the non root package will be ignored, specify profiles at the workspace root:
package:   /workspace/crates/kernel-mgga-2b/Cargo.toml
workspace: /workspace/Cargo.toml
warning: profiles for the non root package will be ignored, specify profiles at the workspace root:
package:   /workspace/crates/kernel-mgga-32a/Cargo.toml
workspace: /workspace/Cargo.toml
warning: profiles for the non root package will be ignored, specify profiles at the workspace root:
package:   /workspace/crates/kernel-mgga-32b/Cargo.toml
workspace: /workspace/Cargo.toml
warning: profiles for the non root package will be ignored, specify profiles at the workspace root:
package:   /workspace/crates/kernel-mgga-36a/Cargo.toml
workspace: /workspace/Cargo.toml
warning: profiles for the non root package will be ignored, specify profiles at the workspace root:
package:   /workspace/crates/kernel-mgga-36b/Cargo.toml
workspace: /workspace/Cargo.toml
warning: profiles for the non root package will be ignored, specify profiles at the workspace root:
package:   /workspace/crates/kernel-mgga-37a/Cargo.toml
workspace: /workspace/Cargo.toml
warning: profiles for the non root package will be ignored, specify profiles at the workspace root:
package:   /workspace/crates/kernel-mgga-37b/Cargo.toml
workspace: /workspace/Cargo.toml
warning: profiles for the non root package will be ignored, specify profiles at the workspace root:
package:   /workspace/crates/kernel-mgga-3a/Cargo.toml
workspace: /workspace/Cargo.toml
warning: profiles for the non root package will be ignored, specify profiles at the workspace root:
package:   /workspace/crates/kernel-mgga-3b/Cargo.toml
workspace: /workspace/Cargo.toml
warning: profiles for the non root package will be ignored, specify profiles at the workspace root:
package:   /workspace/crates/kernel-mgga-4a/Cargo.toml
workspace: /workspace/Cargo.toml
warning: profiles for the non root package will be ignored, specify profiles at the workspace root:
package:   /workspace/crates/kernel-mgga-4b/Cargo.toml
workspace: /workspace/Cargo.toml
warning: profiles for the non root package will be ignored, specify profiles at the workspace root:
package:   /workspace/crates/kernel-mgga-7a/Cargo.toml
workspace: /workspace/Cargo.toml
warning: profiles for the non root package will be ignored, specify profiles at the workspace root:
package:   /workspace/crates/kernel-mgga-7b/Cargo.toml
workspace: /workspace/Cargo.toml
warning: profiles for the non root package will be ignored, specify profiles at the workspace root:
package:   /workspace/crates/kernel-mgga-7c/Cargo.toml
workspace: /workspace/Cargo.toml
warning: profiles for the non root package will be ignored, specify profiles at the workspace root:
package:   /workspace/crates/kernel-mgga-7d/Cargo.toml
workspace: /workspace/Cargo.toml
warning: profiles for the non root package will be ignored, specify profiles at the workspace root:
package:   /workspace/crates/kernel-mgga-7e/Cargo.toml
workspace: /workspace/Cargo.toml
warning: profiles for the non root package will be ignored, specify profiles at the workspace root:
package:   /workspace/crates/kernel-mgga-8a/Cargo.toml
workspace: /workspace/Cargo.toml
warning: profiles for the non root package will be ignored, specify profiles at the workspace root:
package:   /workspace/crates/kernel-mgga-8b/Cargo.toml
workspace: /workspace/Cargo.toml
warning: profiles for the non root package will be ignored, specify profiles at the workspace root:
package:   /workspace/crates/kernel-mgga-8c/Cargo.toml
workspace: /workspace/Cargo.toml
warning: profiles for the non root package will be ignored, specify profiles at the workspace root:
package:   /workspace/crates/kernel-mgga-8d/Cargo.toml
workspace: /workspace/Cargo.toml
warning: profiles for the non root package will be ignored, specify profiles at the workspace root:
package:   /workspace/crates/kernel-mgga-8e/Cargo.toml
workspace: /workspace/Cargo.toml
warning: profiles for the non root package will be ignored, specify profiles at the workspace root:
package:   /workspace/crates/kernel-mgga-8f/Cargo.toml
workspace: /workspace/Cargo.toml
warning: profiles for the non root package will be ignored, specify profiles at the workspace root:
package:   /workspace/crates/kernel-mgga-9a/Cargo.toml
workspace: /workspace/Cargo.toml
warning: profiles for the non root package will be ignored, specify profiles at the workspace root:
package:   /workspace/crates/kernel-mgga-9b/Cargo.toml
workspace: /workspace/Cargo.toml
warning: value assigned to `result` is never read
  --> crates/kernel-math/src/lambert_w.rs:26:22
   |
26 |     let mut result = 0.0f64;
   |                      ^^^^^^
   |
   = help: maybe it is overwritten before being read?
   = note: `#[warn(unused_assignments)]` (part of `#[warn(unused)]`) on by default

warning: value assigned to `w0` is never read
  --> crates/kernel-math/src/lambert_w.rs:36:22
   |
36 |         let mut w0 = 0.0f64;
   |                      ^^^^^^
   |
   = help: maybe it is overwritten before being read?

warning: value assigned to `b2` is never read
  --> crates/kernel-math/src/expint_e1.rs:22:23
   |
22 |     let mut b2: f64 = 0.0;
   |                       ^^^
   |
   = help: maybe it is overwritten before being read?

warning: value assigned to `b2` is never read
  --> crates/kernel-math/src/expint_e1.rs:72:23
   |
72 |     let mut b2: f64 = 0.0;
   |                       ^^^
   |
   = help: maybe it is overwritten before being read?

warning: value assigned to `b2` is never read
   --> crates/kernel-math/src/expint_e1.rs:107:23
    |
107 |     let mut b2: f64 = 0.0;
    |                       ^^^
    |
    = help: maybe it is overwritten before being read?

warning: value assigned to `b2` is never read
   --> crates/kernel-math/src/expint_e1.rs:136:23
    |
136 |     let mut b2: f64 = 0.0;
    |                       ^^^
    |
    = help: maybe it is overwritten before being read?

warning: value assigned to `b2` is never read
   --> crates/kernel-math/src/expint_e1.rs:162:23
    |
162 |     let mut b2: f64 = 0.0;
    |                       ^^^
    |
    = help: maybe it is overwritten before being read?

warning: value assigned to `b2` is never read
   --> crates/kernel-math/src/expint_e1.rs:197:23
    |
197 |     let mut b2: f64 = 0.0;
    |                       ^^^
    |
    = help: maybe it is overwritten before being read?

warning: value assigned to `e1` is never read
   --> crates/kernel-math/src/expint_e1.rs:233:18
    |
233 |     let mut e1 = 0.0f64;
    |                  ^^^^^^
    |
    = help: maybe it is overwritten before being read?

warning: value assigned to `b2` is never read
  --> crates/kernel-math/src/special.rs:36:18
   |
36 |     let mut b2 = 0.0f64;
   |                  ^^^^^^
   |
   = help: maybe it is overwritten before being read?

warning: value assigned to `dspenc` is never read
   --> crates/kernel-math/src/special.rs:139:22
    |
139 |     let mut dspenc = 0.0f64;
    |                      ^^^^^^
    |
    = help: maybe it is overwritten before being read?

warning: value assigned to `result` is never read
   --> crates/kernel-math/src/special.rs:208:22
    |
208 |     let mut result = 0.0f64;
    |                      ^^^^^^
    |
    = help: maybe it is overwritten before being read?

warning: value assigned to `result` is never read
   --> crates/kernel-math/src/special.rs:242:22
    |
242 |     let mut result = 0.0f64;
    |                      ^^^^^^
    |
    = help: maybe it is overwritten before being read?

warning: value assigned to `fa` is never read
   --> crates/kernel-math/src/br89.rs:223:830
    |
223 | ...et tfa = fa; let tfb = fb; a = select(sw, tb, ta); fa = select(sw, tfb, tfa); b = select(sw, ta, tb); fb = select(sw, tfa, tfb);
    |                                                       ^^^^^^^^^^^^^^^^^^^^^^^^^
    |
    = help: maybe it is overwritten before being read?

warning: value assigned to `fb` is never read
   --> crates/kernel-math/src/br89.rs:223:881
    |
223 | ...fa = select(sw, tfb, tfa); b = select(sw, ta, tb); fb = select(sw, tfa, tfb);
    |                                                       ^^^^^^^^^^^^^^^^^^^^^^^^^
    |
    = help: maybe it is overwritten before being read?

warning: value assigned to `c` is never read
   --> crates/kernel-math/src/br89.rs:223:584
    |
223 | ...ct(do_bi, 1.0f64, 0.0f64); let fs = br89_obj(s, rhs); d = c; c = b; fc = fb; let rl = fa*fs < 0.0; b = select(rl, s, b); fb = se...
    |                                                                 ^^^^^
    |
    = help: maybe it is overwritten before being read?

warning: value assigned to `fc` is never read
   --> crates/kernel-math/src/br89.rs:223:591
    |
223 | ..., 1.0f64, 0.0f64); let fs = br89_obj(s, rhs); d = c; c = b; fc = fb; let rl = fa*fs < 0.0; b = select(rl, s, b); fb = select(rl,...
    |                                                                ^^^^^^^
    |
    = help: maybe it is overwritten before being read?

warning: value assigned to `d` is never read
   --> crates/kernel-math/src/br89.rs:223:577
    |
223 | ... = select(do_bi, 1.0f64, 0.0f64); let fs = br89_obj(s, rhs); d = c; c = b; fc = fb; let rl = fa*fs < 0.0; b = select(rl, s, b); ...
    |                                                                 ^^^^^
    |
    = help: maybe it is overwritten before being read?

warning: value assigned to `mf` is never read
   --> crates/kernel-math/src/br89.rs:223:514
    |
223 | ...||c3||c4||c5; s = select(do_bi, (a+b)*0.5, s); mf = select(do_bi, 1.0f64, 0.0f64); let fs = br89_obj(s, rhs); d = c; c = b; fc =...
    |                                                   ^^^^^^^^^^^^^^^^^^^^^^^^^^^^^^^^^^
    |
    = help: maybe it is overwritten before being read?

warning: module `Heaviside` should have a snake case name
  --> crates/kernel-math/src/piecewise.rs:22:8
   |
22 | pub fn Heaviside(x: f64) -> f64 {
   |        ^^^^^^^^^ help: convert the identifier to snake case: `heaviside`
   |
   = note: `#[warn(non_snake_case)]` (part of `#[warn(nonstandard_style)]`) on by default

warning: `libxc-kernel-math` (lib) generated 20 warnings
    Checking libxc-kernel-mgga-19g v0.1.0 (/workspace/crates/kernel-mgga-19g)
    Checking libxc-kernel-mgga-12d v0.1.0 (/workspace/crates/kernel-mgga-12d)
    Checking libxc-kernel-mgga-13a v0.1.0 (/workspace/crates/kernel-mgga-13a)
sccache: warning: The server looks like it shut down unexpectedly, compiling locally instead
    Checking libxc-kernel-mgga-13b v0.1.0 (/workspace/crates/kernel-mgga-13b)
    Checking libxc-kernel-mgga-18b v0.1.0 (/workspace/crates/kernel-mgga-18b)
    Checking libxc-kernel-mgga-27b v0.1.0 (/workspace/crates/kernel-mgga-27b)
warning: ignoring -C extra-filename flag due to -o flag

error[E0433]: failed to resolve: use of unresolved module or unlinked crate `xc_mgga_x_mbrxc_get_x`
   --> crates/kernel-mgga-27b/src/mgga_x_mggac/fxc_pol.rs:106:19
    |
106 |         let t78 = xc_mgga_x_mbrxc_get_x(t32 * t70 * t74 / 6.0);
    |                   ^^^^^^^^^^^^^^^^^^^^^ use of unresolved module or unlinked crate `xc_mgga_x_mbrxc_get_x`
    |
    = help: if you wanted to use a crate named `xc_mgga_x_mbrxc_get_x`, use `cargo add xc_mgga_x_mbrxc_get_x` to add it to your `Cargo.toml`

error[E0433]: failed to resolve: use of unresolved module or unlinked crate `xc_mgga_x_mbrxc_get_x`
   --> crates/kernel-mgga-27b/src/mgga_x_mggac/fxc_pol.rs:179:20
    |
179 |         let t189 = xc_mgga_x_mbrxc_get_x(t32 * t181 * t185 / 6.0);
    |                    ^^^^^^^^^^^^^^^^^^^^^ use of unresolved module or unlinked crate `xc_mgga_x_mbrxc_get_x`
    |
    = help: if you wanted to use a crate named `xc_mgga_x_mbrxc_get_x`, use `cargo add xc_mgga_x_mbrxc_get_x` to add it to your `Cargo.toml`

error[E0433]: failed to resolve: use of unresolved module or unlinked crate `xc_mgga_x_mbrxc_get_x`
   --> crates/kernel-mgga-27b/src/mgga_x_mggac/kxc_pol_part0.rs:110:19
    |
110 |         let t78 = xc_mgga_x_mbrxc_get_x(t32 * t70 * t74 / 6.0);
    |                   ^^^^^^^^^^^^^^^^^^^^^ use of unresolved module or unlinked crate `xc_mgga_x_mbrxc_get_x`
    |
    = help: if you wanted to use a crate named `xc_mgga_x_mbrxc_get_x`, use `cargo add xc_mgga_x_mbrxc_get_x` to add it to your `Cargo.toml`

error[E0433]: failed to resolve: use of unresolved module or unlinked crate `xc_mgga_x_mbrxc_get_x`
   --> crates/kernel-mgga-27b/src/mgga_x_mggac/kxc_pol_part0.rs:183:20
    |
183 |         let t189 = xc_mgga_x_mbrxc_get_x(t32 * t181 * t185 / 6.0);
    |                    ^^^^^^^^^^^^^^^^^^^^^ use of unresolved module or unlinked crate `xc_mgga_x_mbrxc_get_x`
    |
    = help: if you wanted to use a crate named `xc_mgga_x_mbrxc_get_x`, use `cargo add xc_mgga_x_mbrxc_get_x` to add it to your `Cargo.toml`

error[E0433]: failed to resolve: use of unresolved module or unlinked crate `xc_mgga_x_mbrxc_get_x`
  --> crates/kernel-mgga-27b/src/mgga_x_mggac/kxc_pol_part2.rs:99:19
   |
99 |         let t78 = xc_mgga_x_mbrxc_get_x(t32 * t70 * t74 / 6.0);
   |                   ^^^^^^^^^^^^^^^^^^^^^ use of unresolved module or unlinked crate `xc_mgga_x_mbrxc_get_x`
   |
   = help: if you wanted to use a crate named `xc_mgga_x_mbrxc_get_x`, use `cargo add xc_mgga_x_mbrxc_get_x` to add it to your `Cargo.toml`

error[E0433]: failed to resolve: use of unresolved module or unlinked crate `xc_mgga_x_mbrxc_get_x`
   --> crates/kernel-mgga-27b/src/mgga_x_mggac/kxc_pol_part2.rs:168:20
    |
168 |         let t189 = xc_mgga_x_mbrxc_get_x(t32 * t181 * t185 / 6.0);
    |                    ^^^^^^^^^^^^^^^^^^^^^ use of unresolved module or unlinked crate `xc_mgga_x_mbrxc_get_x`
    |
    = help: if you wanted to use a crate named `xc_mgga_x_mbrxc_get_x`, use `cargo add xc_mgga_x_mbrxc_get_x` to add it to your `Cargo.toml`

error[E0433]: failed to resolve: use of unresolved module or unlinked crate `xc_mgga_x_mbrxc_get_x`
   --> crates/kernel-mgga-27b/src/mgga_x_mggac/kxc_unpol.rs:112:19
    |
112 |         let t73 = xc_mgga_x_mbrxc_get_x(t24 * t65 * t69 / 6.0);
    |                   ^^^^^^^^^^^^^^^^^^^^^ use of unresolved module or unlinked crate `xc_mgga_x_mbrxc_get_x`
    |
    = help: if you wanted to use a crate named `xc_mgga_x_mbrxc_get_x`, use `cargo add xc_mgga_x_mbrxc_get_x` to add it to your `Cargo.toml`

error[E0433]: failed to resolve: use of unresolved module or unlinked crate `xc_mgga_x_mbrxc_get_x`
   --> crates/kernel-mgga-27b/src/mgga_x_mggac/lxc_pol_part0.rs:110:19
    |
110 |         let t78 = xc_mgga_x_mbrxc_get_x(t32 * t70 * t74 / 6.0);
    |                   ^^^^^^^^^^^^^^^^^^^^^ use of unresolved module or unlinked crate `xc_mgga_x_mbrxc_get_x`
    |
    = help: if you wanted to use a crate named `xc_mgga_x_mbrxc_get_x`, use `cargo add xc_mgga_x_mbrxc_get_x` to add it to your `Cargo.toml`

error[E0433]: failed to resolve: use of unresolved module or unlinked crate `xc_mgga_x_mbrxc_get_x`
   --> crates/kernel-mgga-27b/src/mgga_x_mggac/lxc_pol_part0.rs:183:20
    |
183 |         let t189 = xc_mgga_x_mbrxc_get_x(t32 * t181 * t185 / 6.0);
    |                    ^^^^^^^^^^^^^^^^^^^^^ use of unresolved module or unlinked crate `xc_mgga_x_mbrxc_get_x`
    |
    = help: if you wanted to use a crate named `xc_mgga_x_mbrxc_get_x`, use `cargo add xc_mgga_x_mbrxc_get_x` to add it to your `Cargo.toml`

error[E0433]: failed to resolve: use of unresolved module or unlinked crate `xc_mgga_x_mbrxc_get_x`
  --> crates/kernel-mgga-27b/src/mgga_x_mggac/lxc_pol_part11.rs:92:19
   |
92 |         let t78 = xc_mgga_x_mbrxc_get_x(t32 * t70 * t74 / 6.0);
   |                   ^^^^^^^^^^^^^^^^^^^^^ use of unresolved module or unlinked crate `xc_mgga_x_mbrxc_get_x`
   |
   = help: if you wanted to use a crate named `xc_mgga_x_mbrxc_get_x`, use `cargo add xc_mgga_x_mbrxc_get_x` to add it to your `Cargo.toml`

error[E0433]: failed to resolve: use of unresolved module or unlinked crate `xc_mgga_x_mbrxc_get_x`
    --> crates/kernel-mgga-27b/src/mgga_x_mggac/lxc_pol_part11.rs:2658:20
     |
2658 |         let t189 = xc_mgga_x_mbrxc_get_x(t32 * t181 * t185 / 6.0);
     |                    ^^^^^^^^^^^^^^^^^^^^^ use of unresolved module or unlinked crate `xc_mgga_x_mbrxc_get_x`
     |
     = help: if you wanted to use a crate named `xc_mgga_x_mbrxc_get_x`, use `cargo add xc_mgga_x_mbrxc_get_x` to add it to your `Cargo.toml`

error[E0433]: failed to resolve: use of unresolved module or unlinked crate `xc_mgga_x_mbrxc_get_x`
   --> crates/kernel-mgga-27b/src/mgga_x_mggac/lxc_pol_part14.rs:105:20
    |
105 |         let t189 = xc_mgga_x_mbrxc_get_x(t32 * t181 * t185 / 6.0);
    |                    ^^^^^^^^^^^^^^^^^^^^^ use of unresolved module or unlinked crate `xc_mgga_x_mbrxc_get_x`
    |
    = help: if you wanted to use a crate named `xc_mgga_x_mbrxc_get_x`, use `cargo add xc_mgga_x_mbrxc_get_x` to add it to your `Cargo.toml`

error[E0433]: failed to resolve: use of unresolved module or unlinked crate `xc_mgga_x_mbrxc_get_x`
  --> crates/kernel-mgga-27b/src/mgga_x_mggac/lxc_pol_part2.rs:99:19
   |
99 |         let t78 = xc_mgga_x_mbrxc_get_x(t32 * t70 * t74 / 6.0);
   |                   ^^^^^^^^^^^^^^^^^^^^^ use of unresolved module or unlinked crate `xc_mgga_x_mbrxc_get_x`
   |
   = help: if you wanted to use a crate named `xc_mgga_x_mbrxc_get_x`, use `cargo add xc_mgga_x_mbrxc_get_x` to add it to your `Cargo.toml`

error[E0433]: failed to resolve: use of unresolved module or unlinked crate `xc_mgga_x_mbrxc_get_x`
   --> crates/kernel-mgga-27b/src/mgga_x_mggac/lxc_pol_part2.rs:168:20
    |
168 |         let t189 = xc_mgga_x_mbrxc_get_x(t32 * t181 * t185 / 6.0);
    |                    ^^^^^^^^^^^^^^^^^^^^^ use of unresolved module or unlinked crate `xc_mgga_x_mbrxc_get_x`
    |
    = help: if you wanted to use a crate named `xc_mgga_x_mbrxc_get_x`, use `cargo add xc_mgga_x_mbrxc_get_x` to add it to your `Cargo.toml`

error[E0433]: failed to resolve: use of unresolved module or unlinked crate `xc_mgga_x_mbrxc_get_x`
  --> crates/kernel-mgga-27b/src/mgga_x_mggac/lxc_pol_part4.rs:93:19
   |
93 |         let t78 = xc_mgga_x_mbrxc_get_x(t32 * t70 * t74 / 6.0);
   |                   ^^^^^^^^^^^^^^^^^^^^^ use of unresolved module or unlinked crate `xc_mgga_x_mbrxc_get_x`
   |
   = help: if you wanted to use a crate named `xc_mgga_x_mbrxc_get_x`, use `cargo add xc_mgga_x_mbrxc_get_x` to add it to your `Cargo.toml`

error[E0433]: failed to resolve: use of unresolved module or unlinked crate `xc_mgga_x_mbrxc_get_x`
   --> crates/kernel-mgga-27b/src/mgga_x_mggac/lxc_pol_part4.rs:163:20
    |
163 |         let t189 = xc_mgga_x_mbrxc_get_x(t32 * t181 * t185 / 6.0);
    |                    ^^^^^^^^^^^^^^^^^^^^^ use of unresolved module or unlinked crate `xc_mgga_x_mbrxc_get_x`
    |
    = help: if you wanted to use a crate named `xc_mgga_x_mbrxc_get_x`, use `cargo add xc_mgga_x_mbrxc_get_x` to add it to your `Cargo.toml`

error[E0433]: failed to resolve: use of unresolved module or unlinked crate `xc_mgga_x_mbrxc_get_x`
  --> crates/kernel-mgga-27b/src/mgga_x_mggac/lxc_pol_part5.rs:92:19
   |
92 |         let t78 = xc_mgga_x_mbrxc_get_x(t32 * t70 * t74 / 6.0);
   |                   ^^^^^^^^^^^^^^^^^^^^^ use of unresolved module or unlinked crate `xc_mgga_x_mbrxc_get_x`
   |
   = help: if you wanted to use a crate named `xc_mgga_x_mbrxc_get_x`, use `cargo add xc_mgga_x_mbrxc_get_x` to add it to your `Cargo.toml`

error[E0433]: failed to resolve: use of unresolved module or unlinked crate `xc_mgga_x_mbrxc_get_x`
   --> crates/kernel-mgga-27b/src/mgga_x_mggac/lxc_pol_part5.rs:162:20
    |
162 |         let t189 = xc_mgga_x_mbrxc_get_x(t32 * t181 * t185 / 6.0);
    |                    ^^^^^^^^^^^^^^^^^^^^^ use of unresolved module or unlinked crate `xc_mgga_x_mbrxc_get_x`
    |
    = help: if you wanted to use a crate named `xc_mgga_x_mbrxc_get_x`, use `cargo add xc_mgga_x_mbrxc_get_x` to add it to your `Cargo.toml`

error[E0433]: failed to resolve: use of unresolved module or unlinked crate `xc_mgga_x_mbrxc_get_x`
  --> crates/kernel-mgga-27b/src/mgga_x_mggac/lxc_pol_part7.rs:92:19
   |
92 |         let t78 = xc_mgga_x_mbrxc_get_x(t32 * t70 * t74 / 6.0);
   |                   ^^^^^^^^^^^^^^^^^^^^^ use of unresolved module or unlinked crate `xc_mgga_x_mbrxc_get_x`
   |
   = help: if you wanted to use a crate named `xc_mgga_x_mbrxc_get_x`, use `cargo add xc_mgga_x_mbrxc_get_x` to add it to your `Cargo.toml`

error[E0433]: failed to resolve: use of unresolved module or unlinked crate `xc_mgga_x_mbrxc_get_x`
    --> crates/kernel-mgga-27b/src/mgga_x_mggac/lxc_pol_part7.rs:2653:20
     |
2653 |         let t189 = xc_mgga_x_mbrxc_get_x(t32 * t181 * t185 / 6.0);
     |                    ^^^^^^^^^^^^^^^^^^^^^ use of unresolved module or unlinked crate `xc_mgga_x_mbrxc_get_x`
     |
     = help: if you wanted to use a crate named `xc_mgga_x_mbrxc_get_x`, use `cargo add xc_mgga_x_mbrxc_get_x` to add it to your `Cargo.toml`

error[E0433]: failed to resolve: use of unresolved module or unlinked crate `xc_mgga_x_mbrxc_get_x`
  --> crates/kernel-mgga-27b/src/mgga_x_mggac/lxc_unpol_part1.rs:82:19
   |
82 |         let t73 = xc_mgga_x_mbrxc_get_x(t24 * t65 * t69 / 6.0);
   |                   ^^^^^^^^^^^^^^^^^^^^^ use of unresolved module or unlinked crate `xc_mgga_x_mbrxc_get_x`
   |
   = help: if you wanted to use a crate named `xc_mgga_x_mbrxc_get_x`, use `cargo add xc_mgga_x_mbrxc_get_x` to add it to your `Cargo.toml`

error[E0433]: failed to resolve: use of unresolved module or unlinked crate `xc_mgga_x_mbrxc_get_x`
  --> crates/kernel-mgga-27b/src/mgga_x_mggac/lxc_unpol_part2.rs:81:19
   |
81 |         let t73 = xc_mgga_x_mbrxc_get_x(t24 * t65 * t69 / 6.0);
   |                   ^^^^^^^^^^^^^^^^^^^^^ use of unresolved module or unlinked crate `xc_mgga_x_mbrxc_get_x`
   |
   = help: if you wanted to use a crate named `xc_mgga_x_mbrxc_get_x`, use `cargo add xc_mgga_x_mbrxc_get_x` to add it to your `Cargo.toml`

error[E0433]: failed to resolve: use of unresolved module or unlinked crate `xc_mgga_x_mbrxc_get_x`
  --> crates/kernel-mgga-27b/src/mgga_x_mggac/lxc_unpol_part3.rs:82:19
   |
82 |         let t73 = xc_mgga_x_mbrxc_get_x(t24 * t65 * t69 / 6.0);
   |                   ^^^^^^^^^^^^^^^^^^^^^ use of unresolved module or unlinked crate `xc_mgga_x_mbrxc_get_x`
   |
   = help: if you wanted to use a crate named `xc_mgga_x_mbrxc_get_x`, use `cargo add xc_mgga_x_mbrxc_get_x` to add it to your `Cargo.toml`

error[E0433]: failed to resolve: use of unresolved module or unlinked crate `xc_mgga_x_mbrxc_get_x`
  --> crates/kernel-mgga-27b/src/mgga_x_mggac/lxc_unpol_part5.rs:90:19
   |
90 |         let t73 = xc_mgga_x_mbrxc_get_x(t24 * t65 * t69 / 6.0);
   |                   ^^^^^^^^^^^^^^^^^^^^^ use of unresolved module or unlinked crate `xc_mgga_x_mbrxc_get_x`
   |
   = help: if you wanted to use a crate named `xc_mgga_x_mbrxc_get_x`, use `cargo add xc_mgga_x_mbrxc_get_x` to add it to your `Cargo.toml`

error[E0425]: cannot find function `xc_mgga_x_mbrxc_get_x` in this scope
   --> crates/kernel-mgga-27b/src/mgga_x_mggac/fxc_pol.rs:106:19
    |
106 |         let t78 = xc_mgga_x_mbrxc_get_x(t32 * t70 * t74 / 6.0);
    |                   ^^^^^^^^^^^^^^^^^^^^^ not found in this scope

error[E0425]: cannot find function `xc_mgga_x_mbrxc_get_x` in this scope
   --> crates/kernel-mgga-27b/src/mgga_x_mggac/fxc_pol.rs:179:20
    |
179 |         let t189 = xc_mgga_x_mbrxc_get_x(t32 * t181 * t185 / 6.0);
    |                    ^^^^^^^^^^^^^^^^^^^^^ not found in this scope

error[E0425]: cannot find function `xc_mgga_x_mbrxc_get_x` in this scope
   --> crates/kernel-mgga-27b/src/mgga_x_mggac/kxc_pol_part0.rs:110:19
    |
110 |         let t78 = xc_mgga_x_mbrxc_get_x(t32 * t70 * t74 / 6.0);
    |                   ^^^^^^^^^^^^^^^^^^^^^ not found in this scope

error[E0425]: cannot find function `xc_mgga_x_mbrxc_get_x` in this scope
   --> crates/kernel-mgga-27b/src/mgga_x_mggac/kxc_pol_part0.rs:183:20
    |
183 |         let t189 = xc_mgga_x_mbrxc_get_x(t32 * t181 * t185 / 6.0);
    |                    ^^^^^^^^^^^^^^^^^^^^^ not found in this scope

error[E0425]: cannot find function `xc_mgga_x_mbrxc_get_x` in this scope
  --> crates/kernel-mgga-27b/src/mgga_x_mggac/kxc_pol_part2.rs:99:19
   |
99 |         let t78 = xc_mgga_x_mbrxc_get_x(t32 * t70 * t74 / 6.0);
   |                   ^^^^^^^^^^^^^^^^^^^^^ not found in this scope

error[E0425]: cannot find function `xc_mgga_x_mbrxc_get_x` in this scope
   --> crates/kernel-mgga-27b/src/mgga_x_mggac/kxc_pol_part2.rs:168:20
    |
168 |         let t189 = xc_mgga_x_mbrxc_get_x(t32 * t181 * t185 / 6.0);
    |                    ^^^^^^^^^^^^^^^^^^^^^ not found in this scope

error[E0425]: cannot find function `xc_mgga_x_mbrxc_get_x` in this scope
   --> crates/kernel-mgga-27b/src/mgga_x_mggac/kxc_unpol.rs:112:19
    |
112 |         let t73 = xc_mgga_x_mbrxc_get_x(t24 * t65 * t69 / 6.0);
    |                   ^^^^^^^^^^^^^^^^^^^^^ not found in this scope

error[E0425]: cannot find function `xc_mgga_x_mbrxc_get_x` in this scope
   --> crates/kernel-mgga-27b/src/mgga_x_mggac/lxc_pol_part0.rs:110:19
    |
110 |         let t78 = xc_mgga_x_mbrxc_get_x(t32 * t70 * t74 / 6.0);
    |                   ^^^^^^^^^^^^^^^^^^^^^ not found in this scope

error[E0425]: cannot find function `xc_mgga_x_mbrxc_get_x` in this scope
   --> crates/kernel-mgga-27b/src/mgga_x_mggac/lxc_pol_part0.rs:183:20
    |
183 |         let t189 = xc_mgga_x_mbrxc_get_x(t32 * t181 * t185 / 6.0);
    |                    ^^^^^^^^^^^^^^^^^^^^^ not found in this scope

error[E0425]: cannot find function `xc_mgga_x_mbrxc_get_x` in this scope
  --> crates/kernel-mgga-27b/src/mgga_x_mggac/lxc_pol_part11.rs:92:19
   |
92 |         let t78 = xc_mgga_x_mbrxc_get_x(t32 * t70 * t74 / 6.0);
   |                   ^^^^^^^^^^^^^^^^^^^^^ not found in this scope

error[E0425]: cannot find function `xc_mgga_x_mbrxc_get_x` in this scope
    --> crates/kernel-mgga-27b/src/mgga_x_mggac/lxc_pol_part11.rs:2658:20
     |
2658 |         let t189 = xc_mgga_x_mbrxc_get_x(t32 * t181 * t185 / 6.0);
     |                    ^^^^^^^^^^^^^^^^^^^^^ not found in this scope

error[E0425]: cannot find function `xc_mgga_x_mbrxc_get_x` in this scope
   --> crates/kernel-mgga-27b/src/mgga_x_mggac/lxc_pol_part14.rs:105:20
    |
105 |         let t189 = xc_mgga_x_mbrxc_get_x(t32 * t181 * t185 / 6.0);
    |                    ^^^^^^^^^^^^^^^^^^^^^ not found in this scope

error[E0425]: cannot find function `xc_mgga_x_mbrxc_get_x` in this scope
  --> crates/kernel-mgga-27b/src/mgga_x_mggac/lxc_pol_part2.rs:99:19
   |
99 |         let t78 = xc_mgga_x_mbrxc_get_x(t32 * t70 * t74 / 6.0);
   |                   ^^^^^^^^^^^^^^^^^^^^^ not found in this scope

error[E0425]: cannot find function `xc_mgga_x_mbrxc_get_x` in this scope
   --> crates/kernel-mgga-27b/src/mgga_x_mggac/lxc_pol_part2.rs:168:20
    |
168 |         let t189 = xc_mgga_x_mbrxc_get_x(t32 * t181 * t185 / 6.0);
    |                    ^^^^^^^^^^^^^^^^^^^^^ not found in this scope

error[E0425]: cannot find function `xc_mgga_x_mbrxc_get_x` in this scope
  --> crates/kernel-mgga-27b/src/mgga_x_mggac/lxc_pol_part4.rs:93:19
   |
93 |         let t78 = xc_mgga_x_mbrxc_get_x(t32 * t70 * t74 / 6.0);
   |                   ^^^^^^^^^^^^^^^^^^^^^ not found in this scope

error[E0425]: cannot find function `xc_mgga_x_mbrxc_get_x` in this scope
   --> crates/kernel-mgga-27b/src/mgga_x_mggac/lxc_pol_part4.rs:163:20
    |
163 |         let t189 = xc_mgga_x_mbrxc_get_x(t32 * t181 * t185 / 6.0);
    |                    ^^^^^^^^^^^^^^^^^^^^^ not found in this scope

error[E0425]: cannot find function `xc_mgga_x_mbrxc_get_x` in this scope
  --> crates/kernel-mgga-27b/src/mgga_x_mggac/lxc_pol_part5.rs:92:19
   |
92 |         let t78 = xc_mgga_x_mbrxc_get_x(t32 * t70 * t74 / 6.0);
   |                   ^^^^^^^^^^^^^^^^^^^^^ not found in this scope

error[E0425]: cannot find function `xc_mgga_x_mbrxc_get_x` in this scope
   --> crates/kernel-mgga-27b/src/mgga_x_mggac/lxc_pol_part5.rs:162:20
    |
162 |         let t189 = xc_mgga_x_mbrxc_get_x(t32 * t181 * t185 / 6.0);
    |                    ^^^^^^^^^^^^^^^^^^^^^ not found in this scope

error[E0425]: cannot find function `xc_mgga_x_mbrxc_get_x` in this scope
  --> crates/kernel-mgga-27b/src/mgga_x_mggac/lxc_pol_part7.rs:92:19
   |
92 |         let t78 = xc_mgga_x_mbrxc_get_x(t32 * t70 * t74 / 6.0);
   |                   ^^^^^^^^^^^^^^^^^^^^^ not found in this scope

error[E0425]: cannot find function `xc_mgga_x_mbrxc_get_x` in this scope
    --> crates/kernel-mgga-27b/src/mgga_x_mggac/lxc_pol_part7.rs:2653:20
     |
2653 |         let t189 = xc_mgga_x_mbrxc_get_x(t32 * t181 * t185 / 6.0);
     |                    ^^^^^^^^^^^^^^^^^^^^^ not found in this scope

error[E0425]: cannot find function `xc_mgga_x_mbrxc_get_x` in this scope
  --> crates/kernel-mgga-27b/src/mgga_x_mggac/lxc_unpol_part1.rs:82:19
   |
82 |         let t73 = xc_mgga_x_mbrxc_get_x(t24 * t65 * t69 / 6.0);
   |                   ^^^^^^^^^^^^^^^^^^^^^ not found in this scope

error[E0425]: cannot find function `xc_mgga_x_mbrxc_get_x` in this scope
  --> crates/kernel-mgga-27b/src/mgga_x_mggac/lxc_unpol_part2.rs:81:19
   |
81 |         let t73 = xc_mgga_x_mbrxc_get_x(t24 * t65 * t69 / 6.0);
   |                   ^^^^^^^^^^^^^^^^^^^^^ not found in this scope

error[E0425]: cannot find function `xc_mgga_x_mbrxc_get_x` in this scope
  --> crates/kernel-mgga-27b/src/mgga_x_mggac/lxc_unpol_part3.rs:82:19
   |
82 |         let t73 = xc_mgga_x_mbrxc_get_x(t24 * t65 * t69 / 6.0);
   |                   ^^^^^^^^^^^^^^^^^^^^^ not found in this scope

error[E0425]: cannot find function `xc_mgga_x_mbrxc_get_x` in this scope
  --> crates/kernel-mgga-27b/src/mgga_x_mggac/lxc_unpol_part5.rs:90:19
   |
90 |         let t73 = xc_mgga_x_mbrxc_get_x(t24 * t65 * t69 / 6.0);
   |                   ^^^^^^^^^^^^^^^^^^^^^ not found in this scope

Some errors have detailed explanations: E0425, E0433.
For more information about an error, try `rustc --explain E0425`.
warning: `libxc-kernel-mgga-27b` (lib) generated 1 warning
error: could not compile `libxc-kernel-mgga-27b` (lib) due to 48 previous errors; 1 warning emitted
warning: build failed, waiting for other jobs to finish...
cargo build (0 crates compiled)
[full output: ~/.local/share/rtk/tee/1776460133_cargo_check.log]
