warning: profiles for the non root package will be ignored, specify profiles at the workspace root:
package:   /workspace/crates/kernel-mgga-7a/Cargo.toml
workspace: /workspace/Cargo.toml
warning: profiles for the non root package will be ignored, specify profiles at the workspace root:
package:   /workspace/crates/kernel-mgga-7b/Cargo.toml
workspace: /workspace/Cargo.toml
warning: profiles for the non root package will be ignored, specify profiles at the workspace root:
package:   /workspace/crates/kernel-mgga-7c/Cargo.toml
workspace: /workspace/Cargo.toml
warning: profiles for the non root package will be ignored, specify profiles at the workspace root:
package:   /workspace/crates/kernel-mgga-7d/Cargo.toml
workspace: /workspace/Cargo.toml
warning: profiles for the non root package will be ignored, specify profiles at the workspace root:
package:   /workspace/crates/kernel-mgga-7e/Cargo.toml
workspace: /workspace/Cargo.toml
    Blocking waiting for file lock on build directory
warning: value assigned to `result` is never read
  --> crates/kernel-math/src/lambert_w.rs:26:22
   |
26 |     let mut result = 0.0f64;
   |                      ^^^^^^
   |
   = help: maybe it is overwritten before being read?
   = note: `#[warn(unused_assignments)]` (part of `#[warn(unused)]`) on by default

warning: value assigned to `w0` is never read
  --> crates/kernel-math/src/lambert_w.rs:36:22
   |
36 |         let mut w0 = 0.0f64;
   |                      ^^^^^^
   |
   = help: maybe it is overwritten before being read?

warning: value assigned to `b2` is never read
  --> crates/kernel-math/src/expint_e1.rs:22:23
   |
22 |     let mut b2: f64 = 0.0;
   |                       ^^^
   |
   = help: maybe it is overwritten before being read?

warning: value assigned to `b2` is never read
  --> crates/kernel-math/src/expint_e1.rs:72:23
   |
72 |     let mut b2: f64 = 0.0;
   |                       ^^^
   |
   = help: maybe it is overwritten before being read?

warning: value assigned to `b2` is never read
   --> crates/kernel-math/src/expint_e1.rs:107:23
    |
107 |     let mut b2: f64 = 0.0;
    |                       ^^^
    |
    = help: maybe it is overwritten before being read?

warning: value assigned to `b2` is never read
   --> crates/kernel-math/src/expint_e1.rs:136:23
    |
136 |     let mut b2: f64 = 0.0;
    |                       ^^^
    |
    = help: maybe it is overwritten before being read?

warning: value assigned to `b2` is never read
   --> crates/kernel-math/src/expint_e1.rs:162:23
    |
162 |     let mut b2: f64 = 0.0;
    |                       ^^^
    |
    = help: maybe it is overwritten before being read?

warning: value assigned to `b2` is never read
   --> crates/kernel-math/src/expint_e1.rs:197:23
    |
197 |     let mut b2: f64 = 0.0;
    |                       ^^^
    |
    = help: maybe it is overwritten before being read?

warning: value assigned to `e1` is never read
   --> crates/kernel-math/src/expint_e1.rs:233:18
    |
233 |     let mut e1 = 0.0f64;
    |                  ^^^^^^
    |
    = help: maybe it is overwritten before being read?

warning: value assigned to `b2` is never read
  --> crates/kernel-math/src/special.rs:36:18
   |
36 |     let mut b2 = 0.0f64;
   |                  ^^^^^^
   |
   = help: maybe it is overwritten before being read?

warning: value assigned to `dspenc` is never read
   --> crates/kernel-math/src/special.rs:139:22
    |
139 |     let mut dspenc = 0.0f64;
    |                      ^^^^^^
    |
    = help: maybe it is overwritten before being read?

warning: value assigned to `result` is never read
   --> crates/kernel-math/src/special.rs:208:22
    |
208 |     let mut result = 0.0f64;
    |                      ^^^^^^
    |
    = help: maybe it is overwritten before being read?

warning: value assigned to `result` is never read
   --> crates/kernel-math/src/special.rs:242:22
    |
242 |     let mut result = 0.0f64;
    |                      ^^^^^^
    |
    = help: maybe it is overwritten before being read?

warning: value assigned to `fa` is never read
   --> crates/kernel-math/src/br89.rs:223:830
    |
223 | ...et tfa = fa; let tfb = fb; a = select(sw, tb, ta); fa = select(sw, tfb, tfa); b = select(sw, ta, tb); fb = select(sw, tfa, tfb);
    |                                                       ^^^^^^^^^^^^^^^^^^^^^^^^^
    |
    = help: maybe it is overwritten before being read?

warning: value assigned to `fb` is never read
   --> crates/kernel-math/src/br89.rs:223:881
    |
223 | ...fa = select(sw, tfb, tfa); b = select(sw, ta, tb); fb = select(sw, tfa, tfb);
    |                                                       ^^^^^^^^^^^^^^^^^^^^^^^^^
    |
    = help: maybe it is overwritten before being read?

warning: value assigned to `c` is never read
   --> crates/kernel-math/src/br89.rs:223:584
    |
223 | ...ct(do_bi, 1.0f64, 0.0f64); let fs = br89_obj(s, rhs); d = c; c = b; fc = fb; let rl = fa*fs < 0.0; b = select(rl, s, b); fb = se...
    |                                                                 ^^^^^
    |
    = help: maybe it is overwritten before being read?

warning: value assigned to `fc` is never read
   --> crates/kernel-math/src/br89.rs:223:591
    |
223 | ..., 1.0f64, 0.0f64); let fs = br89_obj(s, rhs); d = c; c = b; fc = fb; let rl = fa*fs < 0.0; b = select(rl, s, b); fb = select(rl,...
    |                                                                ^^^^^^^
    |
    = help: maybe it is overwritten before being read?

warning: value assigned to `d` is never read
   --> crates/kernel-math/src/br89.rs:223:577
    |
223 | ... = select(do_bi, 1.0f64, 0.0f64); let fs = br89_obj(s, rhs); d = c; c = b; fc = fb; let rl = fa*fs < 0.0; b = select(rl, s, b); ...
    |                                                                 ^^^^^
    |
    = help: maybe it is overwritten before being read?

warning: value assigned to `mf` is never read
   --> crates/kernel-math/src/br89.rs:223:514
    |
223 | ...||c3||c4||c5; s = select(do_bi, (a+b)*0.5, s); mf = select(do_bi, 1.0f64, 0.0f64); let fs = br89_obj(s, rhs); d = c; c = b; fc =...
    |                                                   ^^^^^^^^^^^^^^^^^^^^^^^^^^^^^^^^^^
    |
    = help: maybe it is overwritten before being read?

warning: module `Heaviside` should have a snake case name
  --> crates/kernel-math/src/piecewise.rs:22:8
   |
22 | pub fn Heaviside(x: f64) -> f64 {
   |        ^^^^^^^^^ help: convert the identifier to snake case: `heaviside`
   |
   = note: `#[warn(non_snake_case)]` (part of `#[warn(nonstandard_style)]`) on by default

warning: `libxc-kernel-math` (lib) generated 20 warnings
    Checking libxc-kernel-mgga-7b v0.1.0 (/workspace/crates/kernel-mgga-7b)
    Checking libxc-kernel-mgga-23 v0.1.0 (/workspace/crates/kernel-mgga-23)
    Checking libxc-kernel-mgga-22 v0.1.0 (/workspace/crates/kernel-mgga-22)
    Checking libxc-kernel-mgga-18 v0.1.0 (/workspace/crates/kernel-mgga-18)
sccache: warning: The server looks like it shut down unexpectedly, compiling locally instead
sccache: warning: The server looks like it shut down unexpectedly, compiling locally instead
    Checking libxc-kernel-mgga-34 v0.1.0 (/workspace/crates/kernel-mgga-34)
    Checking libxc-kernel-mgga-37 v0.1.0 (/workspace/crates/kernel-mgga-37)
    Checking libxc-kernel-mgga-28 v0.1.0 (/workspace/crates/kernel-mgga-28)
    Checking libxc-kernel-mgga-31 v0.1.0 (/workspace/crates/kernel-mgga-31)
warning: unnecessary parentheses around assigned value
   --> crates/kernel-mgga-37/src/mgga_x_regtpss/fxc_unpol.rs:287:20
    |
287 |         let t457 = (t24);
    |                    ^   ^
    |
    = note: `#[warn(unused_parens)]` (part of `#[warn(unused)]`) on by default
help: remove these parentheses
    |
287 -         let t457 = (t24);
287 +         let t457 = t24;
    |

warning: unnecessary parentheses around assigned value
   --> crates/kernel-mgga-37/src/mgga_x_regtpss/kxc_unpol.rs:307:20
    |
307 |         let t457 = (t24);
    |                    ^   ^
    |
help: remove these parentheses
    |
307 -         let t457 = (t24);
307 +         let t457 = t24;
    |

warning: unnecessary parentheses around assigned value
   --> crates/kernel-mgga-37/src/mgga_x_regtpss/lxc_unpol.rs:342:20
    |
342 |         let t457 = (t24);
    |                    ^   ^
    |
help: remove these parentheses
    |
342 -         let t457 = (t24);
342 +         let t457 = t24;
    |

warning: unnecessary parentheses around assigned value
   --> crates/kernel-mgga-37/src/mgga_x_regtpss/fxc_pol.rs:525:20
    |
525 |         let t913 = (t32);
    |                    ^   ^
    |
help: remove these parentheses
    |
525 -         let t913 = (t32);
525 +         let t913 = t32;
    |

warning: unnecessary parentheses around assigned value
   --> crates/kernel-mgga-37/src/mgga_x_regtpss/fxc_pol.rs:679:21
    |
679 |         let t1287 = (t166);
    |                     ^    ^
    |
help: remove these parentheses
    |
679 -         let t1287 = (t166);
679 +         let t1287 = t166;
    |

warning: unnecessary parentheses around assigned value
   --> crates/kernel-mgga-37/src/mgga_x_regtpss/kxc_pol.rs:545:20
    |
545 |         let t913 = (t32);
    |                    ^   ^
    |
help: remove these parentheses
    |
545 -         let t913 = (t32);
545 +         let t913 = t32;
    |

warning: unnecessary parentheses around assigned value
   --> crates/kernel-mgga-37/src/mgga_x_regtpss/kxc_pol.rs:699:21
    |
699 |         let t1287 = (t166);
    |                     ^    ^
    |
help: remove these parentheses
    |
699 -         let t1287 = (t166);
699 +         let t1287 = t166;
    |

warning: unnecessary parentheses around assigned value
   --> crates/kernel-mgga-37/src/mgga_x_regtpss/lxc_pol_part0.rs:545:20
    |
545 |         let t913 = (t32);
    |                    ^   ^
    |
help: remove these parentheses
    |
545 -         let t913 = (t32);
545 +         let t913 = t32;
    |

warning: unnecessary parentheses around assigned value
   --> crates/kernel-mgga-37/src/mgga_x_regtpss/lxc_pol_part0.rs:699:21
    |
699 |         let t1287 = (t166);
    |                     ^    ^
    |
help: remove these parentheses
    |
699 -         let t1287 = (t166);
699 +         let t1287 = t166;
    |

warning: unnecessary parentheses around assigned value
   --> crates/kernel-mgga-37/src/mgga_x_regtpss/lxc_pol_part1.rs:391:20
    |
391 |         let t913 = (t32);
    |                    ^   ^
    |
help: remove these parentheses
    |
391 -         let t913 = (t32);
391 +         let t913 = t32;
    |

warning: unnecessary parentheses around assigned value
   --> crates/kernel-mgga-37/src/mgga_x_regtpss/lxc_pol_part1.rs:531:21
    |
531 |         let t1287 = (t166);
    |                     ^    ^
    |
help: remove these parentheses
    |
531 -         let t1287 = (t166);
531 +         let t1287 = t166;
    |

warning: unnecessary parentheses around assigned value
   --> crates/kernel-mgga-37/src/mgga_x_regtpss/lxc_pol_part2.rs:434:20
    |
434 |         let t913 = (t32);
    |                    ^   ^
    |
help: remove these parentheses
    |
434 -         let t913 = (t32);
434 +         let t913 = t32;
    |

warning: unnecessary parentheses around assigned value
   --> crates/kernel-mgga-37/src/mgga_x_regtpss/lxc_pol_part2.rs:570:21
    |
570 |         let t1287 = (t166);
    |                     ^    ^
    |
help: remove these parentheses
    |
570 -         let t1287 = (t166);
570 +         let t1287 = t166;
    |

warning: unnecessary parentheses around assigned value
   --> crates/kernel-mgga-37/src/mgga_x_regtpss/lxc_pol_part3.rs:454:20
    |
454 |         let t913 = (t32);
    |                    ^   ^
    |
help: remove these parentheses
    |
454 -         let t913 = (t32);
454 +         let t913 = t32;
    |

warning: unnecessary parentheses around assigned value
   --> crates/kernel-mgga-37/src/mgga_x_regtpss/lxc_pol_part3.rs:587:21
    |
587 |         let t1287 = (t166);
    |                     ^    ^
    |
help: remove these parentheses
    |
587 -         let t1287 = (t166);
587 +         let t1287 = t166;
    |

warning: unnecessary parentheses around assigned value
   --> crates/kernel-mgga-37/src/mgga_x_regtpss/lxc_pol_part4.rs:424:20
    |
424 |         let t913 = (t32);
    |                    ^   ^
    |
help: remove these parentheses
    |
424 -         let t913 = (t32);
424 +         let t913 = t32;
    |

warning: unnecessary parentheses around assigned value
   --> crates/kernel-mgga-37/src/mgga_x_regtpss/lxc_pol_part4.rs:479:21
    |
479 |         let t1287 = (t166);
    |                     ^    ^
    |
help: remove these parentheses
    |
479 -         let t1287 = (t166);
479 +         let t1287 = t166;
    |

warning: unnecessary parentheses around assigned value
   --> crates/kernel-mgga-37/src/mgga_x_regtpss/lxc_pol_part5.rs:454:20
    |
454 |         let t913 = (t32);
    |                    ^   ^
    |
help: remove these parentheses
    |
454 -         let t913 = (t32);
454 +         let t913 = t32;
    |

warning: unnecessary parentheses around assigned value
   --> crates/kernel-mgga-37/src/mgga_x_regtpss/lxc_pol_part5.rs:507:21
    |
507 |         let t1287 = (t166);
    |                     ^    ^
    |
help: remove these parentheses
    |
507 -         let t1287 = (t166);
507 +         let t1287 = t166;
    |

warning: `libxc-kernel-mgga-37` (lib) generated 19 warnings (run `cargo fix --lib -p libxc-kernel-mgga-37` to apply 19 suggestions)
sccache: warning: The server looks like it shut down unexpectedly, compiling locally instead
    Checking libxc-kernel-mgga-21 v0.1.0 (/workspace/crates/kernel-mgga-21)
    Checking libxc-kernel-mgga-20 v0.1.0 (/workspace/crates/kernel-mgga-20)
    Checking libxc-kernel-mgga-12 v0.1.0 (/workspace/crates/kernel-mgga-12)
sccache: warning: The server looks like it shut down unexpectedly, compiling locally instead
sccache: warning: The server looks like it shut down unexpectedly, compiling locally instead
    Checking libxc-kernel-mgga-32 v0.1.0 (/workspace/crates/kernel-mgga-32)
    Checking libxc-kernel-mgga-11 v0.1.0 (/workspace/crates/kernel-mgga-11)
    Checking libxc-kernel-mgga-15 v0.1.0 (/workspace/crates/kernel-mgga-15)
error: could not compile `libxc-kernel-mgga-20` (lib)

Caused by:
  process didn't exit successfully: `sccache /home/vscode/.rustup/toolchains/stable-x86_64-unknown-linux-gnu/bin/rustc --crate-name libxc_kernel_mgga_20 --edition=2024 crates/kernel-mgga-20/src/lib.rs --error-format=json --json=diagnostic-rendered-ansi,artifacts,future-incompat --crate-type lib --emit=dep-info,metadata -C embed-bitcode=no -C codegen-units=16 --check-cfg 'cfg(docsrs,test)' --check-cfg 'cfg(feature, values())' -C metadata=c4f2683f8ae49103 -C extra-filename=-888a04a4f4f19b09 --out-dir /workspace/target/debug/deps -C linker=clang -C strip=debuginfo -L dependency=/workspace/target/debug/deps --extern cubecl=/workspace/target/debug/deps/libcubecl-9f408060472e7ce0.rmeta --extern libxc_kernel_math=/workspace/target/debug/deps/liblibxc_kernel_math-5924e770261ad0da.rmeta -C link-arg=-fuse-ld=mold -L native=/home/vscode/.local/share/tracel/tracel-llvm-20.1.4-7/lib` (exit status: 2)
warning: build failed, waiting for other jobs to finish...
