   Compiling proc-macro2 v1.0.106
   Compiling quote v1.0.45
   Compiling unicode-ident v1.0.24
   Compiling libc v0.2.184
   Compiling cfg-if v1.0.4
   Compiling fnv v1.0.7
   Compiling shlex v1.3.0
   Compiling stable_deref_trait v1.2.1
   Compiling find-msvc-tools v0.1.9
   Compiling memchr v2.8.0
   Compiling bytes v1.11.1
   Compiling pin-project-lite v0.2.17
   Compiling serde_core v1.0.228
   Compiling futures-core v0.3.32
   Compiling equivalent v1.0.2
   Compiling itoa v1.0.18
   Compiling zmij v1.0.21
   Compiling serde v1.0.228
   Compiling futures-sink v0.3.32
   Compiling once_cell v1.21.4
   Compiling writeable v0.6.3
   Compiling smallvec v1.15.1
   Compiling litemap v0.8.2
   Compiling slab v0.4.12
   Compiling log v0.4.29
   Compiling utf8_iter v1.0.4
   Compiling icu_normalizer_data v2.2.0
   Compiling zeroize v1.8.2
   Compiling autocfg v1.5.0
   Compiling version_check v0.9.5
   Compiling icu_properties_data v2.2.0
   Compiling typenum v1.19.0
   Compiling tracing-core v0.1.36
   Compiling hashbrown v0.16.1
   Compiling futures-io v0.3.32
   Compiling httparse v1.10.1
   Compiling bitflags v2.11.0
   Compiling rustls-pki-types v1.14.0
   Compiling percent-encoding v2.3.2
   Compiling untrusted v0.9.0
   Compiling futures-task v0.3.32
   Compiling libm v0.2.16
   Compiling http v1.4.0
   Compiling generic-array v0.14.7
   Compiling futures-util v0.3.32
   Compiling rustls v0.23.37
   Compiling tower-service v0.3.3
   Compiling tracing v0.1.44
   Compiling try-lock v0.2.5
   Compiling atomic-waker v1.1.2
   Compiling want v0.3.1
   Compiling futures-channel v0.3.32
   Compiling zerocopy v0.8.48
   Compiling subtle v2.6.1
   Compiling indexmap v2.13.1
   Compiling pkg-config v0.3.32
   Compiling rustix v1.1.4
   Compiling form_urlencoded v1.2.2
   Compiling sync_wrapper v1.0.2
   Compiling syn v2.0.117
   Compiling linux-raw-sys v0.12.1
   Compiling base64 v0.22.1
   Compiling tower-layer v0.3.3
   Compiling ipnet v2.12.0
   Compiling webpki-roots v1.0.6
   Compiling serde_json v1.0.149
   Compiling iri-string v0.7.12
   Compiling http-body v1.0.1
   Compiling jobserver v0.1.34
   Compiling socket2 v0.6.3
   Compiling mio v1.2.0
   Compiling getrandom v0.2.17
   Compiling anyhow v1.0.102
   Compiling option-ext v0.2.0
   Compiling ryu v1.0.23
   Compiling dirs-sys v0.5.0
   Compiling cc v1.2.59
   Compiling http-body-util v0.1.3
   Compiling num_cpus v1.17.0
   Compiling filetime v0.2.27
   Compiling aho-corasick v1.1.4
   Compiling tokio v1.51.1
   Compiling block-buffer v0.10.4
   Compiling crypto-common v0.1.7
   Compiling cpufeatures v0.2.17
   Compiling same-file v1.0.6
   Compiling regex-syntax v0.8.10
   Compiling dirs v6.0.0
   Compiling digest v0.10.7
   Compiling walkdir v2.5.0
   Compiling num-traits v0.2.19
   Compiling constcat v0.6.1
   Compiling unicode-segmentation v1.13.2
   Compiling sha2 v0.10.9
   Compiling prettyplease v0.2.37
   Compiling cfg_aliases v0.2.1
   Compiling ident_case v1.0.1
   Compiling strsim v0.11.1
   Compiling convert_case v0.10.0
   Compiling thiserror v2.0.18
   Compiling glob v0.3.3
   Compiling getrandom v0.3.4
   Compiling unicode-xid v0.2.6
    Checking parking v2.2.1
   Compiling crossbeam-utils v0.8.21
   Compiling object v0.37.3
   Compiling xattr v1.6.1
   Compiling tar v0.4.45
   Compiling clang-sys v1.8.1
   Compiling parking_lot_core v0.9.12
   Compiling paste v1.0.15
   Compiling minimal-lexical v0.2.1
    Checking scopeguard v1.2.0
    Checking rand_core v0.9.5
    Checking lock_api v0.4.14
   Compiling ring v0.17.14
   Compiling liblzma-sys v0.4.6
   Compiling nom v7.1.3
   Compiling libloading v0.8.9
   Compiling bindgen v0.71.1
   Compiling either v1.15.0
    Checking adler2 v2.0.1
   Compiling regex-automata v0.4.14
    Checking gimli v0.32.3
   Compiling itertools v0.13.0
    Checking concurrent-queue v2.5.0
    Checking miniz_oxide v0.8.9
   Compiling cubecl-common v0.9.0
    Checking foldhash v0.1.5
   Compiling tinyvec_macros v0.1.1
    Checking rustc-demangle v0.1.27
   Compiling rustc-hash v2.1.2
    Checking fastrand v2.4.1
   Compiling portable-atomic v1.13.1
    Checking allocator-api2 v0.2.21
    Checking futures-lite v2.6.1
   Compiling tinyvec v1.11.0
   Compiling synstructure v0.13.2
   Compiling darling_core v0.21.3
   Compiling cexpr v0.6.0
    Checking parking_lot v0.12.5
    Checking event-listener v5.4.1
    Checking spin v0.10.0
    Checking regex v1.12.3
    Checking serde_bytes v0.11.19
   Compiling tokio-util v0.7.18
   Compiling tower v0.5.3
    Checking addr2line v0.25.1
    Checking float4 v0.1.0
    Checking sanitize-filename v0.6.0
    Checking winnow v1.0.1
    Checking web-time v1.1.0
    Checking embassy-futures v0.1.2
    Checking event-listener-strategy v0.5.4
   Compiling unicode-normalization v0.1.25
    Checking num-integer v0.1.46
   Compiling h2 v0.4.13
   Compiling tower-http v0.6.8
    Checking toml_parser v1.1.2+spec-1.1.0
   Compiling hashbrown v0.15.5
    Checking serde_spanned v1.1.1
    Checking toml_datetime v0.7.5+spec-1.1.0
   Compiling cubecl-runtime v0.9.0
   Compiling serde_derive v1.0.228
   Compiling zerofrom-derive v0.1.7
   Compiling yoke-derive v0.8.2
   Compiling zerovec-derive v0.11.3
   Compiling displaydoc v0.2.5
   Compiling zerocopy-derive v0.8.48
   Compiling bytemuck_derive v1.10.2
   Compiling thiserror-impl v2.0.18
   Compiling derive_more-impl v2.1.1
   Compiling derive-new v0.7.0
    Checking backtrace v0.3.76
   Compiling variadics_please v1.1.0
   Compiling zerofrom v0.1.7
    Checking toml_writer v1.1.1+spec-1.1.0
   Compiling yoke v0.8.2
    Checking float-ord v0.3.2
   Compiling cubecl-macros v0.9.0
    Checking bytemuck v1.25.0
   Compiling deunicode v1.6.2
    Checking winnow v0.7.15
   Compiling zerovec v0.11.6
   Compiling zerotrie v0.2.4
   Compiling slug v0.1.6
   Compiling caseless v0.2.2
    Checking async-channel v2.5.0
   Compiling entities v1.0.1
   Compiling unicode_categories v0.1.1
    Checking md5 v0.8.0
   Compiling typed-arena v2.0.2
    Checking num-bigint v0.4.6
   Compiling convert_case v0.8.0
   Compiling darling_macro v0.21.3
   Compiling comrak v0.39.1
   Compiling unindent v0.2.4
   Compiling tinystr v0.8.3
   Compiling potential_utf v0.1.5
    Checking num-iter v0.1.45
   Compiling icu_collections v2.2.0
   Compiling icu_locale_core v2.2.0
   Compiling darling v0.21.3
    Checking num-complex v0.4.6
   Compiling enumset_derive v0.14.0
   Compiling cubecl-macros-internal v0.9.0
    Checking fixedbitset v0.4.2
   Compiling hyper v1.9.0
    Checking num-rational v0.4.2
    Checking toml v0.9.12+spec-1.1.0
   Compiling icu_provider v2.2.0
   Compiling rustls-webpki v0.103.10
    Checking petgraph v0.6.5
   Compiling icu_normalizer v2.2.0
   Compiling icu_properties v2.2.0
    Checking num v0.4.3
    Checking type-map v0.5.1
    Checking derive_more v2.1.1
    Checking stable-vec v0.4.2
    Checking sysinfo v0.36.1
   Compiling cubecl v0.9.0
    Checking enumset v1.1.10
   Compiling hyper-util v0.1.20
   Compiling serde_urlencoded v0.7.1
   Compiling idna_adapter v1.2.1
   Compiling idna v1.1.0
   Compiling url v2.5.8
   Compiling liblzma v0.4.6
    Checking ppv-lite86 v0.2.21
    Checking half v2.7.1
    Checking rand_chacha v0.9.0
    Checking float8 v0.4.2
    Checking rand v0.9.2
    Checking cubecl-ir v0.9.0
   Compiling tokio-rustls v0.26.4
   Compiling hyper-rustls v0.27.7
   Compiling reqwest v0.12.28
   Compiling tracel-llvm-bundler v20.1.4-7
   Compiling tracel-tblgen-rs v20.1.4-7
   Compiling tracel-mlir-sys v20.1.4-7
   Compiling tracel-mlir-rs-macros v20.1.4-7
   Compiling cubecl-cpu v0.9.0
    Checking cubecl-core v0.9.0
    Checking tracel-mlir-rs v20.1.4-7
    Checking cubecl-std v0.9.0
    Checking cubecl-opt v0.9.0
    Checking tracel-llvm v20.1.4-7
    Checking libxc_rs v0.1.0 (/tmp/libxc_rs_debug3)
    Finished `dev` profile [unoptimized + debuginfo] target(s) in 2m 02s
