    Checking libxc-kernel-math v0.1.0 (/workspace/crates/kernel-math)
error[E0282]: type annotations needed
  --> crates/kernel-math/src/br89.rs:79:13
   |
79 |     let mut use_bisection = false;
   |             ^^^^^^^^^^^^^ cannot infer type

error[E0283]: type annotations needed
  --> crates/kernel-math/src/br89.rs:52:1
   |
52 | #[cube]
   | ^^^^^^^ cannot infer type for struct `ExpandElementTyped<_>`
   |
   = note: multiple `impl`s satisfying `ExpandElementTyped<_>: IntoMut` found in the `cubecl_core` crate:
           - impl<T> IntoMut for ExpandElementTyped<T>
             where T: ExpandElementIntoMut;
           - impl<T> IntoMut for ExpandElementTyped<cubecl::frontend::Shared<T>>
             where T: CubePrimitive;
           - impl<T> IntoMut for ExpandElementTyped<cubecl::frontend::SharedMemory<T>>
             where T: CubePrimitive;
   = note: this error originates in the attribute macro `cube` (in Nightly builds, run with -Z macro-backtrace for more info)

error[E0283]: type annotations needed
  --> crates/kernel-math/src/br89.rs:52:1
   |
52 | #[cube]
   | ^^^^^^^ cannot infer type for struct `ExpandElementTyped<_>`
   |
   = note: multiple `impl`s satisfying `ExpandElementTyped<_>: From<ExpandElementTyped<_>>` found in the following crates: `core`, `cubecl_core`:
           - impl From<ExpandElementTyped<cubecl::frontend::Shared<cubecl::frontend::barrier::Barrier>>> for ExpandElementTyped<cubecl::frontend::barrier::Barrier>;
           - impl<T> From<T> for T;
   = note: required for `ExpandElementTyped<_>` to implement `Into<ExpandElementTyped<_>>`
   = note: this error originates in the attribute macro `cube` (in Nightly builds, run with -Z macro-backtrace for more info)

warning: value assigned to `result` is never read
  --> crates/kernel-math/src/lambert_w.rs:26:22
   |
26 |     let mut result = 0.0f64;
   |                      ^^^^^^
   |
   = help: maybe it is overwritten before being read?
   = note: `#[warn(unused_assignments)]` (part of `#[warn(unused)]`) on by default

warning: value assigned to `w0` is never read
  --> crates/kernel-math/src/lambert_w.rs:36:22
   |
36 |         let mut w0 = 0.0f64;
   |                      ^^^^^^
   |
   = help: maybe it is overwritten before being read?

warning: value assigned to `b2` is never read
  --> crates/kernel-math/src/expint_e1.rs:22:23
   |
22 |     let mut b2: f64 = 0.0;
   |                       ^^^
   |
   = help: maybe it is overwritten before being read?

warning: value assigned to `b2` is never read
  --> crates/kernel-math/src/expint_e1.rs:72:23
   |
72 |     let mut b2: f64 = 0.0;
   |                       ^^^
   |
   = help: maybe it is overwritten before being read?

warning: value assigned to `b2` is never read
   --> crates/kernel-math/src/expint_e1.rs:107:23
    |
107 |     let mut b2: f64 = 0.0;
    |                       ^^^
    |
    = help: maybe it is overwritten before being read?

warning: value assigned to `b2` is never read
   --> crates/kernel-math/src/expint_e1.rs:136:23
    |
136 |     let mut b2: f64 = 0.0;
    |                       ^^^
    |
    = help: maybe it is overwritten before being read?

warning: value assigned to `b2` is never read
   --> crates/kernel-math/src/expint_e1.rs:162:23
    |
162 |     let mut b2: f64 = 0.0;
    |                       ^^^
    |
    = help: maybe it is overwritten before being read?

warning: value assigned to `b2` is never read
   --> crates/kernel-math/src/expint_e1.rs:197:23
    |
197 |     let mut b2: f64 = 0.0;
    |                       ^^^
    |
    = help: maybe it is overwritten before being read?

warning: value assigned to `e1` is never read
   --> crates/kernel-math/src/expint_e1.rs:233:18
    |
233 |     let mut e1 = 0.0f64;
    |                  ^^^^^^
    |
    = help: maybe it is overwritten before being read?

warning: value assigned to `b2` is never read
  --> crates/kernel-math/src/special.rs:36:18
   |
36 |     let mut b2 = 0.0f64;
   |                  ^^^^^^
   |
   = help: maybe it is overwritten before being read?

warning: value assigned to `dspenc` is never read
   --> crates/kernel-math/src/special.rs:139:22
    |
139 |     let mut dspenc = 0.0f64;
    |                      ^^^^^^
    |
    = help: maybe it is overwritten before being read?

warning: value assigned to `result` is never read
   --> crates/kernel-math/src/special.rs:208:22
    |
208 |     let mut result = 0.0f64;
    |                      ^^^^^^
    |
    = help: maybe it is overwritten before being read?

warning: value assigned to `result` is never read
   --> crates/kernel-math/src/special.rs:242:22
    |
242 |     let mut result = 0.0f64;
    |                      ^^^^^^
    |
    = help: maybe it is overwritten before being read?

warning: value assigned to `s` is never read
  --> crates/kernel-math/src/br89.rs:61:17
   |
61 |     let mut s = 0.0f64;
   |                 ^^^^^^
   |
   = help: maybe it is overwritten before being read?

warning: variable does not need to be mutable
   --> crates/kernel-math/src/br89.rs:179:13
    |
179 |         let mut c = a;
    |             ----^
    |             |
    |             help: remove this `mut`
    |
    = note: `#[warn(unused_mut)]` (part of `#[warn(unused)]`) on by default

warning: variable does not need to be mutable
   --> crates/kernel-math/src/br89.rs:180:13
    |
180 |         let mut fc = fa;
    |             ----^^
    |             |
    |             help: remove this `mut`

warning: variable does not need to be mutable
   --> crates/kernel-math/src/br89.rs:181:13
    |
181 |         let mut d = 0.0f64;
    |             ----^
    |             |
    |             help: remove this `mut`

warning: variable does not need to be mutable
   --> crates/kernel-math/src/br89.rs:182:13
    |
182 |         let mut mflag = 1.0f64;
    |             ----^^^^^
    |             |
    |             help: remove this `mut`

warning: value assigned to `x1` is never read
   --> crates/kernel-math/src/br89.rs:157:22
    |
157 |         let mut x1 = 0.0f64;
    |                      ^^^^^^
    |
    = help: maybe it is overwritten before being read?

warning: value assigned to `x2` is never read
   --> crates/kernel-math/src/br89.rs:158:22
    |
158 |         let mut x2 = 0.0f64;
    |                      ^^^^^^
    |
    = help: maybe it is overwritten before being read?

Some errors have detailed explanations: E0282, E0283.
For more information about an error, try `rustc --explain E0282`.
warning: `libxc-kernel-math` (lib) generated 20 warnings
error: could not compile `libxc-kernel-math` (lib) due to 3 previous errors; 20 warnings emitted
