   Compiling proc-macro2 v1.0.106
   Compiling unicode-ident v1.0.24
   Compiling quote v1.0.45
   Compiling libc v0.2.184
   Compiling cfg-if v1.0.4
   Compiling memchr v2.8.0
   Compiling pin-project-lite v0.2.17
   Compiling itoa v1.0.18
   Compiling equivalent v1.0.2
   Compiling fnv v1.0.7
   Compiling shlex v1.3.0
   Compiling stable_deref_trait v1.2.1
   Compiling find-msvc-tools v0.1.9
   Compiling bytes v1.11.1
   Compiling serde_core v1.0.228
   Compiling futures-core v0.3.32
   Compiling serde v1.0.228
   Compiling log v0.4.29
   Compiling futures-sink v0.3.32
   Compiling zmij v1.0.21
   Compiling once_cell v1.21.4
   Compiling slab v0.4.12
   Compiling litemap v0.8.2
   Compiling writeable v0.6.3
   Compiling smallvec v1.15.1
   Compiling option-ext v0.2.0
   Compiling hashbrown v0.16.1
   Compiling zeroize v1.8.2
   Compiling typenum v1.19.0
   Compiling utf8_iter v1.0.4
   Compiling autocfg v1.5.0
   Compiling icu_properties_data v2.2.0
   Compiling icu_normalizer_data v2.2.0
   Compiling version_check v0.9.5
   Compiling tracing-core v0.1.36
   Compiling rustls-pki-types v1.14.0
   Compiling percent-encoding v2.3.2
   Compiling futures-task v0.3.32
   Compiling untrusted v0.9.0
   Compiling futures-io v0.3.32
   Compiling httparse v1.10.1
   Compiling bitflags v2.11.0
   Compiling futures-util v0.3.32
   Compiling http v1.4.0
   Compiling generic-array v0.14.7
   Compiling tower-service v0.3.3
   Compiling rustls v0.23.37
   Compiling try-lock v0.2.5
   Compiling tracing v0.1.44
   Compiling libm v0.2.16
   Compiling atomic-waker v1.1.2
   Compiling want v0.3.1
   Compiling indexmap v2.13.1
   Compiling futures-channel v0.3.32
   Compiling subtle v2.6.1
   Compiling pkg-config v0.3.32
   Compiling rustix v1.1.4
   Compiling form_urlencoded v1.2.2
   Compiling syn v2.0.117
   Compiling sync_wrapper v1.0.2
   Compiling tower-layer v0.3.3
   Compiling ipnet v2.12.0
   Compiling base64 v0.22.1
   Compiling zerocopy v0.8.48
   Compiling linux-raw-sys v0.12.1
   Compiling webpki-roots v1.0.6
   Compiling serde_json v1.0.149
   Compiling jobserver v0.1.34
   Compiling mio v1.2.0
   Compiling socket2 v0.6.3
   Compiling dirs-sys v0.5.0
   Compiling http-body v1.0.1
   Compiling getrandom v0.2.17
   Compiling cc v1.2.59
   Compiling dirs v6.0.0
   Compiling anyhow v1.0.102
   Compiling ryu v1.0.23
   Compiling iri-string v0.7.12
   Compiling http-body-util v0.1.3
   Compiling filetime v0.2.27
   Compiling block-buffer v0.10.4
   Compiling tokio v1.51.1
   Compiling crypto-common v0.1.7
   Compiling num_cpus v1.17.0
   Compiling aho-corasick v1.1.4
   Compiling cpufeatures v0.2.17
   Compiling digest v0.10.7
   Compiling same-file v1.0.6
   Compiling regex-syntax v0.8.10
   Compiling num-traits v0.2.19
   Compiling walkdir v2.5.0
   Compiling sha2 v0.10.9
   Compiling unicode-segmentation v1.13.2
   Compiling constcat v0.6.1
   Compiling prettyplease v0.2.37
   Compiling cfg_aliases v0.2.1
   Compiling strsim v0.11.1
   Compiling ident_case v1.0.1
   Compiling convert_case v0.10.0
   Compiling scopeguard v1.2.0
   Compiling getrandom v0.3.4
   Compiling unicode-xid v0.2.6
   Compiling glob v0.3.3
   Compiling lock_api v0.4.14
   Compiling foldhash v0.1.5
   Compiling crossbeam-utils v0.8.21
   Compiling parking v2.2.1
   Compiling allocator-api2 v0.2.21
   Compiling thiserror v2.0.18
   Compiling clang-sys v1.8.1
   Compiling minimal-lexical v0.2.1
   Compiling object v0.37.3
   Compiling paste v1.0.15
   Compiling xattr v1.6.1
   Compiling rustc-hash v2.1.2
   Compiling parking_lot_core v0.9.12
   Compiling ring v0.17.14
   Compiling liblzma-sys v0.4.6
   Compiling nom v7.1.3
   Compiling tar v0.4.45
   Compiling rand_core v0.9.5
   Compiling spin v0.10.0
   Compiling libloading v0.8.9
   Compiling web-time v1.1.0
   Compiling regex-automata v0.4.14
   Compiling gimli v0.32.3
   Compiling bindgen v0.71.1
   Compiling embassy-futures v0.1.2
   Compiling either v1.15.0
   Compiling adler2 v2.0.1
   Compiling miniz_oxide v0.8.9
   Compiling itertools v0.13.0
   Compiling concurrent-queue v2.5.0
   Compiling cubecl-common v0.9.0
   Compiling portable-atomic v1.13.1
   Compiling fastrand v2.4.1
   Compiling rustc-demangle v0.1.27
   Compiling tinyvec_macros v0.1.1
   Compiling futures-lite v2.6.1
   Compiling tinyvec v1.11.0
   Compiling parking_lot v0.12.5
   Compiling synstructure v0.13.2
   Compiling darling_core v0.21.3
   Compiling cexpr v0.6.0
   Compiling event-listener v5.4.1
   Compiling tokio-util v0.7.18
   Compiling tower v0.5.3
   Compiling addr2line v0.25.1
   Compiling h2 v0.4.13
   Compiling tower-http v0.6.8
   Compiling regex v1.12.3
   Compiling serde_bytes v0.11.19
   Compiling float4 v0.1.0
   Compiling serde_derive v1.0.228
   Compiling zerofrom-derive v0.1.7
   Compiling yoke-derive v0.8.2
   Compiling zerovec-derive v0.11.3
   Compiling displaydoc v0.2.5
   Compiling zerocopy-derive v0.8.48
   Compiling bytemuck_derive v1.10.2
   Compiling derive_more-impl v2.1.1
   Compiling thiserror-impl v2.0.18
   Compiling derive-new v0.7.0
   Compiling zerofrom v0.1.7
   Compiling yoke v0.8.2
   Compiling winnow v1.0.1
   Compiling zerovec v0.11.6
   Compiling zerotrie v0.2.4
   Compiling darling_macro v0.21.3
   Compiling bytemuck v1.25.0
   Compiling sanitize-filename v0.6.0
   Compiling backtrace v0.3.76
   Compiling toml_parser v1.1.2+spec-1.1.0
   Compiling variadics_please v1.1.0
   Compiling event-listener-strategy v0.5.4
   Compiling unicode-normalization v0.1.25
   Compiling toml_datetime v0.7.5+spec-1.1.0
   Compiling serde_spanned v1.1.1
   Compiling darling v0.21.3
   Compiling enumset_derive v0.14.0
   Compiling cubecl-macros-internal v0.9.0
   Compiling tinystr v0.8.3
   Compiling potential_utf v0.1.5
   Compiling icu_locale_core v2.2.0
   Compiling hashbrown v0.15.5
   Compiling num-integer v0.1.46
   Compiling cubecl-runtime v0.9.0
   Compiling icu_collections v2.2.0
   Compiling hyper v1.9.0
   Compiling toml_writer v1.1.1+spec-1.1.0
   Compiling deunicode v1.6.2
   Compiling cubecl-macros v0.9.0
   Compiling float-ord v0.3.2
   Compiling winnow v0.7.15
   Compiling slug v0.1.6
   Compiling caseless v0.2.2
   Compiling async-channel v2.5.0
   Compiling typed-arena v2.0.2
   Compiling md5 v0.8.0
   Compiling entities v1.0.1
   Compiling rustls-webpki v0.103.10
   Compiling unicode_categories v0.1.1
   Compiling num-bigint v0.4.6
   Compiling icu_provider v2.2.0
   Compiling comrak v0.39.1
   Compiling convert_case v0.8.0
   Compiling unindent v0.2.4
   Compiling icu_normalizer v2.2.0
   Compiling icu_properties v2.2.0
   Compiling hyper-util v0.1.20
   Compiling num-iter v0.1.45
   Compiling derive_more v2.1.1
   Compiling num-complex v0.4.6
   Compiling fixedbitset v0.4.2
   Compiling serde_urlencoded v0.7.1
   Compiling enumset v1.1.10
   Compiling petgraph v0.6.5
   Compiling type-map v0.5.1
   Compiling stable-vec v0.4.2
   Compiling toml v0.9.12+spec-1.1.0
   Compiling num-rational v0.4.2
   Compiling sysinfo v0.36.1
   Compiling cubecl v0.9.0
   Compiling idna_adapter v1.2.1
   Compiling idna v1.1.0
   Compiling num v0.4.3
   Compiling url v2.5.8
   Compiling ppv-lite86 v0.2.21
   Compiling half v2.7.1
   Compiling liblzma v0.4.6
   Compiling rand_chacha v0.9.0
   Compiling float8 v0.4.2
   Compiling rand v0.9.2
   Compiling tokio-rustls v0.26.4
   Compiling cubecl-ir v0.9.0
   Compiling hyper-rustls v0.27.7
   Compiling reqwest v0.12.28
   Compiling tracel-llvm-bundler v20.1.4-7
   Compiling tracel-tblgen-rs v20.1.4-7
   Compiling tracel-mlir-sys v20.1.4-7
   Compiling tracel-mlir-rs-macros v20.1.4-7
   Compiling cubecl-cpu v0.9.0
   Compiling cubecl-core v0.9.0
   Compiling tracel-mlir-rs v20.1.4-7
   Compiling cubecl-std v0.9.0
   Compiling cubecl-opt v0.9.0
   Compiling tracel-llvm v20.1.4-7
   Compiling libxc_rs v0.1.0 (/tmp/libxc_rs_debug2)
    Finished `dev` profile [unoptimized + debuginfo] target(s) in 50.19s
