    Checking libxc_rs v0.1.0 (/workspace)
error[E0425]: cannot find function `xc_E1_scaled` in this scope
  --> src/kernel/gga/gga_x_wpbeh/exc_unpol.rs:91:19
   |
91 |         let t91 = xc_E1_scaled(t90);
   |                   ^^^^^^^^^^^^ not found in this scope

error[E0425]: cannot find function `xc_erfcx` in this scope
   --> src/kernel/gga/gga_x_wpbeh/exc_unpol.rs:109:20
    |
109 |         let t119 = xc_erfcx(t118);
    |                    ^^^^^^^^ not found in this scope

error[E0425]: cannot find function `xc_E1_scaled` in this scope
   --> src/kernel/gga/gga_x_wpbeh/exc_unpol.rs:113:20
    |
113 |         let t129 = xc_E1_scaled(t117);
    |                    ^^^^^^^^^^^^ not found in this scope

error[E0433]: failed to resolve: use of unresolved module or unlinked crate `xc_E1_scaled`
  --> src/kernel/gga/gga_x_wpbeh/exc_unpol.rs:91:19
   |
91 |         let t91 = xc_E1_scaled(t90);
   |                   ^^^^^^^^^^^^ use of unresolved module or unlinked crate `xc_E1_scaled`
   |
   = help: if you wanted to use a crate named `xc_E1_scaled`, use `cargo add xc_E1_scaled` to add it to your `Cargo.toml`

error[E0433]: failed to resolve: use of unresolved module or unlinked crate `xc_erfcx`
   --> src/kernel/gga/gga_x_wpbeh/exc_unpol.rs:109:20
    |
109 |         let t119 = xc_erfcx(t118);
    |                    ^^^^^^^^ use of unresolved module or unlinked crate `xc_erfcx`
    |
    = help: if you wanted to use a crate named `xc_erfcx`, use `cargo add xc_erfcx` to add it to your `Cargo.toml`

error[E0433]: failed to resolve: use of unresolved module or unlinked crate `xc_E1_scaled`
   --> src/kernel/gga/gga_x_wpbeh/exc_unpol.rs:113:20
    |
113 |         let t129 = xc_E1_scaled(t117);
    |                    ^^^^^^^^^^^^ use of unresolved module or unlinked crate `xc_E1_scaled`
    |
    = help: if you wanted to use a crate named `xc_E1_scaled`, use `cargo add xc_E1_scaled` to add it to your `Cargo.toml`

error[E0425]: cannot find function `xc_E1_scaled` in this scope
  --> src/kernel/gga/gga_x_wpbeh/vxc_unpol.rs:93:19
   |
93 |         let t91 = xc_E1_scaled(t90);
   |                   ^^^^^^^^^^^^ not found in this scope

error[E0425]: cannot find function `xc_erfcx` in this scope
   --> src/kernel/gga/gga_x_wpbeh/vxc_unpol.rs:111:20
    |
111 |         let t119 = xc_erfcx(t118);
    |                    ^^^^^^^^ not found in this scope

error[E0425]: cannot find function `xc_E1_scaled` in this scope
   --> src/kernel/gga/gga_x_wpbeh/vxc_unpol.rs:115:20
    |
115 |         let t129 = xc_E1_scaled(t117);
    |                    ^^^^^^^^^^^^ not found in this scope

error[E0433]: failed to resolve: use of unresolved module or unlinked crate `xc_E1_scaled`
  --> src/kernel/gga/gga_x_wpbeh/vxc_unpol.rs:93:19
   |
93 |         let t91 = xc_E1_scaled(t90);
   |                   ^^^^^^^^^^^^ use of unresolved module or unlinked crate `xc_E1_scaled`
   |
   = help: if you wanted to use a crate named `xc_E1_scaled`, use `cargo add xc_E1_scaled` to add it to your `Cargo.toml`

error[E0433]: failed to resolve: use of unresolved module or unlinked crate `xc_erfcx`
   --> src/kernel/gga/gga_x_wpbeh/vxc_unpol.rs:111:20
    |
111 |         let t119 = xc_erfcx(t118);
    |                    ^^^^^^^^ use of unresolved module or unlinked crate `xc_erfcx`
    |
    = help: if you wanted to use a crate named `xc_erfcx`, use `cargo add xc_erfcx` to add it to your `Cargo.toml`

error[E0433]: failed to resolve: use of unresolved module or unlinked crate `xc_E1_scaled`
   --> src/kernel/gga/gga_x_wpbeh/vxc_unpol.rs:115:20
    |
115 |         let t129 = xc_E1_scaled(t117);
    |                    ^^^^^^^^^^^^ use of unresolved module or unlinked crate `xc_E1_scaled`
    |
    = help: if you wanted to use a crate named `xc_E1_scaled`, use `cargo add xc_E1_scaled` to add it to your `Cargo.toml`

error[E0425]: cannot find function `xc_E1_scaled` in this scope
  --> src/kernel/gga/gga_x_wpbeh/fxc_unpol.rs:96:19
   |
96 |         let t91 = xc_E1_scaled(t90);
   |                   ^^^^^^^^^^^^ not found in this scope

error[E0425]: cannot find function `xc_erfcx` in this scope
   --> src/kernel/gga/gga_x_wpbeh/fxc_unpol.rs:114:20
    |
114 |         let t119 = xc_erfcx(t118);
    |                    ^^^^^^^^ not found in this scope

error[E0425]: cannot find function `xc_E1_scaled` in this scope
   --> src/kernel/gga/gga_x_wpbeh/fxc_unpol.rs:118:20
    |
118 |         let t129 = xc_E1_scaled(t117);
    |                    ^^^^^^^^^^^^ not found in this scope

error[E0433]: failed to resolve: use of unresolved module or unlinked crate `xc_E1_scaled`
  --> src/kernel/gga/gga_x_wpbeh/fxc_unpol.rs:96:19
   |
96 |         let t91 = xc_E1_scaled(t90);
   |                   ^^^^^^^^^^^^ use of unresolved module or unlinked crate `xc_E1_scaled`
   |
   = help: if you wanted to use a crate named `xc_E1_scaled`, use `cargo add xc_E1_scaled` to add it to your `Cargo.toml`

error[E0433]: failed to resolve: use of unresolved module or unlinked crate `xc_erfcx`
   --> src/kernel/gga/gga_x_wpbeh/fxc_unpol.rs:114:20
    |
114 |         let t119 = xc_erfcx(t118);
    |                    ^^^^^^^^ use of unresolved module or unlinked crate `xc_erfcx`
    |
    = help: if you wanted to use a crate named `xc_erfcx`, use `cargo add xc_erfcx` to add it to your `Cargo.toml`

error[E0433]: failed to resolve: use of unresolved module or unlinked crate `xc_E1_scaled`
   --> src/kernel/gga/gga_x_wpbeh/fxc_unpol.rs:118:20
    |
118 |         let t129 = xc_E1_scaled(t117);
    |                    ^^^^^^^^^^^^ use of unresolved module or unlinked crate `xc_E1_scaled`
    |
    = help: if you wanted to use a crate named `xc_E1_scaled`, use `cargo add xc_E1_scaled` to add it to your `Cargo.toml`

error[E0425]: cannot find function `xc_E1_scaled` in this scope
   --> src/kernel/gga/gga_x_wpbeh/kxc_unpol.rs:100:19
    |
100 |         let t91 = xc_E1_scaled(t90);
    |                   ^^^^^^^^^^^^ not found in this scope

error[E0425]: cannot find function `xc_erfcx` in this scope
   --> src/kernel/gga/gga_x_wpbeh/kxc_unpol.rs:118:20
    |
118 |         let t119 = xc_erfcx(t118);
    |                    ^^^^^^^^ not found in this scope

error[E0425]: cannot find function `xc_E1_scaled` in this scope
   --> src/kernel/gga/gga_x_wpbeh/kxc_unpol.rs:122:20
    |
122 |         let t129 = xc_E1_scaled(t117);
    |                    ^^^^^^^^^^^^ not found in this scope

error[E0433]: failed to resolve: use of unresolved module or unlinked crate `xc_E1_scaled`
   --> src/kernel/gga/gga_x_wpbeh/kxc_unpol.rs:100:19
    |
100 |         let t91 = xc_E1_scaled(t90);
    |                   ^^^^^^^^^^^^ use of unresolved module or unlinked crate `xc_E1_scaled`
    |
    = help: if you wanted to use a crate named `xc_E1_scaled`, use `cargo add xc_E1_scaled` to add it to your `Cargo.toml`

error[E0433]: failed to resolve: use of unresolved module or unlinked crate `xc_erfcx`
   --> src/kernel/gga/gga_x_wpbeh/kxc_unpol.rs:118:20
    |
118 |         let t119 = xc_erfcx(t118);
    |                    ^^^^^^^^ use of unresolved module or unlinked crate `xc_erfcx`
    |
    = help: if you wanted to use a crate named `xc_erfcx`, use `cargo add xc_erfcx` to add it to your `Cargo.toml`

error[E0433]: failed to resolve: use of unresolved module or unlinked crate `xc_E1_scaled`
   --> src/kernel/gga/gga_x_wpbeh/kxc_unpol.rs:122:20
    |
122 |         let t129 = xc_E1_scaled(t117);
    |                    ^^^^^^^^^^^^ use of unresolved module or unlinked crate `xc_E1_scaled`
    |
    = help: if you wanted to use a crate named `xc_E1_scaled`, use `cargo add xc_E1_scaled` to add it to your `Cargo.toml`

error[E0425]: cannot find function `xc_E1_scaled` in this scope
   --> src/kernel/gga/gga_x_wpbeh/lxc_unpol.rs:105:19
    |
105 |         let t91 = xc_E1_scaled(t90);
    |                   ^^^^^^^^^^^^ not found in this scope

error[E0425]: cannot find function `xc_erfcx` in this scope
   --> src/kernel/gga/gga_x_wpbeh/lxc_unpol.rs:123:20
    |
123 |         let t119 = xc_erfcx(t118);
    |                    ^^^^^^^^ not found in this scope

error[E0425]: cannot find function `xc_E1_scaled` in this scope
   --> src/kernel/gga/gga_x_wpbeh/lxc_unpol.rs:127:20
    |
127 |         let t129 = xc_E1_scaled(t117);
    |                    ^^^^^^^^^^^^ not found in this scope

error[E0433]: failed to resolve: use of unresolved module or unlinked crate `xc_E1_scaled`
   --> src/kernel/gga/gga_x_wpbeh/lxc_unpol.rs:105:19
    |
105 |         let t91 = xc_E1_scaled(t90);
    |                   ^^^^^^^^^^^^ use of unresolved module or unlinked crate `xc_E1_scaled`
    |
    = help: if you wanted to use a crate named `xc_E1_scaled`, use `cargo add xc_E1_scaled` to add it to your `Cargo.toml`

error[E0433]: failed to resolve: use of unresolved module or unlinked crate `xc_erfcx`
   --> src/kernel/gga/gga_x_wpbeh/lxc_unpol.rs:123:20
    |
123 |         let t119 = xc_erfcx(t118);
    |                    ^^^^^^^^ use of unresolved module or unlinked crate `xc_erfcx`
    |
    = help: if you wanted to use a crate named `xc_erfcx`, use `cargo add xc_erfcx` to add it to your `Cargo.toml`

error[E0433]: failed to resolve: use of unresolved module or unlinked crate `xc_E1_scaled`
   --> src/kernel/gga/gga_x_wpbeh/lxc_unpol.rs:127:20
    |
127 |         let t129 = xc_E1_scaled(t117);
    |                    ^^^^^^^^^^^^ use of unresolved module or unlinked crate `xc_E1_scaled`
    |
    = help: if you wanted to use a crate named `xc_E1_scaled`, use `cargo add xc_E1_scaled` to add it to your `Cargo.toml`

error: could not compile `libxc_rs` (lib) due to 30 previous errors

Caused by:
  process didn't exit successfully: `/home/vscode/.rustup/toolchains/stable-x86_64-unknown-linux-gnu/bin/rustc --crate-name libxc_rs --edition=2024 src/lib.rs --error-format=json --json=diagnostic-rendered-ansi,artifacts,future-incompat --crate-type lib --emit=dep-info,metadata -C embed-bitcode=no -C debuginfo=2 --check-cfg 'cfg(docsrs,test)' --check-cfg 'cfg(feature, values())' -C metadata=e2ec3bb942691a54 -C extra-filename=-df1a1691c681a0c0 --out-dir /workspace/target/debug/deps -C linker=clang -C incremental=/workspace/target/debug/incremental -L dependency=/workspace/target/debug/deps --extern bitflags=/workspace/target/debug/deps/libbitflags-aa5849daf4ed706c.rmeta --extern bytemuck=/workspace/target/debug/deps/libbytemuck-9005d7d99e89585c.rmeta --extern cubecl=/workspace/target/debug/deps/libcubecl-ab19ea42447fb8d4.rmeta --extern thiserror=/workspace/target/debug/deps/libthiserror-f7d827294f23db4a.rmeta -C link-arg=-fuse-ld=mold -L native=/home/vscode/.local/share/tracel/tracel-llvm-20.1.4-7/lib` (signal: 15, SIGTERM: termination signal)
