   Compiling libxc_rs v0.1.0 (/workspace)
error[E0758]: unterminated block comment
    --> src/kernel/lda/lda_c_ml1.rs:443:9
     |
 443 |           /* REDUCE_STEP2_OFF_FIRST_HALF
     |           ^-
     |           |
     |  _________unterminated block comment
     | |
 444 | |         /* REDUCE_STEP23_OFF_3021_5118
 445 | |         let rho0 = rho[ip * 2];
 446 | |         let rho1 = rho[ip * 2 + 1];
...    |
7204 | |         /* REDUCE_STEP22_OFF_T16041_AND_BEYOND
     | |         -- ...as last nested comment starts here, maybe you want to close this instead?
...    |
7233 | |         */
     | |         -- ...and last nested comment terminates here.
7234 | |     }
7235 | | }
     | |__^

For more information about this error, try `rustc --explain E0758`.
error: could not compile `libxc_rs` (lib) due to 1 previous error
