    Checking libxc_rs v0.1.0 (/tmp/libxc_rs_debug2)
error: rustc interrupted by SIGSEGV, printing backtrace

/home/vscode/.rustup/toolchains/stable-x86_64-unknown-linux-gnu/lib/librustc_driver-83018425804cb0fc.so(+0x3c16eec) [0x766f42016eec]
/usr/lib/x86_64-linux-gnu/libc.so.6(+0x45cb0) [0x766f3e224cb0]
/tmp/libxc_rs_debug2_target_no_kernel/debug/deps/libcubecl_macros-26a5b9dd808b5d53.so(+0x363d1d) [0x766f108cbd1d]
/tmp/libxc_rs_debug2_target_no_kernel/debug/deps/libcubecl_macros-26a5b9dd808b5d53.so(+0x3218b1) [0x766f108898b1]

### cycle encountered after 4 frames with period 8
/tmp/libxc_rs_debug2_target_no_kernel/debug/deps/libcubecl_macros-26a5b9dd808b5d53.so(+0x31f15c) [0x766f1088715c]
/tmp/libxc_rs_debug2_target_no_kernel/debug/deps/libcubecl_macros-26a5b9dd808b5d53.so(+0x330bcc) [0x766f10898bcc]
/tmp/libxc_rs_debug2_target_no_kernel/debug/deps/libcubecl_macros-26a5b9dd808b5d53.so(+0x3daab6) [0x766f10942ab6]
/tmp/libxc_rs_debug2_target_no_kernel/debug/deps/libcubecl_macros-26a5b9dd808b5d53.so(+0x3218c3) [0x766f108898c3]
/tmp/libxc_rs_debug2_target_no_kernel/debug/deps/libcubecl_macros-26a5b9dd808b5d53.so(+0x31f15c) [0x766f1088715c]
/tmp/libxc_rs_debug2_target_no_kernel/debug/deps/libcubecl_macros-26a5b9dd808b5d53.so(+0x330bcc) [0x766f10898bcc]
/tmp/libxc_rs_debug2_target_no_kernel/debug/deps/libcubecl_macros-26a5b9dd808b5d53.so(+0x3daab6) [0x766f10942ab6]
/tmp/libxc_rs_debug2_target_no_kernel/debug/deps/libcubecl_macros-26a5b9dd808b5d53.so(+0x3218c3) [0x766f108898c3]
### recursed 22 times

/tmp/libxc_rs_debug2_target_no_kernel/debug/deps/libcubecl_macros-26a5b9dd808b5d53.so(+0x173a46) [0x766f106dba46]
/tmp/libxc_rs_debug2_target_no_kernel/debug/deps/libcubecl_macros-26a5b9dd808b5d53.so(+0x173a46) [0x766f106dba46]
/tmp/libxc_rs_debug2_target_no_kernel/debug/deps/libcubecl_macros-26a5b9dd808b5d53.so(+0x173a46) [0x766f106dba46]
/tmp/libxc_rs_debug2_target_no_kernel/debug/deps/libcubecl_macros-26a5b9dd808b5d53.so(+0x173a46) [0x766f106dba46]
/tmp/libxc_rs_debug2_target_no_kernel/debug/deps/libcubecl_macros-26a5b9dd808b5d53.so(+0x173a46) [0x766f106dba46]
/tmp/libxc_rs_debug2_target_no_kernel/debug/deps/libcubecl_macros-26a5b9dd808b5d53.so(+0x173a46) [0x766f106dba46]
/tmp/libxc_rs_debug2_target_no_kernel/debug/deps/libcubecl_macros-26a5b9dd808b5d53.so(+0x173a46) [0x766f106dba46]
/tmp/libxc_rs_debug2_target_no_kernel/debug/deps/libcubecl_macros-26a5b9dd808b5d53.so(+0x173a46) [0x766f106dba46]
/tmp/libxc_rs_debug2_target_no_kernel/debug/deps/libcubecl_macros-26a5b9dd808b5d53.so(+0x173a46) [0x766f106dba46]
/tmp/libxc_rs_debug2_target_no_kernel/debug/deps/libcubecl_macros-26a5b9dd808b5d53.so(+0x173a46) [0x766f106dba46]
/tmp/libxc_rs_debug2_target_no_kernel/debug/deps/libcubecl_macros-26a5b9dd808b5d53.so(+0x173a46) [0x766f106dba46]
/tmp/libxc_rs_debug2_target_no_kernel/debug/deps/libcubecl_macros-26a5b9dd808b5d53.so(+0x173a46) [0x766f106dba46]
/tmp/libxc_rs_debug2_target_no_kernel/debug/deps/libcubecl_macros-26a5b9dd808b5d53.so(+0x173a46) [0x766f106dba46]
/tmp/libxc_rs_debug2_target_no_kernel/debug/deps/libcubecl_macros-26a5b9dd808b5d53.so(+0x173a46) [0x766f106dba46]
/tmp/libxc_rs_debug2_target_no_kernel/debug/deps/libcubecl_macros-26a5b9dd808b5d53.so(+0x173a46) [0x766f106dba46]
/tmp/libxc_rs_debug2_target_no_kernel/debug/deps/libcubecl_macros-26a5b9dd808b5d53.so(+0x173a46) [0x766f106dba46]
/tmp/libxc_rs_debug2_target_no_kernel/debug/deps/libcubecl_macros-26a5b9dd808b5d53.so(+0x173a46) [0x766f106dba46]
/tmp/libxc_rs_debug2_target_no_kernel/debug/deps/libcubecl_macros-26a5b9dd808b5d53.so(+0x173a46) [0x766f106dba46]
/tmp/libxc_rs_debug2_target_no_kernel/debug/deps/libcubecl_macros-26a5b9dd808b5d53.so(+0x173a46) [0x766f106dba46]
/tmp/libxc_rs_debug2_target_no_kernel/debug/deps/libcubecl_macros-26a5b9dd808b5d53.so(+0x173a46) [0x766f106dba46]
/tmp/libxc_rs_debug2_target_no_kernel/debug/deps/libcubecl_macros-26a5b9dd808b5d53.so(+0x173a46) [0x766f106dba46]
/tmp/libxc_rs_debug2_target_no_kernel/debug/deps/libcubecl_macros-26a5b9dd808b5d53.so(+0x179fa6) [0x766f106e1fa6]
/tmp/libxc_rs_debug2_target_no_kernel/debug/deps/libcubecl_macros-26a5b9dd808b5d53.so(+0x173bbd) [0x766f106dbbbd]
/tmp/libxc_rs_debug2_target_no_kernel/debug/deps/libcubecl_macros-26a5b9dd808b5d53.so(+0x173a46) [0x766f106dba46]
/tmp/libxc_rs_debug2_target_no_kernel/debug/deps/libcubecl_macros-26a5b9dd808b5d53.so(+0x173a46) [0x766f106dba46]
/tmp/libxc_rs_debug2_target_no_kernel/debug/deps/libcubecl_macros-26a5b9dd808b5d53.so(+0x173a46) [0x766f106dba46]
/tmp/libxc_rs_debug2_target_no_kernel/debug/deps/libcubecl_macros-26a5b9dd808b5d53.so(+0x173a46) [0x766f106dba46]
/tmp/libxc_rs_debug2_target_no_kernel/debug/deps/libcubecl_macros-26a5b9dd808b5d53.so(+0x173a46) [0x766f106dba46]
/tmp/libxc_rs_debug2_target_no_kernel/debug/deps/libcubecl_macros-26a5b9dd808b5d53.so(+0x173a46) [0x766f106dba46]
/tmp/libxc_rs_debug2_target_no_kernel/debug/deps/libcubecl_macros-26a5b9dd808b5d53.so(+0x173a46) [0x766f106dba46]
/tmp/libxc_rs_debug2_target_no_kernel/debug/deps/libcubecl_macros-26a5b9dd808b5d53.so(+0x173a46) [0x766f106dba46]
/tmp/libxc_rs_debug2_target_no_kernel/debug/deps/libcubecl_macros-26a5b9dd808b5d53.so(+0x173a46) [0x766f106dba46]
/tmp/libxc_rs_debug2_target_no_kernel/debug/deps/libcubecl_macros-26a5b9dd808b5d53.so(+0x173a46) [0x766f106dba46]
/tmp/libxc_rs_debug2_target_no_kernel/debug/deps/libcubecl_macros-26a5b9dd808b5d53.so(+0x173a46) [0x766f106dba46]
/tmp/libxc_rs_debug2_target_no_kernel/debug/deps/libcubecl_macros-26a5b9dd808b5d53.so(+0x173a46) [0x766f106dba46]
/tmp/libxc_rs_debug2_target_no_kernel/debug/deps/libcubecl_macros-26a5b9dd808b5d53.so(+0x202f8b) [0x766f1076af8b]
/tmp/libxc_rs_debug2_target_no_kernel/debug/deps/libcubecl_macros-26a5b9dd808b5d53.so(+0x252a1c) [0x766f107baa1c]
/tmp/libxc_rs_debug2_target_no_kernel/debug/deps/libcubecl_macros-26a5b9dd808b5d53.so(+0x258de5) [0x766f107c0de5]
/tmp/libxc_rs_debug2_target_no_kernel/debug/deps/libcubecl_macros-26a5b9dd808b5d53.so(+0x1d8e99) [0x766f10740e99]
/tmp/libxc_rs_debug2_target_no_kernel/debug/deps/libcubecl_macros-26a5b9dd808b5d53.so(+0x1f9786) [0x766f10761786]
/tmp/libxc_rs_debug2_target_no_kernel/debug/deps/libcubecl_macros-26a5b9dd808b5d53.so(+0x190194) [0x766f106f8194]
/tmp/libxc_rs_debug2_target_no_kernel/debug/deps/libcubecl_macros-26a5b9dd808b5d53.so(+0x1f5e1c) [0x766f1075de1c]
/tmp/libxc_rs_debug2_target_no_kernel/debug/deps/libcubecl_macros-26a5b9dd808b5d53.so(+0x1c0cf8) [0x766f10728cf8]
/tmp/libxc_rs_debug2_target_no_kernel/debug/deps/libcubecl_macros-26a5b9dd808b5d53.so(+0x1cfdc6) [0x766f10737dc6]
/tmp/libxc_rs_debug2_target_no_kernel/debug/deps/libcubecl_macros-26a5b9dd808b5d53.so(+0x1bb7d5) [0x766f107237d5]
/tmp/libxc_rs_debug2_target_no_kernel/debug/deps/libcubecl_macros-26a5b9dd808b5d53.so(+0x14478d) [0x766f106ac78d]
/tmp/libxc_rs_debug2_target_no_kernel/debug/deps/libcubecl_macros-26a5b9dd808b5d53.so(+0x1469c7) [0x766f106ae9c7]
/tmp/libxc_rs_debug2_target_no_kernel/debug/deps/libcubecl_macros-26a5b9dd808b5d53.so(+0x257ec0) [0x766f107bfec0]
/tmp/libxc_rs_debug2_target_no_kernel/debug/deps/libcubecl_macros-26a5b9dd808b5d53.so(+0x1cea99) [0x766f10736a99]
/tmp/libxc_rs_debug2_target_no_kernel/debug/deps/libcubecl_macros-26a5b9dd808b5d53.so(+0x257cb5) [0x766f107bfcb5]
/tmp/libxc_rs_debug2_target_no_kernel/debug/deps/libcubecl_macros-26a5b9dd808b5d53.so(+0x1f818d) [0x766f1076018d]
/tmp/libxc_rs_debug2_target_no_kernel/debug/deps/libcubecl_macros-26a5b9dd808b5d53.so(+0x17d292) [0x766f106e5292]
/tmp/libxc_rs_debug2_target_no_kernel/debug/deps/libcubecl_macros-26a5b9dd808b5d53.so(+0x1d99f6) [0x766f107419f6]
/tmp/libxc_rs_debug2_target_no_kernel/debug/deps/libcubecl_macros-26a5b9dd808b5d53.so(+0x21cdd5) [0x766f10784dd5]
/tmp/libxc_rs_debug2_target_no_kernel/debug/deps/libcubecl_macros-26a5b9dd808b5d53.so(+0x1d9197) [0x766f10741197]
/tmp/libxc_rs_debug2_target_no_kernel/debug/deps/libcubecl_macros-26a5b9dd808b5d53.so(+0x172666) [0x766f106da666]
/tmp/libxc_rs_debug2_target_no_kernel/debug/deps/libcubecl_macros-26a5b9dd808b5d53.so(+0x258e93) [0x766f107c0e93]
/tmp/libxc_rs_debug2_target_no_kernel/debug/deps/libcubecl_macros-26a5b9dd808b5d53.so(+0x1d8e99) [0x766f10740e99]
/tmp/libxc_rs_debug2_target_no_kernel/debug/deps/libcubecl_macros-26a5b9dd808b5d53.so(+0x1f9786) [0x766f10761786]
/tmp/libxc_rs_debug2_target_no_kernel/debug/deps/libcubecl_macros-26a5b9dd808b5d53.so(+0x190194) [0x766f106f8194]
/tmp/libxc_rs_debug2_target_no_kernel/debug/deps/libcubecl_macros-26a5b9dd808b5d53.so(+0x1f5e1c) [0x766f1075de1c]
/tmp/libxc_rs_debug2_target_no_kernel/debug/deps/libcubecl_macros-26a5b9dd808b5d53.so(+0x1c0cf8) [0x766f10728cf8]
/tmp/libxc_rs_debug2_target_no_kernel/debug/deps/libcubecl_macros-26a5b9dd808b5d53.so(+0x1cfdc6) [0x766f10737dc6]
/tmp/libxc_rs_debug2_target_no_kernel/debug/deps/libcubecl_macros-26a5b9dd808b5d53.so(+0x1bb7d5) [0x766f107237d5]
/tmp/libxc_rs_debug2_target_no_kernel/debug/deps/libcubecl_macros-26a5b9dd808b5d53.so(+0x14478d) [0x766f106ac78d]
/tmp/libxc_rs_debug2_target_no_kernel/debug/deps/libcubecl_macros-26a5b9dd808b5d53.so(+0x1469c7) [0x766f106ae9c7]
/tmp/libxc_rs_debug2_target_no_kernel/debug/deps/libcubecl_macros-26a5b9dd808b5d53.so(+0x257ec0) [0x766f107bfec0]
/tmp/libxc_rs_debug2_target_no_kernel/debug/deps/libcubecl_macros-26a5b9dd808b5d53.so(+0x1cea99) [0x766f10736a99]
/tmp/libxc_rs_debug2_target_no_kernel/debug/deps/libcubecl_macros-26a5b9dd808b5d53.so(+0x257cb5) [0x766f107bfcb5]
/tmp/libxc_rs_debug2_target_no_kernel/debug/deps/libcubecl_macros-26a5b9dd808b5d53.so(+0x1f818d) [0x766f1076018d]
/tmp/libxc_rs_debug2_target_no_kernel/debug/deps/libcubecl_macros-26a5b9dd808b5d53.so(+0x17d292) [0x766f106e5292]
/tmp/libxc_rs_debug2_target_no_kernel/debug/deps/libcubecl_macros-26a5b9dd808b5d53.so(+0x19bdf6) [0x766f10703df6]
/tmp/libxc_rs_debug2_target_no_kernel/debug/deps/libcubecl_macros-26a5b9dd808b5d53.so(+0x21d095) [0x766f10785095]
/tmp/libxc_rs_debug2_target_no_kernel/debug/deps/libcubecl_macros-26a5b9dd808b5d53.so(+0x19b8ab) [0x766f107038ab]
/tmp/libxc_rs_debug2_target_no_kernel/debug/deps/libcubecl_macros-26a5b9dd808b5d53.so(+0x19a72f) [0x766f1070272f]
/tmp/libxc_rs_debug2_target_no_kernel/debug/deps/libcubecl_macros-26a5b9dd808b5d53.so(+0x25bd8f) [0x766f107c3d8f]

note: rustc unexpectedly overflowed its stack! this is a bug
note: maximum backtrace depth reached, frames may have been lost
note: we would appreciate a report at https://github.com/rust-lang/rust
help: you can increase rustc's stack size by setting RUST_MIN_STACK=16777216
note: backtrace dumped due to SIGSEGV! resuming signal
error: could not compile `libxc_rs` (lib)

Caused by:
  process didn't exit successfully: `/home/vscode/.rustup/toolchains/stable-x86_64-unknown-linux-gnu/bin/rustc --crate-name libxc_rs --edition=2024 src/lib.rs --error-format=json --json=diagnostic-rendered-ansi,artifacts,future-incompat --crate-type lib --emit=dep-info,metadata -C embed-bitcode=no -C debuginfo=2 --check-cfg 'cfg(docsrs,test)' --check-cfg 'cfg(feature, values())' -C metadata=e2ec3bb942691a54 -C extra-filename=-df1a1691c681a0c0 --out-dir /tmp/libxc_rs_debug2_target_no_kernel/debug/deps -C linker=clang -C incremental=/tmp/libxc_rs_debug2_target_no_kernel/debug/incremental -L dependency=/tmp/libxc_rs_debug2_target_no_kernel/debug/deps --extern bitflags=/tmp/libxc_rs_debug2_target_no_kernel/debug/deps/libbitflags-aa5849daf4ed706c.rmeta --extern bytemuck=/tmp/libxc_rs_debug2_target_no_kernel/debug/deps/libbytemuck-9005d7d99e89585c.rmeta --extern cubecl=/tmp/libxc_rs_debug2_target_no_kernel/debug/deps/libcubecl-ab19ea42447fb8d4.rmeta --extern thiserror=/tmp/libxc_rs_debug2_target_no_kernel/debug/deps/libthiserror-f7d827294f23db4a.rmeta -C link-arg=-fuse-ld=mold -L native=/home/vscode/.local/share/tracel/tracel-llvm-20.1.4-7/lib` (signal: 11, SIGSEGV: invalid memory reference)
