    Checking libxc-sys v0.1.0 (/home/chemtech/workspace/libxc_rs/libxc-sys)
    Checking anyhow v1.0.102
    Checking approx v0.5.1
    Checking libxc_rs-verify v0.1.0 (/home/chemtech/workspace/libxc_rs/verify)
warning: unused imports: `ExtParamSpec`, `HybridTerm`, and `Reference`
 --> verify/tests/metadata_oracle.rs:4:22
  |
4 | use libxc_rs::meta::{ExtParamSpec, FunctionalMeta, HybridTerm, Reference};
  |                      ^^^^^^^^^^^^                  ^^^^^^^^^^  ^^^^^^^^^
  |
  = note: `#[warn(unused_imports)]` (part of `#[warn(unused)]`) on by default

warning: unused import: `HybridTermKind`
 --> verify/tests/metadata_oracle.rs:5:54
  |
5 | use libxc_rs::model::{FunctionalFlags, FunctionalId, HybridTermKind, HybridType};
  |                                                      ^^^^^^^^^^^^^^

warning: unused import: `xc_hyb_type`
 --> verify/tests/metadata_oracle.rs:7:58
  |
7 | use libxc_sys::{xc_func_end, xc_func_init, xc_func_type, xc_hyb_type, XC_UNPOLARIZED};
  |                                                          ^^^^^^^^^^^

warning: variant `SkippedDeferred` is never constructed
   --> verify/tests/mgga_oracle.rs:361:5
    |
353 | enum CompareResult {
    |      ------------- variant in this enum
...
361 |     SkippedDeferred,
    |     ^^^^^^^^^^^^^^^
    |
    = note: `#[warn(dead_code)]` (part of `#[warn(unused)]`) on by default

warning: `libxc_rs-verify` (test "mgga_oracle") generated 1 warning
error[E0282]: type annotations needed for `Vec<_>`
  --> verify/tests/metadata_oracle.rs:44:9
   |
44 |     let mut mismatches = Vec::new();
   |         ^^^^^^^^^^^^^^   ---------- type must be known at this point
   |
help: consider giving `mismatches` an explicit type, where the type for type parameter `T` is specified
   |
44 |     let mut mismatches: Vec<T> = Vec::new();
   |                       ++++++++

For more information about this error, try `rustc --explain E0282`.
warning: `libxc_rs-verify` (test "metadata_oracle") generated 3 warnings
error: could not compile `libxc_rs-verify` (test "metadata_oracle") due to 1 previous error; 3 warnings emitted
