warning: profiles for the non root package will be ignored, specify profiles at the workspace root:
package:   /workspace/crates/kernel-mgga-10a/Cargo.toml
workspace: /workspace/Cargo.toml
warning: profiles for the non root package will be ignored, specify profiles at the workspace root:
package:   /workspace/crates/kernel-mgga-10b/Cargo.toml
workspace: /workspace/Cargo.toml
warning: profiles for the non root package will be ignored, specify profiles at the workspace root:
package:   /workspace/crates/kernel-mgga-11a/Cargo.toml
workspace: /workspace/Cargo.toml
warning: profiles for the non root package will be ignored, specify profiles at the workspace root:
package:   /workspace/crates/kernel-mgga-11b/Cargo.toml
workspace: /workspace/Cargo.toml
warning: profiles for the non root package will be ignored, specify profiles at the workspace root:
package:   /workspace/crates/kernel-mgga-11c/Cargo.toml
workspace: /workspace/Cargo.toml
warning: profiles for the non root package will be ignored, specify profiles at the workspace root:
package:   /workspace/crates/kernel-mgga-12a/Cargo.toml
workspace: /workspace/Cargo.toml
warning: profiles for the non root package will be ignored, specify profiles at the workspace root:
package:   /workspace/crates/kernel-mgga-12b/Cargo.toml
workspace: /workspace/Cargo.toml
warning: profiles for the non root package will be ignored, specify profiles at the workspace root:
package:   /workspace/crates/kernel-mgga-12c/Cargo.toml
workspace: /workspace/Cargo.toml
warning: profiles for the non root package will be ignored, specify profiles at the workspace root:
package:   /workspace/crates/kernel-mgga-12d/Cargo.toml
workspace: /workspace/Cargo.toml
warning: profiles for the non root package will be ignored, specify profiles at the workspace root:
package:   /workspace/crates/kernel-mgga-13a/Cargo.toml
workspace: /workspace/Cargo.toml
warning: profiles for the non root package will be ignored, specify profiles at the workspace root:
package:   /workspace/crates/kernel-mgga-13b/Cargo.toml
workspace: /workspace/Cargo.toml
warning: profiles for the non root package will be ignored, specify profiles at the workspace root:
package:   /workspace/crates/kernel-mgga-14a/Cargo.toml
workspace: /workspace/Cargo.toml
warning: profiles for the non root package will be ignored, specify profiles at the workspace root:
package:   /workspace/crates/kernel-mgga-14b/Cargo.toml
workspace: /workspace/Cargo.toml
warning: profiles for the non root package will be ignored, specify profiles at the workspace root:
package:   /workspace/crates/kernel-mgga-14c/Cargo.toml
workspace: /workspace/Cargo.toml
warning: profiles for the non root package will be ignored, specify profiles at the workspace root:
package:   /workspace/crates/kernel-mgga-14d/Cargo.toml
workspace: /workspace/Cargo.toml
warning: profiles for the non root package will be ignored, specify profiles at the workspace root:
package:   /workspace/crates/kernel-mgga-14e/Cargo.toml
workspace: /workspace/Cargo.toml
warning: profiles for the non root package will be ignored, specify profiles at the workspace root:
package:   /workspace/crates/kernel-mgga-14f/Cargo.toml
workspace: /workspace/Cargo.toml
warning: profiles for the non root package will be ignored, specify profiles at the workspace root:
package:   /workspace/crates/kernel-mgga-14g/Cargo.toml
workspace: /workspace/Cargo.toml
warning: profiles for the non root package will be ignored, specify profiles at the workspace root:
package:   /workspace/crates/kernel-mgga-14h/Cargo.toml
workspace: /workspace/Cargo.toml
warning: profiles for the non root package will be ignored, specify profiles at the workspace root:
package:   /workspace/crates/kernel-mgga-14i/Cargo.toml
workspace: /workspace/Cargo.toml
warning: profiles for the non root package will be ignored, specify profiles at the workspace root:
package:   /workspace/crates/kernel-mgga-14j/Cargo.toml
workspace: /workspace/Cargo.toml
warning: profiles for the non root package will be ignored, specify profiles at the workspace root:
package:   /workspace/crates/kernel-mgga-14k/Cargo.toml
workspace: /workspace/Cargo.toml
warning: profiles for the non root package will be ignored, specify profiles at the workspace root:
package:   /workspace/crates/kernel-mgga-14l/Cargo.toml
workspace: /workspace/Cargo.toml
warning: profiles for the non root package will be ignored, specify profiles at the workspace root:
package:   /workspace/crates/kernel-mgga-15a/Cargo.toml
workspace: /workspace/Cargo.toml
warning: profiles for the non root package will be ignored, specify profiles at the workspace root:
package:   /workspace/crates/kernel-mgga-15b/Cargo.toml
workspace: /workspace/Cargo.toml
warning: profiles for the non root package will be ignored, specify profiles at the workspace root:
package:   /workspace/crates/kernel-mgga-15c/Cargo.toml
workspace: /workspace/Cargo.toml
warning: profiles for the non root package will be ignored, specify profiles at the workspace root:
package:   /workspace/crates/kernel-mgga-15d/Cargo.toml
workspace: /workspace/Cargo.toml
warning: profiles for the non root package will be ignored, specify profiles at the workspace root:
package:   /workspace/crates/kernel-mgga-15e/Cargo.toml
workspace: /workspace/Cargo.toml
warning: profiles for the non root package will be ignored, specify profiles at the workspace root:
package:   /workspace/crates/kernel-mgga-15f/Cargo.toml
workspace: /workspace/Cargo.toml
warning: profiles for the non root package will be ignored, specify profiles at the workspace root:
package:   /workspace/crates/kernel-mgga-15g/Cargo.toml
workspace: /workspace/Cargo.toml
warning: profiles for the non root package will be ignored, specify profiles at the workspace root:
package:   /workspace/crates/kernel-mgga-15h/Cargo.toml
workspace: /workspace/Cargo.toml
warning: profiles for the non root package will be ignored, specify profiles at the workspace root:
package:   /workspace/crates/kernel-mgga-18a/Cargo.toml
workspace: /workspace/Cargo.toml
warning: profiles for the non root package will be ignored, specify profiles at the workspace root:
package:   /workspace/crates/kernel-mgga-18b/Cargo.toml
workspace: /workspace/Cargo.toml
warning: profiles for the non root package will be ignored, specify profiles at the workspace root:
package:   /workspace/crates/kernel-mgga-18c/Cargo.toml
workspace: /workspace/Cargo.toml
warning: profiles for the non root package will be ignored, specify profiles at the workspace root:
package:   /workspace/crates/kernel-mgga-19a/Cargo.toml
workspace: /workspace/Cargo.toml
warning: profiles for the non root package will be ignored, specify profiles at the workspace root:
package:   /workspace/crates/kernel-mgga-19b/Cargo.toml
workspace: /workspace/Cargo.toml
warning: profiles for the non root package will be ignored, specify profiles at the workspace root:
package:   /workspace/crates/kernel-mgga-19c/Cargo.toml
workspace: /workspace/Cargo.toml
warning: profiles for the non root package will be ignored, specify profiles at the workspace root:
package:   /workspace/crates/kernel-mgga-19d/Cargo.toml
workspace: /workspace/Cargo.toml
warning: profiles for the non root package will be ignored, specify profiles at the workspace root:
package:   /workspace/crates/kernel-mgga-19e/Cargo.toml
workspace: /workspace/Cargo.toml
warning: profiles for the non root package will be ignored, specify profiles at the workspace root:
package:   /workspace/crates/kernel-mgga-19f/Cargo.toml
workspace: /workspace/Cargo.toml
warning: profiles for the non root package will be ignored, specify profiles at the workspace root:
package:   /workspace/crates/kernel-mgga-19g/Cargo.toml
workspace: /workspace/Cargo.toml
warning: profiles for the non root package will be ignored, specify profiles at the workspace root:
package:   /workspace/crates/kernel-mgga-1a/Cargo.toml
workspace: /workspace/Cargo.toml
warning: profiles for the non root package will be ignored, specify profiles at the workspace root:
package:   /workspace/crates/kernel-mgga-1b/Cargo.toml
workspace: /workspace/Cargo.toml
warning: profiles for the non root package will be ignored, specify profiles at the workspace root:
package:   /workspace/crates/kernel-mgga-1c/Cargo.toml
workspace: /workspace/Cargo.toml
warning: profiles for the non root package will be ignored, specify profiles at the workspace root:
package:   /workspace/crates/kernel-mgga-1d/Cargo.toml
workspace: /workspace/Cargo.toml
warning: profiles for the non root package will be ignored, specify profiles at the workspace root:
package:   /workspace/crates/kernel-mgga-20a/Cargo.toml
workspace: /workspace/Cargo.toml
warning: profiles for the non root package will be ignored, specify profiles at the workspace root:
package:   /workspace/crates/kernel-mgga-20b/Cargo.toml
workspace: /workspace/Cargo.toml
warning: profiles for the non root package will be ignored, specify profiles at the workspace root:
package:   /workspace/crates/kernel-mgga-20c/Cargo.toml
workspace: /workspace/Cargo.toml
warning: profiles for the non root package will be ignored, specify profiles at the workspace root:
package:   /workspace/crates/kernel-mgga-20d/Cargo.toml
workspace: /workspace/Cargo.toml
warning: profiles for the non root package will be ignored, specify profiles at the workspace root:
package:   /workspace/crates/kernel-mgga-20e/Cargo.toml
workspace: /workspace/Cargo.toml
warning: profiles for the non root package will be ignored, specify profiles at the workspace root:
package:   /workspace/crates/kernel-mgga-20f/Cargo.toml
workspace: /workspace/Cargo.toml
warning: profiles for the non root package will be ignored, specify profiles at the workspace root:
package:   /workspace/crates/kernel-mgga-20g/Cargo.toml
workspace: /workspace/Cargo.toml
warning: profiles for the non root package will be ignored, specify profiles at the workspace root:
package:   /workspace/crates/kernel-mgga-20h/Cargo.toml
workspace: /workspace/Cargo.toml
warning: profiles for the non root package will be ignored, specify profiles at the workspace root:
package:   /workspace/crates/kernel-mgga-20i/Cargo.toml
workspace: /workspace/Cargo.toml
warning: profiles for the non root package will be ignored, specify profiles at the workspace root:
package:   /workspace/crates/kernel-mgga-20j/Cargo.toml
workspace: /workspace/Cargo.toml
warning: profiles for the non root package will be ignored, specify profiles at the workspace root:
package:   /workspace/crates/kernel-mgga-20k/Cargo.toml
workspace: /workspace/Cargo.toml
warning: profiles for the non root package will be ignored, specify profiles at the workspace root:
package:   /workspace/crates/kernel-mgga-20l/Cargo.toml
workspace: /workspace/Cargo.toml
warning: profiles for the non root package will be ignored, specify profiles at the workspace root:
package:   /workspace/crates/kernel-mgga-22a/Cargo.toml
workspace: /workspace/Cargo.toml
warning: profiles for the non root package will be ignored, specify profiles at the workspace root:
package:   /workspace/crates/kernel-mgga-22b/Cargo.toml
workspace: /workspace/Cargo.toml
warning: profiles for the non root package will be ignored, specify profiles at the workspace root:
package:   /workspace/crates/kernel-mgga-22c/Cargo.toml
workspace: /workspace/Cargo.toml
warning: profiles for the non root package will be ignored, specify profiles at the workspace root:
package:   /workspace/crates/kernel-mgga-22d/Cargo.toml
workspace: /workspace/Cargo.toml
warning: profiles for the non root package will be ignored, specify profiles at the workspace root:
package:   /workspace/crates/kernel-mgga-24a/Cargo.toml
workspace: /workspace/Cargo.toml
warning: profiles for the non root package will be ignored, specify profiles at the workspace root:
package:   /workspace/crates/kernel-mgga-24b/Cargo.toml
workspace: /workspace/Cargo.toml
warning: profiles for the non root package will be ignored, specify profiles at the workspace root:
package:   /workspace/crates/kernel-mgga-25a/Cargo.toml
workspace: /workspace/Cargo.toml
warning: profiles for the non root package will be ignored, specify profiles at the workspace root:
package:   /workspace/crates/kernel-mgga-25b/Cargo.toml
workspace: /workspace/Cargo.toml
warning: profiles for the non root package will be ignored, specify profiles at the workspace root:
package:   /workspace/crates/kernel-mgga-26a/Cargo.toml
workspace: /workspace/Cargo.toml
warning: profiles for the non root package will be ignored, specify profiles at the workspace root:
package:   /workspace/crates/kernel-mgga-26b/Cargo.toml
workspace: /workspace/Cargo.toml
warning: profiles for the non root package will be ignored, specify profiles at the workspace root:
package:   /workspace/crates/kernel-mgga-27a/Cargo.toml
workspace: /workspace/Cargo.toml
warning: profiles for the non root package will be ignored, specify profiles at the workspace root:
package:   /workspace/crates/kernel-mgga-27b/Cargo.toml
workspace: /workspace/Cargo.toml
warning: profiles for the non root package will be ignored, specify profiles at the workspace root:
package:   /workspace/crates/kernel-mgga-27c/Cargo.toml
workspace: /workspace/Cargo.toml
warning: profiles for the non root package will be ignored, specify profiles at the workspace root:
package:   /workspace/crates/kernel-mgga-2a/Cargo.toml
workspace: /workspace/Cargo.toml
warning: profiles for the non root package will be ignored, specify profiles at the workspace root:
package:   /workspace/crates/kernel-mgga-2b/Cargo.toml
workspace: /workspace/Cargo.toml
warning: profiles for the non root package will be ignored, specify profiles at the workspace root:
package:   /workspace/crates/kernel-mgga-32a/Cargo.toml
workspace: /workspace/Cargo.toml
warning: profiles for the non root package will be ignored, specify profiles at the workspace root:
package:   /workspace/crates/kernel-mgga-32b/Cargo.toml
workspace: /workspace/Cargo.toml
warning: profiles for the non root package will be ignored, specify profiles at the workspace root:
package:   /workspace/crates/kernel-mgga-36a/Cargo.toml
workspace: /workspace/Cargo.toml
warning: profiles for the non root package will be ignored, specify profiles at the workspace root:
package:   /workspace/crates/kernel-mgga-36b/Cargo.toml
workspace: /workspace/Cargo.toml
warning: profiles for the non root package will be ignored, specify profiles at the workspace root:
package:   /workspace/crates/kernel-mgga-37a/Cargo.toml
workspace: /workspace/Cargo.toml
warning: profiles for the non root package will be ignored, specify profiles at the workspace root:
package:   /workspace/crates/kernel-mgga-37b/Cargo.toml
workspace: /workspace/Cargo.toml
warning: profiles for the non root package will be ignored, specify profiles at the workspace root:
package:   /workspace/crates/kernel-mgga-3a/Cargo.toml
workspace: /workspace/Cargo.toml
warning: profiles for the non root package will be ignored, specify profiles at the workspace root:
package:   /workspace/crates/kernel-mgga-3b/Cargo.toml
workspace: /workspace/Cargo.toml
warning: profiles for the non root package will be ignored, specify profiles at the workspace root:
package:   /workspace/crates/kernel-mgga-4a/Cargo.toml
workspace: /workspace/Cargo.toml
warning: profiles for the non root package will be ignored, specify profiles at the workspace root:
package:   /workspace/crates/kernel-mgga-4b/Cargo.toml
workspace: /workspace/Cargo.toml
warning: profiles for the non root package will be ignored, specify profiles at the workspace root:
package:   /workspace/crates/kernel-mgga-7a/Cargo.toml
workspace: /workspace/Cargo.toml
warning: profiles for the non root package will be ignored, specify profiles at the workspace root:
package:   /workspace/crates/kernel-mgga-7b/Cargo.toml
workspace: /workspace/Cargo.toml
warning: profiles for the non root package will be ignored, specify profiles at the workspace root:
package:   /workspace/crates/kernel-mgga-7c/Cargo.toml
workspace: /workspace/Cargo.toml
warning: profiles for the non root package will be ignored, specify profiles at the workspace root:
package:   /workspace/crates/kernel-mgga-7d/Cargo.toml
workspace: /workspace/Cargo.toml
warning: profiles for the non root package will be ignored, specify profiles at the workspace root:
package:   /workspace/crates/kernel-mgga-7e/Cargo.toml
workspace: /workspace/Cargo.toml
warning: profiles for the non root package will be ignored, specify profiles at the workspace root:
package:   /workspace/crates/kernel-mgga-8a/Cargo.toml
workspace: /workspace/Cargo.toml
warning: profiles for the non root package will be ignored, specify profiles at the workspace root:
package:   /workspace/crates/kernel-mgga-8b/Cargo.toml
workspace: /workspace/Cargo.toml
warning: profiles for the non root package will be ignored, specify profiles at the workspace root:
package:   /workspace/crates/kernel-mgga-8c/Cargo.toml
workspace: /workspace/Cargo.toml
warning: profiles for the non root package will be ignored, specify profiles at the workspace root:
package:   /workspace/crates/kernel-mgga-8d/Cargo.toml
workspace: /workspace/Cargo.toml
warning: profiles for the non root package will be ignored, specify profiles at the workspace root:
package:   /workspace/crates/kernel-mgga-8e/Cargo.toml
workspace: /workspace/Cargo.toml
warning: profiles for the non root package will be ignored, specify profiles at the workspace root:
package:   /workspace/crates/kernel-mgga-8f/Cargo.toml
workspace: /workspace/Cargo.toml
warning: profiles for the non root package will be ignored, specify profiles at the workspace root:
package:   /workspace/crates/kernel-mgga-9a/Cargo.toml
workspace: /workspace/Cargo.toml
warning: profiles for the non root package will be ignored, specify profiles at the workspace root:
package:   /workspace/crates/kernel-mgga-9b/Cargo.toml
workspace: /workspace/Cargo.toml
    Blocking waiting for file lock on build directory
warning: value assigned to `result` is never read
  --> crates/kernel-math/src/lambert_w.rs:26:22
   |
26 |     let mut result = 0.0f64;
   |                      ^^^^^^
   |
   = help: maybe it is overwritten before being read?
   = note: `#[warn(unused_assignments)]` (part of `#[warn(unused)]`) on by default

warning: value assigned to `w0` is never read
  --> crates/kernel-math/src/lambert_w.rs:36:22
   |
36 |         let mut w0 = 0.0f64;
   |                      ^^^^^^
   |
   = help: maybe it is overwritten before being read?

warning: value assigned to `b2` is never read
  --> crates/kernel-math/src/expint_e1.rs:22:23
   |
22 |     let mut b2: f64 = 0.0;
   |                       ^^^
   |
   = help: maybe it is overwritten before being read?

warning: value assigned to `b2` is never read
  --> crates/kernel-math/src/expint_e1.rs:72:23
   |
72 |     let mut b2: f64 = 0.0;
   |                       ^^^
   |
   = help: maybe it is overwritten before being read?

warning: value assigned to `b2` is never read
   --> crates/kernel-math/src/expint_e1.rs:107:23
    |
107 |     let mut b2: f64 = 0.0;
    |                       ^^^
    |
    = help: maybe it is overwritten before being read?

warning: value assigned to `b2` is never read
   --> crates/kernel-math/src/expint_e1.rs:136:23
    |
136 |     let mut b2: f64 = 0.0;
    |                       ^^^
    |
    = help: maybe it is overwritten before being read?

warning: value assigned to `b2` is never read
   --> crates/kernel-math/src/expint_e1.rs:162:23
    |
162 |     let mut b2: f64 = 0.0;
    |                       ^^^
    |
    = help: maybe it is overwritten before being read?

warning: value assigned to `b2` is never read
   --> crates/kernel-math/src/expint_e1.rs:197:23
    |
197 |     let mut b2: f64 = 0.0;
    |                       ^^^
    |
    = help: maybe it is overwritten before being read?

warning: value assigned to `e1` is never read
   --> crates/kernel-math/src/expint_e1.rs:233:18
    |
233 |     let mut e1 = 0.0f64;
    |                  ^^^^^^
    |
    = help: maybe it is overwritten before being read?

warning: value assigned to `b2` is never read
  --> crates/kernel-math/src/special.rs:36:18
   |
36 |     let mut b2 = 0.0f64;
   |                  ^^^^^^
   |
   = help: maybe it is overwritten before being read?

warning: value assigned to `dspenc` is never read
   --> crates/kernel-math/src/special.rs:139:22
    |
139 |     let mut dspenc = 0.0f64;
    |                      ^^^^^^
    |
    = help: maybe it is overwritten before being read?

warning: value assigned to `result` is never read
   --> crates/kernel-math/src/special.rs:208:22
    |
208 |     let mut result = 0.0f64;
    |                      ^^^^^^
    |
    = help: maybe it is overwritten before being read?

warning: value assigned to `result` is never read
   --> crates/kernel-math/src/special.rs:242:22
    |
242 |     let mut result = 0.0f64;
    |                      ^^^^^^
    |
    = help: maybe it is overwritten before being read?

warning: value assigned to `fa` is never read
   --> crates/kernel-math/src/br89.rs:223:830
    |
223 | ...et tfa = fa; let tfb = fb; a = select(sw, tb, ta); fa = select(sw, tfb, tfa); b = select(sw, ta, tb); fb = select(sw, tfa, tfb);
    |                                                       ^^^^^^^^^^^^^^^^^^^^^^^^^
    |
    = help: maybe it is overwritten before being read?

warning: value assigned to `fb` is never read
   --> crates/kernel-math/src/br89.rs:223:881
    |
223 | ...fa = select(sw, tfb, tfa); b = select(sw, ta, tb); fb = select(sw, tfa, tfb);
    |                                                       ^^^^^^^^^^^^^^^^^^^^^^^^^
    |
    = help: maybe it is overwritten before being read?

warning: value assigned to `c` is never read
   --> crates/kernel-math/src/br89.rs:223:584
    |
223 | ...ct(do_bi, 1.0f64, 0.0f64); let fs = br89_obj(s, rhs); d = c; c = b; fc = fb; let rl = fa*fs < 0.0; b = select(rl, s, b); fb = se...
    |                                                                 ^^^^^
    |
    = help: maybe it is overwritten before being read?

warning: value assigned to `fc` is never read
   --> crates/kernel-math/src/br89.rs:223:591
    |
223 | ..., 1.0f64, 0.0f64); let fs = br89_obj(s, rhs); d = c; c = b; fc = fb; let rl = fa*fs < 0.0; b = select(rl, s, b); fb = select(rl,...
    |                                                                ^^^^^^^
    |
    = help: maybe it is overwritten before being read?

warning: value assigned to `d` is never read
   --> crates/kernel-math/src/br89.rs:223:577
    |
223 | ... = select(do_bi, 1.0f64, 0.0f64); let fs = br89_obj(s, rhs); d = c; c = b; fc = fb; let rl = fa*fs < 0.0; b = select(rl, s, b); ...
    |                                                                 ^^^^^
    |
    = help: maybe it is overwritten before being read?

warning: value assigned to `mf` is never read
   --> crates/kernel-math/src/br89.rs:223:514
    |
223 | ...||c3||c4||c5; s = select(do_bi, (a+b)*0.5, s); mf = select(do_bi, 1.0f64, 0.0f64); let fs = br89_obj(s, rhs); d = c; c = b; fc =...
    |                                                   ^^^^^^^^^^^^^^^^^^^^^^^^^^^^^^^^^^
    |
    = help: maybe it is overwritten before being read?

warning: value assigned to `fa` is never read
   --> crates/kernel-math/src/mbrxc.rs:129:831
    |
129 | ...et tfa = fa; let tfb = fb; a = select(sw, tb, ta); fa = select(sw, tfb, tfa); b = select(sw, ta, tb); fb = select(sw, tfa, tfb);
    |                                                       ^^^^^^^^^^^^^^^^^^^^^^^^^
    |
    = help: maybe it is overwritten before being read?

warning: value assigned to `fb` is never read
   --> crates/kernel-math/src/mbrxc.rs:129:882
    |
129 | ...fa = select(sw, tfb, tfa); b = select(sw, ta, tb); fb = select(sw, tfa, tfb);
    |                                                       ^^^^^^^^^^^^^^^^^^^^^^^^^
    |
    = help: maybe it is overwritten before being read?

warning: value assigned to `c` is never read
   --> crates/kernel-math/src/mbrxc.rs:129:585
    |
129 | ...t(do_bi, 1.0f64, 0.0f64); let fs = mbrxc_obj(s, rhs); d = c; c = b; fc = fb; let rl = fa*fs < 0.0; b = select(rl, s, b); fb = se...
    |                                                                 ^^^^^
    |
    = help: maybe it is overwritten before being read?

warning: value assigned to `fc` is never read
   --> crates/kernel-math/src/mbrxc.rs:129:592
    |
129 | ... 1.0f64, 0.0f64); let fs = mbrxc_obj(s, rhs); d = c; c = b; fc = fb; let rl = fa*fs < 0.0; b = select(rl, s, b); fb = select(rl,...
    |                                                                ^^^^^^^
    |
    = help: maybe it is overwritten before being read?

warning: value assigned to `d` is never read
   --> crates/kernel-math/src/mbrxc.rs:129:578
    |
129 | ...= select(do_bi, 1.0f64, 0.0f64); let fs = mbrxc_obj(s, rhs); d = c; c = b; fc = fb; let rl = fa*fs < 0.0; b = select(rl, s, b); ...
    |                                                                 ^^^^^
    |
    = help: maybe it is overwritten before being read?

warning: value assigned to `mf` is never read
   --> crates/kernel-math/src/mbrxc.rs:129:514
    |
129 | ...||c3||c4||c5; s = select(do_bi, (a+b)*0.5, s); mf = select(do_bi, 1.0f64, 0.0f64); let fs = mbrxc_obj(s, rhs); d = c; c = b; fc ...
    |                                                   ^^^^^^^^^^^^^^^^^^^^^^^^^^^^^^^^^^
    |
    = help: maybe it is overwritten before being read?

warning: value assigned to `s` is never read
  --> crates/kernel-math/src/mbrxc.rs:67:21
   |
67 |         let mut s = 0.0f64;
   |                     ^^^^^^
   |
   = help: maybe it is overwritten before being read?

warning: module `Heaviside` should have a snake case name
  --> crates/kernel-math/src/piecewise.rs:22:8
   |
22 | pub fn Heaviside(x: f64) -> f64 {
   |        ^^^^^^^^^ help: convert the identifier to snake case: `heaviside`
   |
   = note: `#[warn(non_snake_case)]` (part of `#[warn(nonstandard_style)]`) on by default

warning: `libxc-kernel-math` (lib) generated 27 warnings
    Checking libxc-kernel-mgga-36b v0.1.0 (/workspace/crates/kernel-mgga-36b)
    Checking libxc-kernel-mgga-14j v0.1.0 (/workspace/crates/kernel-mgga-14j)
    Checking libxc-kernel-mgga-14l v0.1.0 (/workspace/crates/kernel-mgga-14l)
    Checking libxc-kernel-mgga-15b v0.1.0 (/workspace/crates/kernel-mgga-15b)
    Checking libxc-kernel-mgga-18a v0.1.0 (/workspace/crates/kernel-mgga-18a)
    Checking libxc-kernel-mgga-21 v0.1.0 (/workspace/crates/kernel-mgga-21)
    Checking libxc-kernel-mgga-22d v0.1.0 (/workspace/crates/kernel-mgga-22d)
    Checking libxc-kernel-mgga-20l v0.1.0 (/workspace/crates/kernel-mgga-20l)
    Checking libxc-kernel-mgga-2b v0.1.0 (/workspace/crates/kernel-mgga-2b)
    Checking libxc-kernel-mgga-20j v0.1.0 (/workspace/crates/kernel-mgga-20j)
    Checking libxc-kernel-mgga-10b v0.1.0 (/workspace/crates/kernel-mgga-10b)
    Checking libxc-kernel-mgga-19f v0.1.0 (/workspace/crates/kernel-mgga-19f)
    Checking libxc-kernel-mgga-15e v0.1.0 (/workspace/crates/kernel-mgga-15e)
    Checking libxc-kernel-mgga-24b v0.1.0 (/workspace/crates/kernel-mgga-24b)
    Checking libxc-kernel-mgga-15c v0.1.0 (/workspace/crates/kernel-mgga-15c)
    Checking libxc-kernel-mgga-7c v0.1.0 (/workspace/crates/kernel-mgga-7c)
    Checking libxc-kernel-mgga-14h v0.1.0 (/workspace/crates/kernel-mgga-14h)
    Checking libxc-kernel-mgga-12d v0.1.0 (/workspace/crates/kernel-mgga-12d)
    Checking libxc-kernel-mgga-14g v0.1.0 (/workspace/crates/kernel-mgga-14g)
    Checking libxc-kernel-mgga-20h v0.1.0 (/workspace/crates/kernel-mgga-20h)
    Checking libxc-kernel-mgga-23 v0.1.0 (/workspace/crates/kernel-mgga-23)
    Checking libxc-kernel-mgga-32a v0.1.0 (/workspace/crates/kernel-mgga-32a)
    Checking libxc-kernel-mgga-37a v0.1.0 (/workspace/crates/kernel-mgga-37a)
    Checking libxc-kernel-mgga-25b v0.1.0 (/workspace/crates/kernel-mgga-25b)
    Checking libxc-kernel-mgga-22a v0.1.0 (/workspace/crates/kernel-mgga-22a)
    Checking libxc-kernel-mgga-13b v0.1.0 (/workspace/crates/kernel-mgga-13b)
    Checking libxc-kernel-mgga-12a v0.1.0 (/workspace/crates/kernel-mgga-12a)
    Checking libxc-kernel-mgga-14c v0.1.0 (/workspace/crates/kernel-mgga-14c)
    Checking libxc-kernel-mgga-15f v0.1.0 (/workspace/crates/kernel-mgga-15f)
    Checking libxc-kernel-mgga-14e v0.1.0 (/workspace/crates/kernel-mgga-14e)
    Checking libxc-kernel-mgga-20a v0.1.0 (/workspace/crates/kernel-mgga-20a)
    Checking libxc-kernel-mgga-18c v0.1.0 (/workspace/crates/kernel-mgga-18c)
    Checking libxc-kernel-mgga-9a v0.1.0 (/workspace/crates/kernel-mgga-9a)
    Checking libxc-kernel-mgga-16 v0.1.0 (/workspace/crates/kernel-mgga-16)
    Checking libxc-kernel-mgga-31 v0.1.0 (/workspace/crates/kernel-mgga-31)
    Checking libxc-kernel-mgga-7e v0.1.0 (/workspace/crates/kernel-mgga-7e)
    Checking libxc-kernel-mgga-1a v0.1.0 (/workspace/crates/kernel-mgga-1a)
    Checking libxc-kernel-mgga-28 v0.1.0 (/workspace/crates/kernel-mgga-28)
    Checking libxc-kernel-mgga-12b v0.1.0 (/workspace/crates/kernel-mgga-12b)
    Checking libxc-kernel-mgga-14f v0.1.0 (/workspace/crates/kernel-mgga-14f)
    Checking libxc-kernel-mgga-35 v0.1.0 (/workspace/crates/kernel-mgga-35)
    Checking libxc-kernel-mgga-25a v0.1.0 (/workspace/crates/kernel-mgga-25a)
    Checking libxc-kernel-mgga-5 v0.1.0 (/workspace/crates/kernel-mgga-5)
    Checking libxc-kernel-mgga-7b v0.1.0 (/workspace/crates/kernel-mgga-7b)
    Checking libxc-kernel-mgga-20d v0.1.0 (/workspace/crates/kernel-mgga-20d)
    Checking libxc-kernel-mgga-9b v0.1.0 (/workspace/crates/kernel-mgga-9b)
    Checking libxc-kernel-mgga-13a v0.1.0 (/workspace/crates/kernel-mgga-13a)
    Checking libxc-kernel-mgga-19d v0.1.0 (/workspace/crates/kernel-mgga-19d)
    Checking libxc-kernel-mgga-14a v0.1.0 (/workspace/crates/kernel-mgga-14a)
    Checking libxc-kernel-mgga-37b v0.1.0 (/workspace/crates/kernel-mgga-37b)
    Checking libxc-kernel-mgga-8d v0.1.0 (/workspace/crates/kernel-mgga-8d)
    Checking libxc-kernel-mgga-15d v0.1.0 (/workspace/crates/kernel-mgga-15d)
    Checking libxc-kernel-mgga-22b v0.1.0 (/workspace/crates/kernel-mgga-22b)
    Checking libxc-kernel-mgga-12c v0.1.0 (/workspace/crates/kernel-mgga-12c)
    Checking libxc-kernel-mgga-24a v0.1.0 (/workspace/crates/kernel-mgga-24a)
    Checking libxc-kernel-mgga-26b v0.1.0 (/workspace/crates/kernel-mgga-26b)
    Checking libxc-kernel-mgga-14d v0.1.0 (/workspace/crates/kernel-mgga-14d)
    Checking libxc-kernel-mgga-10a v0.1.0 (/workspace/crates/kernel-mgga-10a)
    Checking libxc-kernel-mgga-11b v0.1.0 (/workspace/crates/kernel-mgga-11b)
    Checking libxc-kernel-mgga-20f v0.1.0 (/workspace/crates/kernel-mgga-20f)
    Checking libxc-kernel-mgga-22c v0.1.0 (/workspace/crates/kernel-mgga-22c)
    Checking libxc-kernel-mgga-3a v0.1.0 (/workspace/crates/kernel-mgga-3a)
    Checking libxc-kernel-mgga-8b v0.1.0 (/workspace/crates/kernel-mgga-8b)
    Checking libxc-kernel-mgga-3b v0.1.0 (/workspace/crates/kernel-mgga-3b)
    Checking libxc-kernel-mgga-6 v0.1.0 (/workspace/crates/kernel-mgga-6)
    Checking libxc-kernel-mgga-8e v0.1.0 (/workspace/crates/kernel-mgga-8e)
    Checking libxc-kernel-mgga-19b v0.1.0 (/workspace/crates/kernel-mgga-19b)
    Checking libxc-kernel-mgga-29 v0.1.0 (/workspace/crates/kernel-mgga-29)
    Checking libxc-kernel-mgga-1b v0.1.0 (/workspace/crates/kernel-mgga-1b)
    Checking libxc-kernel-mgga-20c v0.1.0 (/workspace/crates/kernel-mgga-20c)
    Checking libxc-kernel-mgga-8f v0.1.0 (/workspace/crates/kernel-mgga-8f)
    Checking libxc-kernel-mgga-19e v0.1.0 (/workspace/crates/kernel-mgga-19e)
    Checking libxc-kernel-mgga-1c v0.1.0 (/workspace/crates/kernel-mgga-1c)
    Checking libxc-kernel-mgga-33 v0.1.0 (/workspace/crates/kernel-mgga-33)
