   3173  0.0  0.0  3584       01:27
Mem:           24448        5331       17704           3        1726       19117
   3173  0.0  0.0  3584       01:57
Mem:           24448        6482       16538           3        1741       17965
   3173  0.0  0.0  3584       02:27
Mem:           24448        6189       16798           3        1774       18258
   3173  0.0  0.0  3584       02:57
Mem:           24448        5890       17096           3        1775       18557
   3173  0.0  0.0  3584       03:27
Mem:           24448        6188       16798           3        1775       18259
   3173  0.0  0.0  3584       03:57
Mem:           24448        6269       16717           3        1775       18178
   3173  0.0  0.0  3584       04:27
Mem:           24448        6428       16558           3        1775       18019
   3173  0.0  0.0  3584       04:57
Mem:           24448        6639       16347           3        1775       17809
   3173  0.0  0.0  3584       05:27
Mem:           24448        6766       16220           3        1775       17681
   3173  0.0  0.0  3584       05:57
Mem:           24448        6947       16038           3        1775       17500
   3173  0.0  0.0  3584       06:27
Mem:           24448        7073       15913           3        1775       17374
   3173  0.0  0.0  3584       06:57
Mem:           24448        7184       15802           3        1775       17263
   3173  0.0  0.0  3584       07:27
Mem:           24448        7245       15741           3        1775       17203
   3173  0.0  0.0  3584       07:57
Mem:           24448        7320       15665           3        1776       17127
   3173  0.0  0.0  3584       08:27
Mem:           24448        7401       15584           3        1776       17047
   3173  0.0  0.0  3584       08:57
Mem:           24448        7629       15355           3        1776       16818
   3173  0.0  0.0  3584       09:27
Mem:           24448        7804       15181           3        1776       16644
   3173  0.0  0.0  3584       09:57
Mem:           24448        8265       14707           3        1788       16182
   3173  0.0  0.0  3584       10:27
Mem:           24448       11277       11695           3        1788       13170
   3173  0.0  0.0  3584       10:57
Mem:           24448       16057        6915           3        1788        8390
   3173  0.0  0.0  3584       11:27
Mem:           24448       17238        5734           3        1788        7209
   3173  0.0  0.0  2816       11:57
Mem:           24448       24283         245           3         187         164
   3173  0.0  0.0  2816       12:27
Mem:           24448       12615       11673           3         472       11832
   3173  0.0  0.0  2816       12:57
Mem:           24448       12733       11548           3         480       11715
   3173  0.0  0.0  2816       13:27
Mem:           24448       13474       10797           3         490       10973
    PID %CPU %MEM   RSS     ELAPSED
Mem:           24448        1365       22861           3         535       23082
