# 260520-c91 Task 2 compile log — NOT ATTEMPTED
#
# Per task instructions:
#   "If sanity-check fails (no meta dirs, files still 7-10K, etc.), STOP —
#    translator branch isn't firing as designed; do NOT proceed to the
#    compile."
#
# Sanity-check FAILED:
#   - No meta* directories were emitted under
#     crates/kernels/mgga/mgga_c_tpssloc/src/lxc_pol/ at any depth.
#   - part21/mod.rs after regen was 9698 lines (Path A's flat-CSE shape;
#     identical to the predecessor task's OOM-killed regen).
#
# See 260520-c91-regen.log for the root-cause analysis (hier branch is
# gated behind a wrapper-cap rejection that Path A's raised cap (15000)
# already swallows for tpssloc, leaving the branch unreachable).
#
# /usr/bin/time -v cargo build -p libxc-kernel-mgga_c_tpssloc
#   NOT RUN — would have measured identical RAM peak to Path A's known
#   ~16 GB OOM; no information value, and the box's RAM budget does not
#   admit speculative compile cycles (per memory feedback_ram_constraints).
#
# Disposition for SUMMARY:
#   OUTCOME = TRANSLATOR-DESIGN-DEFECT-CAUGHT-PRE-COMPILE
#   PEAK_RSS = n/a (compile not attempted)
#   EXIT_CODE = n/a (compile not attempted)
#   META_FANOUT_USED = 12 (default, irrelevant — grouper never invoked)
#
# Next session action:
#   Re-gate the hier branch so it fires when wrapper would exceed the
#   BASE split_threshold (4500) under LIBXC_RS_HIERARCHICAL_CSE=1,
#   independent of the raised wrapper cap. ~5-10 LoC in
#   per_functional.py:_cse_chunk_part. Grouper, _build_meta_fn,
#   _build_hier_wrapper, and emit.py cse-hier path all in place and
#   selftests-PASS — only the call-site gate is wrong.
