# 260520-c91 RETRY — Task 2 re-run after gate-fix landing on top of 2c7d3a0a48
#
# Captured cargo output (only one line made it before OOM kill cut the pipe):

   Compiling libxc-kernel-mgga_c_tpssloc v0.1.0 (/home/user/Documents/workspace/libxc_rs/crates/kernels/mgga/mgga_c_tpssloc)

# Exit status: 137 (SIGKILL — oom_killer).
# /usr/bin/time -v summary did NOT emit (process killed before time printed
# its post-mortem). No peak RSS line is in this log.

# ─────────────────────────────────────────────────────────────────────────
# Setup before this attempt
# ─────────────────────────────────────────────────────────────────────────
#   - Translator gate fix applied: hier branch hoisted ABOVE the Path A
#     wrapper-cap calculation, gated on:
#         LIBXC_RS_HIERARCHICAL_CSE=1 AND wrapper_lines > split_threshold
#     (split_threshold = BASE 4500, NOT Path A's raised 15000).
#   - emit.py --selftest           → PASS
#   - per_functional.py --selftest → PASS
#   - Default-OFF gga_c_pbe zero-diff (translate_gga driver) → CONFIRMED

# ─────────────────────────────────────────────────────────────────────────
# Regen result (LIBXC_RS_HIERARCHICAL_CSE=1 LIBXC_RS_ACCEPT_OVERSIZED_WRAPPER=1)
# ─────────────────────────────────────────────────────────────────────────
#  ✅ Hier branch FIRED for the 9 problem parts. 7366 `meta*` directories
#     materialized under crates/kernels/mgga/mgga_c_tpssloc/src/lxc_pol/.
#
#  ✅ Top wrapper sizes dropped dramatically:
#         part19  9699L  →  1217L (-87%)
#         part20  8172L  →  2162L (-74%)
#         part21  9698L  →  2654L (-73%)
#         part22  8198L  →  2396L (-71%)
#         part23  4617L  →  1520L (-67%)
#         part27  7152L  →  2045L (-71%)
#         part28  6159L  →  1949L (-68%)
#         part29  7107L  →  2096L (-71%)
#         part30  7059L  →  2162L (-69%)
#         part31  6159L  →  2060L (-67%)
#         part32  7143L  →  2222L (-69%)
#
#  ✅ Largest single .rs file in crate: 4487 lines (part54/mod.rs — a top
#     wrapper) — under the 5K target.
#
#  ✅ Meta wrapper bodies: ~36-45 lines each. Effective leaves-per-meta
#     averaged ~4 (well below META_FANOUT=12 default) because
#     MAX_TUPLE_ARITY=12 live-set guard was the binding constraint for
#     dense 4th-derivative parts.

# ─────────────────────────────────────────────────────────────────────────
# New diagnosis: per-fn OOM was FIXED. AGGREGATE rustc state OOMs now.
# ─────────────────────────────────────────────────────────────────────────
# File count exploded as a side-effect of the hierarchical layout:
#     HEAD baseline:  30,795 .rs files in tpssloc crate
#     With hier ON:   63,360 .rs files (≈2× more)
#
# Under jobs=1, ONE rustc process compiles the entire tpssloc crate. It
# must parse + expand `#[cube]` macros on + hold IR for every module in
# memory simultaneously. With ~63K modules + their expansion outputs +
# rustc's monomorphization table for the trait-bound `<F: Float>` generics,
# the aggregate state exceeds the 30 GB budget even though each individual
# `#[cube] fn` is now small.
#
# This is a fundamentally different bottleneck than the previous failure:
#     Path A     : ONE 10K-line #[cube] fn → ~16 GB during one expansion
#     Hier (now) : ~63K small #[cube] fns → aggregate parse+IR+mono > 30 GB

# ─────────────────────────────────────────────────────────────────────────
# Why META_FANOUT tuning cannot fix this
# ─────────────────────────────────────────────────────────────────────────
# The single retry budget (META_FANOUT=8) would NOT help:
#   - Lowering META_FANOUT (8 or 4)  → MORE metas  → MORE files  → worse.
#   - Raising META_FANOUT (24 or 48) → no-op for tpssloc because
#     MAX_TUPLE_ARITY=12 already caps effective meta size at ~4 leaves
#     for dense 4th-derivative parts.
# META_FANOUT is therefore neutral-or-bad here; the retry would just burn
# another OOM cycle without information value. Skipping per agreed
# single-retry budget.

# ─────────────────────────────────────────────────────────────────────────
# Next moves (deferred — architectural, NOT a retry of this quick task)
# ─────────────────────────────────────────────────────────────────────────
# Option A — Workspace sub-crate split
#   Split mgga_c_tpssloc into multiple smaller workspace members at the
#   part boundary (e.g. parts 0-50 in one sub-crate, parts 51-110 in
#   another). Each sub-crate compiles in its own rustc process,
#   bounding aggregate state. Mirrors the existing MGGA repacking
#   strategy (mgga-1..mgga-14). Estimate: 1-2 hours.
#
# Option B — 3-tier recursion (meta → super-meta → top)
#   Add another wrapper tier so each level's #[cube] fn body AND total
#   submodule count both stay bounded. Would bring tpssloc's submodule
#   count below the rustc aggregate threshold. Estimate: 2-3 hours of
#   translator work + a compile cycle.
#
# Option C — Keep current Path A behavior + tpssloc-skip in Plan 11.1-03 G4
#   Status quo for the kernels tree. tpssloc remains deferred from
#   default-members; G4 oracle gets a skip entry with rationale.

# ─────────────────────────────────────────────────────────────────────────
# Cleanup performed
# ─────────────────────────────────────────────────────────────────────────
#   git checkout HEAD -- crates/kernels/mgga/mgga_c_tpssloc/   # tracked files
#   rm -rf crates/kernels/mgga/mgga_c_tpssloc/src/lxc_pol/meta*  # untracked
#   rm -rf crates/kernels/mgga/mgga_c_tpssloc/src/lxc_pol/part{19,20,21,22,23,27,28,29,30,31,32}/
# Result: 30,795 .rs files restored — tpssloc subtree matches HEAD exactly.

# Translator gate fix remains landed (independently useful for any
# functional whose top wrapper exceeds 4500 lines but whose total file
# count stays manageable — i.e. NOT tpssloc, but POSSIBLY the other
# D-LOCK-B candidates: gga_c_ft97 lxc_pol, mgga_c_kcis/kcisk/revtpss/rmggac
# lxc_pol, lda_c_pk09 kxc_pol). Default-OFF safe; opt-in via
# LIBXC_RS_HIERARCHICAL_CSE=1.
