  CSE-REJECT mgga/mgga_c_tpssloc lxc_pol part19 (v4rho4_0): wrapper=4527L (cap=4500), n_chunks=1497, max_chunk=27L, top5_chunk_lines=[27, 27, 26, 26, 26]
  WARN: mgga/mgga_c_tpssloc lxc_pol part19 (v4rho4_0) over cap (~5183 est), not CSE-reducible — flat emit (D-LOCK-B exception)
  CSE-REJECT mgga/mgga_c_tpssloc lxc_pol part20 (v4rho4_1): wrapper=8172L (cap=4500), n_chunks=2712, max_chunk=27L, top5_chunk_lines=[27, 27, 26, 26, 26]
  WARN: mgga/mgga_c_tpssloc lxc_pol part20 (v4rho4_1) over cap (~8728 est), not CSE-reducible — flat emit (D-LOCK-B exception)
  CSE-REJECT mgga/mgga_c_tpssloc lxc_pol part21 (v4rho4_2): wrapper=9699L (cap=4500), n_chunks=3221, max_chunk=28L, top5_chunk_lines=[28, 26, 26, 26, 26]
  WARN: mgga/mgga_c_tpssloc lxc_pol part21 (v4rho4_2) over cap (~10082 est), not CSE-reducible — flat emit (D-LOCK-B exception)
  CSE-REJECT mgga/mgga_c_tpssloc lxc_pol part22 (v4rho4_3): wrapper=8199L (cap=4500), n_chunks=2721, max_chunk=28L, top5_chunk_lines=[28, 27, 26, 26, 26]
  WARN: mgga/mgga_c_tpssloc lxc_pol part22 (v4rho4_3) over cap (~8802 est), not CSE-reducible — flat emit (D-LOCK-B exception)
  CSE-REJECT mgga/mgga_c_tpssloc lxc_pol part23 (v4rho4_4): wrapper=4617L (cap=4500), n_chunks=1527, max_chunk=29L, top5_chunk_lines=[29, 28, 27, 26, 26]
  WARN: mgga/mgga_c_tpssloc lxc_pol part23 (v4rho4_4) over cap (~5256 est), not CSE-reducible — flat emit (D-LOCK-B exception)
  CSE-REJECT mgga/mgga_c_tpssloc lxc_pol part27 (v4rho3sigma_3): wrapper=7152L (cap=4500), n_chunks=2372, max_chunk=28L, top5_chunk_lines=[28, 28, 27, 27, 26]
  WARN: mgga/mgga_c_tpssloc lxc_pol part27 (v4rho3sigma_3) over cap (~9086 est), not CSE-reducible — flat emit (D-LOCK-B exception)
  CSE-REJECT mgga/mgga_c_tpssloc lxc_pol part28 (v4rho3sigma_4): wrapper=6159L (cap=4500), n_chunks=2041, max_chunk=28L, top5_chunk_lines=[28, 28, 27, 27, 27]
  WARN: mgga/mgga_c_tpssloc lxc_pol part28 (v4rho3sigma_4) over cap (~7894 est), not CSE-reducible — flat emit (D-LOCK-B exception)
  CSE-REJECT mgga/mgga_c_tpssloc lxc_pol part29 (v4rho3sigma_5): wrapper=7107L (cap=4500), n_chunks=2357, max_chunk=28L, top5_chunk_lines=[28, 28, 27, 27, 27]
  WARN: mgga/mgga_c_tpssloc lxc_pol part29 (v4rho3sigma_5) over cap (~9039 est), not CSE-reducible — flat emit (D-LOCK-B exception)
  CSE-REJECT mgga/mgga_c_tpssloc lxc_pol part30 (v4rho3sigma_6): wrapper=7059L (cap=4500), n_chunks=2341, max_chunk=28L, top5_chunk_lines=[28, 27, 27, 27, 27]
  WARN: mgga/mgga_c_tpssloc lxc_pol part30 (v4rho3sigma_6) over cap (~9071 est), not CSE-reducible — flat emit (D-LOCK-B exception)
  CSE-REJECT mgga/mgga_c_tpssloc lxc_pol part31 (v4rho3sigma_7): wrapper=6159L (cap=4500), n_chunks=2041, max_chunk=28L, top5_chunk_lines=[28, 27, 27, 27, 27]
  WARN: mgga/mgga_c_tpssloc lxc_pol part31 (v4rho3sigma_7) over cap (~7932 est), not CSE-reducible — flat emit (D-LOCK-B exception)
  CSE-REJECT mgga/mgga_c_tpssloc lxc_pol part32 (v4rho3sigma_8): wrapper=7143L (cap=4500), n_chunks=2369, max_chunk=28L, top5_chunk_lines=[28, 27, 27, 27, 27]
  WARN: mgga/mgga_c_tpssloc lxc_pol part32 (v4rho3sigma_8) over cap (~9118 est), not CSE-reducible — flat emit (D-LOCK-B exception)

emit_per_functional returned: ['exc_unpol', 'vxc_unpol', 'fxc_unpol', 'kxc_unpol', 'lxc_unpol', 'exc_pol', 'vxc_pol', 'fxc_pol', 'kxc_pol', 'lxc_pol']
