# Baseline reproduction — mgga_c_tpssloc compile (Task 1)

**Date:** 2026-05-19/20 (session straddling midnight)
**Command:** `/usr/bin/time -v cargo build -p libxc-kernel-mgga_c_tpssloc`
**Working tree:** dirty (`.cargo/config.toml` has `jobs` commented out → cargo uses default `num_cpus` parallelism, but `-p libxc-kernel-mgga_c_tpssloc` builds only one crate so only one rustc process is active for tpssloc)
**Deps cache state at start:** cubecl-core + libxc-kernel-math + 660 other dependency crates already cached; only tpssloc itself needed compilation.

## Live cargo stderr (truncated by OOM kill before time -v summary)

```
   Compiling libxc-kernel-mgga_c_tpssloc v0.1.0 (/home/user/Documents/workspace/libxc_rs/crates/kernels/mgga/mgga_c_tpssloc)
```

(rustc terminated by SIGKILL before completing — /usr/bin/time -v never wrote its summary line because the wrapped process did not exit normally.)

## Observed timeline (manual ps polling during the run)

| Elapsed | rustc PID 54726 RSS | rustc VSZ | System mem used | Notes |
|---|---|---|---|---|
| 0:00 | — | — | — | cargo invoked |
| ~0:20 | starts up | — | ~3 GB | `Compiling libxc-kernel-mgga_c_tpssloc v0.1.0` emitted |
| 2:05 | 23.2 GB | 32.3 GB | 27 GB | inside CubeCL `#[cube]` proc-macro expansion |
| 2:19 | 25.4 GB | 35.5 GB | 27 GB | mem ~1 GB free, 824 KB swap touched |
| 3:39 | 12.3 GB | 31.7 GB | 14 GB | RSS dropped — finished expanding one large fn, moved on |
| 4:03 | 12.6 GB | 31.9 GB | 14 GB | still compiling (later parts) |
| later | — | — | — | **rustc OOM-killed by kernel** (user report) |

**Peak observed RSS (during ps sampling):** **~25.4 GB** (rustc alone) on a 30 GB box, with 8 GB swap available (only 824 KB touched).
**Likely true peak (between samples):** higher — kernel OOM-killer fires when allocation requests fail; the sampled value is a lower bound on the actual peak that triggered the kill.
**Failure mode:** OOM kill (SIGKILL from kernel oom_killer), NOT stack overflow.
**Failing point:** somewhere in CubeCL `#[cube]` proc-macro expansion of one of the 9 mgga_c_tpssloc lxc_pol flat-emit parts (7.9K-10K lines, single `#[cube] fn` each), OR a later monster part during the second wave (the RSS-drop at 3:39 suggests one expansion completed and another grew larger).

## What this rules in / out

**Rules in:**
- Per-`#[cube] fn` proc-macro expansion memory accumulation is the root cause.
- cubecl-macros 0.10.0 holds full TokenStream + syn AST + Scope/Context state for the entire fn body during expansion → multi-GB working set per fn.
- The fix shape from `docs/manual/Cubecl/cubecl_macro_fanout_manual.md` (split into smaller `#[cube] fn` helpers so each macro expansion peaks lower) is the right direction.

**Rules out:**
- NOT a rustc stack overflow (my initial hypothesis was wrong). RUST_MIN_STACK = 64 MB is fine; the issue is heap allocation in proc-macro expansion.
- NOT a parallel-jobs OOM. Only ONE rustc process was active for tpssloc (single-crate `-p` build).
- NOT cargo's fault — `cargo build -p libxc-kernel-mgga_c_tpssloc` correctly limits parallelism.

## Open questions for Task 2 fix design

1. **Why does existing `_cse_chunk_part` return None for these parts?** The chunker forces cuts at `MAX_TUPLE_ARITY = 12` (cse.py:234-235). Hypothesis: either the wrapper file ends up oversized after many tiny chunks, OR specific chunks get inflated by bool rematerialization to >4500 lines. Needs instrumentation to confirm.
2. **What's the per-chunk RSS for a successfully-chunked dense kernel** (e.g. mgga_c_kcis at 28 GB peak in the 50-sample sweep)? Establishes the floor we're trying to hit.
3. **Is the 12-tuple ABI ceiling truly hard,** or can a wider `#[derive(CubeType)]` struct + custom getters work? Per cse.py:34 comment ("Verified 2026-05-15 via E0277"), tuples are capped at 12. Custom structs untested.

## Conclusion

The user's "memory spike" symptom is confirmed: rustc grows to ~25 GB RSS while expanding one of the monster `#[cube] fn` bodies, and the kernel OOM-killer terminates it before completion. Fix must reduce per-`#[cube] fn` body size so each macro expansion's peak memory is bounded.

EXIT=137 (SIGKILL by oom_killer)
