  WARN: lda/lda_c_pk09 kxc_pol part4 (v3rho3_0) over cap (~7338 est), not CSE-reducible — flat emit (D-LOCK-B exception)
  WARN: lda/lda_c_pk09 kxc_pol part5 (v3rho3_1) over cap (~13129 est), not CSE-reducible — flat emit (D-LOCK-B exception)
  WARN: lda/lda_c_pk09 kxc_pol part6 (v3rho3_2) over cap (~13167 est), not CSE-reducible — flat emit (D-LOCK-B exception)
  WARN: lda/lda_c_pk09 kxc_pol part7 (v3rho3_3) over cap (~7433 est), not CSE-reducible — flat emit (D-LOCK-B exception)
  WARN: lda/lda_c_pw_erf lxc_pol part4 (v4rho4_2) over cap (~6573 est), not CSE-reducible — flat emit (D-LOCK-B exception)
  WARN: lda/lda_xc_ksdt lxc_pol part6 (v4rho4_1) over cap (~8182 est), not CSE-reducible — flat emit (D-LOCK-B exception)
  WARN: lda/lda_xc_ksdt lxc_pol part7 (v4rho4_2) over cap (~9468 est), not CSE-reducible — flat emit (D-LOCK-B exception)
  WARN: lda/lda_xc_ksdt lxc_pol part8 (v4rho4_3) over cap (~8268 est), not CSE-reducible — flat emit (D-LOCK-B exception)
  WARN: gga/gga_c_ft97 lxc_pol part12 (v4rho4_1) over cap (~8973 est), not CSE-reducible — flat emit (D-LOCK-B exception)
  WARN: gga/gga_c_ft97 lxc_pol part13 (v4rho4_2) over cap (~10899 est), not CSE-reducible — flat emit (D-LOCK-B exception)
  WARN: gga/gga_c_ft97 lxc_pol part14 (v4rho4_3) over cap (~9331 est), not CSE-reducible — flat emit (D-LOCK-B exception)
  WARN: gga/gga_c_ft97 lxc_pol part18 (v4rho3sigma_3) over cap (~6593 est), not CSE-reducible — flat emit (D-LOCK-B exception)
  WARN: gga/gga_c_ft97 lxc_pol part20 (v4rho3sigma_5) over cap (~6319 est), not CSE-reducible — flat emit (D-LOCK-B exception)
  WARN: gga/gga_c_ft97 lxc_pol part21 (v4rho3sigma_6) over cap (~6394 est), not CSE-reducible — flat emit (D-LOCK-B exception)
  WARN: gga/gga_c_ft97 lxc_pol part23 (v4rho3sigma_8) over cap (~6667 est), not CSE-reducible — flat emit (D-LOCK-B exception)
  WARN: gga/gga_c_gapc lxc_unpol part3 (v4rho4) over cap (~4632 est), not CSE-reducible — flat emit (D-LOCK-B exception)
  WARN: gga/gga_c_gapc lxc_unpol part4 (v4rho3sigma) over cap (~5349 est), not CSE-reducible — flat emit (D-LOCK-B exception)
  WARN: gga/gga_c_gapc lxc_pol part4 (v4rho4_0) over cap (~4726 est), not CSE-reducible — flat emit (D-LOCK-B exception)
  WARN: gga/gga_c_gapc lxc_pol part5 (v4rho4_1) over cap (~4750 est), not CSE-reducible — flat emit (D-LOCK-B exception)
  WARN: gga/gga_c_gapc lxc_pol part6 (v4rho4_2) over cap (~4757 est), not CSE-reducible — flat emit (D-LOCK-B exception)
  WARN: gga/gga_c_gapc lxc_pol part7 (v4rho4_3) over cap (~4754 est), not CSE-reducible — flat emit (D-LOCK-B exception)
  WARN: gga/gga_c_gapc lxc_pol part8 (v4rho4_4) over cap (~4728 est), not CSE-reducible — flat emit (D-LOCK-B exception)
  WARN: gga/gga_c_gapc lxc_pol part9 (v4rho3sigma_0) over cap (~8260 est), not CSE-reducible — flat emit (D-LOCK-B exception)
  WARN: gga/gga_c_gapc lxc_pol part10 (v4rho3sigma_1) over cap (~8260 est), not CSE-reducible — flat emit (D-LOCK-B exception)
  WARN: gga/gga_c_gapc lxc_pol part11 (v4rho3sigma_2) over cap (~8261 est), not CSE-reducible — flat emit (D-LOCK-B exception)
  WARN: gga/gga_c_gapc lxc_pol part12 (v4rho3sigma_3) over cap (~8275 est), not CSE-reducible — flat emit (D-LOCK-B exception)
  WARN: gga/gga_c_gapc lxc_pol part13 (v4rho3sigma_4) over cap (~8275 est), not CSE-reducible — flat emit (D-LOCK-B exception)
  WARN: gga/gga_c_gapc lxc_pol part14 (v4rho3sigma_5) over cap (~8276 est), not CSE-reducible — flat emit (D-LOCK-B exception)
  WARN: gga/gga_c_gapc lxc_pol part15 (v4rho3sigma_6) over cap (~8278 est), not CSE-reducible — flat emit (D-LOCK-B exception)
  WARN: gga/gga_c_gapc lxc_pol part16 (v4rho3sigma_7) over cap (~8278 est), not CSE-reducible — flat emit (D-LOCK-B exception)
  WARN: gga/gga_c_gapc lxc_pol part17 (v4rho3sigma_8) over cap (~8279 est), not CSE-reducible — flat emit (D-LOCK-B exception)
  WARN: gga/gga_c_gapc lxc_pol part18 (v4rho3sigma_9) over cap (~8260 est), not CSE-reducible — flat emit (D-LOCK-B exception)
  WARN: gga/gga_c_gapc lxc_pol part19 (v4rho3sigma_10) over cap (~8260 est), not CSE-reducible — flat emit (D-LOCK-B exception)
  WARN: gga/gga_c_gapc lxc_pol part20 (v4rho3sigma_11) over cap (~8261 est), not CSE-reducible — flat emit (D-LOCK-B exception)
  WARN: gga/gga_c_optc lxc_pol part8 (v4rho4_1) over cap (~8234 est), not CSE-reducible — flat emit (D-LOCK-B exception)
  WARN: gga/gga_c_optc lxc_pol part9 (v4rho4_2) over cap (~9563 est), not CSE-reducible — flat emit (D-LOCK-B exception)
  WARN: gga/gga_c_optc lxc_pol part10 (v4rho4_3) over cap (~8316 est), not CSE-reducible — flat emit (D-LOCK-B exception)
  WARN: gga/gga_c_pbe_erf_gws lxc_pol part8 (v4rho4_1) over cap (~9103 est), not CSE-reducible — flat emit (D-LOCK-B exception)
  WARN: gga/gga_c_pbe_erf_gws lxc_pol part9 (v4rho4_2) over cap (~10775 est), not CSE-reducible — flat emit (D-LOCK-B exception)
  WARN: gga/gga_c_pbe_erf_gws lxc_pol part10 (v4rho4_3) over cap (~9187 est), not CSE-reducible — flat emit (D-LOCK-B exception)
  WARN: gga/gga_x_wpbeh lxc_pol part12 (v4rho4_1) over cap (~6601 est), not CSE-reducible — flat emit (D-LOCK-B exception)
  WARN: gga/gga_x_wpbeh lxc_pol part13 (v4rho4_2) over cap (~7591 est), not CSE-reducible — flat emit (D-LOCK-B exception)
  WARN: gga/gga_x_wpbeh lxc_pol part14 (v4rho4_3) over cap (~6824 est), not CSE-reducible — flat emit (D-LOCK-B exception)
  WARN: mgga/hyb_mgga_xc_wb97mv lxc_pol part7 (v4rho4_2) over cap (~4909 est), not CSE-reducible — flat emit (D-LOCK-B exception)
[lda] 43 Maple source(s) discovered (split_threshold=4500)
  OK: lda/hyb_lda_xc_bn05 (10 output module(s))
  OK: lda/lda_c_1d_csc (10 output module(s))
  OK: lda/lda_c_1d_loos (10 output module(s))
  OK: lda/lda_c_2d_amgb (10 output module(s))
  OK: lda/lda_c_2d_prm (10 output module(s))
  OK: lda/lda_c_chachiyo (10 output module(s))
  OK: lda/lda_c_chachiyo_mod (10 output module(s))
  OK: lda/lda_c_gk72 (10 output module(s))
  OK: lda/lda_c_gombas (10 output module(s))
  OK: lda/lda_c_hl (10 output module(s))
  OK: lda/lda_c_lp96 (10 output module(s))
  OK: lda/lda_c_ml1 (10 output module(s))
  OK: lda/lda_c_pk09 (8 output module(s))
  OK: lda/lda_c_pmgb06 (10 output module(s))
  OK: lda/lda_c_pw (10 output module(s))
  OK: lda/lda_c_pw_erf (10 output module(s))
  OK: lda/lda_c_pz (10 output module(s))
  OK: lda/lda_c_rc04 (10 output module(s))
  OK: lda/lda_c_rpa (10 output module(s))
  OK: lda/lda_c_vwn (10 output module(s))
  OK: lda/lda_c_vwn_1 (10 output module(s))
  OK: lda/lda_c_vwn_2 (10 output module(s))
  OK: lda/lda_c_vwn_3 (10 output module(s))
  OK: lda/lda_c_vwn_4 (10 output module(s))
  OK: lda/lda_c_vwn_rpa (10 output module(s))
  OK: lda/lda_c_w20 (10 output module(s))
  OK: lda/lda_c_wigner (10 output module(s))
  OK: lda/lda_k_gds08_worker (10 output module(s))
  OK: lda/lda_k_tf (10 output module(s))
  OK: lda/lda_k_zlp (10 output module(s))
  OK: lda/lda_x (10 output module(s))
  OK: lda/lda_x_1d_exponential (10 output module(s))
  OK: lda/lda_x_1d_soft (10 output module(s))
  OK: lda/lda_x_2d (10 output module(s))
  OK: lda/lda_x_erf (10 output module(s))
  OK: lda/lda_x_rel (10 output module(s))
  OK: lda/lda_x_sloc (10 output module(s))
  OK: lda/lda_x_yukawa (10 output module(s))
  OK: lda/lda_xc_1d_ehwlrg (10 output module(s))
  OK: lda/lda_xc_ksdt (10 output module(s))
  OK: lda/lda_xc_teter93 (10 output module(s))
  OK: lda/lda_xc_zlp (10 output module(s))
  OK: lda/lda_xc_tih (8 output module(s))
[lda] ok=43 skipped=0 failed=0
[gga] 131 Maple source(s) discovered (split_threshold=4500)
  OK: gga/gga_c_acgga (10 output module(s))
  OK: gga/gga_c_acggap (10 output module(s))
  OK: gga/gga_c_am05 (10 output module(s))
  OK: gga/gga_c_bmk (10 output module(s))
  OK: gga/gga_c_ccdf (10 output module(s))
  OK: gga/gga_c_chachiyo (10 output module(s))
  OK: gga/gga_c_cs1 (10 output module(s))
  OK: gga/gga_c_ft97 (10 output module(s))
  OK: gga/gga_c_gapc (10 output module(s))
  OK: gga/gga_c_gaploc (10 output module(s))
  OK: gga/gga_c_hcth_a (10 output module(s))
  OK: gga/gga_c_lm (10 output module(s))
  OK: gga/gga_c_lyp (10 output module(s))
  OK: gga/gga_c_lypr (10 output module(s))
  OK: gga/gga_c_op_b88 (10 output module(s))
  OK: gga/gga_c_op_g96 (10 output module(s))
  OK: gga/gga_c_op_pbe (10 output module(s))
  OK: gga/gga_c_op_pw91 (10 output module(s))
  OK: gga/gga_c_op_xalpha (10 output module(s))
  OK: gga/gga_c_optc (10 output module(s))
  OK: gga/gga_c_p86 (10 output module(s))
  OK: gga/gga_c_p86vwn (10 output module(s))
  OK: gga/gga_c_pbe (10 output module(s))
  OK: gga/gga_c_pbe_erf_gws (10 output module(s))
  OK: gga/gga_c_pbe_vwn (10 output module(s))
  OK: gga/gga_c_pbeloc (10 output module(s))
  OK: gga/gga_c_pw91 (10 output module(s))
  OK: gga/gga_c_q2d (10 output module(s))
  OK: gga/gga_c_regtpss (10 output module(s))
  OK: gga/gga_c_revtca (10 output module(s))
  OK: gga/gga_c_scan_e0 (10 output module(s))
  OK: gga/gga_c_sg4 (10 output module(s))
  OK: gga/gga_c_sogga11 (10 output module(s))
  OK: gga/gga_c_tca (10 output module(s))
  OK: gga/gga_c_w94 (10 output module(s))
  OK: gga/gga_c_wi (10 output module(s))
  OK: gga/gga_c_wl (10 output module(s))
  OK: gga/gga_c_zpbeint (10 output module(s))
  OK: gga/gga_c_zvpbeint (10 output module(s))
  OK: gga/gga_c_zvpbeloc (10 output module(s))
  OK: gga/gga_k_apbe (10 output module(s))
  OK: gga/gga_k_apbeint (10 output module(s))
  OK: gga/gga_k_dk (10 output module(s))
  OK: gga/gga_k_exp4 (10 output module(s))
  OK: gga/gga_k_lc94 (10 output module(s))
  OK: gga/gga_k_lgap (10 output module(s))
  OK: gga/gga_k_lgap_ge (10 output module(s))
  OK: gga/gga_k_lkt (10 output module(s))
  OK: gga/gga_k_llp (10 output module(s))
  OK: gga/gga_k_meyer (10 output module(s))
  OK: gga/gga_k_mpbe (10 output module(s))
  OK: gga/gga_k_ol1 (10 output module(s))
  OK: gga/gga_k_ol2 (10 output module(s))
  OK: gga/gga_k_pearson (10 output module(s))
  OK: gga/gga_k_pg (10 output module(s))
  OK: gga/gga_k_pw86 (10 output module(s))
  OK: gga/gga_k_rational_p (10 output module(s))
  OK: gga/gga_k_tflw (10 output module(s))
  OK: gga/gga_k_thakkar (10 output module(s))
  OK: gga/gga_k_vt84f (10 output module(s))
  OK: gga/gga_x_2d_b86 (10 output module(s))
  OK: gga/gga_x_2d_b86_mgc (10 output module(s))
  OK: gga/gga_x_2d_b88 (10 output module(s))
  OK: gga/gga_x_2d_pbe (10 output module(s))
  OK: gga/gga_x_airy (10 output module(s))
  OK: gga/gga_x_ak13 (10 output module(s))
  OK: gga/gga_x_am05 (10 output module(s))
  OK: gga/gga_x_b86 (10 output module(s))
  OK: gga/gga_x_b88 (10 output module(s))
  OK: gga/gga_x_bayesian (10 output module(s))
  OK: gga/gga_x_beefvdw (10 output module(s))
  OK: gga/gga_x_bpccac (10 output module(s))
  OK: gga/gga_x_c09x (10 output module(s))
  OK: gga/gga_x_cap (10 output module(s))
  OK: gga/gga_x_chachiyo (10 output module(s))
  OK: gga/gga_x_dk87 (10 output module(s))
  OK: gga/gga_x_ev93 (10 output module(s))
  OK: gga/gga_x_fd_lb94 (10 output module(s))
  OK: gga/gga_x_ft97 (10 output module(s))
  OK: gga/gga_x_g96 (10 output module(s))
  OK: gga/gga_x_gg99 (10 output module(s))
  OK: gga/gga_x_hcth_a (10 output module(s))
  OK: gga/gga_x_herman (10 output module(s))
  OK: gga/gga_x_hjs (10 output module(s))
  OK: gga/gga_x_hjs_b88_v2 (10 output module(s))
  OK: gga/gga_x_htbs (10 output module(s))
  OK: gga/gga_x_ityh (10 output module(s))
  OK: gga/gga_x_ityh_optx (10 output module(s))
  OK: gga/gga_x_ityh_pbe (10 output module(s))
  OK: gga/gga_x_kt (10 output module(s))
  OK: gga/gga_x_lag (10 output module(s))
  OK: gga/gga_x_lcgau (10 output module(s))
  OK: gga/gga_x_lg93 (10 output module(s))
  OK: gga/gga_x_lspbe (10 output module(s))
  OK: gga/gga_x_lsrpbe (10 output module(s))
  OK: gga/gga_x_lv_rpw86 (10 output module(s))
  OK: gga/gga_x_mpbe (10 output module(s))
  OK: gga/gga_x_n12 (10 output module(s))
  OK: gga/gga_x_ncap (10 output module(s))
  OK: gga/gga_x_ol2 (10 output module(s))
  OK: gga/gga_x_optx (10 output module(s))
  OK: gga/gga_x_pbe (10 output module(s))
  OK: gga/gga_x_pbe_erf_gws (10 output module(s))
  OK: gga/gga_x_pbea (10 output module(s))
  OK: gga/gga_x_pbeint (10 output module(s))
  OK: gga/gga_x_pbepow (10 output module(s))
  OK: gga/gga_x_pbetrans (10 output module(s))
  OK: gga/gga_x_pw86 (10 output module(s))
  OK: gga/gga_x_pw91 (10 output module(s))
  OK: gga/gga_x_q1d (10 output module(s))
  OK: gga/gga_x_q2d (10 output module(s))
  OK: gga/gga_x_rge2 (10 output module(s))
  OK: gga/gga_x_rpbe (10 output module(s))
  OK: gga/gga_x_s12 (10 output module(s))
  OK: gga/gga_x_sfat (10 output module(s))
  OK: gga/gga_x_sfat_pbe (10 output module(s))
  OK: gga/gga_x_sg4 (10 output module(s))
  OK: gga/gga_x_sogga11 (10 output module(s))
  OK: gga/gga_x_ssb_sw (10 output module(s))
  OK: gga/gga_x_vmt (10 output module(s))
  OK: gga/gga_x_vmt84 (10 output module(s))
  OK: gga/gga_x_wc (10 output module(s))
  OK: gga/gga_x_wpbeh (10 output module(s))
  OK: gga/gga_xc_b97 (10 output module(s))
  OK: gga/gga_xc_th1 (10 output module(s))
  OK: gga/gga_xc_th2 (10 output module(s))
  OK: gga/gga_xc_th3 (10 output module(s))
  OK: gga/hyb_gga_x_cam_s12 (10 output module(s))
  OK: gga/hyb_gga_xc_case21 (10 output module(s))
  OK: gga/hyb_gga_xc_wb97 (10 output module(s))
  OK: gga/gga_x_lb (8 output module(s))
[gga] ok=131 skipped=0 failed=0
[mgga] 92 Maple source(s) discovered (split_threshold=4500)
  OK: mgga/hyb_mgga_x_dldf (10 output module(s))
  OK: mgga/hyb_mgga_x_js18 (10 output module(s))
  OK: mgga/hyb_mgga_x_m05 (10 output module(s))
  OK: mgga/hyb_mgga_x_pjs18 (10 output module(s))
  OK: mgga/hyb_mgga_xc_gas22 (10 output module(s))
  OK: mgga/hyb_mgga_xc_wb97mv (10 output module(s))  WARN: mgga/mgga_c_kcis lxc_pol part13 (v4rho4_0) over cap (~6739 est), not CSE-reducible — flat emit (D-LOCK-B exception)
  WARN: mgga/mgga_c_kcis lxc_pol part14 (v4rho4_1) over cap (~11982 est), not CSE-reducible — flat emit (D-LOCK-B exception)
  WARN: mgga/mgga_c_kcis lxc_pol part15 (v4rho4_2) over cap (~14121 est), not CSE-reducible — flat emit (D-LOCK-B exception)
  WARN: mgga/mgga_c_kcis lxc_pol part16 (v4rho4_3) over cap (~12158 est), not CSE-reducible — flat emit (D-LOCK-B exception)
  WARN: mgga/mgga_c_kcis lxc_pol part17 (v4rho4_4) over cap (~6822 est), not CSE-reducible — flat emit (D-LOCK-B exception)
  WARN: mgga/mgga_c_kcisk kxc_pol part4 (v3rho3_1) over cap (~7272 est), not CSE-reducible — flat emit (D-LOCK-B exception)
  WARN: mgga/mgga_c_kcisk kxc_pol part5 (v3rho3_2) over cap (~7319 est), not CSE-reducible — flat emit (D-LOCK-B exception)
  WARN: mgga/mgga_c_kcisk lxc_pol part4 (v3rho3_1) over cap (~7272 est), not CSE-reducible — flat emit (D-LOCK-B exception)
  WARN: mgga/mgga_c_kcisk lxc_pol part5 (v3rho3_2) over cap (~7319 est), not CSE-reducible — flat emit (D-LOCK-B exception)
  WARN: mgga/mgga_c_kcisk lxc_pol part15 (v4rho4_0) over cap (~7762 est), not CSE-reducible — flat emit (D-LOCK-B exception)
  WARN: mgga/mgga_c_kcisk lxc_pol part16 (v4rho4_1) over cap (~13713 est), not CSE-reducible — flat emit (D-LOCK-B exception)
  WARN: mgga/mgga_c_kcisk lxc_pol part17 (v4rho4_2) over cap (~16132 est), not CSE-reducible — flat emit (D-LOCK-B exception)
  WARN: mgga/mgga_c_kcisk lxc_pol part18 (v4rho4_3) over cap (~13907 est), not CSE-reducible — flat emit (D-LOCK-B exception)
  WARN: mgga/mgga_c_kcisk lxc_pol part19 (v4rho4_4) over cap (~7870 est), not CSE-reducible — flat emit (D-LOCK-B exception)
  WARN: mgga/mgga_c_kcisk lxc_pol part23 (v4rho3sigma_3) over cap (~6334 est), not CSE-reducible — flat emit (D-LOCK-B exception)
  WARN: mgga/mgga_c_kcisk lxc_pol part25 (v4rho3sigma_5) over cap (~6121 est), not CSE-reducible — flat emit (D-LOCK-B exception)
  WARN: mgga/mgga_c_kcisk lxc_pol part26 (v4rho3sigma_6) over cap (~6154 est), not CSE-reducible — flat emit (D-LOCK-B exception)
  WARN: mgga/mgga_c_kcisk lxc_pol part28 (v4rho3sigma_8) over cap (~6365 est), not CSE-reducible — flat emit (D-LOCK-B exception)
  WARN: mgga/mgga_c_kcisk lxc_pol part31 (v4rho3sigma_11_v4rho3lapl) over cap (~4510 est), not CSE-reducible — flat emit (D-LOCK-B exception)
  WARN: mgga/mgga_c_pkzb lxc_pol part10 (v4rho4_2) over cap (~5374 est), not CSE-reducible — flat emit (D-LOCK-B exception)
  WARN: mgga/mgga_c_r2scan lxc_pol part6 (v4rho4_1) over cap (~5678 est), not CSE-reducible — flat emit (D-LOCK-B exception)
  WARN: mgga/mgga_c_r2scan lxc_pol part7 (v4rho4_2) over cap (~6224 est), not CSE-reducible — flat emit (D-LOCK-B exception)
  WARN: mgga/mgga_c_r2scan lxc_pol part8 (v4rho4_3) over cap (~5713 est), not CSE-reducible — flat emit (D-LOCK-B exception)
  WARN: mgga/mgga_c_revtpss lxc_pol part20 (v4rho4_0) over cap (~6296 est), not CSE-reducible — flat emit (D-LOCK-B exception)
  WARN: mgga/mgga_c_revtpss lxc_pol part21 (v4rho4_1) over cap (~10878 est), not CSE-reducible — flat emit (D-LOCK-B exception)
  WARN: mgga/mgga_c_revtpss lxc_pol part22 (v4rho4_2) over cap (~12637 est), not CSE-reducible — flat emit (D-LOCK-B exception)
  WARN: mgga/mgga_c_revtpss lxc_pol part23 (v4rho4_3) over cap (~10944 est), not CSE-reducible — flat emit (D-LOCK-B exception)
  WARN: mgga/mgga_c_revtpss lxc_pol part24 (v4rho4_4) over cap (~6366 est), not CSE-reducible — flat emit (D-LOCK-B exception)
  WARN: mgga/mgga_c_revtpss lxc_pol part28 (v4rho3sigma_3) over cap (~8792 est), not CSE-reducible — flat emit (D-LOCK-B exception)
  WARN: mgga/mgga_c_revtpss lxc_pol part29 (v4rho3sigma_4) over cap (~8034 est), not CSE-reducible — flat emit (D-LOCK-B exception)
  WARN: mgga/mgga_c_revtpss lxc_pol part30 (v4rho3sigma_5) over cap (~8772 est), not CSE-reducible — flat emit (D-LOCK-B exception)
  WARN: mgga/mgga_c_revtpss lxc_pol part31 (v4rho3sigma_6) over cap (~8801 est), not CSE-reducible — flat emit (D-LOCK-B exception)
  WARN: mgga/mgga_c_revtpss lxc_pol part32 (v4rho3sigma_7) over cap (~8048 est), not CSE-reducible — flat emit (D-LOCK-B exception)
  WARN: mgga/mgga_c_revtpss lxc_pol part33 (v4rho3sigma_8) over cap (~8817 est), not CSE-reducible — flat emit (D-LOCK-B exception)
  WARN: mgga/mgga_c_revtpss lxc_pol part39 (v4rho3tau_2) over cap (~6044 est), not CSE-reducible — flat emit (D-LOCK-B exception)
  WARN: mgga/mgga_c_revtpss lxc_pol part40 (v4rho3tau_3) over cap (~6035 est), not CSE-reducible — flat emit (D-LOCK-B exception)
  WARN: mgga/mgga_c_revtpss lxc_pol part41 (v4rho3tau_4) over cap (~6054 est), not CSE-reducible — flat emit (D-LOCK-B exception)
  WARN: mgga/mgga_c_revtpss lxc_pol part42 (v4rho3tau_5) over cap (~6067 est), not CSE-reducible — flat emit (D-LOCK-B exception)
  WARN: mgga/mgga_c_tpss lxc_pol part14 (v4rho4_1) over cap (~6720 est), not CSE-reducible — flat emit (D-LOCK-B exception)
  WARN: mgga/mgga_c_tpss lxc_pol part15 (v4rho4_2) over cap (~7708 est), not CSE-reducible — flat emit (D-LOCK-B exception)
  WARN: mgga/mgga_c_tpss lxc_pol part16 (v4rho4_3) over cap (~6791 est), not CSE-reducible — flat emit (D-LOCK-B exception)
  WARN: mgga/mgga_c_tpss lxc_pol part21 (v4rho3sigma_3) over cap (~5616 est), not CSE-reducible — flat emit (D-LOCK-B exception)
  WARN: mgga/mgga_c_tpss lxc_pol part23 (v4rho3sigma_5) over cap (~5595 est), not CSE-reducible — flat emit (D-LOCK-B exception)
  WARN: mgga/mgga_c_tpss lxc_pol part24 (v4rho3sigma_6) over cap (~5647 est), not CSE-reducible — flat emit (D-LOCK-B exception)
  WARN: mgga/mgga_c_tpss lxc_pol part26 (v4rho3sigma_8) over cap (~5664 est), not CSE-reducible — flat emit (D-LOCK-B exception)
  WARN: mgga/mgga_c_tpssloc lxc_pol part19 (v4rho4_0) over cap (~5183 est), not CSE-reducible — flat emit (D-LOCK-B exception)
  WARN: mgga/mgga_c_tpssloc lxc_pol part20 (v4rho4_1) over cap (~8728 est), not CSE-reducible — flat emit (D-LOCK-B exception)
  WARN: mgga/mgga_c_tpssloc lxc_pol part21 (v4rho4_2) over cap (~10082 est), not CSE-reducible — flat emit (D-LOCK-B exception)
  WARN: mgga/mgga_c_tpssloc lxc_pol part22 (v4rho4_3) over cap (~8802 est), not CSE-reducible — flat emit (D-LOCK-B exception)
  WARN: mgga/mgga_c_tpssloc lxc_pol part23 (v4rho4_4) over cap (~5256 est), not CSE-reducible — flat emit (D-LOCK-B exception)
  WARN: mgga/mgga_c_tpssloc lxc_pol part27 (v4rho3sigma_3) over cap (~9086 est), not CSE-reducible — flat emit (D-LOCK-B exception)
  WARN: mgga/mgga_c_tpssloc lxc_pol part28 (v4rho3sigma_4) over cap (~7894 est), not CSE-reducible — flat emit (D-LOCK-B exception)
  WARN: mgga/mgga_c_tpssloc lxc_pol part29 (v4rho3sigma_5) over cap (~9039 est), not CSE-reducible — flat emit (D-LOCK-B exception)
  WARN: mgga/mgga_c_tpssloc lxc_pol part30 (v4rho3sigma_6) over cap (~9071 est), not CSE-reducible — flat emit (D-LOCK-B exception)
  WARN: mgga/mgga_c_tpssloc lxc_pol part31 (v4rho3sigma_7) over cap (~7932 est), not CSE-reducible — flat emit (D-LOCK-B exception)
  WARN: mgga/mgga_c_tpssloc lxc_pol part32 (v4rho3sigma_8) over cap (~9118 est), not CSE-reducible — flat emit (D-LOCK-B exception)
  WARN: mgga/mgga_x_edmgga lxc_pol part0 (zk_0_vrho_0_vrho_1_vsigma_0_vsigma_1_vsigma_2_vlapl_0_vlapl__etc) over cap (~4515 est), not CSE-reducible — flat emit (D-LOCK-B exception)

  OK: mgga/mgga_c_b88 (10 output module(s))
  OK: mgga/mgga_c_b94 (8 output module(s))
  OK: mgga/mgga_c_bc95 (10 output module(s))
  OK: mgga/mgga_c_cc (10 output module(s))
  OK: mgga/mgga_c_ccalda (10 output module(s))
  OK: mgga/mgga_c_cs (10 output module(s))
  OK: mgga/mgga_c_kcis (10 output module(s))
  OK: mgga/mgga_c_kcisk (10 output module(s))
  OK: mgga/mgga_c_ltapw (10 output module(s))
  OK: mgga/mgga_c_m05 (10 output module(s))
  OK: mgga/mgga_c_m06l (10 output module(s))
  OK: mgga/mgga_c_m08 (10 output module(s))
  OK: mgga/mgga_c_pkzb (10 output module(s))
  OK: mgga/mgga_c_r2scan (10 output module(s))
  OK: mgga/mgga_c_revscan (10 output module(s))
  OK: mgga/mgga_c_revtpss (10 output module(s))
  OK: mgga/mgga_c_rmggac (10 output module(s))
  OK: mgga/mgga_c_rppscan (10 output module(s))
  OK: mgga/mgga_c_rregtm (10 output module(s))
  OK: mgga/mgga_c_rscan (10 output module(s))
  OK: mgga/mgga_c_scan (10 output module(s))
  OK: mgga/mgga_c_tpss (10 output module(s))
  OK: mgga/mgga_c_tpssloc (10 output module(s))
  OK: mgga/mgga_c_vsxc (10 output module(s))
  OK: mgga/mgga_k_csk (10 output module(s))
  OK: mgga/mgga_k_csk_loc (10 output module(s))
  OK: mgga/mgga_k_gea2 (10 output module(s))
  OK: mgga/mgga_k_gea4 (10 output module(s))
  OK: mgga/mgga_k_lk (10 output module(s))
  OK: mgga/mgga_k_pc07 (10 output module(s))
  OK: mgga/mgga_k_pgslb (10 output module(s))
  OK: mgga/mgga_k_rda (10 output module(s))
  OK: mgga/mgga_x_2d_js17 (10 output module(s))
  OK: mgga/mgga_x_2d_prhg07 (10 output module(s))
  OK: mgga/mgga_x_br89 (10 output module(s))
  OK: mgga/mgga_x_br89_explicit (10 output module(s))
  OK: mgga/mgga_x_edmgga (10 output module(s))
  OK: mgga/mgga_x_ft98 (10 output module(s))
  OK: mgga/mgga_x_gdme (10 output module(s))
  OK: mgga/mgga_x_gvt4 (10 output module(s))
  OK: mgga/mgga_x_gx (10 output module(s))
  OK: mgga/mgga_x_jk (10 output module(s))
  OK: mgga/mgga_x_lta (10 output module(s))
  OK: mgga/mgga_x_m06l (10 output module(s))
  OK: mgga/mgga_x_m08 (10 output module(s))
  OK: mgga/mgga_x_m11 (10 output module(s))
  OK: mgga/mgga_x_m11_l (10 output module(s))
  OK: mgga/mgga_x_mbeef (10 output module(s))
  OK: mgga/mgga_x_mbeefvdw (10 output module(s))
  OK: mgga/mgga_x_mbr (10 output module(s))
  OK: mgga/mgga_x_mbrxc_bg (10 output module(s))
  OK: mgga/mgga_x_mbrxh_bg (10 output module(s))
  OK: mgga/mgga_x_mcml (10 output module(s))
  OK: mgga/mgga_x_mggac (10 output module(s))
  OK: mgga/mgga_x_mn12 (10 output module(s))
  OK: mgga/mgga_x_ms (10 output module(s))
  OK: mgga/mgga_x_msb (10 output module(s))
  OK: mgga/mgga_x_mvs (10 output module(s))
  OK: mgga/mgga_x_mvsb (10 output module(s))
  OK: mgga/mgga_x_pbe_gx (10 output module(s))
  OK: mgga/mgga_x_pkzb (10 output module(s))
  OK: mgga/mgga_x_r2scan (10 output module(s))
  OK: mgga/mgga_x_r4scan (10 output module(s))
  OK: mgga/mgga_x_regtm (10 output module(s))
  OK: mgga/mgga_x_regtpss (10 output module(s))
  OK: mgga/mgga_x_revtm (10 output module(s))
  OK: mgga/mgga_x_rlda (10 output module(s))
  OK: mgga/mgga_x_rppscan (10 output module(s))
  OK: mgga/mgga_x_rscan (10 output module(s))
  OK: mgga/mgga_x_rtpss (10 output module(s))
  OK: mgga/mgga_x_sa_tpss (10 output module(s))
  OK: mgga/mgga_x_scan (10 output module(s))
  OK: mgga/mgga_x_task (10 output module(s))
  OK: mgga/mgga_x_tau_hcth (10 output module(s))
  OK: mgga/mgga_x_th (10 output module(s))
  OK: mgga/mgga_x_tm (10 output module(s))
  OK: mgga/mgga_x_tpss (10 output module(s))
  OK: mgga/mgga_x_vcml (10 output module(s))
  OK: mgga/mgga_x_vt84 (10 output module(s))
  OK: mgga/mgga_xc_b97mv (10 output module(s))
  OK: mgga/mgga_xc_b98 (10 output module(s))
  OK: mgga/mgga_xc_cc06 (10 output module(s))
  OK: mgga/mgga_xc_lp90 (10 output module(s))
  OK: mgga/mgga_xc_zlp (10 output module(s))
  OK: mgga/mgga_x_2d_prp10 (8 output module(s))
  OK: mgga/mgga_x_tb09 (8 output module(s))
[mgga] ok=92 skipped=0 failed=0
