WARN: roster pkg '# Phase 11.1-02 sample roster — 50 subcrates spanning all 3 families.' not on disk in ['lda', 'gga', 'mgga']
WARN: roster pkg '# Built 2026-05-19 as a wider smoke test alternative to the full 266-subcrate' not on disk in ['lda', 'gga', 'mgga']
WARN: roster pkg '# sweep (which would take 22-44h wall time). Covers:' not on disk in ['lda', 'gga', 'mgga']
WARN: roster pkg '#   - 15 LDA   (small/medium; includes lda_c_pk09 Phase-11 P2 blocker)' not on disk in ['lda', 'gga', 'mgga']
WARN: roster pkg '#   - 20 GGA   (mix small/large; includes gga_c_gaploc Phase-11 P1 blocker' not on disk in ['lda', 'gga', 'mgga']
WARN: roster pkg '#               + Brent-method users + Lambert W users)' not on disk in ['lda', 'gga', 'mgga']
WARN: roster pkg '#   - 15 MGGA  (includes mgga_c_b94 G3 canary + Brent helpers br89/mbrxc +' not on disk in ['lda', 'gga', 'mgga']
WARN: roster pkg '#               complex 4th-order routes scan/tpss family)' not on disk in ['lda', 'gga', 'mgga']
WARN: roster pkg '# One package per line; either bare functional name or libxc-kernel-<name>.' not on disk in ['lda', 'gga', 'mgga']
WARN: roster pkg '# --- LDA (15) ---' not on disk in ['lda', 'gga', 'mgga']
WARN: roster pkg '# --- GGA (20) ---' not on disk in ['lda', 'gga', 'mgga']
WARN: roster pkg '# --- MGGA (15) ---' not on disk in ['lda', 'gga', 'mgga']
[batched-compile-sweep] effective jobs=10, batch_size=10, total_packages=50, families=lda,gga,mgga
[batched-compile-sweep] batch 0/4 (10 pkgs)
  ✓ libxc-kernel-lda_x (pass=1, 2.0s, 367 MB)
  ✓ libxc-kernel-lda_x_erf (pass=1, 11.3s, 1289 MB)
  ✓ libxc-kernel-lda_x_yukawa (pass=1, 15.7s, 1575 MB)
  ✓ libxc-kernel-lda_c_pw (pass=1, 4.1s, 728 MB)
  ✓ libxc-kernel-lda_c_vwn (pass=1, 6.1s, 929 MB)
  ✓ libxc-kernel-lda_c_chachiyo (pass=1, 1.1s, 324 MB)
  ✓ libxc-kernel-lda_c_hl (pass=1, 1.3s, 341 MB)
  ✓ libxc-kernel-lda_c_pz (pass=1, 1.4s, 367 MB)
  ✓ libxc-kernel-lda_c_pk09 (pass=1, 456.4s, 17031 MB)
  ✓ libxc-kernel-lda_c_2d_amgb (pass=1, 2.7s, 543 MB)
[batched-compile-sweep] batch 1/4 (10 pkgs)
  ✓ libxc-kernel-lda_c_1d_csc (pass=1, 1.8s, 429 MB)
  ✓ libxc-kernel-lda_xc_teter93 (pass=1, 2.3s, 474 MB)
  ✓ libxc-kernel-lda_xc_ksdt (pass=1, 185.5s, 10296 MB)
  ✓ libxc-kernel-lda_k_tf (pass=1, 0.7s, 274 MB)
  ✓ libxc-kernel-lda_k_gds08_worker (pass=1, 2.4s, 493 MB)
  ✓ libxc-kernel-gga_c_pbe (pass=1, 32.0s, 3312 MB)
  ✓ libxc-kernel-gga_c_lyp (pass=1, 9.2s, 1116 MB)
  ✓ libxc-kernel-gga_c_p86 (pass=1, 6.6s, 954 MB)
  ✓ libxc-kernel-gga_c_pw91 (pass=1, 48.3s, 3202 MB)
  ✓ libxc-kernel-gga_c_am05 (pass=1, 5.9s, 866 MB)
[batched-compile-sweep] batch 2/4 (10 pkgs)
  ✓ libxc-kernel-gga_c_pbeloc (pass=1, 56.0s, 3292 MB)
  ✓ libxc-kernel-gga_c_pbe_vwn (pass=1, 32.8s, 2840 MB)
  ✓ libxc-kernel-gga_c_q2d (pass=1, 248.7s, 10940 MB)
  ✓ libxc-kernel-gga_c_gaploc (pass=1, 603.1s, 27793 MB)
  ✓ libxc-kernel-gga_c_gapc (pass=1, 798.5s, 27973 MB)
  ✓ libxc-kernel-gga_c_lypr (pass=1, 24.6s, 2748 MB)
  ✓ libxc-kernel-gga_c_acgga (pass=1, 115.2s, 4864 MB)
  ✓ libxc-kernel-gga_c_ft97 (pass=1, 558.1s, 21166 MB)
  ✓ libxc-kernel-gga_c_bmk (pass=1, 61.4s, 3430 MB)
  ✓ libxc-kernel-gga_c_cs1 (pass=1, 5.4s, 820 MB)
[batched-compile-sweep] batch 3/4 (10 pkgs)
  ✓ libxc-kernel-gga_c_op_pbe (pass=1, 41.0s, 3610 MB)
  ✓ libxc-kernel-gga_c_revtca (pass=1, 21.6s, 2272 MB)
  ✓ libxc-kernel-gga_c_chachiyo (pass=1, 3.7s, 678 MB)
  ✓ libxc-kernel-gga_c_regtpss (pass=1, 54.9s, 3412 MB)
  ✓ libxc-kernel-gga_c_pw91 (pass=1, 0.1s, 92 MB)
  ✓ libxc-kernel-mgga_c_b94 (pass=1, 192.2s, 8053 MB)
  ✓ libxc-kernel-mgga_c_b88 (pass=1, 84.4s, 4508 MB)
  ✓ libxc-kernel-mgga_c_bc95 (pass=1, 52.7s, 3070 MB)
  ✓ libxc-kernel-mgga_c_pkzb (pass=1, 234.7s, 10928 MB)
  ✓ libxc-kernel-mgga_c_tpss (pass=1, 0.1s, 92 MB)
[batched-compile-sweep] batch 4/4 (10 pkgs)
  ✓ libxc-kernel-mgga_c_scan (pass=1, 96.2s, 4410 MB)
  ✓ libxc-kernel-mgga_c_r2scan (pass=1, 433.4s, 19112 MB)
  ✓ libxc-kernel-mgga_c_kcis (pass=1, 893.3s, 28255 MB)
  ✓ libxc-kernel-mgga_x_br89 (pass=1, 399.8s, 17013 MB)
  ✓ libxc-kernel-mgga_x_mbr (pass=1, 150.7s, 6611 MB)
  ✓ libxc-kernel-mgga_x_mbrxc_bg (pass=1, 243.2s, 8937 MB)
  ✓ libxc-kernel-mgga_x_scan (pass=1, 41.0s, 2998 MB)
  ✓ libxc-kernel-mgga_x_tpss (pass=1, 38.8s, 3760 MB)
  ✓ libxc-kernel-mgga_x_m06l (pass=1, 30.9s, 2462 MB)
  ✓ libxc-kernel-mgga_xc_b97mv (pass=1, 177.6s, 6634 MB)
[batched-compile-sweep] done. wall=6490.9s, verdict=ALL_OK
